[INFO] [launch]: All log files can be found below /home/robot/.ros/log/2025-09-03-16-44-36-307304-robot-pc04-44774
[INFO] [launch]: Default logging verbosity is set to INFO
[INFO] [async_slam_toolbox_node-1]: process started with pid [44785]
[INFO] [controller_server-2]: process started with pid [44787]
[INFO] [smoother_server-3]: process started with pid [44789]
[INFO] [planner_server-4]: process started with pid [44791]
[INFO] [behavior_server-5]: process started with pid [44793]
[INFO] [bt_navigator-6]: process started with pid [44795]
[INFO] [waypoint_follower-7]: process started with pid [44797]
[INFO] [velocity_smoother-8]: process started with pid [44799]
[INFO] [lifecycle_manager-9]: process started with pid [44801]
[INFO] [explore-10]: process started with pid [44803]
[INFO] [rviz2-11]: process started with pid [44805]
[async_slam_toolbox_node-1] [INFO] [1756910676.417840880] [slam]: Node using stack size 40000000
[controller_server-2] [INFO] [1756910676.417849536] [controller_server]: 
[controller_server-2] 	controller_server lifecycle node launched. 
[controller_server-2] 	Waiting on external lifecycle transitions to activate
[controller_server-2] 	See https://design.ros2.org/articles/node_lifecycle.html for more information.
[bt_navigator-6] [INFO] [1756910676.418484730] [bt_navigator]: 
[bt_navigator-6] 	bt_navigator lifecycle node launched. 
[bt_navigator-6] 	Waiting on external lifecycle transitions to activate
[bt_navigator-6] 	See https://design.ros2.org/articles/node_lifecycle.html for more information.
[bt_navigator-6] [INFO] [1756910676.418592583] [bt_navigator]: Creating
[waypoint_follower-7] [INFO] [1756910676.419386690] [waypoint_follower]: 
[waypoint_follower-7] 	waypoint_follower lifecycle node launched. 
[waypoint_follower-7] 	Waiting on external lifecycle transitions to activate
[waypoint_follower-7] 	See https://design.ros2.org/articles/node_lifecycle.html for more information.
[smoother_server-3] [INFO] [1756910676.419390536] [smoother_server]: 
[smoother_server-3] 	smoother_server lifecycle node launched. 
[smoother_server-3] 	Waiting on external lifecycle transitions to activate
[smoother_server-3] 	See https://design.ros2.org/articles/node_lifecycle.html for more information.
[waypoint_follower-7] [INFO] [1756910676.419641938] [waypoint_follower]: Creating
[smoother_server-3] [INFO] [1756910676.420185391] [smoother_server]: Creating smoother server
[lifecycle_manager-9] [INFO] [1756910676.420214218] [lifecycle_manager_navigation]: Creating
[velocity_smoother-8] [INFO] [1756910676.420762106] [velocity_smoother]: 
[velocity_smoother-8] 	velocity_smoother lifecycle node launched. 
[velocity_smoother-8] 	Waiting on external lifecycle transitions to activate
[velocity_smoother-8] 	See https://design.ros2.org/articles/node_lifecycle.html for more information.
[controller_server-2] [INFO] [1756910676.420892255] [controller_server]: Creating controller server
[planner_server-4] [INFO] [1756910676.420885276] [planner_server]: 
[planner_server-4] 	planner_server lifecycle node launched. 
[planner_server-4] 	Waiting on external lifecycle transitions to activate
[planner_server-4] 	See https://design.ros2.org/articles/node_lifecycle.html for more information.
[behavior_server-5] [INFO] [1756910676.420923297] [behavior_server]: 
[behavior_server-5] 	behavior_server lifecycle node launched. 
[behavior_server-5] 	Waiting on external lifecycle transitions to activate
[behavior_server-5] 	See https://design.ros2.org/articles/node_lifecycle.html for more information.
[lifecycle_manager-9] [INFO] [1756910676.421447055] [lifecycle_manager_navigation]: [34m[1mCreating and initializing lifecycle service clients[0m[0m
[planner_server-4] [INFO] [1756910676.421582038] [planner_server]: Creating
[controller_server-2] [INFO] [1756910676.426542409] [local_costmap.local_costmap]: 
[controller_server-2] 	local_costmap lifecycle node launched. 
[controller_server-2] 	Waiting on external lifecycle transitions to activate
[controller_server-2] 	See https://design.ros2.org/articles/node_lifecycle.html for more information.
[explore-10] [INFO] [1756910676.426707890] [explore_node]: Waiting for costmap to become available, topic: map
[controller_server-2] [INFO] [1756910676.426757979] [local_costmap.local_costmap]: Creating Costmap
[planner_server-4] [INFO] [1756910676.427367048] [global_costmap.global_costmap]: 
[planner_server-4] 	global_costmap lifecycle node launched. 
[planner_server-4] 	Waiting on external lifecycle transitions to activate
[planner_server-4] 	See https://design.ros2.org/articles/node_lifecycle.html for more information.
[planner_server-4] [INFO] [1756910676.427683838] [global_costmap.global_costmap]: Creating Costmap
[async_slam_toolbox_node-1] [INFO] [1756910676.439018619] [slam]: Using solver plugin solver_plugins::CeresSolver
[async_slam_toolbox_node-1] [INFO] [1756910676.439306394] [slam]: CeresSolver: Using SCHUR_JACOBI preconditioner.
[lifecycle_manager-9] [INFO] [1756910676.469921683] [lifecycle_manager_navigation]: [34m[1mStarting managed nodes bringup...[0m[0m
[lifecycle_manager-9] [INFO] [1756910676.469971436] [lifecycle_manager_navigation]: [34m[1mConfiguring controller_server[0m[0m
[controller_server-2] [INFO] [1756910676.470229626] [controller_server]: Configuring controller interface
[controller_server-2] [INFO] [1756910676.470550336] [controller_server]: getting goal checker plugins..
[controller_server-2] [INFO] [1756910676.470832708] [controller_server]: Controller frequency set to 10.0000Hz
[controller_server-2] [INFO] [1756910676.470887172] [local_costmap.local_costmap]: Configuring
[controller_server-2] [INFO] [1756910676.474325802] [local_costmap.local_costmap]: Using plugin "static_layer"
[controller_server-2] [INFO] [1756910676.475777171] [local_costmap.local_costmap]: Subscribing to the map topic (/map) with transient local durability
[controller_server-2] [INFO] [1756910676.476217472] [local_costmap.local_costmap]: Initialized plugin "static_layer"
[controller_server-2] [INFO] [1756910676.476227193] [local_costmap.local_costmap]: Using plugin "obstacle_layer"
[controller_server-2] [INFO] [1756910676.476368828] [local_costmap.local_costmap]: Subscribed to Topics: scan
[controller_server-2] [INFO] [1756910676.477597108] [local_costmap.local_costmap]: Initialized plugin "obstacle_layer"
[controller_server-2] [INFO] [1756910676.477606526] [local_costmap.local_costmap]: Using plugin "inflation_layer"
[controller_server-2] [INFO] [1756910676.478034322] [local_costmap.local_costmap]: Initialized plugin "inflation_layer"
[controller_server-2] [INFO] [1756910676.480710987] [controller_server]: Created progress_checker : progress_checker of type nav2_controller::SimpleProgressChecker
[controller_server-2] [INFO] [1756910676.480938950] [controller_server]: Created goal checker : goal_checker of type nav2_controller::SimpleGoalChecker
[controller_server-2] [INFO] [1756910676.481027714] [controller_server]: Controller Server has goal_checker  goal checkers available.
[controller_server-2] [INFO] [1756910676.481238158] [controller_server]: Created controller : FollowPath of type nav2_regulated_pure_pursuit_controller::RegulatedPurePursuitController
[controller_server-2] [INFO] [1756910676.482404345] [controller_server]: Controller Server has FollowPath  controllers available.
[lifecycle_manager-9] [INFO] [1756910676.484360041] [lifecycle_manager_navigation]: [34m[1mConfiguring smoother_server[0m[0m
[smoother_server-3] [INFO] [1756910676.484506132] [smoother_server]: Configuring smoother server
[smoother_server-3] [INFO] [1756910676.487434977] [smoother_server]: Created smoother : simple_smoother of type nav2_smoother::SimpleSmoother
[smoother_server-3] [INFO] [1756910676.487591151] [smoother_server]: Smoother Server has simple_smoother  smoothers available.
[lifecycle_manager-9] [INFO] [1756910676.489183647] [lifecycle_manager_navigation]: [34m[1mConfiguring planner_server[0m[0m
[planner_server-4] [INFO] [1756910676.489289211] [planner_server]: Configuring
[planner_server-4] [INFO] [1756910676.489312625] [global_costmap.global_costmap]: Configuring
[planner_server-4] [INFO] [1756910676.491138003] [global_costmap.global_costmap]: Using plugin "static_layer"
[planner_server-4] [INFO] [1756910676.494714445] [global_costmap.global_costmap]: Subscribing to the map topic (/map) with transient local durability
[planner_server-4] [INFO] [1756910676.495195383] [global_costmap.global_costmap]: Initialized plugin "static_layer"
[planner_server-4] [INFO] [1756910676.495205764] [global_costmap.global_costmap]: Using plugin "obstacle_layer"
[planner_server-4] [INFO] [1756910676.495362821] [global_costmap.global_costmap]: Subscribed to Topics: scan
[planner_server-4] [INFO] [1756910676.496327635] [global_costmap.global_costmap]: Initialized plugin "obstacle_layer"
[planner_server-4] [INFO] [1756910676.496338363] [global_costmap.global_costmap]: Using plugin "inflation_layer"
[planner_server-4] [INFO] [1756910676.496645913] [global_costmap.global_costmap]: Initialized plugin "inflation_layer"
[planner_server-4] [INFO] [1756910676.499681020] [planner_server]: Created global planner plugin GridBased of type nav2_navfn_planner/NavfnPlanner
[planner_server-4] [INFO] [1756910676.499706341] [planner_server]: Configuring plugin GridBased of type NavfnPlanner
[planner_server-4] [INFO] [1756910676.499906767] [planner_server]: Planner Server has GridBased  planners available.
[lifecycle_manager-9] [INFO] [1756910676.504305190] [lifecycle_manager_navigation]: [34m[1mConfiguring behavior_server[0m[0m
[behavior_server-5] [INFO] [1756910676.504428191] [behavior_server]: Configuring
[behavior_server-5] [INFO] [1756910676.507410334] [behavior_server]: Creating behavior plugin spin of type nav2_behaviors/Spin
[behavior_server-5] [INFO] [1756910676.507808501] [behavior_server]: Configuring spin
[behavior_server-5] [INFO] [1756910676.509435946] [behavior_server]: Creating behavior plugin backup of type nav2_behaviors/BackUp
[behavior_server-5] [INFO] [1756910676.509784358] [behavior_server]: Configuring backup
[behavior_server-5] [INFO] [1756910676.510959642] [behavior_server]: Creating behavior plugin drive_on_heading of type nav2_behaviors/DriveOnHeading
[behavior_server-5] [INFO] [1756910676.511301586] [behavior_server]: Configuring drive_on_heading
[behavior_server-5] [INFO] [1756910676.512433115] [behavior_server]: Creating behavior plugin wait of type nav2_behaviors/Wait
[behavior_server-5] [INFO] [1756910676.512767315] [behavior_server]: Configuring wait
[behavior_server-5] [INFO] [1756910676.513866347] [behavior_server]: Creating behavior plugin assisted_teleop of type nav2_behaviors/AssistedTeleop
[behavior_server-5] [INFO] [1756910676.514589152] [behavior_server]: Configuring assisted_teleop
[lifecycle_manager-9] [INFO] [1756910676.516231423] [lifecycle_manager_navigation]: [34m[1mConfiguring bt_navigator[0m[0m
[bt_navigator-6] [INFO] [1756910676.516352686] [bt_navigator]: Configuring
[lifecycle_manager-9] [INFO] [1756910676.536263017] [lifecycle_manager_navigation]: [34m[1mConfiguring waypoint_follower[0m[0m
[waypoint_follower-7] [INFO] [1756910676.536388210] [waypoint_follower]: Configuring
[waypoint_follower-7] [INFO] [1756910676.539719252] [waypoint_follower]: Created waypoint_task_executor : wait_at_waypoint of type nav2_waypoint_follower::WaitAtWaypoint
[lifecycle_manager-9] [INFO] [1756910676.539931260] [lifecycle_manager_navigation]: [34m[1mConfiguring velocity_smoother[0m[0m
[velocity_smoother-8] [INFO] [1756910676.540078034] [velocity_smoother]: Configuring velocity smoother
[lifecycle_manager-9] [INFO] [1756910676.541694851] [lifecycle_manager_navigation]: [34m[1mActivating controller_server[0m[0m
[controller_server-2] [INFO] [1756910676.541761158] [controller_server]: Activating
[controller_server-2] [INFO] [1756910676.541793953] [local_costmap.local_costmap]: Activating
[controller_server-2] [INFO] [1756910676.541806132] [local_costmap.local_costmap]: Checking transform
[controller_server-2] [INFO] [1756910676.541825423] [local_costmap.local_costmap]: Timed out waiting for transform from base_link to odom to become available, tf error: Invalid frame ID "odom" passed to canTransform argument target_frame - frame does not exist
[rviz2-11] [INFO] [1756910676.846931905] [rviz2]: Stereo is NOT SUPPORTED
[rviz2-11] [INFO] [1756910676.846987464] [rviz2]: OpenGl version: 4.6 (GLSL 4.6)
[rviz2-11] [INFO] [1756910676.883481314] [rviz2]: Stereo is NOT SUPPORTED
[controller_server-2] [INFO] [1756910677.041947996] [local_costmap.local_costmap]: Timed out waiting for transform from base_link to odom to become available, tf error: Invalid frame ID "odom" passed to canTransform argument target_frame - frame does not exist
[controller_server-2] [INFO] [1756910677.542095585] [local_costmap.local_costmap]: start
[controller_server-2] [INFO] [1756910677.744005458] [controller_server]: Activating controller: FollowPath of type regulated_pure_pursuit_controller::RegulatedPurePursuitController
[controller_server-2] [INFO] [1756910677.744112759] [controller_server]: Creating bond (controller_server) to lifecycle manager.
[lifecycle_manager-9] [INFO] [1756910677.852731392] [lifecycle_manager_navigation]: Server controller_server connected with bond.
[lifecycle_manager-9] [INFO] [1756910677.852794848] [lifecycle_manager_navigation]: [34m[1mActivating smoother_server[0m[0m
[smoother_server-3] [INFO] [1756910677.853504473] [smoother_server]: Activating
[smoother_server-3] [INFO] [1756910677.853657522] [smoother_server]: Creating bond (smoother_server) to lifecycle manager.
[lifecycle_manager-9] [INFO] [1756910677.957140684] [lifecycle_manager_navigation]: Server smoother_server connected with bond.
[lifecycle_manager-9] [INFO] [1756910677.957281459] [lifecycle_manager_navigation]: [34m[1mActivating planner_server[0m[0m
[planner_server-4] [INFO] [1756910677.957803905] [planner_server]: Activating
[planner_server-4] [INFO] [1756910677.957897932] [global_costmap.global_costmap]: Activating
[planner_server-4] [INFO] [1756910677.957920581] [global_costmap.global_costmap]: Checking transform
[planner_server-4] [INFO] [1756910677.957970230] [global_costmap.global_costmap]: Timed out waiting for transform from base_link to map to become available, tf error: Invalid frame ID "map" passed to canTransform argument target_frame - frame does not exist
[planner_server-4] [INFO] [1756910678.458034458] [global_costmap.global_costmap]: Timed out waiting for transform from base_link to map to become available, tf error: Invalid frame ID "map" passed to canTransform argument target_frame - frame does not exist
[planner_server-4] [INFO] [1756910678.958025282] [global_costmap.global_costmap]: Timed out waiting for transform from base_link to map to become available, tf error: Invalid frame ID "map" passed to canTransform argument target_frame - frame does not exist
[planner_server-4] [INFO] [1756910679.458022698] [global_costmap.global_costmap]: Timed out waiting for transform from base_link to map to become available, tf error: Invalid frame ID "map" passed to canTransform argument target_frame - frame does not exist
[controller_server-2] [WARN] [1756910679.542306419] [local_costmap.local_costmap]: Can't update static costmap layer, no map received
[planner_server-4] [INFO] [1756910679.958025515] [global_costmap.global_costmap]: Timed out waiting for transform from base_link to map to become available, tf error: Invalid frame ID "map" passed to canTransform argument target_frame - frame does not exist
[planner_server-4] [INFO] [1756910680.458019407] [global_costmap.global_costmap]: Timed out waiting for transform from base_link to map to become available, tf error: Invalid frame ID "map" passed to canTransform argument target_frame - frame does not exist
[planner_server-4] [INFO] [1756910680.958021845] [global_costmap.global_costmap]: Timed out waiting for transform from base_link to map to become available, tf error: Invalid frame ID "map" passed to canTransform argument target_frame - frame does not exist
[planner_server-4] [INFO] [1756910681.458022466] [global_costmap.global_costmap]: Timed out waiting for transform from base_link to map to become available, tf error: Invalid frame ID "map" passed to canTransform argument target_frame - frame does not exist
[controller_server-2] [WARN] [1756910681.542314069] [local_costmap.local_costmap]: Can't update static costmap layer, no map received
[planner_server-4] [INFO] [1756910681.958032370] [global_costmap.global_costmap]: Timed out waiting for transform from base_link to map to become available, tf error: Invalid frame ID "map" passed to canTransform argument target_frame - frame does not exist
[planner_server-4] [INFO] [1756910682.458021947] [global_costmap.global_costmap]: Timed out waiting for transform from base_link to map to become available, tf error: Invalid frame ID "map" passed to canTransform argument target_frame - frame does not exist
[planner_server-4] [INFO] [1756910682.958020378] [global_costmap.global_costmap]: Timed out waiting for transform from base_link to map to become available, tf error: Invalid frame ID "map" passed to canTransform argument target_frame - frame does not exist
[planner_server-4] [INFO] [1756910683.458101657] [global_costmap.global_costmap]: Timed out waiting for transform from base_link to map to become available, tf error: Invalid frame ID "map" passed to canTransform argument target_frame - frame does not exist
[controller_server-2] [WARN] [1756910683.542297231] [local_costmap.local_costmap]: Can't update static costmap layer, no map received
[planner_server-4] [INFO] [1756910683.958022042] [global_costmap.global_costmap]: Timed out waiting for transform from base_link to map to become available, tf error: Invalid frame ID "map" passed to canTransform argument target_frame - frame does not exist
[planner_server-4] [INFO] [1756910684.458021472] [global_costmap.global_costmap]: Timed out waiting for transform from base_link to map to become available, tf error: Invalid frame ID "map" passed to canTransform argument target_frame - frame does not exist
[planner_server-4] [INFO] [1756910684.958025734] [global_costmap.global_costmap]: Timed out waiting for transform from base_link to map to become available, tf error: Invalid frame ID "map" passed to canTransform argument target_frame - frame does not exist
[async_slam_toolbox_node-1] [WARN] [1756910685.285567125] [slam]: minimum laser range setting (0.0 m) exceeds the capabilities of the used Lidar (0.1 m)
[planner_server-4] [INFO] [1756910685.458022326] [global_costmap.global_costmap]: Timed out waiting for transform from base_link to map to become available, tf error: Invalid frame ID "map" passed to canTransform argument target_frame - frame does not exist
[controller_server-2] [WARN] [1756910685.542335064] [local_costmap.local_costmap]: Can't update static costmap layer, no map received
[planner_server-4] [INFO] [1756910685.958094788] [global_costmap.global_costmap]: Timed out waiting for transform from base_link to map to become available, tf error: Invalid frame ID "map" passed to canTransform argument target_frame - frame does not exist
[controller_server-2] [INFO] [1756910686.445762428] [local_costmap.local_costmap]: StaticLayer: Resizing static layer to 63 X 35 at 0.040000 m/pix
[planner_server-4] [INFO] [1756910686.445907782] [global_costmap.global_costmap]: StaticLayer: Resizing costmap to 63 X 35 at 0.040000 m/pix
[planner_server-4] [INFO] [1756910686.458025523] [global_costmap.global_costmap]: Timed out waiting for transform from base_link to map to become available, tf error: Invalid frame ID "map" passed to canTransform argument target_frame - frame does not exist
[rviz2-11] [INFO] [1756910686.477557802] [rviz2]: Trying to create a map of size 63 x 35 using 1 swatches
[planner_server-4] [INFO] [1756910686.958018254] [global_costmap.global_costmap]: Timed out waiting for transform from base_link to map to become available, tf error: Invalid frame ID "map" passed to canTransform argument target_frame - frame does not exist
[planner_server-4] [INFO] [1756910687.458015906] [global_costmap.global_costmap]: Timed out waiting for transform from base_link to map to become available, tf error: Invalid frame ID "map" passed to canTransform argument target_frame - frame does not exist
[planner_server-4] [INFO] [1756910687.957989111] [global_costmap.global_costmap]: Timed out waiting for transform from base_link to map to become available, tf error: Invalid frame ID "map" passed to canTransform argument target_frame - frame does not exist
[planner_server-4] [INFO] [1756910688.458026385] [global_costmap.global_costmap]: Timed out waiting for transform from base_link to map to become available, tf error: Invalid frame ID "map" passed to canTransform argument target_frame - frame does not exist
[planner_server-4] [INFO] [1756910688.958115945] [global_costmap.global_costmap]: Timed out waiting for transform from base_link to map to become available, tf error: Lookup would require extrapolation at time 1756910682.287650, but only time 1756910684.804600 is in the buffer, when looking up transform from frame [base_link] to frame [map]
[planner_server-4] [INFO] [1756910689.458051754] [global_costmap.global_costmap]: Timed out waiting for transform from base_link to map to become available, tf error: Lookup would require extrapolation at time 1756910683.523661, but only time 1756910684.804600 is in the buffer, when looking up transform from frame [base_link] to frame [map]
[explore-10] [INFO] [1756910689.497644534] [explore_node]: Waiting to connect to move_base nav2 server
[explore-10] [INFO] [1756910689.498034322] [explore_node]: Connected to move_base nav2 server
[explore-10] [INFO] [1756910689.498051812] [explore_node]: Getting initial pose of the robot
[explore-10] [ERROR] [1756910689.801428075] [explore_node]: Extrapolation Error looking up robot pose: Lookup would require extrapolation into the future.  Requested time 1756910689.498146 but the latest data is at time 1756910686.207998, when looking up transform from frame [base_link] to frame [map]
[explore-10] 
[planner_server-4] [INFO] [1756910689.958038175] [global_costmap.global_costmap]: Timed out waiting for transform from base_link to map to become available, tf error: Lookup would require extrapolation at time 1756910683.614126, but only time 1756910684.804600 is in the buffer, when looking up transform from frame [base_link] to frame [map]
[planner_server-4] [INFO] [1756910690.458059891] [global_costmap.global_costmap]: Timed out waiting for transform from base_link to map to become available, tf error: Lookup would require extrapolation at time 1756910684.688111, but only time 1756910684.804600 is in the buffer, when looking up transform from frame [base_link] to frame [map]
[planner_server-4] [INFO] [1756910690.958050586] [global_costmap.global_costmap]: Timed out waiting for transform from base_link to map to become available, tf error: Lookup would require extrapolation at time 1756910684.688111, but only time 1756910684.804600 is in the buffer, when looking up transform from frame [base_link] to frame [map]
[planner_server-4] [INFO] [1756910691.458137691] [global_costmap.global_costmap]: start
[planner_server-4] [INFO] [1756910692.459592937] [planner_server]: Activating plugin GridBased of type NavfnPlanner
[planner_server-4] [INFO] [1756910692.461410523] [planner_server]: Creating bond (planner_server) to lifecycle manager.
[rviz2-11] [INFO] [1756910692.493628046] [rviz2]: Trying to create a map of size 63 x 35 using 1 swatches
[lifecycle_manager-9] [INFO] [1756910692.568418876] [lifecycle_manager_navigation]: Server planner_server connected with bond.
[lifecycle_manager-9] [INFO] [1756910692.568533058] [lifecycle_manager_navigation]: [34m[1mActivating behavior_server[0m[0m
[behavior_server-5] [INFO] [1756910692.569150142] [behavior_server]: Activating
[behavior_server-5] [INFO] [1756910692.569247401] [behavior_server]: Activating spin
[behavior_server-5] [INFO] [1756910692.569281409] [behavior_server]: Activating backup
[behavior_server-5] [INFO] [1756910692.569310062] [behavior_server]: Activating drive_on_heading
[behavior_server-5] [INFO] [1756910692.569336710] [behavior_server]: Activating wait
[behavior_server-5] [INFO] [1756910692.569363008] [behavior_server]: Activating assisted_teleop
[behavior_server-5] [INFO] [1756910692.569393658] [behavior_server]: Creating bond (behavior_server) to lifecycle manager.
[lifecycle_manager-9] [INFO] [1756910692.677242729] [lifecycle_manager_navigation]: Server behavior_server connected with bond.
[lifecycle_manager-9] [INFO] [1756910692.677269078] [lifecycle_manager_navigation]: [34m[1mActivating bt_navigator[0m[0m
[bt_navigator-6] [INFO] [1756910692.677460418] [bt_navigator]: Activating
[bt_navigator-6] [INFO] [1756910692.697314199] [bt_navigator]: Creating bond (bt_navigator) to lifecycle manager.
[lifecycle_manager-9] [INFO] [1756910692.798953955] [lifecycle_manager_navigation]: Server bt_navigator connected with bond.
[lifecycle_manager-9] [INFO] [1756910692.799022894] [lifecycle_manager_navigation]: [34m[1mActivating waypoint_follower[0m[0m
[waypoint_follower-7] [INFO] [1756910692.799377205] [waypoint_follower]: Activating
[waypoint_follower-7] [INFO] [1756910692.799411079] [waypoint_follower]: Creating bond (waypoint_follower) to lifecycle manager.
[lifecycle_manager-9] [INFO] [1756910692.901930994] [lifecycle_manager_navigation]: Server waypoint_follower connected with bond.
[lifecycle_manager-9] [INFO] [1756910692.902049543] [lifecycle_manager_navigation]: [34m[1mActivating velocity_smoother[0m[0m
[velocity_smoother-8] [INFO] [1756910692.902784293] [velocity_smoother]: Activating
[velocity_smoother-8] [INFO] [1756910692.902970604] [velocity_smoother]: Creating bond (velocity_smoother) to lifecycle manager.
[lifecycle_manager-9] [INFO] [1756910693.011580694] [lifecycle_manager_navigation]: Server velocity_smoother connected with bond.
[lifecycle_manager-9] [INFO] [1756910693.011671631] [lifecycle_manager_navigation]: [34m[1mManaged nodes are active[0m[0m
[lifecycle_manager-9] [INFO] [1756910693.011689133] [lifecycle_manager_navigation]: [34m[1mCreating bond timer...[0m[0m
[explore-10] [ERROR] [1756910696.468141517] [explore_node]: Extrapolation Error looking up robot pose: Lookup would require extrapolation into the future.  Requested time 1756910696.164380 but the latest data is at time 1756910691.137806, when looking up transform from frame [base_link] to frame [map]
[explore-10] 
[rviz2-11] [INFO] [1756910699.889022611] [rviz2]: Trying to create a map of size 100 x 100 using 1 swatches
[planner_server-4] [ERROR] [1756910702.762114309] [transformPoseInTargetFrame]: Extrapolation Error looking up target frame: Lookup would require extrapolation at time 1756910695.628546, but only time 1756910699.070761 is in the buffer, when looking up transform from frame [base_link] to frame [map]
[planner_server-4] 
[explore-10] [ERROR] [1756910703.133939446] [explore_node]: Extrapolation Error looking up robot pose: Lookup would require extrapolation into the future.  Requested time 1756910702.830569 but the latest data is at time 1756910696.338754, when looking up transform from frame [base_link] to frame [map]
[explore-10] 
[planner_server-4] [ERROR] [1756910703.760639515] [transformPoseInTargetFrame]: Extrapolation Error looking up target frame: Lookup would require extrapolation at time 1756910696.404704, but only time 1756910699.070761 is in the buffer, when looking up transform from frame [base_link] to frame [map]
[planner_server-4] 
[planner_server-4] [ERROR] [1756910704.761966080] [transformPoseInTargetFrame]: Extrapolation Error looking up target frame: Lookup would require extrapolation at time 1756910697.307297, but only time 1756910699.070761 is in the buffer, when looking up transform from frame [base_link] to frame [map]
[planner_server-4] 
[planner_server-4] [ERROR] [1756910705.760983881] [transformPoseInTargetFrame]: Extrapolation Error looking up target frame: Lookup would require extrapolation at time 1756910698.369509, but only time 1756910699.070761 is in the buffer, when looking up transform from frame [base_link] to frame [map]
[planner_server-4] 
[explore-10] [ERROR] [1756910709.800783776] [explore_node]: Extrapolation Error looking up robot pose: Lookup would require extrapolation into the future.  Requested time 1756910709.496677 but the latest data is at time 1756910704.237027, when looking up transform from frame [base_link] to frame [map]
[explore-10] 
[planner_server-4] [ERROR] [1756910715.761468888] [transformPoseInTargetFrame]: Extrapolation Error looking up target frame: Lookup would require extrapolation into the past.  Requested time 1756910699.070761 but the earliest data is at time 1756910700.137015, when looking up transform from frame [base_link] to frame [map]
[planner_server-4] 
[explore-10] [ERROR] [1756910716.466516625] [explore_node]: Extrapolation Error looking up robot pose: Lookup would require extrapolation into the future.  Requested time 1756910716.162809 but the latest data is at time 1756910710.486962, when looking up transform from frame [base_link] to frame [map]
[explore-10] 
[planner_server-4] [ERROR] [1756910716.761669942] [transformPoseInTargetFrame]: Extrapolation Error looking up target frame: Lookup would require extrapolation into the past.  Requested time 1756910699.070761 but the earliest data is at time 1756910700.137015, when looking up transform from frame [base_link] to frame [map]
[planner_server-4] 
[planner_server-4] [ERROR] [1756910717.762119457] [transformPoseInTargetFrame]: Extrapolation Error looking up target frame: Lookup would require extrapolation into the past.  Requested time 1756910699.070761 but the earliest data is at time 1756910700.687432, when looking up transform from frame [base_link] to frame [map]
[planner_server-4] 
[planner_server-4] [ERROR] [1756910718.762068147] [transformPoseInTargetFrame]: Extrapolation Error looking up target frame: Lookup would require extrapolation into the past.  Requested time 1756910699.070761 but the earliest data is at time 1756910702.006121, when looking up transform from frame [base_link] to frame [map]
[planner_server-4] 
[planner_server-4] [ERROR] [1756910719.761986555] [transformPoseInTargetFrame]: Extrapolation Error looking up target frame: Lookup would require extrapolation into the past.  Requested time 1756910699.070761 but the earliest data is at time 1756910703.239030, when looking up transform from frame [base_link] to frame [map]
[planner_server-4] 
[planner_server-4] [ERROR] [1756910720.762668778] [transformPoseInTargetFrame]: Extrapolation Error looking up target frame: Lookup would require extrapolation into the past.  Requested time 1756910699.070761 but the earliest data is at time 1756910704.286983, when looking up transform from frame [base_link] to frame [map]
[planner_server-4] 
[planner_server-4] [ERROR] [1756910721.762123604] [transformPoseInTargetFrame]: Extrapolation Error looking up target frame: Lookup would require extrapolation into the past.  Requested time 1756910699.070761 but the earliest data is at time 1756910704.386962, when looking up transform from frame [base_link] to frame [map]
[planner_server-4] 
[planner_server-4] [ERROR] [1756910722.762140633] [transformPoseInTargetFrame]: Extrapolation Error looking up target frame: Lookup would require extrapolation into the past.  Requested time 1756910699.070761 but the earliest data is at time 1756910706.236965, when looking up transform from frame [base_link] to frame [map]
[planner_server-4] 
[explore-10] [ERROR] [1756910723.132493894] [explore_node]: Extrapolation Error looking up robot pose: Lookup would require extrapolation into the future.  Requested time 1756910722.828985 but the latest data is at time 1756910720.036943, when looking up transform from frame [base_link] to frame [map]
[explore-10] 
[rviz2-11] [ERROR] [1756910723.196138176] [rviz2]: Lookup would require extrapolation at time 1756910708.797874, but only time 1756910720.637810 is in the buffer, when looking up transform from frame [laser] to frame [map]
[explore-10] [WARN] [1756910723.446582913] [explore_node]: All frontiers traversed/tried out, stopping.
[explore-10] [INFO] [1756910723.446657615] [explore_node]: Exploration stopped.
[explore-10] [INFO] [1756910723.446794853] [explore_node]: Returning to initial pose.
[bt_navigator-6] [ERROR] [1756910723.549486030] [transformPoseInTargetFrame]: Extrapolation Error looking up target frame: Lookup would require extrapolation at