[INFO] [launch]: All log files can be found below /home/robot/.ros/log/2025-09-04-18-12-22-078808-robot-pc04-27696
[INFO] [launch]: Default logging verbosity is set to INFO
[INFO] [async_slam_toolbox_node-1]: process started with pid [27708]
[INFO] [controller_server-2]: process started with pid [27710]
[INFO] [smoother_server-3]: process started with pid [27712]
[INFO] [planner_server-4]: process started with pid [27714]
[INFO] [behavior_server-5]: process started with pid [27716]
[INFO] [bt_navigator-6]: process started with pid [27718]
[INFO] [waypoint_follower-7]: process started with pid [27720]
[INFO] [velocity_smoother-8]: process started with pid [27722]
[INFO] [lifecycle_manager-9]: process started with pid [27724]
[INFO] [explore-10]: process started with pid [27726]
[INFO] [rviz2-11]: process started with pid [27728]
[waypoint_follower-7] [INFO] [1757002342.187408446] [waypoint_follower]: 
[waypoint_follower-7] 	waypoint_follower lifecycle node launched. 
[waypoint_follower-7] 	Waiting on external lifecycle transitions to activate
[waypoint_follower-7] 	See https://design.ros2.org/articles/node_lifecycle.html for more information.
[waypoint_follower-7] [INFO] [1757002342.187665019] [waypoint_follower]: Creating
[async_slam_toolbox_node-1] [INFO] [1757002342.188012542] [slam]: Node using stack size 40000000
[smoother_server-3] [INFO] [1757002342.188982474] [smoother_server]: 
[smoother_server-3] 	smoother_server lifecycle node launched. 
[smoother_server-3] 	Waiting on external lifecycle transitions to activate
[smoother_server-3] 	See https://design.ros2.org/articles/node_lifecycle.html for more information.
[smoother_server-3] [INFO] [1757002342.189553607] [smoother_server]: Creating smoother server
[bt_navigator-6] [INFO] [1757002342.190315385] [bt_navigator]: 
[bt_navigator-6] 	bt_navigator lifecycle node launched. 
[bt_navigator-6] 	Waiting on external lifecycle transitions to activate
[bt_navigator-6] 	See https://design.ros2.org/articles/node_lifecycle.html for more information.
[behavior_server-5] [INFO] [1757002342.190355674] [behavior_server]: 
[behavior_server-5] 	behavior_server lifecycle node launched. 
[behavior_server-5] 	Waiting on external lifecycle transitions to activate
[behavior_server-5] 	See https://design.ros2.org/articles/node_lifecycle.html for more information.
[bt_navigator-6] [INFO] [1757002342.190382735] [bt_navigator]: Creating
[planner_server-4] [INFO] [1757002342.192077793] [planner_server]: 
[planner_server-4] 	planner_server lifecycle node launched. 
[planner_server-4] 	Waiting on external lifecycle transitions to activate
[planner_server-4] 	See https://design.ros2.org/articles/node_lifecycle.html for more information.
[planner_server-4] [INFO] [1757002342.193302452] [planner_server]: Creating
[controller_server-2] [INFO] [1757002342.197274692] [controller_server]: 
[controller_server-2] 	controller_server lifecycle node launched. 
[controller_server-2] 	Waiting on external lifecycle transitions to activate
[controller_server-2] 	See https://design.ros2.org/articles/node_lifecycle.html for more information.
[controller_server-2] [INFO] [1757002342.200224992] [controller_server]: Creating controller server
[velocity_smoother-8] [INFO] [1757002342.198341268] [velocity_smoother]: 
[velocity_smoother-8] 	velocity_smoother lifecycle node launched. 
[velocity_smoother-8] 	Waiting on external lifecycle transitions to activate
[velocity_smoother-8] 	See https://design.ros2.org/articles/node_lifecycle.html for more information.
[lifecycle_manager-9] [INFO] [1757002342.199263916] [lifecycle_manager_navigation]: Creating
[explore-10] [INFO] [1757002342.199382176] [explore_node]: Waiting for costmap to become available, topic: map
[lifecycle_manager-9] [INFO] [1757002342.200447970] [lifecycle_manager_navigation]: [34m[1mCreating and initializing lifecycle service clients[0m[0m
[planner_server-4] [INFO] [1757002342.201020172] [global_costmap.global_costmap]: 
[planner_server-4] 	global_costmap lifecycle node launched. 
[planner_server-4] 	Waiting on external lifecycle transitions to activate
[planner_server-4] 	See https://design.ros2.org/articles/node_lifecycle.html for more information.
[planner_server-4] [INFO] [1757002342.201261806] [global_costmap.global_costmap]: Creating Costmap
[controller_server-2] [INFO] [1757002342.208085388] [local_costmap.local_costmap]: 
[controller_server-2] 	local_costmap lifecycle node launched. 
[controller_server-2] 	Waiting on external lifecycle transitions to activate
[controller_server-2] 	See https://design.ros2.org/articles/node_lifecycle.html for more information.
[controller_server-2] [INFO] [1757002342.208333822] [local_costmap.local_costmap]: Creating Costmap
[async_slam_toolbox_node-1] [INFO] [1757002342.209647321] [slam]: Using solver plugin solver_plugins::CeresSolver
[async_slam_toolbox_node-1] [INFO] [1757002342.210080647] [slam]: CeresSolver: Using SCHUR_JACOBI preconditioner.
[lifecycle_manager-9] [INFO] [1757002342.347247167] [lifecycle_manager_navigation]: [34m[1mStarting managed nodes bringup...[0m[0m
[lifecycle_manager-9] [INFO] [1757002342.347277581] [lifecycle_manager_navigation]: [34m[1mConfiguring controller_server[0m[0m
[controller_server-2] [INFO] [1757002342.347395710] [controller_server]: Configuring controller interface
[controller_server-2] [INFO] [1757002342.347468585] [controller_server]: getting goal checker plugins..
[controller_server-2] [INFO] [1757002342.347511116] [controller_server]: Controller frequency set to 10.0000Hz
[controller_server-2] [INFO] [1757002342.347525413] [local_costmap.local_costmap]: Configuring
[controller_server-2] [INFO] [1757002342.349306326] [local_costmap.local_costmap]: Using plugin "obstacle_layer"
[controller_server-2] [INFO] [1757002342.350714749] [local_costmap.local_costmap]: Subscribed to Topics: scan
[controller_server-2] [INFO] [1757002342.352322016] [local_costmap.local_costmap]: Initialized plugin "obstacle_layer"
[controller_server-2] [INFO] [1757002342.352333570] [local_costmap.local_costmap]: Using plugin "inflation_layer"
[controller_server-2] [INFO] [1757002342.352915778] [local_costmap.local_costmap]: Initialized plugin "inflation_layer"
[controller_server-2] [INFO] [1757002342.356017087] [controller_server]: Created progress_checker : progress_checker of type nav2_controller::SimpleProgressChecker
[controller_server-2] [INFO] [1757002342.356216326] [controller_server]: Created goal checker : goal_checker of type nav2_controller::SimpleGoalChecker
[controller_server-2] [INFO] [1757002342.356306895] [controller_server]: Controller Server has goal_checker  goal checkers available.
[controller_server-2] [INFO] [1757002342.356511775] [controller_server]: Created controller : FollowPath of type nav2_regulated_pure_pursuit_controller::RegulatedPurePursuitController
[controller_server-2] [INFO] [1757002342.358051048] [controller_server]: Controller Server has FollowPath  controllers available.
[lifecycle_manager-9] [INFO] [1757002342.360271729] [lifecycle_manager_navigation]: [34m[1mConfiguring smoother_server[0m[0m
[smoother_server-3] [INFO] [1757002342.360359213] [smoother_server]: Configuring smoother server
[smoother_server-3] [INFO] [1757002342.363307571] [smoother_server]: Created smoother : simple_smoother of type nav2_smoother::SimpleSmoother
[smoother_server-3] [INFO] [1757002342.363434530] [smoother_server]: Smoother Server has simple_smoother  smoothers available.
[lifecycle_manager-9] [INFO] [1757002342.365142310] [lifecycle_manager_navigation]: [34m[1mConfiguring planner_server[0m[0m
[rviz2-11] [INFO] [1757002342.499554090] [rviz2]: Stereo is NOT SUPPORTED
[rviz2-11] [INFO] [1757002342.499605922] [rviz2]: OpenGl version: 4.6 (GLSL 4.6)
[rviz2-11] [INFO] [1757002342.604418982] [rviz2]: Stereo is NOT SUPPORTED
[planner_server-4] [INFO] [1757002342.700539319] [planner_server]: Configuring
[planner_server-4] [INFO] [1757002342.700604475] [global_costmap.global_costmap]: Configuring
[planner_server-4] [INFO] [1757002342.702625977] [global_costmap.global_costmap]: Using plugin "static_layer"
[planner_server-4] [INFO] [1757002342.704854374] [global_costmap.global_costmap]: Subscribing to the map topic (/map) with transient local durability
[planner_server-4] [INFO] [1757002342.705515626] [global_costmap.global_costmap]: Initialized plugin "static_layer"
[planner_server-4] [INFO] [1757002342.705526944] [global_costmap.global_costmap]: Using plugin "obstacle_layer"
[planner_server-4] [INFO] [1757002342.705815016] [global_costmap.global_costmap]: Subscribed to Topics: scan
[planner_server-4] [INFO] [1757002342.707881342] [global_costmap.global_costmap]: Initialized plugin "obstacle_layer"
[planner_server-4] [INFO] [1757002342.707906053] [global_costmap.global_costmap]: Using plugin "inflation_layer"
[planner_server-4] [INFO] [1757002342.708341475] [global_costmap.global_costmap]: Initialized plugin "inflation_layer"
[planner_server-4] [INFO] [1757002342.712542522] [planner_server]: Created global planner plugin GridBased of type nav2_navfn_planner/NavfnPlanner
[planner_server-4] [INFO] [1757002342.712567112] [planner_server]: Configuring plugin GridBased of type NavfnPlanner
[planner_server-4] [INFO] [1757002342.712736562] [planner_server]: Planner Server has GridBased  planners available.
[lifecycle_manager-9] [INFO] [1757002342.715501876] [lifecycle_manager_navigation]: [34m[1mConfiguring behavior_server[0m[0m
[behavior_server-5] [INFO] [1757002342.715623193] [behavior_server]: Configuring
[behavior_server-5] [INFO] [1757002342.719579974] [behavior_server]: Creating behavior plugin spin of type nav2_behaviors/Spin
[behavior_server-5] [INFO] [1757002342.720082468] [behavior_server]: Configuring spin
[behavior_server-5] [INFO] [1757002342.723433635] [behavior_server]: Creating behavior plugin backup of type nav2_behaviors/BackUp
[behavior_server-5] [INFO] [1757002342.723812958] [behavior_server]: Configuring backup
[behavior_server-5] [INFO] [1757002342.725157917] [behavior_server]: Creating behavior plugin drive_on_heading of type nav2_behaviors/DriveOnHeading
[behavior_server-5] [INFO] [1757002342.725505364] [behavior_server]: Configuring drive_on_heading
[behavior_server-5] [INFO] [1757002342.726862981] [behavior_server]: Creating behavior plugin wait of type nav2_behaviors/Wait
[behavior_server-5] [INFO] [1757002342.727185262] [behavior_server]: Configuring wait
[behavior_server-5] [INFO] [1757002342.728493120] [behavior_server]: Creating behavior plugin assisted_teleop of type nav2_behaviors/AssistedTeleop
[behavior_server-5] [INFO] [1757002342.729239582] [behavior_server]: Configuring assisted_teleop
[lifecycle_manager-9] [INFO] [1757002342.731434893] [lifecycle_manager_navigation]: [34m[1mConfiguring bt_navigator[0m[0m
[bt_navigator-6] [INFO] [1757002342.731658538] [bt_navigator]: Configuring
[lifecycle_manager-9] [INFO] [1757002342.751227638] [lifecycle_manager_navigation]: [34m[1mConfiguring waypoint_follower[0m[0m
[waypoint_follower-7] [INFO] [1757002342.751324488] [waypoint_follower]: Configuring
[waypoint_follower-7] [INFO] [1757002342.758748169] [waypoint_follower]: Created waypoint_task_executor : wait_at_waypoint of type nav2_waypoint_follower::WaitAtWaypoint
[lifecycle_manager-9] [INFO] [1757002342.759120651] [lifecycle_manager_navigation]: [34m[1mConfiguring velocity_smoother[0m[0m
[velocity_smoother-8] [INFO] [1757002342.759222998] [velocity_smoother]: Configuring velocity smoother
[lifecycle_manager-9] [INFO] [1757002342.760481150] [lifecycle_manager_navigation]: [34m[1mActivating controller_server[0m[0m
[controller_server-2] [INFO] [1757002342.760593425] [controller_server]: Activating
[controller_server-2] [INFO] [1757002342.760627145] [local_costmap.local_costmap]: Activating
[controller_server-2] [INFO] [1757002342.760641428] [local_costmap.local_costmap]: Checking transform
[controller_server-2] [INFO] [1757002342.760664336] [local_costmap.local_costmap]: Timed out waiting for transform from base_link to odom to become available, tf error: Invalid frame ID "odom" passed to canTransform argument target_frame - frame does not exist
[controller_server-2] [INFO] [1757002343.260753464] [local_costmap.local_costmap]: Timed out waiting for transform from base_link to odom to become available, tf error: Invalid frame ID "odom" passed to canTransform argument target_frame - frame does not exist
[controller_server-2] [INFO] [1757002343.760740936] [local_costmap.local_costmap]: Timed out waiting for transform from base_link to odom to become available, tf error: Invalid frame ID "odom" passed to canTransform argument target_frame - frame does not exist
[controller_server-2] [INFO] [1757002344.260755358] [local_costmap.local_costmap]: Timed out waiting for transform from base_link to odom to become available, tf error: Invalid frame ID "odom" passed to canTransform argument target_frame - frame does not exist
[controller_server-2] [INFO] [1757002344.760739402] [local_costmap.local_costmap]: Timed out waiting for transform from base_link to odom to become available, tf error: Invalid frame ID "odom" passed to canTransform argument target_frame - frame does not exist
[controller_server-2] [INFO] [1757002345.260750661] [local_costmap.local_costmap]: Timed out waiting for transform from base_link to odom to become available, tf error: Invalid frame ID "odom" passed to canTransform argument target_frame - frame does not exist
[controller_server-2] [INFO] [1757002345.760740419] [local_costmap.local_costmap]: Timed out waiting for transform from base_link to odom to become available, tf error: Invalid frame ID "odom" passed to canTransform argument target_frame - frame does not exist
[controller_server-2] [INFO] [1757002346.260742751] [local_costmap.local_costmap]: Timed out waiting for transform from base_link to odom to become available, tf error: Invalid frame ID "odom" passed to canTransform argument target_frame - frame does not exist
[controller_server-2] [INFO] [1757002346.760668610] [local_costmap.local_costmap]: Timed out waiting for transform from base_link to odom to become available, tf error: Invalid frame ID "odom" passed to canTransform argument target_frame - frame does not exist
[controller_server-2] [INFO] [1757002347.260776492] [local_costmap.local_costmap]: start
[controller_server-2] [INFO] [1757002347.511620056] [controller_server]: Activating controller: FollowPath of type regulated_pure_pursuit_controller::RegulatedPurePursuitController
[controller_server-2] [INFO] [1757002347.511734516] [controller_server]: Creating bond (controller_server) to lifecycle manager.
[lifecycle_manager-9] [INFO] [1757002347.620971366] [lifecycle_manager_navigation]: Server controller_server connected with bond.
[lifecycle_manager-9] [INFO] [1757002347.621082331] [lifecycle_manager_navigation]: [34m[1mActivating smoother_server[0m[0m
[smoother_server-3] [INFO] [1757002347.621633621] [smoother_server]: Activating
[smoother_server-3] [INFO] [1757002347.621714300] [smoother_server]: Creating bond (smoother_server) to lifecycle manager.
[lifecycle_manager-9] [INFO] [1757002347.730399656] [lifecycle_manager_navigation]: Server smoother_server connected with bond.
[lifecycle_manager-9] [INFO] [1757002347.730505960] [lifecycle_manager_navigation]: [34m[1mActivating planner_server[0m[0m
[planner_server-4] [INFO] [1757002347.731247971] [planner_server]: Activating
[planner_server-4] [INFO] [1757002347.731388599] [global_costmap.global_costmap]: Activating
[planner_server-4] [INFO] [1757002347.731438521] [global_costmap.global_costmap]: Checking transform
[planner_server-4] [INFO] [1757002347.731510865] [global_costmap.global_costmap]: Timed out waiting for transform from base_link to map to become available, tf error: Invalid frame ID "map" passed to canTransform argument target_frame - frame does not exist
[planner_server-4] [INFO] [1757002348.231577588] [global_costmap.global_costmap]: Timed out waiting for transform from base_link to map to become available, tf error: Invalid frame ID "map" passed to canTransform argument target_frame - frame does not exist
[planner_server-4] [INFO] [1757002348.731564257] [global_costmap.global_costmap]: Timed out waiting for transform from base_link to map to become available, tf error: Invalid frame ID "map" passed to canTransform argument target_frame - frame does not exist
[async_slam_toolbox_node-1] [WARN] [1757002349.149462020] [slam]: minimum laser range setting (0.0 m) exceeds the capabilities of the used Lidar (0.1 m)
[planner_server-4] [INFO] [1757002349.231861335] [global_costmap.global_costmap]: start
[rviz2-11] [INFO] [1757002349.276949274] [rviz2]: Trying to create a map of size 100 x 100 using 1 swatches
[planner_server-4] [INFO] [1757002350.216335294] [global_costmap.global_costmap]: StaticLayer: Resizing costmap to 47 X 66 at 0.040000 m/pix
[planner_server-4] [INFO] [1757002350.233975104] [planner_server]: Activating plugin GridBased of type NavfnPlanner
[rviz2-11] [INFO] [1757002350.234654459] [rviz2]: Trying to create a map of size 47 x 66 using 1 swatches
[planner_server-4] [INFO] [1757002350.235852847] [planner_server]: Creating bond (planner_server) to lifecycle manager.
[rviz2-11] [INFO] [1757002350.268788783] [rviz2]: Trying to create a map of size 47 x 66 using 1 swatches
[lifecycle_manager-9] [INFO] [1757002350.343213811] [lifecycle_manager_navigation]: Server planner_server connected with bond.
[lifecycle_manager-9] [INFO] [1757002350.343315759] [lifecycle_manager_navigation]: [34m[1mActivating behavior_server[0m[0m
[behavior_server-5] [INFO] [1757002350.344027738] [behavior_server]: Activating
[behavior_server-5] [INFO] [1757002350.344117974] [behavior_server]: Activating spin
[behavior_server-5] [INFO] [1757002350.344165346] [behavior_server]: Activating backup
[behavior_server-5] [INFO] [1757002350.344204210] [behavior_server]: Activating drive_on_heading
[behavior_server-5] [INFO] [1757002350.344239122] [behavior_server]: Activating wait
[behavior_server-5] [INFO] [1757002350.344272242] [behavior_server]: Activating assisted_teleop
[behavior_server-5] [INFO] [1757002350.344317241] [behavior_server]: Creating bond (behavior_server) to lifecycle manager.
[lifecycle_manager-9] [INFO] [1757002350.451834060] [lifecycle_manager_navigation]: Server behavior_server connected with bond.
[lifecycle_manager-9] [INFO] [1757002350.451931402] [lifecycle_manager_navigation]: [34m[1mActivating bt_navigator[0m[0m
[bt_navigator-6] [INFO] [1757002350.452659999] [bt_navigator]: Activating
[bt_navigator-6] [INFO] [1757002350.490282198] [bt_navigator]: Creating bond (bt_navigator) to lifecycle manager.
[lifecycle_manager-9] [INFO] [1757002350.591990364] [lifecycle_manager_navigation]: Server bt_navigator connected with bond.
[lifecycle_manager-9] [INFO] [1757002350.592085543] [lifecycle_manager_navigation]: [34m[1mActivating waypoint_follower[0m[0m
[waypoint_follower-7] [INFO] [1757002350.592719925] [waypoint_follower]: Activating
[waypoint_follower-7] [INFO] [1757002350.592809670] [waypoint_follower]: Creating bond (waypoint_follower) to lifecycle manager.
[lifecycle_manager-9] [INFO] [1757002350.701030186] [lifecycle_manager_navigation]: Server waypoint_follower connected with bond.
[lifecycle_manager-9] [INFO] [1757002350.701123191] [lifecycle_manager_navigation]: [34m[1mActivating velocity_smoother[0m[0m
[velocity_smoother-8] [INFO] [1757002350.701819698] [velocity_smoother]: Activating
[velocity_smoother-8] [INFO] [1757002350.701943338] [velocity_smoother]: Creating bond (velocity_smoother) to lifecycle manager.
[lifecycle_manager-9] [INFO] [1757002350.810716033] [lifecycle_manager_navigation]: Server velocity_smoother connected with bond.
[lifecycle_manager-9] [INFO] [1757002350.810805642] [lifecycle_manager_navigation]: [34m[1mManaged nodes are active[0m[0m
[lifecycle_manager-9] [INFO] [1757002350.810829653] [lifecycle_manager_navigation]: [34m[1mCreating bond timer...[0m[0m
[explore-10] [INFO] [1757002352.229203605] [explore_node]: Waiting to connect to move_base nav2 server
[explore-10] [INFO] [1757002352.229501229] [explore_node]: Connected to move_base nav2 server
[explore-10] [INFO] [1757002352.229512949] [explore_node]: Getting initial pose of the robot
[explore-10] [INFO] [1757002352.284508508] [explore_node]: [NAV] Remembered last goal (0.60, -1.39, yaw from quat).
[bt_navigator-6] [INFO] [1757002352.285894512] [bt_navigator]: Begin navigating from current location (0.65, -2.83) to (0.60, -1.39)
[controller_server-2] [INFO] [1757002352.307370114] [controller_server]: Received a goal, begin computing control effort.
[controller_server-2] [WARN] [1757002352.307492196] [controller_server]: No goal checker was specified in parameter 'current_goal_checker'. Server will use only plugin loaded goal_checker . This warning will appear once.
[controller_server-2] [INFO] [1757002353.407623467] [controller_server]: Passing new path to controller.
[controller_server-2] [INFO] [1757002354.407676995] [controller_server]: Passing new path to controller.
[controller_server-2] [INFO] [1757002355.407702425] [controller_server]: Passing new path to controller.
[controller_server-2] [INFO] [1757002356.507633024] [controller_server]: Passing new path to controller.
[controller_server-2] [INFO] [1757002357.507711140] [controller_server]: Passing new path to controller.
[controller_server-2] [WARN] [1757002357.908253648] [controller_server]: RegulatedPurePursuitController detected collision ahead!
[controller_server-2] [WARN] [1757002358.008455955] [controller_server]: RegulatedPurePursuitController detected collision ahead!
[controller_server-2] [WARN] [1757002358.108308728] [controller_server]: RegulatedPurePursuitController detected collision ahead!
[controller_server-2] [WARN] [1757002358.208233498] [controller_server]: RegulatedPurePursuitController detected collision ahead!
[planner_server-4] [INFO] [1757002358.232068628] [global_costmap.global_costmap]: StaticLayer: Resizing costmap to 48 X 106 at 0.040000 m/pix
[rviz2-11] [INFO] [1757002358.236999184] [rviz2]: Trying to create a map of size 48 x 106 using 1 swatches
[rviz2-11] [INFO] [1757002358.270066365] [rviz2]: Trying to create a map of size 48 x 106 using 1 swatches
[controller_server-2] [WARN] [1757002358.307900599] [controller_server]: RegulatedPurePursuitController detected collision ahead!
[controller_server-2] [WARN] [1757002358.408222156] [controller_server]: RegulatedPurePursuitController detected collision ahead!
[controller_server-2] [INFO] [1757002358.507628334] [controller_server]: Passing new path to controller.
[controller_server-2] [WARN] [1757002358.508137552] [controller_server]: RegulatedPurePursuitController detected collision ahead!
[controller_server-2] [WARN] [1757002358.608284110] [controller_server]: RegulatedPurePursuitController detected collision ahead!
[controller_server-2] [WARN] [1757002358.708274442] [controller_server]: RegulatedPurePursuitController detected collision ahead!
[controller_server-2] [WARN] [1757002358.808266033] [controller_server]: RegulatedPurePursuitController detected collision ahead!
[controller_server-2] [WARN] [1757002358.908273486] [controller_server]: RegulatedPurePursuitController detected collision ahead!
[explore-10] [INFO] [1757002358.942784045] [explore_node]: [NAV] Remembered last goal (0.24, -0.67, yaw from quat).
[bt_navigator-6] [INFO] [1757002358.946212731] [bt_navigator]: Received goal preemption request
[bt_navigator-6] [INFO] [1757002358.946642737] [bt_navigator]: Begin navigating from current location (0.71, -2.28) to (0.24, -0.67)
[controller_server-2] [WARN] [1757002359.008219213] [controller_server]: RegulatedPurePursuitController detected collision ahead!
[controller_server-2] [WARN] [1757002359.108194561] [controller_server]: RegulatedPurePursuitController detected collision ahead!
[controller_server-2] [WARN] [1757002359.208195194] [controller_server]: RegulatedPurePursuitController detected collision ahead!
[controller_server-2] [WARN] [1757002359.308217308] [controller_server]: RegulatedPurePursuitController detected collision ahead!
[controller_server-2] [WARN] [1757002359.408183896] [controller_server]: RegulatedPurePursuitController detected collision ahead!
[controller_server-2] [WARN] [1757002359.508211765] [controller_server]: RegulatedPurePursuitController detected collision ahead!
[controller_server-2] [INFO] [1757002359.607639321] [controller_server]: Passing new path to controller.
[controller_server-2] [WARN] [1757002359.608755637] [controller_server]: RegulatedPurePursuitController detected collision ahead!
[controller_server-2] [WARN] [1757002359.707781970] [controller_server]: RegulatedPurePursuitController detected collision ahead!
[controller_server-2] [WARN] [1757002359.807856403] [controller_server]: RegulatedPurePursuitController detected collision ahead!
[controller_server-2] [WARN] [1757002359.908518960] [controller_server]: RegulatedPurePursuitController detected collision ahead!
[controller_server-2] [ERROR] [1757002359.908646610] [controller_server]: Controller patience exceeded
[controller_server-2] [WARN] [1757002359.908728658] [controller_server]: [follow_path] [ActionServer] Aborting handle.
[controller_server-2] [INFO] [1757002359.926583468] [local_costmap.local_costmap]: Received request to clear entirely the local_costmap
[controller_server-2] [INFO] [1757002359.929472892] [controller_server]: Received a goal, begin computing control effort.
[controller_server-2] [WARN] [1757002360.070615956] [controller_server]: RegulatedPurePursuitController detected collision ahead!
[controller_server-2] [WARN] [1757002360.070830598] [controller_server]: Control loop missed its desired rate of 10.0000Hz
[controller_server-2] [WARN] [1757002360.071599030] [controller_server]: RegulatedPurePursuitController detected collision ahead!
[controller_server-2] [WARN] [1757002360.130573049] [controller_server]: RegulatedPurePursuitController detected collision ahead!
[controller_server-2] [WARN] [1757002360.230516750] [controller_server]: RegulatedPurePursuitController detected collision ahead!
[controller_server-2] [WARN] [1757002360.330583197] [controller_server]: RegulatedPurePursuitController detected collision ahead!
[controller_server-2] [WARN] [1757002360.430581964] [controller_server]: RegulatedPurePursuitController detected collision ahead!
[controller_server-2] [WARN] [1757002360.530580024] [controller_server]: RegulatedPurePursuitController detected collision ahead!
[controller_server-2] [INFO] [1757002360.629624841] [controller_server]: Passing new path to controller.
[controller_server-2] [WARN] [1757002360.630702437] [controller_server]: RegulatedPurePursuitController detected collision ahead!
[controller_server-2] [WARN] [1757002360.730493642] [controller_server]: RegulatedPurePursuitController detected collision ahead!
[controller_server-2] [WARN] [1757002360.830491523] [controller_server]: RegulatedPurePursuitController detected collision ahead!
[controller_server-2] [WARN] [1757002360.930311520] [controller_server]: RegulatedPurePursuitController detected collision ahead!
[controller_server-2] [WARN] [1757002361.030506183] [controller_server]: RegulatedPurePursuitController detected collision ahead!
[controller_server-2] [WARN] [1757002361.130508265] [controller_server]: RegulatedPurePursuitController detected collision ahead!
[controller_server-2] [WARN] [1757002361.230507483] [controller_server]: RegulatedPurePursuitController detected collision ahead!
[controller_server-2] [WARN] [1757002361.330500470] [controller_server]: RegulatedPurePursuitController detected collision ahead!
[controller_server-2] [WARN] [1757002361.430487133] [controller_server]: RegulatedPurePursuitController detected collision ahead!
[controller_server-2] [WARN] [1757002361.530496018] [controller_server]: RegulatedPurePursuitController detected collision ahead!
[controller_server-2] [INFO] [1757002361.629618751] [controller_server]: Passing new path to controller.
[controller_server-2] [WARN] [1757002361.630683914] [controller_server]: RegulatedPurePursuitController detected collision ahead!
[controller_server-2] [WARN] [1757002361.730488080] [controller_server]: RegulatedPurePursuitController detected collision ahead!
[controller_server-2] [WARN] [1757002361.830565848] [controller_server]: RegulatedPurePursuitController detected collision ahead!
[controller_server-2] [WARN] [1757002361.930495129] [controller_server]: RegulatedPurePursuitController detected collision ahead!
[controller_server-2] [ERROR] [1757002361.930585700] [controller_server]: Controller patience exceeded
[controller_server-2] [WARN] [1757002361.930654392] [controller_server]: [follow_path] [ActionServer] Aborting handle.
[controller_server-2] [INFO] [1757002361.946588039] [local_costmap.local_costmap]: Received request to clear entirely the local_costmap
[planner_server-4] [INFO] [1757002361.948366630] [global_costmap.global_costmap]: Received request to clear entirely the global_costmap
[controller_server-2] [INFO] [1757002362.256968539] [controller_server]: Received a goal, begin computing control effort.
[controller_server-2] [WARN] [1757002362.258035185] [controller_server]: RegulatedPurePursuitController detected collision ahead!
[controller_server-2] [WARN] [1757002362.358029789] [controller_server]: RegulatedPurePursuitController detected collision ahead!
[controller_server-2] [WARN] [1757002362.458077368] [controller_server]: RegulatedPurePursuitController detected collision ahead!
[controller_server-2] [WARN] [1757002362.558092545] [controller_server]: RegulatedPurePursuitController detected collision ahead!
[controller_server-2] [WARN] [1757002362.658068364] [controller_server]: RegulatedPurePursuitController detected collision ahead!
[controller_server-2] [WARN] [1757002362.757982954] [controller_server]: RegulatedPurePursuitController detected collision ahead!
[controller_server-2] [WARN] [1757002362.858067911] [controller_server]: RegulatedPurePursuitController detected collision ahead!
[controller_server-2] [WARN] [1757002362.958047572] [controller_server]: RegulatedPurePursuitController detected collision ahead!
[controller_server-2] [WARN] [1757002363.058058955] [controller_server]: RegulatedPurePursuitController detected collision ahead!
[controller_server-2] [WARN] [1757002363.158058109] [controller_server]: RegulatedPurePursuitController detected collision ahead!
[controller_server-2] [WARN] [1757002363.258070851] [controller_server]: RegulatedPurePursuitController detected collision ahead!
[controller_server-2] [INFO] [1757002363.357178799] [controller_server]: Passing new path to controller.
[controller_server-2] [WARN] [1757002363.358180798] [controller_server]: RegulatedPurePursuitController detected collision ahead!
[controller_server-2] [WARN] [1757002363.458067785] [controller_server]: RegulatedPurePursuitController detected collision ahead!
[controller_server-2] [WARN] [1757002363.558072449] [controller_server]: RegulatedPurePursuitController detected collision ahead!
[controller_server-2] [WARN] [1757002363.658076003] [controller_server]: RegulatedPurePursuitController detected collision ahead!
[controller_server-2] [WARN] [1757002363.758133236] [controller_server]: RegulatedPurePursuitController detected collision ahead!
[controller_server-2] [WARN] [1757002363.858056598] [controller_server]: RegulatedPurePursuitController detected collision ahead!
[controller_server-2] [WARN] [1757002363.958136709] [controller_server]: RegulatedPurePursuitController detected collision ahead!
[controller_server-2] [WARN] [1757002364.058052816] [controller_server]: RegulatedPurePursuitController detected collision ahead!
[controller_server-2] [WARN] [1757002364.157847190] [controller_server]: RegulatedPurePursuitController detected collision ahead!
[controller_server-2] [WARN] [1757002364.257896339] [controller_server]: RegulatedPurePursuitController detected collision ahead!
[controller_server-2] [ERROR] [1757002364.257973760] [controller_server]: Controller patience exceeded
[controller_server-2] [WARN] [1757002364.258039653] [controller_server]: [follow_path] [ActionServer] Aborting handle.
[controller_server-2] [INFO] [1757002364.276528759] [local_costmap.local_costmap]: Received request to clear entirely the local_costmap
[controller_server-2] [INFO] [1757002364.278134688] [controller_server]: Received a goal, begin computing control effort.
[controller_server-2] [INFO] [1757002364.468277663] [controller_server]: Passing new path to controller.
[controller_server-2] [WARN] [1757002364.469485021] [controller_server]: RegulatedPurePursuitController detected collision ahead!
[controller_server-2] [WARN] [1757002364.469615845] [controller_server]: Control loop missed its desired rate of 10.0000Hz
[controller_server-2] [WARN] [1757002364.470395505] [controller_server]: RegulatedPurePursuitController detected collision ahead!
[controller_server-2] [WARN] [1757002364.479113042] [controller_server]: RegulatedPurePursuitController detected collision ahead!
[controller_server-2] [WARN] [1757002364.579005594] [controller_server]: RegulatedPurePursuitController detected collision ahead!
[controller_server-2] [WARN] [1757002364.678673257] [controller_server]: RegulatedPurePursuitController detected collision ahead!
[controller_server-2] [WARN] [1757002364.779154482] [controller_server]: RegulatedPurePursuitController detected collision ahead!
[controller_server-2] [WARN] [1757002364.879156073] [controller_server]: RegulatedPurePursuitController detected collision ahead!
[controller_server-2] [WARN] [1757002364.979147603] [controller_server]: RegulatedPurePursuitController detected collision ahead!
[controller_server-2] [WARN] [1757002365.079232911] [controller_server]: RegulatedPurePursuitController detected collision ahead!
[controller_server-2] [WARN] [1757002365.179239818] [controller_server]: RegulatedPurePursuitController detected collision ahead!
[controller_server-2] [WARN] [1757002365.279221738] [controller_server]: RegulatedPurePursuitController detected collision ahead!
[controller_server-2] [INFO] [1757002365.378341192] [controller_server]: Passing new path to controller.
[controller_server-2] [WARN] [1757002365.379104107] [controller_server]: RegulatedPurePursuitController detected collision ahead!
[controller_server-2] [WARN] [1757002365.478733835] [controller_server]: RegulatedPurePursuitController detected collision ahead!
[controller_server-2] [WARN] [1757002365.579080164] [controller_server]: RegulatedPurePursuitController detected collision ahead!
[controller_server-2] [WARN] [1757002365.679340530] [controller_server]: RegulatedPurePursuitController detected collision ahead!
[controller_server-2] [WARN] [1757002365.779240020] [controller_server]: RegulatedPurePursuitController detected collision ahead!
[controller_server-2] [WARN] [1757002365.879245668] [controller_server]: RegulatedPurePursuitController detected collision ahead!
[controller_server-2] [WARN] [1757002365.979058454] [controller_server]: RegulatedPurePursuitController detected collision ahead!
[controller_server-2] [WARN] [1757002366.079190099] [controller_server]: RegulatedPurePursuitController detected collision ahead!
[controller_server-2] [WARN] [1757002366.179070264] [controller_server]: RegulatedPurePursuitController detected collision ahead!
[controller_server-2] [WARN] [1757002366.279081454] [controller_server]: RegulatedPurePursuitController detected collision ahead!
[controller_server-2] [ERROR] [1757002366.279176270] [controller_server]: Controller patience exceeded
[controller_server-2] [WARN] [1757002366.279250854] [controller_server]: [follow_path] [ActionServer] Aborting handle.
[behavior_server-5] [INFO] [1757002366.297036159] [behavior_server]: Running spin
[behavior_server-5] [INFO] [1757002366.297358235] [behavior_server]: Turning 1.57 for spin behavior.
[behavior_server-5] [INFO] [1757002369.297798088] [behavior_server]: spin completed successfully
[controller_server-2] [INFO] [1757002369.346757887] [controller_server]: Received a goal, begin computing control effort.
[controller_server-2] [INFO] [1757002370.446970127] [controller_server]: Passing new path to controller.
[controller_server-2] [INFO] [1757002371.446982563] [controller_server]: Passing new path to controller.
[controller_server-2] [WARN] [1757002372.047789059] [controller_server]: RegulatedPurePursuitController detected collision ahead!
[controller_server-2] [WARN] [1757002372.147780807] [controller_server]: RegulatedPurePursuitController detected collision ahead!
[controller_server-2] [WARN] [1757002372.247750433] [controller_server]: RegulatedPurePursuitController detected collision ahead!
[controller_server-2] [WARN] [1757002372.347759110] [controller_server]: RegulatedPurePursuitController detected collision ahead!
[controller_server-2] [INFO] [1757002372.446952394] [controller_server]: Passing new path to controller.
[controller_server-2] [WARN] [1757002372.447166051] [controller_server]: RegulatedPurePursuitController detected collision ahead!
[controller_server-2] [WARN] [1757002372.547666393] [controller_server]: RegulatedPurePursuitController detected collision ahead!
[controller_server-2] [WARN] [1757002372.647809531] [controller_server]: RegulatedPurePursuitController detected collision ahead!
[controller_server-2] [WARN] [1757002372.747815388] [controller_server]: RegulatedPurePursuitController detected collision ahead!
[controller_server-2] [WARN] [1757002372.847825504] [controller_server]: RegulatedPurePursuitController detected collision ahead!
[controller_server-2] [WARN] [1757002372.948187805] [controller_server]: RegulatedPurePursuitController detected collision ahead!
[controller_server-2] [WARN] [1757002373.048544649] [controller_server]: RegulatedPurePursuitController detected collision ahead!
[controller_server-2] [WARN] [1757002373.148556313] [controller_server]: RegulatedPurePursuitController detected collision ahead!
[controller_server-2] [WARN] [1757002373.248563906] [controller_server]: RegulatedPurePursuitController detected collision ahead!
[controller_server-2] [WARN] [1757002373.347815870] [controller_server]: RegulatedPurePursuitController detected collision ahead!
[controller_server-2] [WARN] [1757002373.447906684] [controller_server]: RegulatedPurePursuitController detected collision ahead!
[controller_server-2] [INFO] [1757002373.547055064] [controller_server]: Passing new path to controller.
[controller_server-2] [WARN] [1757002373.548159935] [controller_server]: RegulatedPurePursuitController detected collision ahead!
[controller_server-2] [WARN] [1757002373.647866174] [controller_server]: RegulatedPurePursuitController detected collision ahead!
[controller_server-2] [WARN] [1757002373.747854906] [controller_server]: RegulatedPurePursuitController detected collision ahead!
[controller_server-2] [WARN] [1757002373.847868393] [controller_server]: RegulatedPurePursuitController detected collision ahead!
[controller_server-2] [WARN] [1757002373.947854339] [controller_server]: RegulatedPurePursuitController detected collision ahead!
[controller_server-2] [ERROR] [1757002373.947945864] [controller_server]: Controller patience exceeded
[controller_server-2] [WARN] [1757002373.948020275] [controller_server]: [follow_path] [ActionServer] Aborting handle.
[controller_server-2] [INFO] [1757002373.966632660] [local_costmap.local_costmap]: Received request to clear entirely the local_costmap
[controller_server-2] [INFO] [1757002373.969154757] [controller_server]: Received a goal, begin computing control effort.
[controller_server-2] [WARN] [1757002374.070336550] [controller_server]: RegulatedPurePursuitController detected collision ahead!
[controller_server-2] [WARN] [1757002374.070552885] [controller_server]: Control loop missed its desired rate of 10.0000Hz
[controller_server-2] [WARN] [1757002374.071390938] [controller_server]: RegulatedPurePursuitController detected collision ahead!
[controller_server-2] [WARN] [1757002374.170336946] [controller_server]: RegulatedPurePursuitController detected collision ahead!
[controller_server-2] [WARN] [1757002374.270351683] [controller_server]: RegulatedPurePursuitController detected collision ahead!
[controller_server-2] [WARN] [1757002374.369999867] [controller_server]: RegulatedPurePursuitController detected collision ahead!
[controller_server-2] [WARN] [1757002374.470253962] [controller_server]: RegulatedPurePursuitController detected collision ahead!
[controller_server-2] [INFO] [1757002374.569364642] [controller_server]: Passing new path to controller.
[controller_server-2] [WARN] [1757002374.570442073] [controller_server]: RegulatedPurePursuitController detected collision ahead!
[controller_server-2] [WARN] [1757002374.670286439] [controller_server]: RegulatedPurePursuitController detected collision ahead!
[controller_server-2] [WARN] [1757002374.769508844] [controller_server]: RegulatedPurePursuitController detected collision ahead!
[controller_server-2] [WARN] [1757002374.869675793] [controller_server]: RegulatedPurePursuitController detected collision ahead!
[controller_server-2] [WARN] [1757002374.970228600] [controller_server]: RegulatedPurePursuitController detected collision ahead!
[controller_server-2] [WARN] [1757002375.070234207] [controller_server]: RegulatedPurePursuitController detected collision ahead!
[controller_server-2] [WARN] [1757002375.170293717] [controller_server]: RegulatedPurePursuitController detected collision ahead!
[controller_server-2] [WARN] [1757002375.270304153] [controller_server]: RegulatedPurePursuitController detected collision ahead!
[controller_server-2] [WARN] [1757002375.370329941] [controller_server]: RegulatedPurePursuitController detected collision ahead!
[controller_server-2] [WARN] [1757002375.470248168] [controller_server]: RegulatedPurePursuitController detected collision ahead!
[controller_server-2] [INFO] [1757002375.569365476] [controller_server]: Passing new path to controller.
[controller_server-2] [WARN] [1757002375.570451392] [controller_server]: RegulatedPurePursuitController detected collision ahead!
[controller_server-2] [WARN] [1757002375.670263010] [controller_server]: RegulatedPurePursuitController detected collision ahead!
[controller_server-2] [WARN] [1757002375.770258834] [controller_server]: RegulatedPurePursuitController detected collision ahead!
[controller_server-2] [WARN] [1757002375.870368135] [controller_server]: RegulatedPurePursuitController detected collision ahead!
[controller_server-2] [WARN] [1757002375.970326022] [controller_server]: RegulatedPurePursuitController detected collision ahead!
[controller_server-2] [ERROR] [1757002375.970421393] [controller_server]: Controller patience exceeded
[controller_server-2] [WARN] [1757002375.970503047] [controller_server]: [follow_path] [ActionServer] Aborting handle.
[behavior_server-5] [INFO] [1757002375.986846709] [behavior_server]: Running wait
[behavior_server-5] [INFO] [1757002380.987215505] [behavior_server]: wait completed successfully
[controller_server-2] [INFO] [1757002381.036914315] [controller_server]: Received a goal, begin computing control effort.
[controller_server-2] [WARN] [1757002381.037915962] [controller_server]: RegulatedPurePursuitController detected collision ahead!
[controller_server-2] [WARN] [1757002381.137967886] [controller_server]: RegulatedPurePursuitController detected collision ahead!
[controller_server-2] [WARN] [1757002381.238014876] [controller_server]: RegulatedPurePursuitController detected collision ahead!
[controller_server-2] [WARN] [1757002381.338043989] [controller_server]: RegulatedPurePursuitController detected collision ahead!
[controller_server-2] [WARN] [1757002381.438028089] [controller_server]: RegulatedPurePursuitController detected collision ahead!
[controller_server-2] [WARN] [1757002381.538038401] [controller_server]: RegulatedPurePursuitController detected collision ahead!
[controller_server-2] [WARN] [1757002381.638018104] [controller_server]: RegulatedPurePursuitController detected collision ahead!
[controller_server-2] [WARN] [1757002381.738024176] [controller_server]: RegulatedPurePursuitController detected collision ahead!
[controller_server-2] [WARN] [1757002381.919225156] [controller_server]: RegulatedPurePursuitController detected collision ahead!
[controller_server-2] [WARN] [1757002381.937957233] [controller_server]: RegulatedPurePursuitController detected collision ahead!
[controller_server-2] [WARN] [1757002382.037968417] [controller_server]: RegulatedPurePursuitController detected collision ahead!
[controller_server-2] [INFO] [1757002382.137131199] [controller_server]: Passing new path to controller.
[controller_server-2] [WARN] [1757002382.138215905] [controller_server]: RegulatedPurePursuitController detected collision ahead!
[controller_server-2] [WARN] [1757002382.237591293] [controller_server]: RegulatedPurePursuitController detected collision ahead!
[controller_server-2] [WARN] [1757002382.337950337] [controller_server]: RegulatedPurePursuitController detected collision ahead!
[controller_server-2] [WARN] [1757002382.438019551] [controller_server]: RegulatedPurePursuitController detected collision ahead!
[controller_server-2] [WARN] [1757002382.537965728] [controller_server]: RegulatedPurePursuitController detected collision ahead!
[controller_server-2] [WARN] [1757002382.638009633] [controller_server]: RegulatedPurePursuitController detected collision ahead!
[controller_server-2] [WARN] [1757002382.738006374] [controller_server]: RegulatedPurePursuitController detected collision ahead!
[controller_server-2] [WARN] [1757002382.838054754] [controller_server]: RegulatedPurePursuitController detected collision ahead!
[controller_server-2] [WARN] [1757002382.938046758] [controller_server]: RegulatedPurePursuitController detected collision ahead!
[controller_server-2] [WARN] [1757002383.038012268] [controller_server]: RegulatedPurePursuitController detected collision ahead!
[controller_server-2] [ERROR] [1757002383.038105980] [controller_server]: Controller patience exceeded
[controller_server-2] [WARN] [1757002383.038182316] [controller_server]: [follow_path] [ActionServer] Aborting handle.
[controller_server-2] [INFO] [1757002383.056374433] [local_costmap.local_costmap]: Received request to clear entirely the local_costmap
[controller_server-2] [INFO] [1757002383.058107442] [controller_server]: Received a goal, begin computing control effort.
[controller_server-2] [WARN] [1757002383.069232177] [controller_server]: RegulatedPurePursuitController detected collision ahead!
[controller_server-2] [INFO] [1757002383.158324129] [controller_server]: Passing new path to controller.
[controller_server-2] [WARN] [1757002383.159414420] [controller_server]: RegulatedPurePursuitController detected collision ahead!
[controller_server-2] [WARN] [1757002383.259291331] [controller_server]: RegulatedPurePursuitController detected collision ahead!
[controller_server-2] [WARN] [1757002383.358997265] [controller_server]: RegulatedPurePursuitController detected collision ahead!
[controller_server-2] [WARN] [1757002383.459289595] [controller_server]: RegulatedPurePursuitController detected collision ahead!
[controller_server-2] [WARN] [1757002383.559282504] [controller_server]: RegulatedPurePursuitController detected collision ahead!
[controller_server-2] [WARN] [1757002383.659287152] [controller_server]: RegulatedPurePursuitController detected collision ahead!
[controller_server-2] [WARN] [1757002383.759213185] [controller_server]: RegulatedPurePursuitController detected collision ahead!
[controller_server-2] [WARN] [1757002383.859286166] [controller_server]: RegulatedPurePursuitController detected collision ahead!
[controller_server-2] [WARN] [1757002383.959277018] [controller_server]: RegulatedPurePursuitController detected collision ahead!
[controller_server-2] [WARN] [1757002384.059276665] [controller_server]: RegulatedPurePursuitController detected collision ahead!
[controller_server-2] [INFO] [1757002384.158319220] [controller_server]: Passing new path to controller.
[controller_server-2] [WARN] [1757002384.159457950] [controller_server]: RegulatedPurePursuitController detected collision ahead!
[controller_server-2] [WARN] [1757002384.259198243] [controller_server]: RegulatedPurePursuitController detected collision ahead!
[controller_server-2] [WARN] [1757002384.359213234] [controller_server]: RegulatedPurePursuitController detected collision ahead!
[controller_server-2] [WARN] [1757002384.459315235] [controller_server]: RegulatedPurePursuitController detected collision ahead!
[controller_server-2] [WARN] [1757002384.559201757] [controller_server]: RegulatedPurePursuitController detected collision ahead!
[controller_server-2] [WARN] [1757002384.659198566] [controller_server]: RegulatedPurePursuitController detected collision ahead!
[controller_server-2] [WARN] [1757002384.759287474] [controller_server]: RegulatedPurePursuitController detected collision ahead!
[controller_server-2] [WARN] [1757002384.859281687] [controller_server]: RegulatedPurePursuitController detected collision ahead!
[controller_server-2] [WARN] [1757002384.959204306] [controller_server]: RegulatedPurePursuitController detected collision ahead!
[controller_server-2] [WARN] [1757002385.059284022] [controller_server]: RegulatedPurePursuitController detected collision ahead!
[controller_server-2] [ERROR] [1757002385.059383726] [controller_server]: Controller patience exceeded
[controller_server-2] [WARN] [1757002385.059460744] [controller_server]: [follow_path] [ActionServer] Aborting handle.
[behavior_server-5] [INFO] [1757002385.077019545] [behavior_server]: Running backup
[behavior_server-5] [INFO] [1757002385.077328747] [behavior_server]: DriveOnHeading: no acceleration or deceleration limits set
[behavior_server-5] [INFO] [1757002391.977480825] [behavior_server]: backup completed successfully
[controller_server-2] [INFO] [1757002392.026965930] [controller_server]: Received a goal, begin computing control effort.
[planner_server-4] [INFO] [1757002392.232052522] [global_costmap.global_costmap]: StaticLayer: Resizing costmap to 50 X 106 at 0.040000 m/pix
[rviz2-11] [INFO] [1757002392.254136843] [rviz2]: Trying to create a map of size 50 x 106 using 1 swatches
[rviz2-11] [INFO] [1757002392.254578652] [rviz2]: Trying to create a map of size 50 x 106 using 1 swatches
[explore-10] [INFO] [1757002392.282829740] [explore_node]: [NAV] Remembered last goal (0.29, -1.23, yaw from quat).
[bt_navigator-6] [INFO] [1757002392.286181015] [bt_navigator]: Received goal preemption request
[bt_navigator-6] [INFO] [1757002392.286382665] [bt_navigator]: Begin navigating from current location (0.86, -2.54) to (0.29, -1.23)
[controller_server-2] [INFO] [1757002393.127266647] [controller_server]: Passing new path to controller.
[controller_server-2] [INFO] [1757002394.127173001] [controller_server]: Passing new path to controller.
[controller_server-2] [INFO] [1757002395.127173247] [controller_server]: Passing new path to controller.
[controller_server-2] [WARN] [1757002395.828001714] [controller_server]: RegulatedPurePursuitController detected collision ahead!
[controller_server-2] [WARN] [1757002395.927874629] [controller_server]: RegulatedPurePursuitController detected collision ahead!
[controller_server-2] [WARN] [1757002396.027879357] [controller_server]: RegulatedPurePursuitController detected collision ahead!
[controller_server-2] [WARN] [1757002396.127697310] [controller_server]: RegulatedPurePursuitController detected collision ahead!
[controller_server-2] [INFO] [1757002396.227177441] [controller_server]: Passing new path to controller.
[controller_server-2] [WARN] [1757002396.228084931] [controller_server]: RegulatedPurePursuitController detected collision ahead!
[controller_server-2] [WARN] [1757002396.327701824] [controller_server]: RegulatedPurePursuitController detected collision ahead!
[controller_server-2] [WARN] [1757002396.427951539] [controller_server]: RegulatedPurePursuitController detected collision ahead!
[controller_server-2] [WARN] [1757002396.527955567] [controller_server]: RegulatedPurePursuitController detected collision ahead!
[controller_server-2] [WARN] [1757002396.627883608] [controller_server]: RegulatedPurePursuitController detected collision ahead!
[controller_server-2] [WARN] [1757002396.727897639] [controller_server]: RegulatedPurePursuitController detected collision ahead!
[controller_server-2] [WARN] [1757002396.827894583] [controller_server]: RegulatedPurePursuitController detected collision ahead!
[controller_server-2] [WARN] [1757002396.927891045] [controller_server]: RegulatedPurePursuitController detected collision ahead!
[controller_server-2] [WARN] [1757002397.027955021] [controller_server]: RegulatedPurePursuitController detected collision ahead!
[controller_server-2] [WARN] [1757002397.127971703] [controller_server]: RegulatedPurePursuitController detected collision ahead!
[controller_server-2] [INFO] [1757002397.227187330] [controller_server]: Passing new path to controller.
[controller_server-2] [WARN] [1757002397.228092813] [controller_server]: RegulatedPurePursuitController detected collision ahead!
[controller_server-2] [WARN] [1757002397.327761738] [controller_server]: RegulatedPurePursuitController detected collision ahead!
[controller_server-2] [ERROR] [1757002397.528624039] [controller_server]: Exception in transformPose: Lookup would require extrapolation into the future.  Requested time 1757002397.253323 but the latest data is at time 1757002397.240001, when looking up transform from frame [odom] to frame [map]
[controller_server-2] [WARN] [1757002397.528757955] [controller_server]: Unable to transform robot pose into global plan's frame
[controller_server-2] [WARN] [1757002397.528943205] [controller_server]: Control loop missed its desired rate of 10.0000Hz
[controller_server-2] [WARN] [1757002397.561750366] [controller_server]: RegulatedPurePursuitController detected collision ahead!
[controller_server-2] [WARN] [1757002397.627881164] [controller_server]: RegulatedPurePursuitController detected collision ahead!
[controller_server-2] [WARN] [1757002397.727805950] [controller_server]: RegulatedPurePursuitController detected collision ahead!
[controller_server-2] [WARN] [1757002397.827698519] [controller_server]: RegulatedPurePursuitController detected collision ahead!
[controller_server-2] [ERROR] [1757002397.827776192] [controller_server]: Controller patience exceeded
[controller_server-2] [WARN] [1757002397.827833639] [controller_server]: [follow_path] [ActionServer] Aborting handle.
[controller_server-2] [INFO] [1757002397.846314880] [local_costmap.local_costmap]: Received request to clear entirely the local_costmap
[controller_server-2] [INFO] [1757002397.848781544] [controller_server]: Received a goal, begin computing control effort.
[controller_server-2] [WARN] [1757002397.870300916] [controller_server]: RegulatedPurePursuitController detected collision ahead!
[controller_server-2] [WARN] [1757002397.950248438] [controller_server]: RegulatedPurePursuitController detected collision ahead!
[controller_server-2] [WARN] [1757002398.049983374] [controller_server]: RegulatedPurePursuitController detected collision ahead!
[controller_server-2] [WARN] [1757002398.150073557] [controller_server]: RegulatedPurePursuitController detected collision ahead!
[controller_server-2] [INFO] [1757002398.248992390] [controller_server]: Passing new path to controller.
[controller_server-2] [WARN] [1757002398.249934976] [controller_server]: RegulatedPurePursuitController detected collision ahead!
[controller_server-2] [WARN] [1757002398.349706805] [controller_server]: RegulatedPurePursuitController detected collision ahead!
[controller_server-2] [WARN] [1757002398.449876174] [controller_server]: RegulatedPurePursuitController detected collision ahead!
[controller_server-2] [WARN] [1757002398.549706468] [controller_server]: RegulatedPurePursuitController detected collision ahead!
[controller_server-2] [WARN] [1757002398.649715953] [controller_server]: RegulatedPurePursuitController detected collision ahead!
[controller_server-2] [WARN] [1757002398.749787027] [controller_server]: RegulatedPurePursuitController detected collision ahead!
[controller_server-2] [WARN] [1757002398.849692837] [controller_server]: RegulatedPurePursuitController detected collision ahead!
[controller_server-2] [WARN] [1757002398.949701086] [controller_server]: RegulatedPurePursuitController detected collision ahead!
[controller_server-2] [WARN] [1757002399.049729121] [controller_server]: RegulatedPurePursuitController detected collision ahead!
[controller_server-2] [WARN] [1757002399.149693709] [controller_server]: RegulatedPurePursuitController detected collision ahead!
[controller_server-2] [INFO] [1757002399.248984425] [controller_server]: Passing new path to controller.
[controller_server-2] [WARN] [1757002399.249953239] [controller_server]: RegulatedPurePursuitController detected collision ahead!
[controller_server-2] [WARN] [1757002399.349743088] [controller_server]: RegulatedPurePursuitController detected collision ahead!
[controller_server-2] [WARN] [1757002399.449717147] [controller_server]: RegulatedPurePursuitController detected collision ahead!
[controller_server-2] [WARN] [1757002399.549761769] [controller_server]: RegulatedPurePursuitController detected collision ahead!
[controller_server-2] [WARN] [1757002399.650391930] [controller_server]: RegulatedPurePursuitController detected collision ahead!
[controller_server-2] [WARN] [1757002399.749700256] [controller_server]: RegulatedPurePursuitController detected collision ahead!
[controller_server-2] [WARN] [1757002399.849712359] [controller_server]: RegulatedPurePursuitController detected collision ahead!
[controller_server-2] [ERROR] [1757002399.849811092] [controller_server]: Controller patience exceeded
[controller_server-2] [WARN] [1757002399.849892524] [controller_server]: [follow_path] [ActionServer] Aborting handle.
[controller_server-2] [INFO] [1757002399.866362873] [local_costmap.local_costmap]: Received request to clear entirely the local_costmap
[planner_server-4] [INFO] [1757002399.867519819] [global_costmap.global_costmap]: Received request to clear entirely the global_costmap
[controller_server-2] [INFO] [1757002400.256397199] [controller_server]: Received a goal, begin computing control effort.
[controller_server-2] [WARN] [1757002400.256898965] [controller_server]: RegulatedPurePursuitController detected collision ahead!
[controller_server-2] [WARN] [1757002400.357279128] [controller_server]: RegulatedPurePursuitController detected collision ahead!
[controller_server-2] [WARN] [1757002400.457439297] [controller_server]: RegulatedPurePursuitController detected collision ahead!
[controller_server-2] [WARN] [1757002400.557293021] [controller_server]: RegulatedPurePursuitController detected collision ahead!
[controller_server-2] [WARN] [1757002400.657297947] [controller_server]: RegulatedPurePursuitController detected collision ahead!
[controller_server-2] [WARN] [1757002400.757304597] [controller_server]: RegulatedPurePursuitController detected collision ahead!
[controller_server-2] [WARN] [1757002400.857277737] [controller_server]: RegulatedPurePursuitController detected collision ahead!
[controller_server-2] [WARN] [1757002400.957283741] [controller_server]: RegulatedPurePursuitController detected collision ahead!
[controller_server-2] [WARN] [1757002401.057340629] [controller_server]: RegulatedPurePursuitController detected collision ahead!
[controller_server-2] [WARN] [1757002401.157357533] [controller_server]: RegulatedPurePursuitController detected collision ahead!
[controller_server-2] [WARN] [1757002401.257287195] [controller_server]: RegulatedPurePursuitController detected collision ahead!
[controller_server-2] [INFO] [1757002401.356557341] [controller_server]: Passing new path to controller.
[controller_server-2] [WARN] [1757002401.357470326] [controller_server]: RegulatedPurePursuitController detected collision ahead!
[controller_server-2] [WARN] [1757002401.457345122] [controller_server]: RegulatedPurePursuitController detected collision ahead!
[controller_server-2] [WARN] [1757002401.557348302] [controller_server]: RegulatedPurePursuitController detected collision ahead!
[controller_server-2] [WARN] [1757002401.657276019] [controller_server]: RegulatedPurePursuitController detected collision ahead!
[controller_server-2] [WARN] [1757002401.757305778] [controller_server]: RegulatedPurePursuitController detected collision ahead!
[controller_server-2] [WARN] [1757002401.857272172] [controller_server]: RegulatedPurePursuitController detected collision ahead!
[controller_server-2] [WARN] [1757002401.957116380] [controller_server]: RegulatedPurePursuitController detected collision ahead!
[controller_server-2] [WARN] [1757002402.057283883] [controller_server]: RegulatedPurePursuitController detected collision ahead!
[controller_server-2] [WARN] [1757002402.157281929] [controller_server]: RegulatedPurePursuitController detected collision ahead!
[controller_server-2] [WARN] [1757002402.257276228] [controller_server]: RegulatedPurePursuitController detected collision ahead!
[controller_server-2] [ERROR] [1757002402.257370899] [controller_server]: Controller patience exceeded
[controller_server-2] [WARN] [1757002402.257444873] [controller_server]: [follow_path] [ActionServer] Aborting handle.
[controller_server-2] [INFO] [1757002402.276482315] [local_costmap.local_costmap]: Received request to clear entirely the local_costmap
[controller_server-2] [INFO] [1757002402.278452689] [controller_server]: Received a goal, begin computing control effort.
[controller_server-2] [INFO] [1757002402.468637368] [controller_server]: Passing new path to controller.
[controller_server-2] [WARN] [1757002402.468821647] [controller_server]: RegulatedPurePursuitController detected collision ahead!
[controller_server-2] [WARN] [1757002402.468843751] [controller_server]: Control loop missed its desired rate of 10.0000Hz
[controller_server-2] [WARN] [1757002402.468944816] [controller_server]: RegulatedPurePursuitController detected collision ahead!
[controller_server-2] [WARN] [1757002402.478738497] [controller_server]: RegulatedPurePursuitController detected collision ahead!
[controller_server-2] [WARN] [1757002402.579431558] [controller_server]: RegulatedPurePursuitController detected collision ahead!
[controller_server-2] [WARN] [1757002402.679379189] [controller_server]: RegulatedPurePursuitController detected collision ahead!
[controller_server-2] [WARN] [1757002402.779366274] [controller_server]: RegulatedPurePursuitController detected collision ahead!
[controller_server-2] [WARN] [1757002402.879442828] [controller_server]: RegulatedPurePursuitController detected collision ahead!
[controller_server-2] [WARN] [1757002402.979194380] [controller_server]: RegulatedPurePursuitController detected collision ahead!
[controller_server-2] [WARN] [1757002403.079079969] [controller_server]: RegulatedPurePursuitController detected collision ahead!
[controller_server-2] [WARN] [1757002403.179358340] [controller_server]: RegulatedPurePursuitController detected collision ahead!
[controller_server-2] [WARN] [1757002403.279162379] [controller_server]: RegulatedPurePursuitController detected collision ahead!
[controller_server-2] [INFO] [1757002403.378663286] [controller_server]: Passing new path to controller.
[controller_server-2] [WARN] [1757002403.379574296] [controller_server]: RegulatedPurePursuitController detected collision ahead!
[controller_server-2] [WARN] [1757002403.479367545] [controller_server]: RegulatedPurePursuitController detected collision ahead!
[controller_server-2] [WARN] [1757002403.579370202] [controller_server]: RegulatedPurePursuitController detected collision ahead!
[controller_server-2] [WARN] [1757002403.679256453] [controller_server]: RegulatedPurePursuitController detected collision ahead!
[controller_server-2] [WARN] [1757002403.779442061] [controller_server]: RegulatedPurePursuitController detected collision ahead!
[controller_server-2] [WARN] [1757002403.879184117] [controller_server]: RegulatedPurePursuitController detected collision ahead!
[controller_server-2] [WARN] [1757002403.979369835] [controller_server]: RegulatedPurePursuitController detected collision ahead!
[controller_server-2] [WARN] [1757002404.079362408] [controller_server]: RegulatedPurePursuitController detected collision ahead!
[controller_server-2] [WARN] [1757002404.179449588] [controller_server]: RegulatedPurePursuitController detected collision ahead!
[controller_server-2] [WARN] [1757002404.279335648] [controller_server]: RegulatedPurePursuitController detected collision ahead!
[controller_server-2] [ERROR] [1757002404.279427611] [controller_server]: Controller patience exceeded
[controller_server-2] [WARN] [1757002404.279493333] [controller_server]: [follow_path] [ActionServer] Aborting handle.
[behavior_server-5] [INFO] [1757002404.297002393] [behavior_server]: Running spin
[behavior_server-5] [INFO] [1757002404.297178783] [behavior_server]: Turning 1.57 for spin behavior.
[explore-10] [ERROR] [1757002405.862315195] [explore_node]: Extrapolation Error looking up robot pose: Lookup would require extrapolation into the future.  Requested time 1757002405.558667 but the latest data is at time 1757002405.553437, when looking up transform from frame [base_link] to frame [map]
[explore-10] 
[explore-10] [INFO] [1757002405.868384092] [explore_node]: [NAV] Remembered last goal (0.31, -1.27, yaw from quat).
[bt_navigator-6] [INFO] [1757002405.876209099] [bt_navigator]: Received goal preemption request
[bt_navigator-6] [INFO] [1757002405.876533222] [bt_navigator]: Begin navigating from current location (0.77, -2.17) to (0.31, -1.27)
[explore-10] [INFO] [1757002406.166234281] [explore_node]: [NAV] Remembered last goal (0.29, -1.23, yaw from quat).
[bt_navigator-6] [INFO] [1757002406.176270125] [bt_navigator]: Received goal preemption request
[bt_navigator-6] [INFO] [1757002406.176607731] [bt_navigator]: Begin navigating from current location (0.77, -2.17) to (0.29, -1.23)
[behavior_server-5] [WARN] [1757002406.297729486] [behavior_server]: Collision Ahead - Exiting Spin
[behavior_server-5] [WARN] [1757002406.297818852] [behavior_server]: spin failed
[behavior_server-5] [WARN] [1757002406.297859863] [behavior_server]: [spin] [ActionServer] Aborting handle.
[behavior_server-5] [INFO] [1757002406.326768952] [behavior_server]: Running wait
[behavior_server-5] [INFO] [1757002411.327073818] [behavior_server]: wait completed successfully
[controller_server-2] [INFO] [1757002411.376956506] [controller_server]: Received a goal, begin computing control effort.
[controller_server-2] [WARN] [1757002412.177946137] [controller_server]: RegulatedPurePursuitController detected collision ahead!
[controller_server-2] [WARN] [1757002412.277868829] [controller_server]: RegulatedPurePursuitController detected collision ahead!
[controller_server-2] [WARN] [1757002412.377887585] [controller_server]: RegulatedPurePursuitController detected collision ahead!
[controller_server-2] [INFO] [1757002412.477172285] [controller_server]: Passing new path to controller.
[controller_server-2] [WARN] [1757002412.478035220] [controller_server]: RegulatedPurePursuitController detected collision ahead!
[controller_server-2] [WARN] [1757002412.577887840] [controller_server]: RegulatedPurePursuitController detected collision ahead!
[controller_server-2] [WARN] [1757002412.677943361] [controller_server]: RegulatedPurePursuitController detected collision ahead!
[controller_server-2] [WARN] [1757002412.778271012] [controller_server]: RegulatedPurePursuitController detected collision ahead!
[controller_server-2] [WARN] [1757002412.877887110] [controller_server]: RegulatedPurePursuitController detected collision ahead!
[controller_server-2] [WARN] [1757002412.977866718] [controller_server]: RegulatedPurePursuitController detected collision ahead!
[controller_server-2] [WARN] [1757002413.077866899] [controller_server]: RegulatedPurePursuitController detected collision ahead!
[controller_server-2] [WARN] [1757002413.177870147] [controller_server]: RegulatedPurePursuitController detected collision ahead!
[controller_server-2] [WARN] [1757002413.277874334] [controller_server]: RegulatedPurePursuitController detected collision ahead!
[controller_server-2] [WARN] [1757002413.377674294] [controller_server]: RegulatedPurePursuitController detected collision ahead!
[controller_server-2] [INFO] [1757002413.477224718] [controller_server]: Passing new path to controller.
[controller_server-2] [WARN] [1757002413.477862598] [controller_server]: RegulatedPurePursuitController detected collision ahead!
[controller_server-2] [WARN] [1757002413.577949939] [controller_server]: RegulatedPurePursuitController detected collision ahead!
[controller_server-2] [WARN] [1757002413.677834497] [controller_server]: RegulatedPurePursuitController detected collision ahead!
[controller_server-2] [WARN] [1757002413.777823978] [controller_server]: RegulatedPurePursuitController detected collision ahead!
[controller_server-2] [WARN] [1757002413.877850465] [controller_server]: RegulatedPurePursuitController detected collision ahead!
[controller_server-2] [WARN] [1757002413.977869613] [controller_server]: RegulatedPurePursuitController detected collision ahead!
[controller_server-2] [WARN] [1757002414.077284851] [controller_server]: RegulatedPurePursuitController detected collision ahead!
[controller_server-2] [WARN] [1757002414.177368475] [controller_server]: RegulatedPurePursuitController detected collision ahead!
[controller_server-2] [ERROR] [1757002414.177403496] [controller_server]: Controller patience exceeded
[controller_server-2] [WARN] [1757002414.177427385] [controller_server]: [follow_path] [ActionServer] Aborting handle.
[controller_server-2] [INFO] [1757002414.196232909] [local_costmap.local_costmap]: Received request to clear entirely the local_costmap
[controller_server-2] [INFO] [1757002414.196777786] [controller_server]: Received a goal, begin computing control effort.
[controller_server-2] [WARN] [1757002414.268242735] [controller_server]: RegulatedPurePursuitController detected collision ahead!
[controller_server-2] [WARN] [1757002414.297691692] [controller_server]: RegulatedPurePursuitController detected collision ahead!
[controller_server-2] [WARN] [1757002414.397602927] [controller_server]: RegulatedPurePursuitController detected collision ahead!
[controller_server-2] [INFO] [1757002414.496879934] [controller_server]: Passing new path to controller.
[controller_server-2] [WARN] [1757002414.497641010] [controller_server]: RegulatedPurePursuitController detected collision ahead!
[controller_server-2] [WARN] [1757002414.597623503] [controller_server]: RegulatedPurePursuitController detected collision ahead!
[controller_server-2] [WARN] [1757002414.697613780] [controller_server]: RegulatedPurePursuitController detected collision ahead!
[controller_server-2] [WARN] [1757002414.797614646] [controller_server]: RegulatedPurePursuitController detected collision ahead!
[controller_server-2] [WARN] [1757002414.897611930] [controller_server]: RegulatedPurePursuitController detected collision ahead!
[controller_server-2] [WARN] [1757002414.997616438] [controller_server]: RegulatedPurePursuitController detected collision ahead!
[controller_server-2] [WARN] [1757002415.098192354] [controller_server]: RegulatedPurePursuitController detected collision ahead!
[controller_server-2] [WARN] [1757002415.197832722] [controller_server]: RegulatedPurePursuitController detected collision ahead!
[controller_server-2] [WARN] [1757002415.297376399] [controller_server]: RegulatedPurePursuitController detected collision ahead!
[controller_server-2] [WARN] [1757002415.397593634] [controller_server]: RegulatedPurePursuitController detected collision ahead!
[controller_server-2] [INFO] [1757002415.496881419] [controller_server]: Passing new path to controller.
[controller_server-2] [WARN] [1757002415.497638750] [controller_server]: RegulatedPurePursuitController detected collision ahead!
[controller_server-2] [WARN] [1757002415.597601879] [controller_server]: RegulatedPurePursuitController detected collision ahead!
[controller_server-2] [WARN] [1757002415.697599422] [controller_server]: RegulatedPurePursuitController detected collision ahead!
[controller_server-2] [WARN] [1757002415.797681156] [controller_server]: RegulatedPurePursuitController detected collision ahead!
[controller_server-2] [WARN] [1757002415.897598103] [controller_server]: RegulatedPurePursuitController detected collision ahead!
[controller_server-2] [WARN] [1757002415.997593587] [controller_server]: RegulatedPurePursuitController detected collision ahead!
[controller_server-2] [WARN] [1757002416.097334924] [controller_server]: RegulatedPurePursuitController detected collision ahead!
[controller_server-2] [WARN] [1757002416.197605185] [controller_server]: RegulatedPurePursuitController detected collision ahead!
[controller_server-2] [ERROR] [1757002416.197698531] [controller_server]: Controller patience exceeded
[controller_server-2] [WARN] [1757002416.197776895] [controller_server]: [follow_path] [ActionServer] Aborting handle.
[bt_navigator-6] [WARN] [1757002416.226246169] [bt_navigator]: [navigate_to_pose] [ActionServer] Aborting handle.
[bt_navig