[INFO] [launch]: All log files can be found below /home/robot/.ros/log/2025-09-02-16-19-05-760991-robot-pc04-10221
[INFO] [launch]: Default logging verbosity is set to INFO
[INFO] [async_slam_toolbox_node-1]: process started with pid [10235]
[INFO] [controller_server-2]: process started with pid [10237]
[INFO] [smoother_server-3]: process started with pid [10239]
[INFO] [planner_server-4]: process started with pid [10241]
[INFO] [behavior_server-5]: process started with pid [10243]
[INFO] [bt_navigator-6]: process started with pid [10245]
[INFO] [waypoint_follower-7]: process started with pid [10247]
[INFO] [velocity_smoother-8]: process started with pid [10249]
[INFO] [lifecycle_manager-9]: process started with pid [10251]
[INFO] [explore-10]: process started with pid [10253]
[INFO] [rviz2-11]: process started with pid [10255]
[async_slam_toolbox_node-1] [INFO] [1756822745.862983631] [slam]: Node using stack size 40000000
[lifecycle_manager-9] [INFO] [1756822745.870371869] [lifecycle_manager_navigation]: Creating
[behavior_server-5] [INFO] [1756822745.870381627] [behavior_server]: 
[behavior_server-5] 	behavior_server lifecycle node launched. 
[behavior_server-5] 	Waiting on external lifecycle transitions to activate
[behavior_server-5] 	See https://design.ros2.org/articles/node_lifecycle.html for more information.
[planner_server-4] [INFO] [1756822745.871006514] [planner_server]: 
[planner_server-4] 	planner_server lifecycle node launched. 
[planner_server-4] 	Waiting on external lifecycle transitions to activate
[planner_server-4] 	See https://design.ros2.org/articles/node_lifecycle.html for more information.
[velocity_smoother-8] [INFO] [1756822745.871113207] [velocity_smoother]: 
[velocity_smoother-8] 	velocity_smoother lifecycle node launched. 
[velocity_smoother-8] 	Waiting on external lifecycle transitions to activate
[velocity_smoother-8] 	See https://design.ros2.org/articles/node_lifecycle.html for more information.
[planner_server-4] [INFO] [1756822745.871888091] [planner_server]: Creating
[lifecycle_manager-9] [INFO] [1756822745.872868541] [lifecycle_manager_navigation]: [34m[1mCreating and initializing lifecycle service clients[0m[0m
[controller_server-2] [INFO] [1756822745.873037120] [controller_server]: 
[controller_server-2] 	controller_server lifecycle node launched. 
[controller_server-2] 	Waiting on external lifecycle transitions to activate
[controller_server-2] 	See https://design.ros2.org/articles/node_lifecycle.html for more information.
[smoother_server-3] [INFO] [1756822745.873191327] [smoother_server]: 
[smoother_server-3] 	smoother_server lifecycle node launched. 
[smoother_server-3] 	Waiting on external lifecycle transitions to activate
[smoother_server-3] 	See https://design.ros2.org/articles/node_lifecycle.html for more information.
[waypoint_follower-7] [INFO] [1756822745.873546114] [waypoint_follower]: 
[waypoint_follower-7] 	waypoint_follower lifecycle node launched. 
[waypoint_follower-7] 	Waiting on external lifecycle transitions to activate
[waypoint_follower-7] 	See https://design.ros2.org/articles/node_lifecycle.html for more information.
[bt_navigator-6] [INFO] [1756822745.873718282] [bt_navigator]: 
[bt_navigator-6] 	bt_navigator lifecycle node launched. 
[bt_navigator-6] 	Waiting on external lifecycle transitions to activate
[bt_navigator-6] 	See https://design.ros2.org/articles/node_lifecycle.html for more information.
[bt_navigator-6] [INFO] [1756822745.873770560] [bt_navigator]: Creating
[waypoint_follower-7] [INFO] [1756822745.873950336] [waypoint_follower]: Creating
[smoother_server-3] [INFO] [1756822745.874546468] [smoother_server]: Creating smoother server
[explore-10] [INFO] [1756822745.875717861] [explore_node]: Waiting for costmap to become available, topic: map
[controller_server-2] [INFO] [1756822745.875934198] [controller_server]: Creating controller server
[lifecycle_manager-9] [INFO] [1756822745.876193045] [lifecycle_manager_navigation]: [34m[1mStarting managed nodes bringup...[0m[0m
[lifecycle_manager-9] [INFO] [1756822745.876213579] [lifecycle_manager_navigation]: [34m[1mConfiguring controller_server[0m[0m
[planner_server-4] [INFO] [1756822745.876991254] [global_costmap.global_costmap]: 
[planner_server-4] 	global_costmap lifecycle node launched. 
[planner_server-4] 	Waiting on external lifecycle transitions to activate
[planner_server-4] 	See https://design.ros2.org/articles/node_lifecycle.html for more information.
[planner_server-4] [INFO] [1756822745.877354322] [global_costmap.global_costmap]: Creating Costmap
[controller_server-2] [INFO] [1756822745.879691444] [local_costmap.local_costmap]: 
[controller_server-2] 	local_costmap lifecycle node launched. 
[controller_server-2] 	Waiting on external lifecycle transitions to activate
[controller_server-2] 	See https://design.ros2.org/articles/node_lifecycle.html for more information.
[controller_server-2] [INFO] [1756822745.879889587] [local_costmap.local_costmap]: Creating Costmap
[controller_server-2] [INFO] [1756822745.880370569] [controller_server]: Configuring controller interface
[controller_server-2] [INFO] [1756822745.880424781] [controller_server]: getting goal checker plugins..
[controller_server-2] [INFO] [1756822745.880462978] [controller_server]: Controller frequency set to 10.0000Hz
[controller_server-2] [INFO] [1756822745.880474189] [local_costmap.local_costmap]: Configuring
[controller_server-2] [INFO] [1756822745.882020147] [local_costmap.local_costmap]: Using plugin "static_layer"
[async_slam_toolbox_node-1] [INFO] [1756822745.882279211] [slam]: Using solver plugin solver_plugins::CeresSolver
[async_slam_toolbox_node-1] [INFO] [1756822745.882433288] [slam]: CeresSolver: Using SCHUR_JACOBI preconditioner.
[controller_server-2] [INFO] [1756822745.883553680] [local_costmap.local_costmap]: Subscribing to the map topic (/map) with transient local durability
[controller_server-2] [INFO] [1756822745.884021449] [local_costmap.local_costmap]: Initialized plugin "static_layer"
[controller_server-2] [INFO] [1756822745.884032391] [local_costmap.local_costmap]: Using plugin "obstacle_layer"
[controller_server-2] [INFO] [1756822745.884208769] [local_costmap.local_costmap]: Subscribed to Topics: scan
[controller_server-2] [INFO] [1756822745.885280679] [local_costmap.local_costmap]: Initialized plugin "obstacle_layer"
[controller_server-2] [INFO] [1756822745.885301144] [local_costmap.local_costmap]: Using plugin "inflation_layer"
[controller_server-2] [INFO] [1756822745.885529230] [local_costmap.local_costmap]: Initialized plugin "inflation_layer"
[controller_server-2] [INFO] [1756822745.888105108] [controller_server]: Created progress_checker : progress_checker of type nav2_controller::SimpleProgressChecker
[controller_server-2] [INFO] [1756822745.888350479] [controller_server]: Created goal checker : goal_checker of type nav2_controller::SimpleGoalChecker
[controller_server-2] [INFO] [1756822745.888440816] [controller_server]: Controller Server has goal_checker  goal checkers available.
[controller_server-2] [INFO] [1756822745.888672635] [controller_server]: Created controller : FollowPath of type nav2_regulated_pure_pursuit_controller::RegulatedPurePursuitController
[controller_server-2] [INFO] [1756822745.890702697] [controller_server]: Controller Server has FollowPath  controllers available.
[lifecycle_manager-9] [INFO] [1756822745.894102498] [lifecycle_manager_navigation]: [34m[1mConfiguring smoother_server[0m[0m
[smoother_server-3] [INFO] [1756822745.894209456] [smoother_server]: Configuring smoother server
[smoother_server-3] [INFO] [1756822745.897048985] [smoother_server]: Created smoother : simple_smoother of type nav2_smoother::SimpleSmoother
[smoother_server-3] [INFO] [1756822745.897162407] [smoother_server]: Smoother Server has simple_smoother  smoothers available.
[lifecycle_manager-9] [INFO] [1756822745.898570141] [lifecycle_manager_navigation]: [34m[1mConfiguring planner_server[0m[0m
[planner_server-4] [INFO] [1756822745.898704923] [planner_server]: Configuring
[planner_server-4] [INFO] [1756822745.898738822] [global_costmap.global_costmap]: Configuring
[planner_server-4] [INFO] [1756822745.901037865] [global_costmap.global_costmap]: Using plugin "static_layer"
[planner_server-4] [INFO] [1756822745.902465941] [global_costmap.global_costmap]: Subscribing to the map topic (/map) with transient local durability
[planner_server-4] [INFO] [1756822745.902895611] [global_costmap.global_costmap]: Initialized plugin "static_layer"
[planner_server-4] [INFO] [1756822745.902904767] [global_costmap.global_costmap]: Using plugin "obstacle_layer"
[planner_server-4] [INFO] [1756822745.903040268] [global_costmap.global_costmap]: Subscribed to Topics: scan
[planner_server-4] [INFO] [1756822745.903942539] [global_costmap.global_costmap]: Initialized plugin "obstacle_layer"
[planner_server-4] [INFO] [1756822745.903952647] [global_costmap.global_costmap]: Using plugin "inflation_layer"
[planner_server-4] [INFO] [1756822745.904092055] [global_costmap.global_costmap]: Initialized plugin "inflation_layer"
[planner_server-4] [INFO] [1756822745.906538652] [planner_server]: Created global planner plugin GridBased of type nav2_navfn_planner/NavfnPlanner
[planner_server-4] [INFO] [1756822745.906553145] [planner_server]: Configuring plugin GridBased of type NavfnPlanner
[planner_server-4] [INFO] [1756822745.906688737] [planner_server]: Planner Server has GridBased  planners available.
[lifecycle_manager-9] [INFO] [1756822745.909391061] [lifecycle_manager_navigation]: [34m[1mConfiguring behavior_server[0m[0m
[behavior_server-5] [INFO] [1756822745.909524502] [behavior_server]: Configuring
[behavior_server-5] [INFO] [1756822745.912306934] [behavior_server]: Creating behavior plugin spin of type nav2_behaviors/Spin
[behavior_server-5] [INFO] [1756822745.912665418] [behavior_server]: Configuring spin
[behavior_server-5] [INFO] [1756822745.914260859] [behavior_server]: Creating behavior plugin backup of type nav2_behaviors/BackUp
[behavior_server-5] [INFO] [1756822745.914603969] [behavior_server]: Configuring backup
[behavior_server-5] [INFO] [1756822745.916231253] [behavior_server]: Creating behavior plugin drive_on_heading of type nav2_behaviors/DriveOnHeading
[behavior_server-5] [INFO] [1756822745.916596623] [behavior_server]: Configuring drive_on_heading
[behavior_server-5] [INFO] [1756822745.917964320] [behavior_server]: Creating behavior plugin wait of type nav2_behaviors/Wait
[behavior_server-5] [INFO] [1756822745.918310882] [behavior_server]: Configuring wait
[behavior_server-5] [INFO] [1756822745.919700786] [behavior_server]: Creating behavior plugin assisted_teleop of type nav2_behaviors/AssistedTeleop
[behavior_server-5] [INFO] [1756822745.920576488] [behavior_server]: Configuring assisted_teleop
[lifecycle_manager-9] [INFO] [1756822745.922831334] [lifecycle_manager_navigation]: [34m[1mConfiguring bt_navigator[0m[0m
[bt_navigator-6] [INFO] [1756822745.922957998] [bt_navigator]: Configuring
[lifecycle_manager-9] [INFO] [1756822745.937808270] [lifecycle_manager_navigation]: [34m[1mConfiguring waypoint_follower[0m[0m
[waypoint_follower-7] [INFO] [1756822745.937923988] [waypoint_follower]: Configuring
[waypoint_follower-7] [INFO] [1756822745.941186891] [waypoint_follower]: Created waypoint_task_executor : wait_at_waypoint of type nav2_waypoint_follower::WaitAtWaypoint
[lifecycle_manager-9] [INFO] [1756822745.941421508] [lifecycle_manager_navigation]: [34m[1mConfiguring velocity_smoother[0m[0m
[velocity_smoother-8] [INFO] [1756822745.941513032] [velocity_smoother]: Configuring velocity smoother
[lifecycle_manager-9] [INFO] [1756822745.942497092] [lifecycle_manager_navigation]: [34m[1mActivating controller_server[0m[0m
[controller_server-2] [INFO] [1756822745.942560616] [controller_server]: Activating
[controller_server-2] [INFO] [1756822745.942580315] [local_costmap.local_costmap]: Activating
[controller_server-2] [INFO] [1756822745.942585977] [local_costmap.local_costmap]: Checking transform
[controller_server-2] [INFO] [1756822745.942598020] [local_costmap.local_costmap]: Timed out waiting for transform from base_link to odom to become available, tf error: Invalid frame ID "odom" passed to canTransform argument target_frame - frame does not exist
[rviz2-11] [INFO] [1756822746.268611073] [rviz2]: Stereo is NOT SUPPORTED
[rviz2-11] [INFO] [1756822746.268666185] [rviz2]: OpenGl version: 4.6 (GLSL 4.6)
[rviz2-11] [INFO] [1756822746.300888162] [rviz2]: Stereo is NOT SUPPORTED
[controller_server-2] [INFO] [1756822746.442654282] [local_costmap.local_costmap]: Timed out waiting for transform from base_link to odom to become available, tf error: Invalid frame ID "odom" passed to canTransform argument target_frame - frame does not exist
[controller_server-2] [INFO] [1756822746.942652639] [local_costmap.local_costmap]: Timed out waiting for transform from base_link to odom to become available, tf error: Invalid frame ID "odom" passed to canTransform argument target_frame - frame does not exist
[controller_server-2] [INFO] [1756822747.442752969] [local_costmap.local_costmap]: Timed out waiting for transform from base_link to odom to become available, tf error: Invalid frame ID "odom" passed to canTransform argument target_frame - frame does not exist
[controller_server-2] [INFO] [1756822747.942688545] [local_costmap.local_costmap]: Timed out waiting for transform from base_link to odom to become available, tf error: Invalid frame ID "odom" passed to canTransform argument target_frame - frame does not exist
[controller_server-2] [INFO] [1756822748.442670528] [local_costmap.local_costmap]: Timed out waiting for transform from base_link to odom to become available, tf error: Invalid frame ID "odom" passed to canTransform argument target_frame - frame does not exist
[controller_server-2] [INFO] [1756822748.942675733] [local_costmap.local_costmap]: Timed out waiting for transform from base_link to odom to become available, tf error: Invalid frame ID "odom" passed to canTransform argument target_frame - frame does not exist
[controller_server-2] [INFO] [1756822749.442676352] [local_costmap.local_costmap]: Timed out waiting for transform from base_link to odom to become available, tf error: Invalid frame ID "odom" passed to canTransform argument target_frame - frame does not exist
[controller_server-2] [INFO] [1756822749.942676972] [local_costmap.local_costmap]: Timed out waiting for transform from base_link to odom to become available, tf error: Invalid frame ID "odom" passed to canTransform argument target_frame - frame does not exist
[async_slam_toolbox_node-1] [WARN] [1756822750.404351799] [slam]: minimum laser range setting (0.0 m) exceeds the capabilities of the used Lidar (0.1 m)
[controller_server-2] [INFO] [1756822750.442861452] [local_costmap.local_costmap]: start
[rviz2-11] [ERROR] [1756822750.522245523] [rviz2]: Lookup would require extrapolation into the future.  Requested time 1756822750.494302 but the latest data is at time 1756822750.441278, when looking up transform from frame [laser] to frame [map]
[rviz2-11] [INFO] [1756822750.651577328] [rviz2]: Trying to create a map of size 100 x 100 using 1 swatches
[controller_server-2] [INFO] [1756822750.694589338] [controller_server]: Activating controller: FollowPath of type regulated_pure_pursuit_controller::RegulatedPurePursuitController
[controller_server-2] [INFO] [1756822750.694674730] [controller_server]: Creating bond (controller_server) to lifecycle manager.
[lifecycle_manager-9] [INFO] [1756822750.802934683] [lifecycle_manager_navigation]: Server controller_server connected with bond.
[lifecycle_manager-9] [INFO] [1756822750.803044115] [lifecycle_manager_navigation]: [34m[1mActivating smoother_server[0m[0m
[smoother_server-3] [INFO] [1756822750.803781921] [smoother_server]: Activating
[smoother_server-3] [INFO] [1756822750.803884009] [smoother_server]: Creating bond (smoother_server) to lifecycle manager.
[lifecycle_manager-9] [INFO] [1756822750.911438723] [lifecycle_manager_navigation]: Server smoother_server connected with bond.
[lifecycle_manager-9] [INFO] [1756822750.911538392] [lifecycle_manager_navigation]: [34m[1mActivating planner_server[0m[0m
[planner_server-4] [INFO] [1756822750.912132758] [planner_server]: Activating
[planner_server-4] [INFO] [1756822750.912225741] [global_costmap.global_costmap]: Activating
[planner_server-4] [INFO] [1756822750.912252250] [global_costmap.global_costmap]: Checking transform
[planner_server-4] [INFO] [1756822750.912493371] [global_costmap.global_costmap]: start
[planner_server-4] [INFO] [1756822751.887072393] [global_costmap.global_costmap]: StaticLayer: Resizing costmap to 62 X 35 at 0.040000 m/pix
[controller_server-2] [INFO] [1756822751.887071831] [local_costmap.local_costmap]: StaticLayer: Resizing static layer to 62 X 35 at 0.040000 m/pix
[rviz2-11] [INFO] [1756822751.899868850] [rviz2]: Trying to create a map of size 62 x 35 using 1 swatches
[planner_server-4] [INFO] [1756822751.913935800] [planner_server]: Activating plugin GridBased of type NavfnPlanner
[planner_server-4] [INFO] [1756822751.916134257] [planner_server]: Creating bond (planner_server) to lifecycle manager.
[rviz2-11] [INFO] [1756822751.931420671] [rviz2]: Trying to create a map of size 62 x 35 using 1 swatches
[lifecycle_manager-9] [INFO] [1756822752.022761127] [lifecycle_manager_navigation]: Server planner_server connected with bond.
[lifecycle_manager-9] [INFO] [1756822752.022858701] [lifecycle_manager_navigation]: [34m[1mActivating behavior_server[0m[0m
[behavior_server-5] [INFO] [1756822752.023525685] [behavior_server]: Activating
[behavior_server-5] [INFO] [1756822752.023614231] [behavior_server]: Activating spin
[behavior_server-5] [INFO] [1756822752.023660283] [behavior_server]: Activating backup
[behavior_server-5] [INFO] [1756822752.023695698] [behavior_server]: Activating drive_on_heading
[behavior_server-5] [INFO] [1756822752.023729072] [behavior_server]: Activating wait
[behavior_server-5] [INFO] [1756822752.023761413] [behavior_server]: Activating assisted_teleop
[behavior_server-5] [INFO] [1756822752.023803810] [behavior_server]: Creating bond (behavior_server) to lifecycle manager.
[lifecycle_manager-9] [INFO] [1756822752.131483615] [lifecycle_manager_navigation]: Server behavior_server connected with bond.
[lifecycle_manager-9] [INFO] [1756822752.131575556] [lifecycle_manager_navigation]: [34m[1mActivating bt_navigator[0m[0m
[bt_navigator-6] [INFO] [1756822752.132093438] [bt_navigator]: Activating
[bt_navigator-6] [INFO] [1756822752.165075663] [bt_navigator]: Creating bond (bt_navigator) to lifecycle manager.
[lifecycle_manager-9] [INFO] [1756822752.266879712] [lifecycle_manager_navigation]: Server bt_navigator connected with bond.
[lifecycle_manager-9] [INFO] [1756822752.266974020] [lifecycle_manager_navigation]: [34m[1mActivating waypoint_follower[0m[0m
[waypoint_follower-7] [INFO] [1756822752.267725205] [waypoint_follower]: Activating
[waypoint_follower-7] [INFO] [1756822752.267816087] [waypoint_follower]: Creating bond (waypoint_follower) to lifecycle manager.
[lifecycle_manager-9] [INFO] [1756822752.375449320] [lifecycle_manager_navigation]: Server waypoint_follower connected with bond.
[lifecycle_manager-9] [INFO] [1756822752.375545532] [lifecycle_manager_navigation]: [34m[1mActivating velocity_smoother[0m[0m
[velocity_smoother-8] [INFO] [1756822752.376195796] [velocity_smoother]: Activating
[velocity_smoother-8] [INFO] [1756822752.376389432] [velocity_smoother]: Creating bond (velocity_smoother) to lifecycle manager.
[lifecycle_manager-9] [INFO] [1756822752.485759699] [lifecycle_manager_navigation]: Server velocity_smoother connected with bond.
[lifecycle_manager-9] [INFO] [1756822752.485884873] [lifecycle_manager_navigation]: [34m[1mManaged nodes are active[0m[0m
[lifecycle_manager-9] [INFO] [1756822752.485930678] [lifecycle_manager_navigation]: [34m[1mCreating bond timer...[0m[0m
[explore-10] [INFO] [1756822753.897389538] [explore_node]: Waiting to connect to move_base nav2 server
[explore-10] [INFO] [1756822753.897807930] [explore_node]: Connected to move_base nav2 server
[explore-10] [INFO] [1756822753.897824896] [explore_node]: Getting initial pose of the robot
[bt_navigator-6] [INFO] [1756822753.953793236] [bt_navigator]: Begin navigating from current location (0.07, -0.04) to (1.14, 0.10)
[controller_server-2] [INFO] [1756822753.975173979] [controller_server]: Received a goal, begin computing control effort.
[controller_server-2] [WARN] [1756822753.975285966] [controller_server]: No goal checker was specified in parameter 'current_goal_checker'. Server will use only plugin loaded goal_checker . This warning will appear once.
[controller_server-2] [INFO] [1756822755.075501341] [controller_server]: Passing new path to controller.
[rviz2-11] [INFO] [1756822755.901795773] [rviz2]: Trying to create a map of size 94 x 63 using 1 swatches
[planner_server-4] [INFO] [1756822755.912634535] [global_costmap.global_costmap]: StaticLayer: Resizing costmap to 94 X 63 at 0.040000 m/pix
[rviz2-11] [INFO] [1756822755.933263693] [rviz2]: Trying to create a map of size 94 x 63 using 1 swatches
[controller_server-2] [INFO] [1756822756.043039557] [local_costmap.local_costmap]: StaticLayer: Resizing static layer to 94 X 63 at 0.040000 m/pix
[controller_server-2] [INFO] [1756822756.075465006] [controller_server]: Passing new path to controller.
[controller_server-2] [INFO] [1756822757.075492966] [controller_server]: Passing new path to controller.
[planner_server-4] [INFO] [1756822757.912680745] [global_costmap.global_costmap]: StaticLayer: Resizing costmap to 95 X 105 at 0.040000 m/pix
[rviz2-11] [INFO] [1756822757.917317482] [rviz2]: Trying to create a map of size 95 x 105 using 1 swatches
[rviz2-11] [INFO] [1756822757.945844878] [rviz2]: Trying to create a map of size 95 x 105 using 1 swatches
[controller_server-2] [INFO] [1756822758.043041062] [local_costmap.local_costmap]: StaticLayer: Resizing static layer to 95 X 105 at 0.040000 m/pix
[controller_server-2] [INFO] [1756822758.175428549] [controller_server]: Passing new path to controller.
[controller_server-2] [INFO] [1756822759.175439008] [controller_server]: Passing new path to controller.
[rviz2-11] [INFO] [1756822759.900919869] [rviz2]: Trying to create a map of size 96 x 106 using 1 swatches
[planner_server-4] [INFO] [1756822759.912661736] [global_costmap.global_costmap]: StaticLayer: Resizing costmap to 96 X 106 at 0.040000 m/pix
[rviz2-11] [INFO] [1756822759.932064439] [rviz2]: Trying to create a map of size 96 x 106 using 1 swatches
[controller_server-2] [INFO] [1756822760.043131753] [local_costmap.local_costmap]: StaticLayer: Resizing static layer to 96 X 106 at 0.040000 m/pix
[controller_server-2] [INFO] [1756822760.175424460] [controller_server]: Passing new path to controller.
[bt_navigator-6] [INFO] [1756822760.593969544] [bt_navigator]: Received goal preemption request
[bt_navigator-6] [INFO] [1756822760.594253871] [bt_navigator]: Begin navigating from current location (1.10, 0.04) to (0.36, 2.25)
[controller_server-2] [INFO] [1756822761.175424035] [controller_server]: Passing new path to controller.
[controller_server-2] [INFO] [1756822762.275485100] [controller_server]: Passing new path to controller.
[controller_server-2] [INFO] [1756822763.275408441] [controller_server]: Passing new path to controller.
[rviz2-11] [INFO] [1756822763.903379133] [rviz2]: Trying to create a map of size 96 x 107 using 1 swatches
[planner_server-4] [INFO] [1756822763.912627306] [global_costmap.global_costmap]: StaticLayer: Resizing costmap to 96 X 107 at 0.040000 m/pix
[rviz2-11] [INFO] [1756822763.933614144] [rviz2]: Trying to create a map of size 96 x 107 using 1 swatches
[controller_server-2] [INFO] [1756822764.043044426] [local_costmap.local_costmap]: StaticLayer: Resizing static layer to 96 X 107 at 0.040000 m/pix
[controller_server-2] [INFO] [1756822764.275424374] [controller_server]: Passing new path to controller.
[controller_server-2] [INFO] [1756822765.375429329] [controller_server]: Passing new path to controller.
[planner_server-4] [INFO] [1756822765.912697319] [global_costmap.global_costmap]: StaticLayer: Resizing costmap to 96 X 108 at 0.040000 m/pix
[rviz2-11] [INFO] [1756822765.917996988] [rviz2]: Trying to create a map of size 96 x 108 using 1 swatches
[rviz2-11] [INFO] [1756822765.949514930] [rviz2]: Trying to create a map of size 96 x 108 using 1 swatches
[controller_server-2] [INFO] [1756822766.043041445] [local_costmap.local_costmap]: StaticLayer: Resizing static layer to 96 X 108 at 0.040000 m/pix
[controller_server-2] [INFO] [1756822766.375495492] [controller_server]: Passing new path to controller.
[controller_server-2] [INFO] [1756822767.375434996] [controller_server]: Passing new path to controller.
[bt_navigator-6] [INFO] [1756822767.493987823] [bt_navigator]: Received goal preemption request
[bt_navigator-6] [INFO] [1756822767.494128190] [bt_navigator]: Begin navigating from current location (0.96, 1.43) to (0.96, 2.85)
[planner_server-4] [INFO] [1756822767.912638641] [global_costmap.global_costmap]: StaticLayer: Resizing costmap to 96 X 108 at 0.040000 m/pix
[controller_server-2] [INFO] [1756822768.043043981] [local_costmap.local_costmap]: StaticLayer: Resizing static layer to 96 X 108 at 0.040000 m/pix
[controller_server-2] [INFO] [1756822768.475494932] [controller_server]: Passing new path to controller.
[controller_server-2] [INFO] [1756822769.475479428] [controller_server]: Passing new path to controller.
[planner_server-4] [INFO] [1756822769.912683387] [global_costmap.global_costmap]: StaticLayer: Resizing costmap to 96 X 109 at 0.040000 m/pix
[rviz2-11] [INFO] [1756822769.917502764] [rviz2]: Trying to create a map of size 96 x 109 using 1 swatches
[rviz2-11] [INFO] [1756822769.948869115] [rviz2]: Trying to create a map of size 96 x 109 using 1 swatches
[controller_server-2] [INFO] [1756822770.043047708] [local_costmap.local_costmap]: StaticLayer: Resizing static layer to 96 X 109 at 0.040000 m/pix
[controller_server-2] [INFO] [1756822770.475484581] [controller_server]: Passing new path to controller.
[controller_server-2] [INFO] [1756822771.475434449] [controller_server]: Passing new path to controller.
[controller_server-2] [INFO] [1756822772.575425882] [controller_server]: Passing new path to controller.
[controller_server-2] [INFO] [1756822773.575435396] [controller_server]: Passing new path to controller.
[bt_navigator-6] [INFO] [1756822773.964039986] [bt_navigator]: Received goal preemption request
[bt_navigator-6] [INFO] [1756822773.964219858] [bt_navigator]: Begin navigating from current location (0.92, 2.81) to (2.01, -0.07)
[controller_server-2] [INFO] [1756822774.575504341] [controller_server]: Passing new path to controller.
[controller_server-2] [INFO] [1756822775.675501398] [controller_server]: Passing new path to controller.
[controller_server-2] [INFO] [1756822776.675412752] [controller_server]: Passing new path to controller.
[controller_server-2] [INFO] [1756822777.675422915] [controller_server]: Passing new path to controller.
[controller_server-2] [INFO] [1756822778.675426408] [controller_server]: Passing new path to controller.
[controller_server-2] [INFO] [1756822779.775508994] [controller_server]: Passing new path to controller.
[bt_navigator-6] [INFO] [1756822780.604063763] [bt_navigator]: Received goal preemption request
[bt_navigator-6] [INFO] [1756822780.604314685] [bt_navigator]: Begin navigating from current location (0.53, 2.14) to (2.43, 2.26)
[controller_server-2] [INFO] [1756822780.775484001] [controller_server]: Passing new path to controller.
[controller_server-2] [INFO] [1756822781.775427526] [controller_server]: Passing new path to controller.
[controller_server-2] [INFO] [1756822782.875502382] [controller_server]: Passing new path to controller.
[controller_server-2] [INFO] [1756822783.875412200] [controller_server]: Passing new path to controller.
[controller_server-2] [INFO] [1756822784.875415568] [controller_server]: Passing new path to controller.
[controller_server-2] [INFO] [1756822785.875427339] [controller_server]: Passing new path to controller.
[controller_server-2] [INFO] [1756822786.975544125] [controller_server]: Passing new path to controller.
[bt_navigator-6] [INFO] [1756822787.294015046] [bt_navigator]: Received goal preemption request
[bt_navigator-6] [INFO] [1756822787.294226545] [bt_navigator]: Begin navigating from current location (2.18, 1.60) to (2.42, 2.41)
[controller_server-2] [INFO] [1756822787.975424426] [controller_server]: Passing new path to controller.
[controller_server-2] [ERROR] [1756822788.876595068] [controller_server]: Exception in transformPose: Lookup would require extrapolation into the future.  Requested time 1756822788.619235 but the latest data is at time 1756822788.552030, when looking up transform from frame [odom] to frame [map]
[controller_server-2] [WARN] [1756822788.876765159] [controller_server]: Unable to transform robot pose into global plan's frame
[controller_server-2] [WARN] [1756822788.876955755] [controller_server]: Control loop missed its desired rate of 10.0000Hz
[controller_server-2] [INFO] [1756822788.975434324] [controller_server]: Passing new path to controller.
[controller_server-2] [INFO] [1756822790.075506046] [controller_server]: Passing new path to controller.
[controller_server-2] [INFO] [1756822791.075521321] [controller_server]: Passing new path to controller.
[controller_server-2] [INFO] [1756822792.075420828] [controller_server]: Passing new path to controller.
[controller_server-2] [INFO] [1756822793.175433158] [controller_server]: Passing new path to controller.
[explore-10] [WARN] [1756822793.957586704] [explore_node]: No frontiers found, stopping.
[explore-10] [INFO] [1756822794.080834107] [map_saver]: 
[explore-10] 	map_saver lifecycle node launched. 
[explore-10] 	Waiting on external lifecycle transitions to activate
[explore-10] 	See https://design.ros2.org/articles/node_lifecycle.html for more information.
[explore-10] [INFO] [1756822794.080898775] [map_saver]: Creating
[explore-10] [INFO] [1756822794.080921642] [map_saver]: Configuring
[explore-10] [INFO] [1756822794.081472600] [map_saver]: Saving map from 'map' topic to '/home/robot/Documents/map' file
[explore-10] [WARN] [1756822794.081484259] [map_saver]: Free threshold unspecified. Setting it to default value: 0.250000
[explore-10] [WARN] [1756822794.081489064] [map_saver]: Occupied threshold unspecified. Setting it to default value: 0.650000
[controller_server-2] [INFO] [1756822794.175440812] [controller_server]: Passing new path to controller.
[explore-10] [WARN] [1756822794.300125518] [map_io]: Image format unspecified. Setting it to: pgm
[explore-10] [INFO] [1756822794.300734086] [map_io]: Received a 96 X 109 map @ 0.04 m/pix
[explore-10] [INFO] [1756822794.333055607] [map_io]: Writing map occupancy data to /home/robot/Documents/map.pgm
[explore-10] [INFO] [1756822794.349002089] [map_io]: Writing map metadata to /home/robot/Documents/map.yaml
[explore-10] [INFO] [1756822794.349193380] [map_io]: Map saved
[explore-10] [INFO] [1756822794.349211427] [map_saver]: Map saved successfully
[explore-10] [INFO] [1756822794.357453816] [map_saver]: Destroying
[explore-10] [INFO] [1756822794.506629410] [explore_node]: Map saved successfully.
[explore-10] [INFO] [1756822794.506657723] [explore_node]: Exploration stopped.
[explore-10] [INFO] [1756822794.506700548] [explore_node]: Returning to initial pose.
[bt_navigator-6] [INFO] [1756822794.514032135] [bt_navigator]: Received goal preemption request
[bt_navigator-6] [INFO] [1756822794.514146077] [bt_navigator]: Begin navigating from current location (2.44, 2.35) to (0.07, -0.04)
[controller_server-2] [INFO] [1756822794.676004627] [controller_server]: Reached the goal!
[bt_navigator-6] [INFO] [1756822794.714275422] [bt_navigator]: Goal succeeded
[rviz2-11] Start navigation
[rviz2-11] [INFO] [1756822936.714601668] [rviz_navigation_dialog_action_client]: NavigateToPose will be called using the BT Navigator's default behavior tree.
[bt_navigator-6] [INFO] [1756822936.715897420] [bt_navigator]: Begin navigating from current location (2.43, 2.35) to (0.00, 0.06)
[controller_server-2] [INFO] [1756822936.737425817] [controller_server]: Received a goal, begin computing control effort.
[controller_server-2] [INFO] [1756822937.837696286] [controller_server]: Passing new path to controller.
[controller_server-2] [INFO] [1756822938.837686572] [controller_server]: Passing new path to controller.
[controller_server-2] [INFO] [1756822939.837690068] [controller_server]: Passing new path to controller.
[controlle