[INFO] [launch]: All log files can be found below /home/robot/.ros/log/2025-09-05-20-54-09-912993-robot-pc04-55250
[INFO] [launch]: Default logging verbosity is set to INFO
[INFO] [async_slam_toolbox_node-1]: process started with pid [55263]
[INFO] [controller_server-2]: process started with pid [55265]
[INFO] [smoother_server-3]: process started with pid [55267]
[INFO] [planner_server-4]: process started with pid [55269]
[INFO] [behavior_server-5]: process started with pid [55271]
[INFO] [bt_navigator-6]: process started with pid [55273]
[INFO] [waypoint_follower-7]: process started with pid [55275]
[INFO] [velocity_smoother-8]: process started with pid [55277]
[INFO] [lifecycle_manager-9]: process started with pid [55279]
[INFO] [explore-10]: process started with pid [55281]
[INFO] [rviz2-11]: process started with pid [55283]
[async_slam_toolbox_node-1] [INFO] [1757098450.020003513] [slam]: Node using stack size 40000000
[velocity_smoother-8] [INFO] [1757098450.023495550] [velocity_smoother]: 
[velocity_smoother-8] 	velocity_smoother lifecycle node launched. 
[velocity_smoother-8] 	Waiting on external lifecycle transitions to activate
[velocity_smoother-8] 	See https://design.ros2.org/articles/node_lifecycle.html for more information.
[smoother_server-3] [INFO] [1757098450.023726472] [smoother_server]: 
[smoother_server-3] 	smoother_server lifecycle node launched. 
[smoother_server-3] 	Waiting on external lifecycle transitions to activate
[smoother_server-3] 	See https://design.ros2.org/articles/node_lifecycle.html for more information.
[smoother_server-3] [INFO] [1757098450.024516998] [smoother_server]: Creating smoother server
[behavior_server-5] [INFO] [1757098450.024520038] [behavior_server]: 
[behavior_server-5] 	behavior_server lifecycle node launched. 
[behavior_server-5] 	Waiting on external lifecycle transitions to activate
[behavior_server-5] 	See https://design.ros2.org/articles/node_lifecycle.html for more information.
[controller_server-2] [INFO] [1757098450.025346611] [controller_server]: 
[controller_server-2] 	controller_server lifecycle node launched. 
[controller_server-2] 	Waiting on external lifecycle transitions to activate
[controller_server-2] 	See https://design.ros2.org/articles/node_lifecycle.html for more information.
[planner_server-4] [INFO] [1757098450.025540395] [planner_server]: 
[planner_server-4] 	planner_server lifecycle node launched. 
[planner_server-4] 	Waiting on external lifecycle transitions to activate
[planner_server-4] 	See https://design.ros2.org/articles/node_lifecycle.html for more information.
[bt_navigator-6] [INFO] [1757098450.026050060] [bt_navigator]: 
[bt_navigator-6] 	bt_navigator lifecycle node launched. 
[bt_navigator-6] 	Waiting on external lifecycle transitions to activate
[bt_navigator-6] 	See https://design.ros2.org/articles/node_lifecycle.html for more information.
[bt_navigator-6] [INFO] [1757098450.026107538] [bt_navigator]: Creating
[waypoint_follower-7] [INFO] [1757098450.026382703] [waypoint_follower]: 
[waypoint_follower-7] 	waypoint_follower lifecycle node launched. 
[waypoint_follower-7] 	Waiting on external lifecycle transitions to activate
[waypoint_follower-7] 	See https://design.ros2.org/articles/node_lifecycle.html for more information.
[planner_server-4] [INFO] [1757098450.026545784] [planner_server]: Creating
[waypoint_follower-7] [INFO] [1757098450.026626241] [waypoint_follower]: Creating
[controller_server-2] [INFO] [1757098450.027440171] [controller_server]: Creating controller server
[lifecycle_manager-9] [INFO] [1757098450.027707595] [lifecycle_manager_navigation]: Creating
[lifecycle_manager-9] [INFO] [1757098450.028834832] [lifecycle_manager_navigation]: [34m[1mCreating and initializing lifecycle service clients[0m[0m
[explore-10] [INFO] [1757098450.028910983] [explore_node]: Waiting for costmap to become available, topic: map
[planner_server-4] [INFO] [1757098450.032695912] [global_costmap.global_costmap]: 
[planner_server-4] 	global_costmap lifecycle node launched. 
[planner_server-4] 	Waiting on external lifecycle transitions to activate
[planner_server-4] 	See https://design.ros2.org/articles/node_lifecycle.html for more information.
[controller_server-2] [INFO] [1757098450.032734662] [local_costmap.local_costmap]: 
[controller_server-2] 	local_costmap lifecycle node launched. 
[controller_server-2] 	Waiting on external lifecycle transitions to activate
[controller_server-2] 	See https://design.ros2.org/articles/node_lifecycle.html for more information.
[controller_server-2] [INFO] [1757098450.032942191] [local_costmap.local_costmap]: Creating Costmap
[planner_server-4] [INFO] [1757098450.033036646] [global_costmap.global_costmap]: Creating Costmap
[lifecycle_manager-9] [INFO] [1757098450.033651231] [lifecycle_manager_navigation]: [34m[1mStarting managed nodes bringup...[0m[0m
[lifecycle_manager-9] [INFO] [1757098450.033675195] [lifecycle_manager_navigation]: [34m[1mConfiguring controller_server[0m[0m
[controller_server-2] [INFO] [1757098450.033776896] [controller_server]: Configuring controller interface
[controller_server-2] [INFO] [1757098450.033834558] [controller_server]: getting goal checker plugins..
[controller_server-2] [INFO] [1757098450.033875566] [controller_server]: Controller frequency set to 10.0000Hz
[controller_server-2] [INFO] [1757098450.033889171] [local_costmap.local_costmap]: Configuring
[controller_server-2] [INFO] [1757098450.035746458] [local_costmap.local_costmap]: Using plugin "static_layer"
[controller_server-2] [INFO] [1757098450.037278049] [local_costmap.local_costmap]: Subscribing to the map topic (/map) with transient local durability
[controller_server-2] [INFO] [1757098450.037749021] [local_costmap.local_costmap]: Initialized plugin "static_layer"
[controller_server-2] [INFO] [1757098450.037760944] [local_costmap.local_costmap]: Using plugin "obstacle_layer"
[controller_server-2] [INFO] [1757098450.037898025] [local_costmap.local_costmap]: Subscribed to Topics: scan
[controller_server-2] [INFO] [1757098450.038911019] [local_costmap.local_costmap]: Initialized plugin "obstacle_layer"
[controller_server-2] [INFO] [1757098450.038923063] [local_costmap.local_costmap]: Using plugin "inflation_layer"
[controller_server-2] [ERROR] [1757098450.039054328] [local_costmap.local_costmap]: Caught exception in callback for transition 10
[controller_server-2] [ERROR] [1757098450.039061187] [local_costmap.local_costmap]: Original error: parameter 'inflation_layer.cost_scaling_factor' has invalid type: Wrong parameter type, parameter {inflation_layer.cost_scaling_factor} is of type {double}, setting it to {integer} is not allowed.
[controller_server-2] [WARN] [1757098450.039072733] [local_costmap.local_costmap]: Error occurred while doing error handling.
[controller_server-2] [FATAL] [1757098450.039077797] [local_costmap.local_costmap]: Lifecycle node local_costmap does not have error state implemented
[controller_server-2] [INFO] [1757098450.039315527] [controller_server]: Created progress_checker : progress_checker of type nav2_controller::SimpleProgressChecker
[controller_server-2] [INFO] [1757098450.039520502] [controller_server]: Created goal checker : goal_checker of type nav2_controller::SimpleGoalChecker
[controller_server-2] [INFO] [1757098450.039610900] [controller_server]: Controller Server has goal_checker  goal checkers available.
[controller_server-2] [INFO] [1757098450.039824661] [controller_server]: Created controller : FollowPath of type nav2_regulated_pure_pursuit_controller::RegulatedPurePursuitController
[controller_server-2] [INFO] [1757098450.040960390] [controller_server]: Controller Server has FollowPath  controllers available.
[async_slam_toolbox_node-1] [INFO] [1757098450.042954914] [slam]: Using solver plugin solver_plugins::CeresSolver
[async_slam_toolbox_node-1] [INFO] [1757098450.043112974] [slam]: CeresSolver: Using SCHUR_JACOBI preconditioner.
[lifecycle_manager-9] [INFO] [1757098450.043467227] [lifecycle_manager_navigation]: [34m[1mConfiguring smoother_server[0m[0m
[smoother_server-3] [INFO] [1757098450.043603678] [smoother_server]: Configuring smoother server
[smoother_server-3] [INFO] [1757098450.048577565] [smoother_server]: Created smoother : simple_smoother of type nav2_smoother::SimpleSmoother
[smoother_server-3] [INFO] [1757098450.048819539] [smoother_server]: Smoother Server has simple_smoother  smoothers available.
[lifecycle_manager-9] [INFO] [1757098450.051385896] [lifecycle_manager_navigation]: [34m[1mConfiguring planner_server[0m[0m
[planner_server-4] [INFO] [1757098450.051483297] [planner_server]: Configuring
[planner_server-4] [INFO] [1757098450.051504311] [global_costmap.global_costmap]: Configuring
[planner_server-4] [INFO] [1757098450.053326077] [global_costmap.global_costmap]: Using plugin "static_layer"
[planner_server-4] [INFO] [1757098450.054796038] [global_costmap.global_costmap]: Subscribing to the map topic (/map) with transient local durability
[planner_server-4] [INFO] [1757098450.055253184] [global_costmap.global_costmap]: Initialized plugin "static_layer"
[planner_server-4] [INFO] [1757098450.055264252] [global_costmap.global_costmap]: Using plugin "obstacle_layer"
[planner_server-4] [INFO] [1757098450.055402755] [global_costmap.global_costmap]: Subscribed to Topics: scan
[planner_server-4] [INFO] [1757098450.056406938] [global_costmap.global_costmap]: Initialized plugin "obstacle_layer"
[planner_server-4] [INFO] [1757098450.056418058] [global_costmap.global_costmap]: Using plugin "inflation_layer"
[planner_server-4] [ERROR] [1757098450.056539302] [global_costmap.global_costmap]: Caught exception in callback for transition 10
[planner_server-4] [ERROR] [1757098450.056545939] [global_costmap.global_costmap]: Original error: parameter 'inflation_layer.cost_scaling_factor' has invalid type: Wrong parameter type, parameter {inflation_layer.cost_scaling_factor} is of type {double}, setting it to {integer} is not allowed.
[planner_server-4] [WARN] [1757098450.056557553] [global_costmap.global_costmap]: Error occurred while doing error handling.
[planner_server-4] [FATAL] [1757098450.056562406] [global_costmap.global_costmap]: Lifecycle node global_costmap does not have error state implemented
[planner_server-4] [INFO] [1757098450.056815147] [planner_server]: Created global planner plugin GridBased of type nav2_navfn_planner/NavfnPlanner
[planner_server-4] [INFO] [1757098450.056824687] [planner_server]: Configuring plugin GridBased of type NavfnPlanner
[planner_server-4] [INFO] [1757098450.056958270] [planner_server]: Planner Server has GridBased  planners available.
[lifecycle_manager-9] [INFO] [1757098450.060227020] [lifecycle_manager_navigation]: [34m[1mConfiguring behavior_server[0m[0m
[behavior_server-5] [INFO] [1757098450.060358090] [behavior_server]: Configuring
[behavior_server-5] [INFO] [1757098450.063395380] [behavior_server]: Creating behavior plugin spin of type nav2_behaviors/Spin
[behavior_server-5] [INFO] [1757098450.063768999] [behavior_server]: Configuring spin
[behavior_server-5] [INFO] [1757098450.065353189] [behavior_server]: Creating behavior plugin backup of type nav2_behaviors/BackUp
[behavior_server-5] [INFO] [1757098450.065696160] [behavior_server]: Configuring backup
[behavior_server-5] [INFO] [1757098450.066821849] [behavior_server]: Creating behavior plugin drive_on_heading of type nav2_behaviors/DriveOnHeading
[behavior_server-5] [INFO] [1757098450.067134713] [behavior_server]: Configuring drive_on_heading
[behavior_server-5] [INFO] [1757098450.068182481] [behavior_server]: Creating behavior plugin wait of type nav2_behaviors/Wait
[behavior_server-5] [INFO] [1757098450.068465009] [behavior_server]: Configuring wait
[behavior_server-5] [INFO] [1757098450.069479163] [behavior_server]: Creating behavior plugin assisted_teleop of type nav2_behaviors/AssistedTeleop
[behavior_server-5] [INFO] [1757098450.070185114] [behavior_server]: Configuring assisted_teleop
[lifecycle_manager-9] [INFO] [1757098450.071819248] [lifecycle_manager_navigation]: [34m[1mConfiguring bt_navigator[0m[0m
[bt_navigator-6] [INFO] [1757098450.071926109] [bt_navigator]: Configuring
[lifecycle_manager-9] [INFO] [1757098450.096281193] [lifecycle_manager_navigation]: [34m[1mConfiguring waypoint_follower[0m[0m
[waypoint_follower-7] [INFO] [1757098450.096374824] [waypoint_follower]: Configuring
[waypoint_follower-7] [INFO] [1757098450.099840377] [waypoint_follower]: Created waypoint_task_executor : wait_at_waypoint of type nav2_waypoint_follower::WaitAtWaypoint
[lifecycle_manager-9] [INFO] [1757098450.100093172] [lifecycle_manager_navigation]: [34m[1mConfiguring velocity_smoother[0m[0m
[velocity_smoother-8] [INFO] [1757098450.100188562] [velocity_smoother]: Configuring velocity smoother
[lifecycle_manager-9] [INFO] [1757098450.101235338] [lifecycle_manager_navigation]: [34m[1mActivating controller_server[0m[0m
[controller_server-2] [INFO] [1757098450.101305849] [controller_server]: Activating
[controller_server-2] [WARN] [1757098450.101335464] [rcl_lifecycle]: No transition matching 3 found for current state unconfigured
[controller_server-2] [INFO] [1757098450.101345970] [controller_server]: Activating controller: FollowPath of type regulated_pure_pursuit_controller::RegulatedPurePursuitController
[controller_server-2] [INFO] [1757098450.101365206] [controller_server]: Creating bond (controller_server) to lifecycle manager.
[lifecycle_manager-9] [INFO] [1757098450.203306378] [lifecycle_manager_navigation]: Server controller_server connected with bond.
[lifecycle_manager-9] [INFO] [1757098450.203340242] [lifecycle_manager_navigation]: [34m[1mActivating smoother_server[0m[0m
[smoother_server-3] [INFO] [1757098450.203521020] [smoother_server]: Activating
[smoother_server-3] [INFO] [1757098450.203545911] [smoother_server]: Creating bond (smoother_server) to lifecycle manager.
[lifecycle_manager-9] [INFO] [1757098450.304842654] [lifecycle_manager_navigation]: Server smoother_server connected with bond.
[lifecycle_manager-9] [INFO] [1757098450.304870206] [lifecycle_manager_navigation]: [34m[1mActivating planner_server[0m[0m
[planner_server-4] [INFO] [1757098450.305023356] [planner_server]: Activating
[planner_server-4] [WARN] [1757098450.305055593] [rcl_lifecycle]: No transition matching 3 found for current state unconfigured
[planner_server-4] [INFO] [1757098450.305063663] [planner_server]: Activating plugin GridBased of type NavfnPlanner
[planner_server-4] [INFO] [1757098450.305725678] [planner_server]: Creating bond (planner_server) to lifecycle manager.
[rviz2-11] [INFO] [1757098450.382248472] [rviz2]: Stereo is NOT SUPPORTED
[rviz2-11] [INFO] [1757098450.382303718] [rviz2]: OpenGl version: 4.6 (GLSL 4.6)
[lifecycle_manager-9] [INFO] [1757098450.407126864] [lifecycle_manager_navigation]: Server planner_server connected with bond.
[lifecycle_manager-9] [INFO] [1757098450.407155723] [lifecycle_manager_navigation]: [34m[1mActivating behavior_server[0m[0m
[behavior_server-5] [INFO] [1757098450.407326469] [behavior_server]: Activating
[behavior_server-5] [INFO] [1757098450.407349596] [behavior_server]: Activating spin
[behavior_server-5] [INFO] [1757098450.407362967] [behavior_server]: Activating backup
[behavior_server-5] [INFO] [1757098450.407373182] [behavior_server]: Activating drive_on_heading
[behavior_server-5] [INFO] [1757098450.407383509] [behavior_server]: Activating wait
[behavior_server-5] [INFO] [1757098450.407396778] [behavior_server]: Activating assisted_teleop
[behavior_server-5] [INFO] [1757098450.407406775] [behavior_server]: Creating bond (behavior_server) to lifecycle manager.
[rviz2-11] [INFO] [1757098450.411712924] [rviz2]: Stereo is NOT SUPPORTED
[lifecycle_manager-9] [INFO] [1757098450.509794488] [lifecycle_manager_navigation]: Server behavior_server connected with bond.
[lifecycle_manager-9] [INFO] [1757098450.509824416] [lifecycle_manager_navigation]: [34m[1mActivating bt_navigator[0m[0m
[bt_navigator-6] [INFO] [1757098450.510037312] [bt_navigator]: Activating
[bt_navigator-6] [ERROR] [1757098451.513322113] [bt_navigator_navigate_through_poses_rclcpp_node]: "global_costmap/clear_entirely_global_costmap" service server not available after waiting for 1.00s
[bt_navigator-6] [ERROR] [1757098451.524432113] [bt_navigator]: Exception when loading BT: 