[INFO] [launch]: All log files can be found below /home/robot/.ros/log/2025-09-05-21-41-37-837731-robot-pc04-83963
[INFO] [launch]: Default logging verbosity is set to INFO
[INFO] [async_slam_toolbox_node-1]: process started with pid [83977]
[INFO] [controller_server-2]: process started with pid [83979]
[INFO] [smoother_server-3]: process started with pid [83981]
[INFO] [planner_server-4]: process started with pid [83983]
[INFO] [behavior_server-5]: process started with pid [83985]
[INFO] [bt_navigator-6]: process started with pid [83987]
[INFO] [waypoint_follower-7]: process started with pid [83989]
[INFO] [velocity_smoother-8]: process started with pid [83991]
[INFO] [lifecycle_manager-9]: process started with pid [83993]
[INFO] [explore-10]: process started with pid [83995]
[INFO] [rviz2-11]: process started with pid [83997]
[async_slam_toolbox_node-1] [INFO] [1757101297.942155277] [slam]: Node using stack size 40000000
[behavior_server-5] [INFO] [1757101297.946456658] [behavior_server]: 
[behavior_server-5] 	behavior_server lifecycle node launched. 
[behavior_server-5] 	Waiting on external lifecycle transitions to activate
[behavior_server-5] 	See https://design.ros2.org/articles/node_lifecycle.html for more information.
[planner_server-4] [INFO] [1757101297.948223576] [planner_server]: 
[planner_server-4] 	planner_server lifecycle node launched. 
[planner_server-4] 	Waiting on external lifecycle transitions to activate
[planner_server-4] 	See https://design.ros2.org/articles/node_lifecycle.html for more information.
[smoother_server-3] [INFO] [1757101297.948343399] [smoother_server]: 
[smoother_server-3] 	smoother_server lifecycle node launched. 
[smoother_server-3] 	Waiting on external lifecycle transitions to activate
[smoother_server-3] 	See https://design.ros2.org/articles/node_lifecycle.html for more information.
[waypoint_follower-7] [INFO] [1757101297.948386372] [waypoint_follower]: 
[waypoint_follower-7] 	waypoint_follower lifecycle node launched. 
[waypoint_follower-7] 	Waiting on external lifecycle transitions to activate
[waypoint_follower-7] 	See https://design.ros2.org/articles/node_lifecycle.html for more information.
[waypoint_follower-7] [INFO] [1757101297.948787232] [waypoint_follower]: Creating
[planner_server-4] [INFO] [1757101297.949088826] [planner_server]: Creating
[velocity_smoother-8] [INFO] [1757101297.950223042] [velocity_smoother]: 
[velocity_smoother-8] 	velocity_smoother lifecycle node launched. 
[velocity_smoother-8] 	Waiting on external lifecycle transitions to activate
[velocity_smoother-8] 	See https://design.ros2.org/articles/node_lifecycle.html for more information.
[smoother_server-3] [INFO] [1757101297.950604534] [smoother_server]: Creating smoother server
[planner_server-4] [INFO] [1757101297.951992136] [global_costmap.global_costmap]: 
[planner_server-4] 	global_costmap lifecycle node launched. 
[planner_server-4] 	Waiting on external lifecycle transitions to activate
[planner_server-4] 	See https://design.ros2.org/articles/node_lifecycle.html for more information.
[bt_navigator-6] [INFO] [1757101297.952061354] [bt_navigator]: 
[bt_navigator-6] 	bt_navigator lifecycle node launched. 
[bt_navigator-6] 	Waiting on external lifecycle transitions to activate
[bt_navigator-6] 	See https://design.ros2.org/articles/node_lifecycle.html for more information.
[bt_navigator-6] [INFO] [1757101297.952156485] [bt_navigator]: Creating
[planner_server-4] [INFO] [1757101297.952220414] [global_costmap.global_costmap]: Creating Costmap
[controller_server-2] [INFO] [1757101297.954623616] [controller_server]: 
[controller_server-2] 	controller_server lifecycle node launched. 
[controller_server-2] 	Waiting on external lifecycle transitions to activate
[controller_server-2] 	See https://design.ros2.org/articles/node_lifecycle.html for more information.
[explore-10] [INFO] [1757101297.954746343] [explore_node]: Waiting for costmap to become available, topic: map
[controller_server-2] [INFO] [1757101297.958278300] [controller_server]: Creating controller server
[lifecycle_manager-9] [INFO] [1757101297.959270350] [lifecycle_manager_navigation]: Creating
[async_slam_toolbox_node-1] [INFO] [1757101297.960146339] [slam]: Using solver plugin solver_plugins::CeresSolver
[async_slam_toolbox_node-1] [INFO] [1757101297.960338710] [slam]: CeresSolver: Using SCHUR_JACOBI preconditioner.
[lifecycle_manager-9] [INFO] [1757101297.960787928] [lifecycle_manager_navigation]: [34m[1mCreating and initializing lifecycle service clients[0m[0m
[controller_server-2] [INFO] [1757101297.963795271] [local_costmap.local_costmap]: 
[controller_server-2] 	local_costmap lifecycle node launched. 
[controller_server-2] 	Waiting on external lifecycle transitions to activate
[controller_server-2] 	See https://design.ros2.org/articles/node_lifecycle.html for more information.
[controller_server-2] [INFO] [1757101297.964137502] [local_costmap.local_costmap]: Creating Costmap
[lifecycle_manager-9] [INFO] [1757101297.995382627] [lifecycle_manager_navigation]: [34m[1mStarting managed nodes bringup...[0m[0m
[lifecycle_manager-9] [INFO] [1757101297.995411856] [lifecycle_manager_navigation]: [34m[1mConfiguring controller_server[0m[0m
[controller_server-2] [INFO] [1757101297.995547762] [controller_server]: Configuring controller interface
[controller_server-2] [INFO] [1757101297.995617346] [controller_server]: getting goal checker plugins..
[controller_server-2] [INFO] [1757101297.995666360] [controller_server]: Controller frequency set to 10.0000Hz
[controller_server-2] [INFO] [1757101297.995687697] [local_costmap.local_costmap]: Configuring
[controller_server-2] [INFO] [1757101297.997627864] [local_costmap.local_costmap]: Using plugin "static_layer"
[controller_server-2] [INFO] [1757101297.999038708] [local_costmap.local_costmap]: Subscribing to the map topic (/map) with transient local durability
[controller_server-2] [INFO] [1757101297.999472194] [local_costmap.local_costmap]: Initialized plugin "static_layer"
[controller_server-2] [INFO] [1757101297.999482716] [local_costmap.local_costmap]: Using plugin "obstacle_layer"
[controller_server-2] [INFO] [1757101297.999604370] [local_costmap.local_costmap]: Subscribed to Topics: scan
[controller_server-2] [INFO] [1757101298.000670405] [local_costmap.local_costmap]: Initialized plugin "obstacle_layer"
[controller_server-2] [INFO] [1757101298.000686036] [local_costmap.local_costmap]: Using plugin "inflation_layer"
[controller_server-2] [INFO] [1757101298.001267255] [local_costmap.local_costmap]: Initialized plugin "inflation_layer"
[controller_server-2] [INFO] [1757101298.003949279] [controller_server]: Created progress_checker : progress_checker of type nav2_controller::SimpleProgressChecker
[controller_server-2] [INFO] [1757101298.004154252] [controller_server]: Created goal checker : goal_checker of type nav2_controller::SimpleGoalChecker
[controller_server-2] [INFO] [1757101298.004236593] [controller_server]: Controller Server has goal_checker  goal checkers available.
[controller_server-2] [INFO] [1757101298.004459673] [controller_server]: Created controller : FollowPath of type nav2_regulated_pure_pursuit_controller::RegulatedPurePursuitController
[controller_server-2] [INFO] [1757101298.005937887] [controller_server]: Controller Server has FollowPath  controllers available.
[lifecycle_manager-9] [INFO] [1757101298.007918168] [lifecycle_manager_navigation]: [34m[1mConfiguring smoother_server[0m[0m
[smoother_server-3] [INFO] [1757101298.008036780] [smoother_server]: Configuring smoother server
[smoother_server-3] [INFO] [1757101298.012651825] [smoother_server]: Created smoother : simple_smoother of type nav2_smoother::SimpleSmoother
[smoother_server-3] [INFO] [1757101298.012858976] [smoother_server]: Smoother Server has simple_smoother  smoothers available.
[lifecycle_manager-9] [INFO] [1757101298.014991887] [lifecycle_manager_navigation]: [34m[1mConfiguring planner_server[0m[0m
[planner_server-4] [INFO] [1757101298.015117512] [planner_server]: Configuring
[planner_server-4] [INFO] [1757101298.015152240] [global_costmap.global_costmap]: Configuring
[planner_server-4] [INFO] [1757101298.018198138] [global_costmap.global_costmap]: Using plugin "static_layer"
[planner_server-4] [INFO] [1757101298.021331007] [global_costmap.global_costmap]: Subscribing to the map topic (/map) with transient local durability
[planner_server-4] [INFO] [1757101298.023092346] [global_costmap.global_costmap]: Initialized plugin "static_layer"
[planner_server-4] [INFO] [1757101298.023117380] [global_costmap.global_costmap]: Using plugin "obstacle_layer"
[planner_server-4] [INFO] [1757101298.023509929] [global_costmap.global_costmap]: Subscribed to Topics: scan
[planner_server-4] [INFO] [1757101298.025972278] [global_costmap.global_costmap]: Initialized plugin "obstacle_layer"
[planner_server-4] [INFO] [1757101298.025994496] [global_costmap.global_costmap]: Using plugin "inflation_layer"
[planner_server-4] [INFO] [1757101298.026560873] [global_costmap.global_costmap]: Initialized plugin "inflation_layer"
[planner_server-4] [INFO] [1757101298.030748887] [planner_server]: Created global planner plugin GridBased of type nav2_navfn_planner/NavfnPlanner
[planner_server-4] [INFO] [1757101298.030765273] [planner_server]: Configuring plugin GridBased of type NavfnPlanner
[planner_server-4] [INFO] [1757101298.030877658] [planner_server]: Planner Server has GridBased  planners available.
[lifecycle_manager-9] [INFO] [1757101298.033155909] [lifecycle_manager_navigation]: [34m[1mConfiguring behavior_server[0m[0m
[behavior_server-5] [INFO] [1757101298.033295253] [behavior_server]: Configuring
[behavior_server-5] [INFO] [1757101298.037656580] [behavior_server]: Creating behavior plugin spin of type nav2_behaviors/Spin
[behavior_server-5] [INFO] [1757101298.038448142] [behavior_server]: Configuring spin
[behavior_server-5] [INFO] [1757101298.041970538] [behavior_server]: Creating behavior plugin backup of type nav2_behaviors/BackUp
[behavior_server-5] [INFO] [1757101298.042430798] [behavior_server]: Configuring backup
[behavior_server-5] [INFO] [1757101298.043976184] [behavior_server]: Creating behavior plugin drive_on_heading of type nav2_behaviors/DriveOnHeading
[behavior_server-5] [INFO] [1757101298.044370479] [behavior_server]: Configuring drive_on_heading
[behavior_server-5] [INFO] [1757101298.045638316] [behavior_server]: Creating behavior plugin wait of type nav2_behaviors/Wait
[behavior_server-5] [INFO] [1757101298.045952580] [behavior_server]: Configuring wait
[behavior_server-5] [INFO] [1757101298.047045186] [behavior_server]: Creating behavior plugin assisted_teleop of type nav2_behaviors/AssistedTeleop
[behavior_server-5] [INFO] [1757101298.047737215] [behavior_server]: Configuring assisted_teleop
[lifecycle_manager-9] [INFO] [1757101298.049385071] [lifecycle_manager_navigation]: [34m[1mConfiguring bt_navigator[0m[0m
[bt_navigator-6] [INFO] [1757101298.049477548] [bt_navigator]: Configuring
[lifecycle_manager-9] [INFO] [1757101298.065983646] [lifecycle_manager_navigation]: [34m[1mConfiguring waypoint_follower[0m[0m
[waypoint_follower-7] [INFO] [1757101298.066075604] [waypoint_follower]: Configuring
[waypoint_follower-7] [INFO] [1757101298.069464101] [waypoint_follower]: Created waypoint_task_executor : wait_at_waypoint of type nav2_waypoint_follower::WaitAtWaypoint
[lifecycle_manager-9] [INFO] [1757101298.069860002] [lifecycle_manager_navigation]: [34m[1mConfiguring velocity_smoother[0m[0m
[velocity_smoother-8] [INFO] [1757101298.069981854] [velocity_smoother]: Configuring velocity smoother
[lifecycle_manager-9] [INFO] [1757101298.070880676] [lifecycle_manager_navigation]: [34m[1mActivating controller_server[0m[0m
[controller_server-2] [INFO] [1757101298.070940365] [controller_server]: Activating
[controller_server-2] [INFO] [1757101298.070961329] [local_costmap.local_costmap]: Activating
[controller_server-2] [INFO] [1757101298.070967087] [local_costmap.local_costmap]: Checking transform
[controller_server-2] [INFO] [1757101298.070980202] [local_costmap.local_costmap]: Timed out waiting for transform from base_link to odom to become available, tf error: Invalid frame ID "odom" passed to canTransform argument target_frame - frame does not exist
[controller_server-2] [INFO] [1757101298.571033814] [local_costmap.local_costmap]: Timed out waiting for transform from base_link to odom to become available, tf error: Invalid frame ID "odom" passed to canTransform argument target_frame - frame does not exist
[rviz2-11] [INFO] [1757101298.604365247] [rviz2]: Stereo is NOT SUPPORTED
[rviz2-11] [INFO] [1757101298.604420084] [rviz2]: OpenGl version: 4.6 (GLSL 4.6)
[rviz2-11] [INFO] [1757101298.708108531] [rviz2]: Stereo is NOT SUPPORTED
[controller_server-2] [INFO] [1757101299.071060767] [local_costmap.local_costmap]: Timed out waiting for transform from base_link to odom to become available, tf error: Invalid frame ID "odom" passed to canTransform argument target_frame - frame does not exist
[controller_server-2] [INFO] [1757101299.571040535] [local_costmap.local_costmap]: Timed out waiting for transform from base_link to odom to become available, tf error: Invalid frame ID "odom" passed to canTransform argument target_frame - frame does not exist
[controller_server-2] [INFO] [1757101300.071054323] [local_costmap.local_costmap]: Timed out waiting for transform from base_link to odom to become available, tf error: Invalid frame ID "odom" passed to canTransform argument target_frame - frame does not exist
[controller_server-2] [INFO] [1757101300.571046136] [local_costmap.local_costmap]: Timed out waiting for transform from base_link to odom to become available, tf error: Invalid frame ID "odom" passed to canTransform argument target_frame - frame does not exist
[controller_server-2] [INFO] [1757101301.071226224] [local_costmap.local_costmap]: start
[controller_server-2] [INFO] [1757101301.273169799] [controller_server]: Activating controller: FollowPath of type regulated_pure_pursuit_controller::RegulatedPurePursuitController
[controller_server-2] [INFO] [1757101301.273264995] [controller_server]: Creating bond (controller_server) to lifecycle manager.
[lifecycle_manager-9] [INFO] [1757101301.381629309] [lifecycle_manager_navigation]: Server controller_server connected with bond.
[lifecycle_manager-9] [INFO] [1757101301.381706392] [lifecycle_manager_navigation]: [34m[1mActivating smoother_server[0m[0m
[smoother_server-3] [INFO] [1757101301.382176847] [smoother_server]: Activating
[smoother_server-3] [INFO] [1757101301.382246897] [smoother_server]: Creating bond (smoother_server) to lifecycle manager.
[lifecycle_manager-9] [INFO] [1757101301.488591565] [lifecycle_manager_navigation]: Server smoother_server connected with bond.
[lifecycle_manager-9] [INFO] [1757101301.488704949] [lifecycle_manager_navigation]: [34m[1mActivating planner_server[0m[0m
[planner_server-4] [INFO] [1757101301.489323043] [planner_server]: Activating
[planner_server-4] [INFO] [1757101301.489459649] [global_costmap.global_costmap]: Activating
[planner_server-4] [INFO] [1757101301.489509905] [global_costmap.global_costmap]: Checking transform
[planner_server-4] [INFO] [1757101301.489584382] [global_costmap.global_costmap]: Timed out waiting for transform from base_link to map to become available, tf error: Invalid frame ID "map" passed to canTransform argument target_frame - frame does not exist
[planner_server-4] [INFO] [1757101301.989668981] [global_costmap.global_costmap]: Timed out waiting for transform from base_link to map to become available, tf error: Invalid frame ID "map" passed to canTransform argument target_frame - frame does not exist
[planner_server-4] [INFO] [1757101302.489638828] [global_costmap.global_costmap]: Timed out waiting for transform from base_link to map to become available, tf error: Invalid frame ID "map" passed to canTransform argument target_frame - frame does not exist
[planner_server-4] [INFO] [1757101302.989693508] [global_costmap.global_costmap]: Timed out waiting for transform from base_link to map to become available, tf error: Invalid frame ID "map" passed to canTransform argument target_frame - frame does not exist
[controller_server-2] [WARN] [1757101303.071511185] [local_costmap.local_costmap]: Can't update static costmap layer, no map received
[planner_server-4] [INFO] [1757101303.489710279] [global_costmap.global_costmap]: Timed out waiting for transform from base_link to map to become available, tf error: Invalid frame ID "map" passed to canTransform argument target_frame - frame does not exist
[planner_server-4] [INFO] [1757101303.989637526] [global_costmap.global_costmap]: Timed out waiting for transform from base_link to map to become available, tf error: Invalid frame ID "map" passed to canTransform argument target_frame - frame does not exist
[planner_server-4] [INFO] [1757101304.489635155] [global_costmap.global_costmap]: Timed out waiting for transform from base_link to map to become available, tf error: Invalid frame ID "map" passed to canTransform argument target_frame - frame does not exist
[planner_server-4] [INFO] [1757101304.989650739] [global_costmap.global_costmap]: Timed out waiting for transform from base_link to map to become available, tf error: Invalid frame ID "map" passed to canTransform argument target_frame - frame does not exist
[controller_server-2] [WARN] [1757101305.071516078] [local_costmap.local_costmap]: Can't update static costmap layer, no map received
[planner_server-4] [INFO] [1757101305.489657005] [global_costmap.global_costmap]: Timed out waiting for transform from base_link to map to become available, tf error: Invalid frame ID "map" passed to canTransform argument target_frame - frame does not exist
[planner_server-4] [INFO] [1757101305.989639979] [global_costmap.global_costmap]: Timed out waiting for transform from base_link to map to become available, tf error: Invalid frame ID "map" passed to canTransform argument target_frame - frame does not exist
[async_slam_toolbox_node-1] [WARN] [1757101306.328473201] [slam]: minimum laser range setting (0.0 m) exceeds the capabilities of the used Lidar (0.1 m)
[planner_server-4] [INFO] [1757101306.489708348] [global_costmap.global_costmap]: Timed out waiting for transform from base_link to map to become available, tf error: Invalid frame ID "map" passed to canTransform argument target_frame - frame does not exist
[planner_server-4] [INFO] [1757101306.989711366] [global_costmap.global_costmap]: Timed out waiting for transform from base_link to map to become available, tf error: Invalid frame ID "map" passed to canTransform argument target_frame - frame does not exist
[controller_server-2] [WARN] [1757101307.071439113] [local_costmap.local_costmap]: Can't update static costmap layer, no map received
[planner_server-4] [INFO] [1757101307.489639158] [global_costmap.global_costmap]: Timed out waiting for transform from base_link to map to become available, tf error: Invalid frame ID "map" passed to canTransform argument target_frame - frame does not exist
[controller_server-2] [INFO] [1757101307.967376519] [local_costmap.local_costmap]: StaticLayer: Resizing static layer to 89 X 81 at 0.040000 m/pix
[planner_server-4] [INFO] [1757101307.967445158] [global_costmap.global_costmap]: StaticLayer: Resizing costmap to 89 X 81 at 0.040000 m/pix
[planner_server-4] [INFO] [1757101307.989701254] [global_costmap.global_costmap]: Timed out waiting for transform from base_link to map to become available, tf error: Invalid frame ID "map" passed to canTransform argument target_frame - frame does not exist
[rviz2-11] [INFO] [1757101307.995057864] [rviz2]: Trying to create a map of size 89 x 81 using 1 swatches
[controller_server-2] [ERROR] [1757101308.376597891] [local_costmap.local_costmap]: StaticLayer: "map" passed to lookupTransform argument target_frame does not exist. 
[planner_server-4] [INFO] [1757101308.489631031] [global_costmap.global_costmap]: Timed out waiting for transform from base_link to map to become available, tf error: Invalid frame ID "map" passed to canTransform argument target_frame - frame does not exist
[planner_server-4] [INFO] [1757101308.989722131] [global_costmap.global_costmap]: Timed out waiting for transform from base_link to map to become available, tf error: Lookup would require extrapolation at time 1757101304.873636, but only time 1757101306.336011 is in the buffer, when looking up transform from frame [base_link] to frame [map]
[planner_server-4] [INFO] [1757101309.489671950] [global_costmap.global_costmap]: Timed out waiting for transform from base_link to map to become available, tf error: Lookup would require extrapolation at time 1757101304.873636, but only time 1757101306.336011 is in the buffer, when looking up transform from frame [base_link] to frame [map]
[rviz2-11] [INFO] [1757101309.985885932] [rviz2]: Trying to create a map of size 100 x 100 using 1 swatches
[planner_server-4] [INFO] [1757101309.989661839] [global_costmap.global_costmap]: Timed out waiting for transform from base_link to map to become available, tf error: Lookup would require extrapolation at time 1757101304.873636, but only time 1757101306.336011 is in the buffer, when looking up transform from frame [base_link] to frame [map]
[planner_server-4] [INFO] [1757101310.489655424] [global_costmap.global_costmap]: Timed out waiting for transform from base_link to map to become available, tf error: Lookup would require extrapolation at time 1757101304.873636, but only time 1757101306.336011 is in the buffer, when looking up transform from frame [base_link] to frame [map]
[planner_server-4] [INFO] [1757101310.989675054] [global_costmap.global_costmap]: Timed out waiting for transform from base_link to map to become available, tf error: Lookup would require extrapolation into the past.  Requested time 1757101304.973682 but the earliest data is at time 1757101306.336011, when looking up transform from frame [base_link] to frame [map]
[planner_server-4] [INFO] [1757101311.489647335] [global_costmap.global_costmap]: Timed out waiting for transform from base_link to map to become available, tf error: Lookup would require extrapolation into the past.  Requested time 1757101304.973682 but the earliest data is at time 1757101306.336011, when looking up transform from frame [base_link] to frame [map]
[explore-10] [INFO] [1757101311.971121876] [explore_node]: Waiting to connect to move_base nav2 server
[explore-10] [INFO] [1757101311.971581778] [explore_node]: Connected to move_base nav2 server
[explore-10] [INFO] [1757101311.971602024] [explore_node]: Getting initial pose of the robot
[planner_server-4] [INFO] [1757101311.989664676] [global_costmap.global_costmap]: Timed out waiting for transform from base_link to map to become available, tf error: Lookup would require extrapolation into the past.  Requested time 1757101304.973682 but the earliest data is at time 1757101306.336011, when looking up transform from frame [base_link] to frame [map]
[explore-10] [ERROR] [1757101312.274777085] [explore_node]: Extrapolation Error looking up robot pose: Lookup would require extrapolation into the future.  Requested time 1757101311.971704 but the latest data is at time 1757101306.874094, when looking up transform from frame [base_link] to frame [map]
[explore-10] 
[explore-10] [INFO] [1757101312.288698021] [explore_node]: [NAV] Remembered last goal (0.62, 0.51, yaw from quat).
[planner_server-4] [INFO] [1757101312.489654300] [global_costmap.global_costmap]: Timed out waiting for transform from base_link to map to become available, tf error: Lookup would require extrapolation into the past.  Requested time 1757101304.973682 but the earliest data is at time 1757101306.336011, when looking up transform from frame [base_link] to frame [map]
[planner_server-4] [INFO] [1757101312.989664680] [global_costmap.global_costmap]: Timed out waiting for transform from base_link to map to become available, tf error: Lookup would require extrapolation into the past.  Requested time 1757101304.973682 but the earliest data is at time 1757101306.336011, when looking up transform from frame [base_link] to frame [map]
[planner_server-4] [INFO] [1757101313.489683051] [global_costmap.global_costmap]: Timed out waiting for transform from base_link to map to become available, tf error: Lookup would require extrapolation into the past.  Requested time 1757101304.973682 but the earliest data is at time 1757101306.336011, when loo