[INFO] [launch]: All log files can be found below /home/robot/.ros/log/2025-09-02-17-49-44-690037-robot-pc04-42215
[INFO] [launch]: Default logging verbosity is set to INFO
[INFO] [async_slam_toolbox_node-1]: process started with pid [42227]
[INFO] [controller_server-2]: process started with pid [42229]
[INFO] [smoother_server-3]: process started with pid [42231]
[INFO] [planner_server-4]: process started with pid [42233]
[INFO] [behavior_server-5]: process started with pid [42235]
[INFO] [bt_navigator-6]: process started with pid [42237]
[INFO] [waypoint_follower-7]: process started with pid [42239]
[INFO] [velocity_smoother-8]: process started with pid [42241]
[INFO] [lifecycle_manager-9]: process started with pid [42243]
[INFO] [explore-10]: process started with pid [42245]
[INFO] [rviz2-11]: process started with pid [42247]
[async_slam_toolbox_node-1] [INFO] [1756828184.801820725] [slam]: Node using stack size 40000000
[planner_server-4] [INFO] [1756828184.804620253] [planner_server]: 
[planner_server-4] 	planner_server lifecycle node launched. 
[planner_server-4] 	Waiting on external lifecycle transitions to activate
[planner_server-4] 	See https://design.ros2.org/articles/node_lifecycle.html for more information.
[planner_server-4] [INFO] [1756828184.805479304] [planner_server]: Creating
[smoother_server-3] [INFO] [1756828184.807121115] [smoother_server]: 
[smoother_server-3] 	smoother_server lifecycle node launched. 
[smoother_server-3] 	Waiting on external lifecycle transitions to activate
[smoother_server-3] 	See https://design.ros2.org/articles/node_lifecycle.html for more information.
[smoother_server-3] [INFO] [1756828184.808361084] [smoother_server]: Creating smoother server
[behavior_server-5] [INFO] [1756828184.808853799] [behavior_server]: 
[behavior_server-5] 	behavior_server lifecycle node launched. 
[behavior_server-5] 	Waiting on external lifecycle transitions to activate
[behavior_server-5] 	See https://design.ros2.org/articles/node_lifecycle.html for more information.
[bt_navigator-6] [INFO] [1756828184.809032406] [bt_navigator]: 
[bt_navigator-6] 	bt_navigator lifecycle node launched. 
[bt_navigator-6] 	Waiting on external lifecycle transitions to activate
[bt_navigator-6] 	See https://design.ros2.org/articles/node_lifecycle.html for more information.
[bt_navigator-6] [INFO] [1756828184.809119126] [bt_navigator]: Creating
[velocity_smoother-8] [INFO] [1756828184.809279224] [velocity_smoother]: 
[velocity_smoother-8] 	velocity_smoother lifecycle node launched. 
[velocity_smoother-8] 	Waiting on external lifecycle transitions to activate
[velocity_smoother-8] 	See https://design.ros2.org/articles/node_lifecycle.html for more information.
[waypoint_follower-7] [INFO] [1756828184.809898644] [waypoint_follower]: 
[waypoint_follower-7] 	waypoint_follower lifecycle node launched. 
[waypoint_follower-7] 	Waiting on external lifecycle transitions to activate
[waypoint_follower-7] 	See https://design.ros2.org/articles/node_lifecycle.html for more information.
[waypoint_follower-7] [INFO] [1756828184.810121384] [waypoint_follower]: Creating
[controller_server-2] [INFO] [1756828184.810766535] [controller_server]: 
[controller_server-2] 	controller_server lifecycle node launched. 
[controller_server-2] 	Waiting on external lifecycle transitions to activate
[controller_server-2] 	See https://design.ros2.org/articles/node_lifecycle.html for more information.
[planner_server-4] [INFO] [1756828184.812832874] [global_costmap.global_costmap]: 
[planner_server-4] 	global_costmap lifecycle node launched. 
[planner_server-4] 	Waiting on external lifecycle transitions to activate
[planner_server-4] 	See https://design.ros2.org/articles/node_lifecycle.html for more information.
[planner_server-4] [INFO] [1756828184.813083243] [global_costmap.global_costmap]: Creating Costmap
[controller_server-2] [INFO] [1756828184.813197212] [controller_server]: Creating controller server
[lifecycle_manager-9] [INFO] [1756828184.816037671] [lifecycle_manager_navigation]: Creating
[async_slam_toolbox_node-1] [INFO] [1756828184.816570930] [slam]: Using solver plugin solver_plugins::CeresSolver
[async_slam_toolbox_node-1] [INFO] [1756828184.816644770] [slam]: CeresSolver: Using SCHUR_JACOBI preconditioner.
[explore-10] [INFO] [1756828184.816922876] [explore_node]: Waiting for costmap to become available, topic: map
[lifecycle_manager-9] [INFO] [1756828184.818072051] [lifecycle_manager_navigation]: [34m[1mCreating and initializing lifecycle service clients[0m[0m
[controller_server-2] [INFO] [1756828184.818640852] [local_costmap.local_costmap]: 
[controller_server-2] 	local_costmap lifecycle node launched. 
[controller_server-2] 	Waiting on external lifecycle transitions to activate
[controller_server-2] 	See https://design.ros2.org/articles/node_lifecycle.html for more information.
[controller_server-2] [INFO] [1756828184.819221219] [local_costmap.local_costmap]: Creating Costmap
[lifecycle_manager-9] [INFO] [1756828184.845052916] [lifecycle_manager_navigation]: [34m[1mStarting managed nodes bringup...[0m[0m
[lifecycle_manager-9] [INFO] [1756828184.845082543] [lifecycle_manager_navigation]: [34m[1mConfiguring controller_server[0m[0m
[controller_server-2] [INFO] [1756828184.845254703] [controller_server]: Configuring controller interface
[controller_server-2] [INFO] [1756828184.845362342] [controller_server]: getting goal checker plugins..
[controller_server-2] [INFO] [1756828184.845456227] [controller_server]: Controller frequency set to 10.0000Hz
[controller_server-2] [INFO] [1756828184.845486671] [local_costmap.local_costmap]: Configuring
[controller_server-2] [INFO] [1756828184.848240248] [local_costmap.local_costmap]: Using plugin "static_layer"
[controller_server-2] [INFO] [1756828184.850535126] [local_costmap.local_costmap]: Subscribing to the map topic (/map) with transient local durability
[controller_server-2] [INFO] [1756828184.851254634] [local_costmap.local_costmap]: Initialized plugin "static_layer"
[controller_server-2] [INFO] [1756828184.851271452] [local_costmap.local_costmap]: Using plugin "obstacle_layer"
[controller_server-2] [INFO] [1756828184.851496581] [local_costmap.local_costmap]: Subscribed to Topics: scan
[controller_server-2] [INFO] [1756828184.852983715] [local_costmap.local_costmap]: Initialized plugin "obstacle_layer"
[controller_server-2] [INFO] [1756828184.853002393] [local_costmap.local_costmap]: Using plugin "inflation_layer"
[controller_server-2] [INFO] [1756828184.853304030] [local_costmap.local_costmap]: Initialized plugin "inflation_layer"
[controller_server-2] [INFO] [1756828184.856203548] [controller_server]: Created progress_checker : progress_checker of type nav2_controller::SimpleProgressChecker
[controller_server-2] [INFO] [1756828184.856456412] [controller_server]: Created goal checker : goal_checker of type nav2_controller::SimpleGoalChecker
[controller_server-2] [INFO] [1756828184.856555319] [controller_server]: Controller Server has goal_checker  goal checkers available.
[controller_server-2] [INFO] [1756828184.856790160] [controller_server]: Created controller : FollowPath of type nav2_regulated_pure_pursuit_controller::RegulatedPurePursuitController
[controller_server-2] [INFO] [1756828184.857827644] [controller_server]: Controller Server has FollowPath  controllers available.
[lifecycle_manager-9] [INFO] [1756828184.859866102] [lifecycle_manager_navigation]: [34m[1mConfiguring smoother_server[0m[0m
[smoother_server-3] [INFO] [1756828184.860001214] [smoother_server]: Configuring smoother server
[smoother_server-3] [INFO] [1756828184.864964666] [smoother_server]: Created smoother : simple_smoother of type nav2_smoother::SimpleSmoother
[smoother_server-3] [INFO] [1756828184.865619609] [smoother_server]: Smoother Server has simple_smoother  smoothers available.
[lifecycle_manager-9] [INFO] [1756828184.868914124] [lifecycle_manager_navigation]: [34m[1mConfiguring planner_server[0m[0m
[planner_server-4] [INFO] [1756828184.869062541] [planner_server]: Configuring
[planner_server-4] [INFO] [1756828184.869091470] [global_costmap.global_costmap]: Configuring
[planner_server-4] [INFO] [1756828184.871341245] [global_costmap.global_costmap]: Using plugin "static_layer"
[planner_server-4] [INFO] [1756828184.873464213] [global_costmap.global_costmap]: Subscribing to the map topic (/map) with transient local durability
[planner_server-4] [INFO] [1756828184.874130865] [global_costmap.global_costmap]: Initialized plugin "static_layer"
[planner_server-4] [INFO] [1756828184.874145158] [global_costmap.global_costmap]: Using plugin "obstacle_layer"
[planner_server-4] [INFO] [1756828184.874342800] [global_costmap.global_costmap]: Subscribed to Topics: scan
[planner_server-4] [INFO] [1756828184.875614355] [global_costmap.global_costmap]: Initialized plugin "obstacle_layer"
[planner_server-4] [INFO] [1756828184.875630529] [global_costmap.global_costmap]: Using plugin "inflation_layer"
[planner_server-4] [ERROR] [1756828184.875790925] [global_costmap.global_costmap]: Caught exception in callback for transition 10
[planner_server-4] [ERROR] [1756828184.875801925] [global_costmap.global_costmap]: Original error: parameter 'inflation_layer.cost_scaling_factor' has invalid type: Wrong parameter type, parameter {inflation_layer.cost_scaling_factor} is of type {double}, setting it to {integer} is not allowed.
[planner_server-4] [WARN] [1756828184.875818411] [global_costmap.global_costmap]: Error occurred while doing error handling.
[planner_server-4] [FATAL] [1756828184.875826025] [global_costmap.global_costmap]: Lifecycle node global_costmap does not have error state implemented
[planner_server-4] [INFO] [1756828184.876175980] [planner_server]: Created global planner plugin GridBased of type nav2_navfn_planner/NavfnPlanner
[planner_server-4] [INFO] [1756828184.876193461] [planner_server]: Configuring plugin GridBased of type NavfnPlanner
[planner_server-4] [INFO] [1756828184.876394573] [planner_server]: Planner Server has GridBased  planners available.
[lifecycle_manager-9] [INFO] [1756828184.883693671] [lifecycle_manager_navigation]: [34m[1mConfiguring behavior_server[0m[0m
[behavior_server-5] [INFO] [1756828184.883847447] [behavior_server]: Configuring
[behavior_server-5] [INFO] [1756828184.886739057] [behavior_server]: Creating behavior plugin spin of type nav2_behaviors/Spin
[behavior_server-5] [INFO] [1756828184.887107434] [behavior_server]: Configuring spin
[behavior_server-5] [INFO] [1756828184.888666279] [behavior_server]: Creating behavior plugin backup of type nav2_behaviors/BackUp
[behavior_server-5] [INFO] [1756828184.889051985] [behavior_server]: Configuring backup
[behavior_server-5] [INFO] [1756828184.891505042] [behavior_server]: Creating behavior plugin drive_on_heading of type nav2_behaviors/DriveOnHeading
[behavior_server-5] [INFO] [1756828184.892083235] [behavior_server]: Configuring drive_on_heading
[behavior_server-5] [INFO] [1756828184.894163230] [behavior_server]: Creating behavior plugin wait of type nav2_behaviors/Wait
[behavior_server-5] [INFO] [1756828184.894650197] [behavior_server]: Configuring wait
[behavior_server-5] [INFO] [1756828184.896623054] [behavior_server]: Creating behavior plugin assisted_teleop of type nav2_behaviors/AssistedTeleop
[behavior_server-5] [INFO] [1756828184.897843856] [behavior_server]: Configuring assisted_teleop
[lifecycle_manager-9] [INFO] [1756828184.900807908] [lifecycle_manager_navigation]: [34m[1mConfiguring bt_navigator[0m[0m
[bt_navigator-6] [INFO] [1756828184.900970782] [bt_navigator]: Configuring
[lifecycle_manager-9] [INFO] [1756828184.922159608] [lifecycle_manager_navigation]: [34m[1mConfiguring waypoint_follower[0m[0m
[waypoint_follower-7] [INFO] [1756828184.922292365] [waypoint_follower]: Configuring
[waypoint_follower-7] [INFO] [1756828184.926307912] [waypoint_follower]: Created waypoint_task_executor : wait_at_waypoint of type nav2_waypoint_follower::WaitAtWaypoint
[lifecycle_manager-9] [INFO] [1756828184.926564105] [lifecycle_manager_navigation]: [34m[1mConfiguring velocity_smoother[0m[0m
[velocity_smoother-8] [INFO] [1756828184.926698958] [velocity_smoother]: Configuring velocity smoother
[lifecycle_manager-9] [INFO] [1756828184.928381168] [lifecycle_manager_navigation]: [34m[1mActivating controller_server[0m[0m
[controller_server-2] [INFO] [1756828184.928471625] [controller_server]: Activating
[controller_server-2] [INFO] [1756828184.928505377] [local_costmap.local_costmap]: Activating
[controller_server-2] [INFO] [1756828184.928518517] [local_costmap.local_costmap]: Checking transform
[controller_server-2] [INFO] [1756828184.928540726] [local_costmap.local_costmap]: Timed out waiting for transform from base_link to odom to become available, tf error: Invalid frame ID "odom" passed to canTransform argument target_frame - frame does not exist
[rviz2-11] [INFO] [1756828185.227541233] [rviz2]: Stereo is NOT SUPPORTED
[rviz2-11] [INFO] [1756828185.227604286] [rviz2]: OpenGl version: 4.6 (GLSL 4.6)
[rviz2-11] [INFO] [1756828185.263948802] [rviz2]: Stereo is NOT SUPPORTED
[controller_server-2] [INFO] [1756828185.428604645] [local_costmap.local_costmap]: Timed out waiting for transform from base_link to odom to become available, tf error: Invalid frame ID "odom" passed to canTransform argument target_frame - frame does not exist
[controller_server-2] [INFO] [1756828185.928612561] [local_costmap.local_costmap]: Timed out waiting for transform from base_link to odom to become available, tf error: Invalid frame ID "odom" passed to canTransform argument target_frame - frame does not exist
[controller_server-2] [INFO] [1756828186.428588929] [local_costmap.local_costmap]: Timed out waiting for transform from base_link to odom to become available, tf error: Invalid frame ID "odom" passed to canTransform argument target_frame - frame does not exist
[controller_server-2] [INFO] [1756828186.928590198] [local_costmap.local_costmap]: Timed out waiting for transform from base_link to odom to become available, tf error: Invalid frame ID "odom" passed to canTransform argument target_frame - frame does not exist
[controller_server-2] [INFO] [1756828187.428616124] [local_costmap.local_costmap]: Timed out waiting for transform from base_link to odom to become available, tf error: Invalid frame ID "odom" passed to canTransform argument target_frame - frame does not exist
[controller_server-2] [INFO] [1756828187.928590057] [local_costmap.local_costmap]: Timed out waiting for transform from base_link to odom to become available, tf error: Invalid frame ID "odom" passed to canTransform argument target_frame - frame does not exist
[controller_server-2] [INFO] [1756828188.428588750] [local_costmap.local_costmap]: Timed out waiting for transform from base_link to odom to become available, tf error: Invalid frame ID "odom" passed to canTransform argument target_frame - frame does not exist
[controller_server-2] [INFO] [1756828188.928636577] [local_costmap.local_costmap]: start
[controller_server-2] [INFO] [1756828189.129211331] [controller_server]: Activating controller: FollowPath of type regulated_pure_pursuit_controller::RegulatedPurePursuitController
[controller_server-2] [INFO] [1756828189.129243500] [controller_server]: Creating bond (controller_server) to lifecycle manager.
[async_slam_toolbox_node-1] [WARN] [1756828189.181322984] [slam]: minimum laser range setting (0.0 m) exceeds the capabilities of the used Lidar (0.1 m)
[lifecycle_manager-9] [INFO] [1756828189.231676428] [lifecycle_manager_navigation]: Server controller_server connected with bond.
[lifecycle_manager-9] [INFO] [1756828189.231718717] [lifecycle_manager_navigation]: [34m[1mActivating smoother_server[0m[0m
[smoother_server-3] [INFO] [1756828189.232001918] [smoother_server]: Activating
[smoother_server-3] [INFO] [1756828189.232040914] [smoother_server]: Creating bond (smoother_server) to lifecycle manager.
[lifecycle_manager-9] [INFO] [1756828189.333818927] [lifecycle_manager_navigation]: Server smoother_server connected with bond.
[lifecycle_manager-9] [INFO] [1756828189.333851476] [lifecycle_manager_navigation]: [34m[1mActivating planner_server[0m[0m
[planner_server-4] [INFO] [1756828189.334051820] [planner_server]: Activating
[planner_server-4] [WARN] [1756828189.334086399] [rcl_lifecycle]: No transition