[INFO] [launch]: All log files can be found below /home/robot/.ros/log/2025-09-03-16-11-30-209830-robot-pc04-33874
[INFO] [launch]: Default logging verbosity is set to INFO
[INFO] [async_slam_toolbox_node-1]: process started with pid [33887]
[INFO] [controller_server-2]: process started with pid [33889]
[INFO] [smoother_server-3]: process started with pid [33891]
[INFO] [planner_server-4]: process started with pid [33893]
[INFO] [behavior_server-5]: process started with pid [33895]
[INFO] [bt_navigator-6]: process started with pid [33897]
[INFO] [waypoint_follower-7]: process started with pid [33899]
[INFO] [velocity_smoother-8]: process started with pid [33901]
[INFO] [lifecycle_manager-9]: process started with pid [33903]
[INFO] [explore-10]: process started with pid [33905]
[INFO] [rviz2-11]: process started with pid [33907]
[async_slam_toolbox_node-1] [INFO] [1756908690.316105509] [slam]: Node using stack size 40000000
[waypoint_follower-7] [INFO] [1756908690.318544731] [waypoint_follower]: 
[waypoint_follower-7] 	waypoint_follower lifecycle node launched. 
[waypoint_follower-7] 	Waiting on external lifecycle transitions to activate
[waypoint_follower-7] 	See https://design.ros2.org/articles/node_lifecycle.html for more information.
[controller_server-2] [INFO] [1756908690.318790525] [controller_server]: 
[controller_server-2] 	controller_server lifecycle node launched. 
[controller_server-2] 	Waiting on external lifecycle transitions to activate
[controller_server-2] 	See https://design.ros2.org/articles/node_lifecycle.html for more information.
[waypoint_follower-7] [INFO] [1756908690.319014399] [waypoint_follower]: Creating
[behavior_server-5] [INFO] [1756908690.319584504] [behavior_server]: 
[behavior_server-5] 	behavior_server lifecycle node launched. 
[behavior_server-5] 	Waiting on external lifecycle transitions to activate
[behavior_server-5] 	See https://design.ros2.org/articles/node_lifecycle.html for more information.
[planner_server-4] [INFO] [1756908690.319905375] [planner_server]: 
[planner_server-4] 	planner_server lifecycle node launched. 
[planner_server-4] 	Waiting on external lifecycle transitions to activate
[planner_server-4] 	See https://design.ros2.org/articles/node_lifecycle.html for more information.
[smoother_server-3] [INFO] [1756908690.320250879] [smoother_server]: 
[smoother_server-3] 	smoother_server lifecycle node launched. 
[smoother_server-3] 	Waiting on external lifecycle transitions to activate
[smoother_server-3] 	See https://design.ros2.org/articles/node_lifecycle.html for more information.
[bt_navigator-6] [INFO] [1756908690.320375998] [bt_navigator]: 
[bt_navigator-6] 	bt_navigator lifecycle node launched. 
[bt_navigator-6] 	Waiting on external lifecycle transitions to activate
[bt_navigator-6] 	See https://design.ros2.org/articles/node_lifecycle.html for more information.
[bt_navigator-6] [INFO] [1756908690.320430709] [bt_navigator]: Creating
[planner_server-4] [INFO] [1756908690.320499292] [planner_server]: Creating
[controller_server-2] [INFO] [1756908690.320675122] [controller_server]: Creating controller server
[smoother_server-3] [INFO] [1756908690.320897695] [smoother_server]: Creating smoother server
[velocity_smoother-8] [INFO] [1756908690.321904800] [velocity_smoother]: 
[velocity_smoother-8] 	velocity_smoother lifecycle node launched. 
[velocity_smoother-8] 	Waiting on external lifecycle transitions to activate
[velocity_smoother-8] 	See https://design.ros2.org/articles/node_lifecycle.html for more information.
[lifecycle_manager-9] [INFO] [1756908690.324594175] [lifecycle_manager_navigation]: Creating
[controller_server-2] [INFO] [1756908690.324844810] [local_costmap.local_costmap]: 
[controller_server-2] 	local_costmap lifecycle node launched. 
[controller_server-2] 	Waiting on external lifecycle transitions to activate
[controller_server-2] 	See https://design.ros2.org/articles/node_lifecycle.html for more information.
[controller_server-2] [INFO] [1756908690.325071526] [local_costmap.local_costmap]: Creating Costmap
[lifecycle_manager-9] [INFO] [1756908690.325628902] [lifecycle_manager_navigation]: [34m[1mCreating and initializing lifecycle service clients[0m[0m
[planner_server-4] [INFO] [1756908690.326158224] [global_costmap.global_costmap]: 
[planner_server-4] 	global_costmap lifecycle node launched. 
[planner_server-4] 	Waiting on external lifecycle transitions to activate
[planner_server-4] 	See https://design.ros2.org/articles/node_lifecycle.html for more information.
[planner_server-4] [INFO] [1756908690.326444863] [global_costmap.global_costmap]: Creating Costmap
[explore-10] [INFO] [1756908690.329716098] [explore_node]: Waiting for costmap to become available, topic: map
[lifecycle_manager-9] [INFO] [1756908690.330883758] [lifecycle_manager_navigation]: [34m[1mStarting managed nodes bringup...[0m[0m
[lifecycle_manager-9] [INFO] [1756908690.330905305] [lifecycle_manager_navigation]: [34m[1mConfiguring controller_server[0m[0m
[controller_server-2] [INFO] [1756908690.331036950] [controller_server]: Configuring controller interface
[controller_server-2] [INFO] [1756908690.331141769] [controller_server]: getting goal checker plugins..
[controller_server-2] [INFO] [1756908690.331227545] [controller_server]: Controller frequency set to 10.0000Hz
[controller_server-2] [INFO] [1756908690.331258495] [local_costmap.local_costmap]: Configuring
[async_slam_toolbox_node-1] [INFO] [1756908690.332059797] [slam]: Using solver plugin solver_plugins::CeresSolver
[async_slam_toolbox_node-1] [INFO] [1756908690.332182425] [slam]: CeresSolver: Using SCHUR_JACOBI preconditioner.
[controller_server-2] [INFO] [1756908690.334171395] [local_costmap.local_costmap]: Using plugin "static_layer"
[controller_server-2] [INFO] [1756908690.336579928] [local_costmap.local_costmap]: Subscribing to the map topic (/map) with transient local durability
[controller_server-2] [INFO] [1756908690.337373670] [local_costmap.local_costmap]: Initialized plugin "static_layer"
[controller_server-2] [INFO] [1756908690.337391119] [local_costmap.local_costmap]: Using plugin "obstacle_layer"
[controller_server-2] [INFO] [1756908690.337660559] [local_costmap.local_costmap]: Subscribed to Topics: scan
[controller_server-2] [INFO] [1756908690.339184283] [local_costmap.local_costmap]: Initialized plugin "obstacle_layer"
[controller_server-2] [INFO] [1756908690.339202235] [local_costmap.local_costmap]: Using plugin "inflation_layer"
[controller_server-2] [INFO] [1756908690.339802793] [local_costmap.local_costmap]: Initialized plugin "inflation_layer"
[controller_server-2] [INFO] [1756908690.343615349] [controller_server]: Created progress_checker : progress_checker of type nav2_controller::SimpleProgressChecker
[controller_server-2] [INFO] [1756908690.343887022] [controller_server]: Created goal checker : goal_checker of type nav2_controller::SimpleGoalChecker
[controller_server-2] [INFO] [1756908690.344009474] [controller_server]: Controller Server has goal_checker  goal checkers available.
[controller_server-2] [INFO] [1756908690.344314431] [controller_server]: Created controller : FollowPath of type nav2_regulated_pure_pursuit_controller::RegulatedPurePursuitController
[controller_server-2] [INFO] [1756908690.345339126] [controller_server]: Controller Server has FollowPath  controllers available.
[lifecycle_manager-9] [INFO] [1756908690.347351210] [lifecycle_manager_navigation]: [34m[1mConfiguring smoother_server[0m[0m
[smoother_server-3] [INFO] [1756908690.347476471] [smoother_server]: Configuring smoother server
[smoother_server-3] [INFO] [1756908690.350686436] [smoother_server]: Created smoother : simple_smoother of type nav2_smoother::SimpleSmoother
[smoother_server-3] [INFO] [1756908690.350812438] [smoother_server]: Smoother Server has simple_smoother  smoothers available.
[lifecycle_manager-9] [INFO] [1756908690.352275935] [lifecycle_manager_navigation]: [34m[1mConfiguring planner_server[0m[0m
[planner_server-4] [INFO] [1756908690.352375389] [planner_server]: Configuring
[planner_server-4] [INFO] [1756908690.352396693] [global_costmap.global_costmap]: Configuring
[planner_server-4] [INFO] [1756908690.355316150] [global_costmap.global_costmap]: Using plugin "static_layer"
[planner_server-4] [INFO] [1756908690.357165309] [global_costmap.global_costmap]: Subscribing to the map topic (/map) with transient local durability
[planner_server-4] [INFO] [1756908690.357787862] [global_costmap.global_costmap]: Initialized plugin "static_layer"
[planner_server-4] [INFO] [1756908690.357801920] [global_costmap.global_costmap]: Using plugin "obstacle_layer"
[planner_server-4] [INFO] [1756908690.357981264] [global_costmap.global_costmap]: Subscribed to Topics: scan
[planner_server-4] [INFO] [1756908690.359437038] [global_costmap.global_costmap]: Initialized plugin "obstacle_layer"
[planner_server-4] [INFO] [1756908690.359450401] [global_costmap.global_costmap]: Using plugin "inflation_layer"
[planner_server-4] [INFO] [1756908690.359792710] [global_costmap.global_costmap]: Initialized plugin "inflation_layer"
[planner_server-4] [INFO] [1756908690.363335107] [planner_server]: Created global planner plugin GridBased of type nav2_navfn_planner/NavfnPlanner
[planner_server-4] [INFO] [1756908690.363359724] [planner_server]: Configuring plugin GridBased of type NavfnPlanner
[planner_server-4] [INFO] [1756908690.363531386] [planner_server]: Planner Server has GridBased  planners available.
[lifecycle_manager-9] [INFO] [1756908690.365932030] [lifecycle_manager_navigation]: [34m[1mConfiguring behavior_server[0m[0m
[behavior_server-5] [INFO] [1756908690.366042324] [behavior_server]: Configuring
[behavior_server-5] [INFO] [1756908690.369254310] [behavior_server]: Creating behavior plugin spin of type nav2_behaviors/Spin
[behavior_server-5] [INFO] [1756908690.369626065] [behavior_server]: Configuring spin
[behavior_server-5] [INFO] [1756908690.370858275] [behavior_server]: Creating behavior plugin backup of type nav2_behaviors/BackUp
[behavior_server-5] [INFO] [1756908690.371177082] [behavior_server]: Configuring backup
[behavior_server-5] [INFO] [1756908690.372069916] [behavior_server]: Creating behavior plugin drive_on_heading of type nav2_behaviors/DriveOnHeading
[behavior_server-5] [INFO] [1756908690.372375158] [behavior_server]: Configuring drive_on_heading
[behavior_server-5] [INFO] [1756908690.373331445] [behavior_server]: Creating behavior plugin wait of type nav2_behaviors/Wait
[behavior_server-5] [INFO] [1756908690.373605313] [behavior_server]: Configuring wait
[behavior_server-5] [INFO] [1756908690.374478510] [behavior_server]: Creating behavior plugin assisted_teleop of type nav2_behaviors/AssistedTeleop
[behavior_server-5] [INFO] [1756908690.375172196] [behavior_server]: Configuring assisted_teleop
[lifecycle_manager-9] [INFO] [1756908690.376544449] [lifecycle_manager_navigation]: [34m[1mConfiguring bt_navigator[0m[0m
[bt_navigator-6] [INFO] [1756908690.376671920] [bt_navigator]: Configuring
[lifecycle_manager-9] [INFO] [1756908690.400764751] [lifecycle_manager_navigation]: [34m[1mConfiguring waypoint_follower[0m[0m
[waypoint_follower-7] [INFO] [1756908690.400991298] [waypoint_follower]: Configuring
[waypoint_follower-7] [INFO] [1756908690.409386781] [waypoint_follower]: Created waypoint_task_executor : wait_at_waypoint of type nav2_waypoint_follower::WaitAtWaypoint
[lifecycle_manager-9] [INFO] [1756908690.410072750] [lifecycle_manager_navigation]: [34m[1mConfiguring velocity_smoother[0m[0m
[velocity_smoother-8] [INFO] [1756908690.410306298] [velocity_smoother]: Configuring velocity smoother
[lifecycle_manager-9] [INFO] [1756908690.414609586] [lifecycle_manager_navigation]: [34m[1mActivating controller_server[0m[0m
[controller_server-2] [INFO] [1756908690.414762531] [controller_server]: Activating
[controller_server-2] [INFO] [1756908690.414814795] [local_costmap.local_costmap]: Activating
[controller_server-2] [INFO] [1756908690.414843647] [local_costmap.local_costmap]: Checking transform
[controller_server-2] [INFO] [1756908690.414877640] [local_costmap.local_costmap]: Timed out waiting for transform from base_link to odom to become available, tf error: Invalid frame ID "odom" passed to canTransform argument target_frame - frame does not exist
[rviz2-11] [INFO] [1756908690.679374083] [rviz2]: Stereo is NOT SUPPORTED
[rviz2-11] [INFO] [1756908690.679428162] [rviz2]: OpenGl version: 4.6 (GLSL 4.6)
[rviz2-11] [INFO] [1756908690.784138683] [rviz2]: Stereo is NOT SUPPORTED
[controller_server-2] [INFO] [1756908690.914926192] [local_costmap.local_costmap]: Timed out waiting for transform from base_link to odom to become available, tf error: Invalid frame ID "odom" passed to canTransform argument target_frame - frame does not exist
[controller_server-2] [INFO] [1756908691.414959025] [local_costmap.local_costmap]: Timed out waiting for transform from base_link to odom to become available, tf error: Invalid frame ID "odom" passed to canTransform argument target_frame - frame does not exist
[controller_server-2] [INFO] [1756908691.914930202] [local_costmap.local_costmap]: Timed out waiting for transform from base_link to odom to become available, tf error: Invalid frame ID "odom" passed to canTransform argument target_frame - frame does not exist
[controller_server-2] [INFO] [1756908692.414924021] [local_costmap.local_costmap]: Timed out waiting for transform from base_link to odom to become available, tf error: Invalid frame ID "odom" passed to canTransform argument target_frame - frame does not exist
[controller_server-2] [INFO] [1756908692.915078070] [local_costmap.local_costmap]: Timed out waiting for transform from base_link to odom to become available, tf error: Invalid frame ID "odom" passed to canTransform argument target_frame - frame does not exist
[controller_server-2] [INFO] [1756908693.414936723] [local_costmap.local_costmap]: Timed out waiting for transform from base_link to odom to become available, tf error: Invalid frame ID "odom" passed to canTransform argument target_frame - frame does not exist
[controller_server-2] [INFO] [1756908693.914946492] [local_costmap.local_costmap]: Timed out waiting for transform from base_link to odom to become available, tf error: Invalid frame ID "odom" passed to canTransform argument target_frame - frame does not exist
[controller_server-2] [INFO] [1756908694.414952526] [local_costmap.local_costmap]: Timed out waiting for transform from base_link to odom to become available, tf error: Invalid frame ID "odom" passed to canTransform argument target_frame - frame does not exist
[controller_server-2] [INFO] [1756908694.914954131] [local_costmap.local_costmap]: Timed out waiting for transform from base_link to odom to become available, tf error: Invalid frame ID "odom" passed to canTransform argument target_frame - frame does not exist
[controller_server-2] [INFO] [1756908695.415198232] [local_costmap.local_costmap]: start
[controller_server-2] [INFO] [1756908695.617233426] [controller_server]: Activating controller: FollowPath of type regulated_pure_pursuit_controller::RegulatedPurePursuitController
[controller_server-2] [INFO] [1756908695.617328350] [controller_server]: Creating bond (controller_server) to lifecycle manager.
[lifecycle_manager-9] [INFO] [1756908695.725161497] [lifecycle_manager_navigation]: Server controller_server connected with bond.
[lifecycle_manager-9] [INFO] [1756908695.725257522] [lifecycle_manager_navigation]: [34m[1mActivating smoother_server[0m[0m
[smoother_server-3] [INFO] [1756908695.725778840] [smoother_server]: Activating
[smoother_server-3] [INFO] [1756908695.725862938] [smoother_server]: Creating bond (smoother_server) to lifecycle manager.
[async_slam_toolbox_node-1] [WARN] [1756908695.830285864] [slam]: minimum laser range setting (0.0 m) exceeds the capabilities of the used Lidar (0.1 m)
[lifecycle_manager-9] [INFO] [1756908695.832517982] [lifecycle_manager_navigation]: Server smoother_server connected with bond.
[lifecycle_manager-9] [INFO] [1756908695.832612158] [lifecycle_manager_navigation]: [34m[1mActivating planner_server[0m[0m
[planner_server-4] [INFO] [1756908695.833157814] [planner_server]: Activating
[planner_server-4] [INFO] [1756908695.833240165] [global_costmap.global_costmap]: Activating
[planner_server-4] [INFO] [1756908695.833264279] [global_costmap.global_costmap]: Checking transform
[planner_server-4] [INFO] [1756908695.833306345] [global_costmap.global_costmap]: Timed out waiting for transform from base_link to map to become available, tf error: Invalid frame ID "map" passed to canTransform argument target_frame - frame does not exist
[rviz2-11] [INFO] [1756908696.251307151] [rviz2]: Trying to create a map of size 100 x 100 using 1 swatches
[planner_server-4] [INFO] [1756908696.333501631] [global_costmap.global_costmap]: start
[planner_server-4] [INFO] [1756908696.336699114] [global_costmap.global_costmap]: StaticLayer: Resizing costmap to 109 X 84 at 0.040000 m/pix
[controller_server-2] [INFO] [1756908696.336772121] [local_costmap.local_costmap]: StaticLayer: Resizing static layer to 109 X 84 at 0.040000 m/pix
[rviz2-11] [INFO] [1756908696.348176325] [rviz2]: Trying to create a map of size 109 x 84 using 1 swatches
[rviz2-11] [INFO] [1756908697.372880202] [rviz2]: Trying to create a map of size 109 x 84 using 1 swatches
[planner_server-4] [INFO] [1756908697.385029863] [planner_server]: Activating plugin GridBased of type NavfnPlanner
[planner_server-4] [INFO] [1756908697.386623046] [planner_server]: Creating bond (planner_server) to lifecycle manager.
[lifecycle_manager-9] [INFO] [1756908697.493738907] [lifecycle_manager_navigation]: Server planner_server connected with bond.
[lifecycle_manager-9] [INFO] [1756908697.493844340] [lifecycle_manager_navigation]: [34m[1mActivating behavior_server[0m[0m
[behavior_server-5] [INFO] [1756908697.494483921] [behavior_server]: Activating
[behavior_server-5] [INFO] [1756908697.494551834] [behavior_server]: Activating spin
[behavior_server-5] [INFO] [1756908697.494576984] [behavior_server]: Activating backup
[behavior_server-5] [INFO] [1756908697.494596716] [behavior_server]: Activating drive_on_heading
[behavior_server-5] [INFO] [1756908697.494615845] [behavior_server]: Activating wait
[behavior_server-5] [INFO] [1756908697.494632643] [behavior_server]: Activating assisted_teleop
[behavior_server-5] [INFO] [1756908697.494658198] [behavior_server]: Creating bond (behavior_server) to lifecycle manager.
[lifecycle_manager-9] [INFO] [1756908697.601843544] [lifecycle_manager_navigation]: Server behavior_server connected with bond.
[lifecycle_manager-9] [INFO] [1756908697.601938774] [lifecycle_manager_navigation]: [34m[1mActivating bt_navigator[0m[0m
[bt_navigator-6] [INFO] [1756908697.602532567] [bt_navigator]: Activating
[bt_navigator-6] [INFO] [1756908697.629664614] [bt_navigator]: Creating bond (bt_navigator) to lifecycle manager.
[lifecycle_manager-9] [INFO] [1756908697.731293470] [lifecycle_manager_navigation]: Server bt_navigator connected with bond.
[lifecycle_manager-9] [INFO] [1756908697.731398209] [lifecycle_manager_navigation]: [34m[1mActivating waypoint_follower[0m[0m
[waypoint_follower-7] [INFO] [1756908697.731983377] [waypoint_follower]: Activating
[waypoint_follower-7] [INFO] [1756908697.732074153] [waypoint_follower]: Creating bond (waypoint_follower) to lifecycle manager.
[lifecycle_manager-9] [INFO] [1756908697.839764933] [lifecycle_manager_navigation]: Server waypoint_follower connected with bond.
[lifecycle_manager-9] [INFO] [1756908697.839864179] [lifecycle_manager_navigation]: [34m[1mActivating velocity_smoother[0m[0m
[velocity_smoother-8] [INFO] [1756908697.840743265] [velocity_smoother]: Activating
[velocity_smoother-8] [INFO] [1756908697.840874238] [velocity_smoother]: Creating bond (velocity_smoother) to lifecycle manager.
[lifecycle_manager-9] [INFO] [1756908697.948456734] [lifecycle_manager_navigation]: Server velocity_smoother connected with bond.
[lifecycle_manager-9] [INFO] [1756908697.948565890] [lifecycle_manager_navigation]: [34m[1mManaged nodes are active[0m[0m
[lifecycle_manager-9] [INFO] [1756908697.948589162] [lifecycle_manager_navigation]: [34m[1mCreating bond timer...[0m[0m
[explore-10] [INFO] [1756908698.351366063] [explore_node]: Waiting to connect to move_base nav2 server
[explore-10] [INFO] [1756908698.351788392] [explore_node]: Connected to move_base nav2 server
[explore-10] [INFO] [1756908698.351805954] [explore_node]: Getting initial pose of the robot
[bt_navigator-6] [INFO] [1756908698.429647590] [bt_navigator]: Begin navigating from current location (0.80, 0.09) to (-1.46, -1.76)
[controller_server-2] [INFO] [1756908698.450049604] [controller_server]: Received a goal, begin computing control effort.
[controller_server-2] [WARN] [1756908698.450075599] [controller_server]: No goal checker was specified in parameter 'current_goal_checker'. Server will use only plugin loaded goal_checker . This warning will appear once.
[controller_server-2] [INFO] [1756908699.550184652] [controller_server]: Passing new path to controller.
[controller_server-2] [INFO] [1756908700.550176857] [controller_server]: Passing new path to controller.
[controller_server-2] [INFO] [1756908701.550242255] [controller_server]: Passing new path to controller.
[controller_server-2] [INFO] [1756908702.650177171] [controller_server]: Passing new path to controller.
[controller_server-2] [INFO] [1756908703.650159113] [controller_server]: Passing new path to controller.
[rviz2-11] [INFO] [1756908704.353467338] [rviz2]: Trying to create a map of size 111 x 105 using 1 swatches
[controller_server-2] [INFO] [1756908704.415398032] [local_costmap.local_costmap]: StaticLayer: Resizing static layer to 111 X 105 at 0.040000 m/pix
[controller_server-2] [INFO] [1756908704.650173037] [controller_server]: Passing new path to controller.
[bt_navigator-6] [INFO] [1756908705.069804684] [bt_navigator]: Received goal preemption request
[bt_navigator-6] [INFO] [1756908705.070128419] [bt_navigator]: Begin navigating from current location (0.23, -0.02) to (0.07, -2.32)
[planner_server-4] [INFO] [1756908705.333682525] [global_costmap.global_costmap]: StaticLayer: Resizing costmap to 111 X 105 at 0.040000 m/pix
[rviz2-11] [INFO] [1756908705.375756254] [rviz2]: Trying to create a map of size 111 x 105 using 1 swatches
[controller_server-2] [INFO] [1756908705.750178755] [controller_server]: Passing new path to controller.
[controller_server-2] [INFO] [1756908706.750169931] [controller_server]: Passing new path to controller.
[controller_server-2] [INFO] [1756908707.750169936] [controller_server]: Passing new path to controller.
[rviz2-11] [INFO] [1756908708.349128768] [rviz2]: Trying to create a map of size 112 x 107 using 1 swatches
[controller_server-2] [INFO] [1756908708.415472740] [local_costmap.local_costmap]: StaticLayer: Resizing static layer to 112 X 107 at 0.040000 m/pix
[controller_server-2] [INFO] [1756908708.750167765] [controller_server]: Passing new path to controller.
[planner_server-4] [INFO] [1756908709.333688859] [global_costmap.global_costmap]: StaticLayer: Resizing costmap to 112 X 107 at 0.040000 m/pix
[rviz2-11] [INFO] [1756908709.374480242] [rviz2]: Trying to create a map of size 112 x 107 using 1 swatches
[controller_server-2] [INFO] [1756908709.850174916] [controller_server]: Passing new path to controller.
[controller_server-2] [INFO] [1756908710.415456192] [local_costmap.local_costmap]: StaticLayer: Resizing static layer to 112 X 107 at 0.040000 m/pix
[controller_server-2] [INFO] [1756908710.850241885] [controller_server]: Passing new path to controller.
[planner_server-4] [INFO] [1756908711.333689988] [global_costmap.global_costmap]: StaticLayer: Resizing costmap to 112 X 107 at 0.040000 m/pix
[bt_navigator-6] [INFO] [1756908711.769922676] [bt_navigator]: Received goal preemption request
[bt_navigator-6] [INFO] [1756908711.770194251] [bt_navigator]: Begin navigating from current location (0.04, -2.02) to (0.86, -1.34)
[controller_server-2] [INFO] [1756908711.850162183] [controller_server]: Passing new path to controller.
[controller_server-2] [INFO] [1756908712.950176088] [controller_server]: Passing new path to controller.
[controller_server-2] [INFO] [1756908713.950166556] [controller_server]: Passing new path to controller.
[controller_server-2] [INFO] [1756908714.950249636] [controller_server]: Passing new path to controller.
[controller_server-2] [INFO] [1756908715.950179383] [controller_server]: Passing new path to controller.
[controller_server-2] [INFO] [1756908717.050174928] [controller_server]: Passing new path to controller.
[controller_server-2] [INFO] [1756908718.050174234] [controller_server]: Passing new path to controller.
[rviz2-11] [INFO] [1756908718.364859942] [rviz2]: Trying to create a map of size 112 x 109 using 1 swatches
[bt_navigator-6] [INFO] [1756908718.409864817] [bt_navigator]: Received goal preemption request
[bt_navigator-6] [INFO] [1756908718.410099235] [bt_navigator]: Begin navigating from current location (0.44, -1.48) to (-1.80, -2.05)
[controller_server-2] [INFO] [1756908718.415449105] [local_costmap.local_costmap]: StaticLayer: Resizing static layer to 112 X 109 at 0.040000 m/pix
[controller_server-2] [INFO] [1756908719.050158570] [controller_server]: Passing new path to controller.
[planner_server-4] [INFO] [1756908719.333759519] [global_costmap.global_costmap]: StaticLayer: Resizing costmap to 112 X 109 at 0.040000 m/pix
[rviz2-11] [INFO] [1756908719.359754569] [rviz2]: Trying to create a map of size 112 x 109 using 1 swatches
[controller_server-2] [INFO] [1756908720.150174684] [controller_server]: Passing new path to controller.
[controller_server-2] [INFO] [1756908721.150173395] [controller_server]: Passing new path to controller.
[controller_server-2] [INFO] [1756908722.150158926] [controller_server]: Passing new path to controller.
[controller_server-2] [INFO] [1756908723.150180620] [controller_server]: Passing new path to controller.
[controller_server-2] [INFO] [1756908724.250174714] [controller_server]: Passing new path to controller.
[controller_server-2] [INFO] [1756908725.250165418] [controller_server]: Passing new path to controller.
[explore-10] [ERROR] [1756908725.319665394] [explore_node]: Extrapolation Error looking up robot pose: Lookup would require extrapolation into the future.  Requested time 1756908725.016420 but the latest data is at time 1756908724.823090, when looking up transform from frame [base_link] to frame [map]
[explore-10] 
[controller_server-2] [INFO] [1756908726.250158252] [controller_server]: Passing new path to controller.
[controller_server-2] [INFO] [1756908727.350173279] [controller_server]: Passing new path to controller.
[controller_server-2] [INFO] [1756908728.350154916] [controller_server]: Passing new path to controller.
[controller_server-2] [INFO] [1756908729.350174497] [controller_server]: Passing new path to controller.
[controller_server-2] [INFO] [1756908730.350170638] [controller_server]: Passing new path to controller.
[controller_server-2] [INFO] [1756908731.450175498] [controller_server]: Passing new path to controller.
[controller_server-2] [INFO] [1756908732.450259037] [controller_server]: Passing new path to controller.
[controller_server-2] [INFO] [1756908733.450177162] [controller_server]: Passing new path to controller.
[rviz2-11] [INFO] [1756908734.364464347] [rviz2]: Trying to create a map of size 113 x 109 using 1 swatches
[controller_server-2] [INFO] [1756908734.415455475] [local_costmap.local_costmap]: StaticLayer: Resizing static layer to 113 X 109 at 0.040000 m/pix
[controller_server-2] [INFO] [1756908734.550171912] [controller_server]: Passing new path to controller.
[planner_server-4] [INFO] [1756908735.333784941] [global_costmap.global_costmap]: StaticLayer: Resizing costmap to 113 X 109 at 0.040000 m/pix
[rviz2-11] [INFO] [1756908735.357388447] [rviz2]: Trying to create a map of size 113 x 109 using 1 swatches
[controller_server-2] [INFO] [1756908735.550172156] [controller_server]: Passing new path to controller.
[controller_server-2] [INFO] [1756908736.415446785] [local_costmap.local_costmap]: StaticLayer: Resizing static layer to 113 X 109 at 0.040000 m/pix
[controller_server-2] [INFO] [1756908736.550178134] [controller_server]: Passing new path to controller.
[planner_server-4] [INFO] [1756908737.333810326] [global_costmap.global_costmap]: StaticLayer: Resizing costmap to 113 X 109 at 0.040000 m/pix
[controller_server-2] [INFO] [1756908737.550173719] [controller_server]: Passing new path to contr