[INFO] [launch]: All log files can be found below /home/robot/.ros/log/2025-09-01-18-12-59-869469-robot-pc04-24108
[INFO] [launch]: Default logging verbosity is set to INFO
[INFO] [async_slam_toolbox_node-1]: process started with pid [24119]
[INFO] [controller_server-2]: process started with pid [24121]
[INFO] [smoother_server-3]: process started with pid [24123]
[INFO] [planner_server-4]: process started with pid [24125]
[INFO] [behavior_server-5]: process started with pid [24127]
[INFO] [bt_navigator-6]: process started with pid [24129]
[INFO] [waypoint_follower-7]: process started with pid [24131]
[INFO] [velocity_smoother-8]: process started with pid [24133]
[INFO] [lifecycle_manager-9]: process started with pid [24135]
[INFO] [explore-10]: process started with pid [24137]
[INFO] [rviz2-11]: process started with pid [24139]
[controller_server-2] [INFO] [1756743179.977434821] [controller_server]: 
[controller_server-2] 	controller_server lifecycle node launched. 
[controller_server-2] 	Waiting on external lifecycle transitions to activate
[controller_server-2] 	See https://design.ros2.org/articles/node_lifecycle.html for more information.
[waypoint_follower-7] [INFO] [1756743179.978239170] [waypoint_follower]: 
[waypoint_follower-7] 	waypoint_follower lifecycle node launched. 
[waypoint_follower-7] 	Waiting on external lifecycle transitions to activate
[waypoint_follower-7] 	See https://design.ros2.org/articles/node_lifecycle.html for more information.
[waypoint_follower-7] [INFO] [1756743179.978660335] [waypoint_follower]: Creating
[lifecycle_manager-9] [INFO] [1756743179.979398344] [lifecycle_manager_navigation]: Creating
[bt_navigator-6] [INFO] [1756743179.979500908] [bt_navigator]: 
[bt_navigator-6] 	bt_navigator lifecycle node launched. 
[bt_navigator-6] 	Waiting on external lifecycle transitions to activate
[bt_navigator-6] 	See https://design.ros2.org/articles/node_lifecycle.html for more information.
[bt_navigator-6] [INFO] [1756743179.979564304] [bt_navigator]: Creating
[async_slam_toolbox_node-1] [INFO] [1756743179.980022421] [slam]: Node using stack size 40000000
[controller_server-2] [INFO] [1756743179.980478958] [controller_server]: Creating controller server
[planner_server-4] [INFO] [1756743179.980481614] [planner_server]: 
[planner_server-4] 	planner_server lifecycle node launched. 
[planner_server-4] 	Waiting on external lifecycle transitions to activate
[planner_server-4] 	See https://design.ros2.org/articles/node_lifecycle.html for more information.
[smoother_server-3] [INFO] [1756743179.980499874] [smoother_server]: 
[smoother_server-3] 	smoother_server lifecycle node launched. 
[smoother_server-3] 	Waiting on external lifecycle transitions to activate
[smoother_server-3] 	See https://design.ros2.org/articles/node_lifecycle.html for more information.
[lifecycle_manager-9] [INFO] [1756743179.980890115] [lifecycle_manager_navigation]: [34m[1mCreating and initializing lifecycle service clients[0m[0m
[planner_server-4] [INFO] [1756743179.981473512] [planner_server]: Creating
[smoother_server-3] [INFO] [1756743179.981596330] [smoother_server]: Creating smoother server
[velocity_smoother-8] [INFO] [1756743179.981834175] [velocity_smoother]: 
[velocity_smoother-8] 	velocity_smoother lifecycle node launched. 
[velocity_smoother-8] 	Waiting on external lifecycle transitions to activate
[velocity_smoother-8] 	See https://design.ros2.org/articles/node_lifecycle.html for more information.
[behavior_server-5] [INFO] [1756743179.982547277] [behavior_server]: 
[behavior_server-5] 	behavior_server lifecycle node launched. 
[behavior_server-5] 	Waiting on external lifecycle transitions to activate
[behavior_server-5] 	See https://design.ros2.org/articles/node_lifecycle.html for more information.
[controller_server-2] [INFO] [1756743179.986043589] [local_costmap.local_costmap]: 
[controller_server-2] 	local_costmap lifecycle node launched. 
[controller_server-2] 	Waiting on external lifecycle transitions to activate
[controller_server-2] 	See https://design.ros2.org/articles/node_lifecycle.html for more information.
[controller_server-2] [INFO] [1756743179.986286244] [local_costmap.local_costmap]: Creating Costmap
[planner_server-4] [INFO] [1756743179.986932978] [global_costmap.global_costmap]: 
[planner_server-4] 	global_costmap lifecycle node launched. 
[planner_server-4] 	Waiting on external lifecycle transitions to activate
[planner_server-4] 	See https://design.ros2.org/articles/node_lifecycle.html for more information.
[explore-10] [INFO] [1756743179.986960670] [explore_node]: Waiting for costmap to become available, topic: map
[lifecycle_manager-9] [INFO] [1756743179.987095276] [lifecycle_manager_navigation]: [34m[1mStarting managed nodes bringup...[0m[0m
[lifecycle_manager-9] [INFO] [1756743179.987120698] [lifecycle_manager_navigation]: [34m[1mConfiguring controller_server[0m[0m
[planner_server-4] [INFO] [1756743179.987129963] [global_costmap.global_costmap]: Creating Costmap
[controller_server-2] [INFO] [1756743179.987242370] [controller_server]: Configuring controller interface
[controller_server-2] [INFO] [1756743179.987328017] [controller_server]: getting goal checker plugins..
[controller_server-2] [INFO] [1756743179.987385214] [controller_server]: Controller frequency set to 10.0000Hz
[controller_server-2] [INFO] [1756743179.987404018] [local_costmap.local_costmap]: Configuring
[controller_server-2] [INFO] [1756743179.989566788] [local_costmap.local_costmap]: Using plugin "static_layer"
[controller_server-2] [INFO] [1756743179.991011345] [local_costmap.local_costmap]: Subscribing to the map topic (/map) with transient local durability
[controller_server-2] [INFO] [1756743179.991469584] [local_costmap.local_costmap]: Initialized plugin "static_layer"
[controller_server-2] [INFO] [1756743179.991479648] [local_costmap.local_costmap]: Using plugin "obstacle_layer"
[controller_server-2] [INFO] [1756743179.991597033] [local_costmap.local_costmap]: Subscribed to Topics: scan
[controller_server-2] [INFO] [1756743179.992765620] [local_costmap.local_costmap]: Initialized plugin "obstacle_layer"
[controller_server-2] [INFO] [1756743179.992783467] [local_costmap.local_costmap]: Using plugin "inflation_layer"
[controller_server-2] [INFO] [1756743179.993591981] [local_costmap.local_costmap]: Initialized plugin "inflation_layer"
[controller_server-2] [INFO] [1756743179.998168856] [controller_server]: Created progress_checker : progress_checker of type nav2_controller::SimpleProgressChecker
[controller_server-2] [INFO] [1756743179.998432518] [controller_server]: Created goal checker : goal_checker of type nav2_controller::SimpleGoalChecker
[controller_server-2] [INFO] [1756743179.998540442] [controller_server]: Controller Server has goal_checker  goal checkers available.
[controller_server-2] [INFO] [1756743179.998794881] [controller_server]: Created controller : FollowPath of type nav2_regulated_pure_pursuit_controller::RegulatedPurePursuitController
[controller_server-2] [INFO] [1756743179.999875220] [controller_server]: Controller Server has FollowPath  controllers available.
[async_slam_toolbox_node-1] [INFO] [1756743180.000011059] [slam]: Using solver plugin solver_plugins::CeresSolver
[async_slam_toolbox_node-1] [INFO] [1756743180.000094114] [slam]: CeresSolver: Using SCHUR_JACOBI preconditioner.
[lifecycle_manager-9] [INFO] [1756743180.001839766] [lifecycle_manager_navigation]: [34m[1mConfiguring smoother_server[0m[0m
[smoother_server-3] [INFO] [1756743180.001935860] [smoother_server]: Configuring smoother server
[smoother_server-3] [INFO] [1756743180.004864573] [smoother_server]: Created smoother : simple_smoother of type nav2_smoother::SimpleSmoother
[smoother_server-3] [INFO] [1756743180.004998533] [smoother_server]: Smoother Server has simple_smoother  smoothers available.
[lifecycle_manager-9] [INFO] [1756743180.006429339] [lifecycle_manager_navigation]: [34m[1mConfiguring planner_server[0m[0m
[planner_server-4] [INFO] [1756743180.006544552] [planner_server]: Configuring
[planner_server-4] [INFO] [1756743180.006577983] [global_costmap.global_costmap]: Configuring
[planner_server-4] [INFO] [1756743180.009342837] [global_costmap.global_costmap]: Using plugin "static_layer"
[planner_server-4] [INFO] [1756743180.011625883] [global_costmap.global_costmap]: Subscribing to the map topic (/map) with transient local durability
[planner_server-4] [INFO] [1756743180.012467848] [global_costmap.global_costmap]: Initialized plugin "static_layer"
[planner_server-4] [INFO] [1756743180.012487075] [global_costmap.global_costmap]: Using plugin "obstacle_layer"
[planner_server-4] [INFO] [1756743180.012735738] [global_costmap.global_costmap]: Subscribed to Topics: scan
[planner_server-4] [INFO] [1756743180.014374817] [global_costmap.global_costmap]: Initialized plugin "obstacle_layer"
[planner_server-4] [INFO] [1756743180.014400864] [global_costmap.global_costmap]: Using plugin "inflation_layer"
[planner_server-4] [INFO] [1756743180.014822793] [global_costmap.global_costmap]: Initialized plugin "inflation_layer"
[planner_server-4] [INFO] [1756743180.019770257] [planner_server]: Created global planner plugin GridBased of type nav2_navfn_planner/NavfnPlanner
[planner_server-4] [INFO] [1756743180.019800315] [planner_server]: Configuring plugin GridBased of type NavfnPlanner
[planner_server-4] [INFO] [1756743180.020041920] [planner_server]: Planner Server has GridBased  planners available.
[lifecycle_manager-9] [INFO] [1756743180.024487197] [lifecycle_manager_navigation]: [34m[1mConfiguring behavior_server[0m[0m
[behavior_server-5] [INFO] [1756743180.024591727] [behavior_server]: Configuring
[behavior_server-5] [INFO] [1756743180.027255625] [behavior_server]: Creating behavior plugin spin of type nav2_behaviors/Spin
[behavior_server-5] [INFO] [1756743180.027586403] [behavior_server]: Configuring spin
[behavior_server-5] [INFO] [1756743180.030016080] [behavior_server]: Creating behavior plugin backup of type nav2_behaviors/BackUp
[behavior_server-5] [INFO] [1756743180.030715073] [behavior_server]: Configuring backup
[behavior_server-5] [INFO] [1756743180.034689904] [behavior_server]: Creating behavior plugin drive_on_heading of type nav2_behaviors/DriveOnHeading
[behavior_server-5] [INFO] [1756743180.035470518] [behavior_server]: Configuring drive_on_heading
[behavior_server-5] [INFO] [1756743180.039432066] [behavior_server]: Creating behavior plugin wait of type nav2_behaviors/Wait
[behavior_server-5] [INFO] [1756743180.040000276] [behavior_server]: Configuring wait
[behavior_server-5] [INFO] [1756743180.043222640] [behavior_server]: Creating behavior plugin assisted_teleop of type nav2_behaviors/AssistedTeleop
[behavior_server-5] [INFO] [1756743180.044622384] [behavior_server]: Configuring assisted_teleop
[lifecycle_manager-9] [INFO] [1756743180.047767335] [lifecycle_manager_navigation]: [34m[1mConfiguring bt_navigator[0m[0m
[bt_navigator-6] [INFO] [1756743180.048040271] [bt_navigator]: Configuring
[lifecycle_manager-9] [INFO] [1756743180.068419450] [lifecycle_manager_navigation]: [34m[1mConfiguring waypoint_follower[0m[0m
[waypoint_follower-7] [INFO] [1756743180.068609477] [waypoint_follower]: Configuring
[waypoint_follower-7] [INFO] [1756743180.073704985] [waypoint_follower]: Created waypoint_task_executor : wait_at_waypoint of type nav2_waypoint_follower::WaitAtWaypoint
[lifecycle_manager-9] [INFO] [1756743180.073979168] [lifecycle_manager_navigation]: [34m[1mConfiguring velocity_smoother[0m[0m
[velocity_smoother-8] [INFO] [1756743180.074137267] [velocity_smoother]: Configuring velocity smoother
[lifecycle_manager-9] [INFO] [1756743180.075877098] [lifecycle_manager_navigation]: [34m[1mActivating controller_server[0m[0m
[controller_server-2] [INFO] [1756743180.075980347] [controller_server]: Activating
[controller_server-2] [INFO] [1756743180.076016413] [local_costmap.local_costmap]: Activating
[controller_server-2] [INFO] [1756743180.076030441] [local_costmap.local_costmap]: Checking transform
[controller_server-2] [INFO] [1756743180.076050798] [local_costmap.local_costmap]: Timed out waiting for transform from base_link to odom to become available, tf error: Invalid frame ID "odom" passed to canTransform argument target_frame - frame does not exist
[rviz2-11] [INFO] [1756743180.370089769] [rviz2]: Stereo is NOT SUPPORTED
[rviz2-11] [INFO] [1756743180.370146886] [rviz2]: OpenGl version: 4.6 (GLSL 4.6)
[rviz2-11] [INFO] [1756743180.470088700] [rviz2]: Stereo is NOT SUPPORTED
[controller_server-2] [INFO] [1756743180.576110341] [local_costmap.local_costmap]: Timed out waiting for transform from base_link to odom to become available, tf error: Invalid frame ID "odom" passed to canTransform argument target_frame - frame does not exist
[controller_server-2] [INFO] [1756743181.076118393] [local_costmap.local_costmap]: Timed out waiting for transform from base_link to odom to become available, tf error: Invalid frame ID "odom" passed to canTransform argument target_frame - frame does not exist
[controller_server-2] [INFO] [1756743181.576145700] [local_costmap.local_costmap]: Timed out waiting for transform from base_link to odom to become available, tf error: Invalid frame ID "odom" passed to canTransform argument target_frame - frame does not exist
[controller_server-2] [INFO] [1756743182.076158041] [local_costmap.local_costmap]: Timed out waiting for transform from base_link to odom to become available, tf error: Invalid frame ID "odom" passed to canTransform argument target_frame - frame does not exist
[controller_server-2] [INFO] [1756743182.576089956] [local_costmap.local_costmap]: Timed out waiting for transform from base_link to odom to become available, tf error: Invalid frame ID "odom" passed to canTransform argument target_frame - frame does not exist
[controller_server-2] [INFO] [1756743183.076236492] [local_costmap.local_costmap]: start
[controller_server-2] [INFO] [1756743183.277551835] [controller_server]: Activating controller: FollowPath of type regulated_pure_pursuit_controller::RegulatedPurePursuitController
[controller_server-2] [INFO] [1756743183.277671920] [controller_server]: Creating bond (controller_server) to lifecycle manager.
[lifecycle_manager-9] [INFO] [1756743183.386862168] [lifecycle_manager_navigation]: Server controller_server connected with bond.
[lifecycle_manager-9] [INFO] [1756743183.386888333] [lifecycle_manager_navigation]: [34m[1mActivating smoother_server[0m[0m
[smoother_server-3] [INFO] [1756743183.387058939] [smoother_server]: Activating
[smoother_server-3] [INFO] [1756743183.387092081] [smoother_server]: Creating bond (smoother_server) to lifecycle manager.
[lifecycle_manager-9] [INFO] [1756743183.489020280] [lifecycle_manager_navigation]: Server smoother_server connected with bond.
[lifecycle_manager-9] [INFO] [1756743183.489116200] [lifecycle_manager_navigation]: [34m[1mActivating planner_server[0m[0m
[planner_server-4] [INFO] [1756743183.489592178] [planner_server]: Activating
[planner_server-4] [INFO] [1756743183.489678857] [global_costmap.global_costmap]: Activating
[planner_server-4] [INFO] [1756743183.489701701] [global_costmap.global_costmap]: Checking transform
[planner_server-4] [INFO] [1756743183.489745317] [global_costmap.global_costmap]: Timed out waiting for transform from base_link to map to become available, tf error: Invalid frame ID "map" passed to canTransform argument target_frame - frame does not exist
[planner_server-4] [INFO] [1756743183.989811430] [global_costmap.global_costmap]: Timed out waiting for transform from base_link to map to become available, tf error: Invalid frame ID "map" passed to canTransform argument target_frame - frame does not exist
[planner_server-4] [INFO] [1756743184.489884550] [global_costmap.global_costmap]: Timed out waiting for transform from base_link to map to become available, tf error: Invalid frame ID "map" passed to canTransform argument target_frame - frame does not exist
[planner_server-4] [INFO] [1756743184.989778853] [global_costmap.global_costmap]: Timed out waiting for transform from base_link to map to become available, tf error: Invalid frame ID "map" passed to canTransform argument target_frame - frame does not exist
[controller_server-2] [WARN] [1756743185.076457178] [local_costmap.local_costmap]: Can't update static costmap layer, no map received
[planner_server-4] [INFO] [1756743185.489806735] [global_costmap.global_costmap]: Timed out waiting for transform from base_link to map to become available, tf error: Invalid frame ID "map" passed to canTransform argument target_frame - frame does not exist
[planner_server-4] [INFO] [1756743185.989798111] [global_costmap.global_costmap]: Timed out waiting for transform from base_link to map to become available, tf error: Invalid frame ID "map" passed to canTransform argument target_frame - frame does not exist
[planner_server-4] [INFO] [1756743186.489862739] [global_costmap.global_costmap]: Timed out waiting for transform from base_link to map to become available, tf error: Invalid frame ID "map" passed to canTransform argument target_frame - frame does not exist
[async_slam_toolbox_node-1] [WARN] [1756743186.628675152] [slam]: minimum laser range setting (0.0 m) exceeds the capabilities of the used Lidar (0.1 m)
[rviz2-11] [INFO] [1756743186.965249356] [rviz2]: Trying to create a map of size 100 x 100 using 1 swatches
[planner_server-4] [INFO] [1756743186.990057117] [global_costmap.global_costmap]: start
[controller_server-2] [WARN] [1756743187.077233717] [local_costmap.local_costmap]: Can't update static costmap layer, no map received
[planner_server-4] [INFO] [1756743187.992052666] [planner_server]: Activating plugin GridBased of type NavfnPlanner
[planner_server-4] [INFO] [1756743187.993622536] [planner_server]: Creating bond (planner_server) to lifecycle manager.
[planner_server-4] [INFO] [1756743188.003775367] [global_costmap.global_costmap]: StaticLayer: Resizing costmap to 87 X 108 at 0.040000 m/pix
[controller_server-2] [INFO] [1756743188.003795891] [local_costmap.local_costmap]: StaticLayer: Resizing static layer to 87 X 108 at 0.040000 m/pix
[rviz2-11] [INFO] [1756743188.020720030] [rviz2]: Trying to create a map of size 87 x 108 using 1 swatches
[rviz2-11] [INFO] [1756743188.021216610] [rviz2]: Trying to create a map of size 100 x 100 using 1 swatches
[lifecycle_manager-9] [INFO] [1756743188.098549036] [lifecycle_manager_navigation]: Server planner_server connected with bond.
[lifecycle_manager-9] [INFO] [1756743188.098673677] [lifecycle_manager_navigation]: [34m[1mActivating behavior_server[0m[0m
[behavior_server-5] [INFO] [1756743188.099352887] [behavior_server]: Activating
[behavior_server-5] [INFO] [1756743188.099417671] [behavior_server]: Activating spin
[behavior_server-5] [INFO] [1756743188.099439279] [behavior_server]: Activating backup
[behavior_server-5] [INFO] [1756743188.099454217] [behavior_server]: Activating drive_on_heading
[behavior_server-5] [INFO] [1756743188.099468716] [behavior_server]: Activating wait
[behavior_server-5] [INFO] [1756743188.099482868] [behavior_server]: Activating assisted_teleop
[behavior_server-5] [INFO] [1756743188.099504365] [behavior_server]: Creating bond (behavior_server) to lifecycle manager.
[lifecycle_manager-9] [INFO] [1756743188.207228530] [lifecycle_manager_navigation]: Server behavior_server connected with bond.
[lifecycle_manager-9] [INFO] [1756743188.207333452] [lifecycle_manager_navigation]: [34m[1mActivating bt_navigator[0m[0m
[bt_navigator-6] [INFO] [1756743188.208058585] [bt_navigator]: Activating
[rviz2-11] [ERROR] [1756743188.240737155] [rviz2]: Lookup would require extrapolation into the future.  Requested time 1756743188.198434 but the latest data is at time 1756743188.191463, when looking up transform from frame [laser] to frame [map]
[bt_navigator-6] [INFO] [1756743188.246544868] [bt_navigator]: Creating bond (bt_navigator) to lifecycle manager.
[lifecycle_manager-9] [INFO] [1756743188.348262261] [lifecycle_manager_navigation]: Server bt_navigator connected with bond.
[lifecycle_manager-9] [INFO] [1756743188.348357565] [lifecycle_manager_navigation]: [34m[1mActivating waypoint_follower[0m[0m
[waypoint_follower-7] [INFO] [1756743188.349008192] [waypoint_follower]: Activating
[waypoint_follower-7] [INFO] [1756743188.349099131] [waypoint_follower]: Creating bond (waypoint_follower) to lifecycle manager.
[lifecycle_manager-9] [INFO] [1756743188.457363199] [lifecycle_manager_navigation]: Server waypoint_follower connected with bond.
[lifecycle_manager-9] [INFO] [1756743188.457459958] [lifecycle_manager_navigation]: [34m[1mActivating velocity_smoother[0m[0m
[velocity_smoother-8] [INFO] [1756743188.458109995] [velocity_smoother]: Activating
[velocity_smoother-8] [INFO] [1756743188.458236313] [velocity_smoother]: Creating bond (velocity_smoother) to lifecycle manager.
[lifecycle_manager-9] [INFO] [1756743188.566508688] [lifecycle_manager_navigation]: Server velocity_smoother connected with bond.
[lifecycle_manager-9] [INFO] [1756743188.566606815] [lifecycle_manager_navigation]: [34m[1mManaged nodes are active[0m[0m
[lifecycle_manager-9] [INFO] [1756743188.566631711] [lifecycle_manager_navigation]: [34m[1mCreating bond timer...[0m[0m
[rviz2-11] [INFO] [1756743189.010019533] [rviz2]: Trying to create a map of size 87 x 108 using 1 swatches
[explore-10] [INFO] [1756743190.008796159] [explore_node]: Waiting to connect to move_base nav2 server
[explore-10] [INFO] [1756743190.009138227] [explore_node]: Connected to move_base nav2 server
[explore-10] [INFO] [1756743190.009150011] [explore_node]: Getting initial pose of the robot
[bt_navigator-6] [INFO] [1756743190.080976334] [bt_navigator]: Begin navigating from current location (1.99, 0.86) to (1.05, 0.01)
[controller_server-2] [INFO] [1756743190.102530465] [controller_server]: Received a goal, begin computing control effort.
[controller_server-2] [WARN] [1756743190.102636186] [controller_server]: No goal checker was specified in parameter 'current_goal_checker'. Server will use only plugin loaded goal_checker . This warning will appear once.
[controller_server-2] [INFO] [1756743191.202778038] [controller_server]: Passing new path to controller.
[controller_server-2] [INFO] [1756743192.202775912] [controller_server]: Passing new path to controller.
[controller_server-2] [WARN] [1756743192.203884044] [controller_server]: RegulatedPurePursuitController detected collision ahead!
[controller_server-2] [WARN] [1756743192.303620516] [controller_server]: RegulatedPurePursuitController detected collision ahead!
[controller_server-2] [WARN] [1756743192.403558607] [controller_server]: RegulatedPurePursuitController detected collision ahead!
[controller_server-2] [WARN] [1756743192.503641907] [controller_server]: RegulatedPurePursuitController detected collision ahead!
[controller_server-2] [WARN] [1756743192.603436693] [controller_server]: RegulatedPurePursuitController detected collision ahead!
[controller_server-2] [WARN] [1756743192.703279716] [controller_server]: RegulatedPurePursuitController detected collision ahead!
[controller_server-2] [WARN] [1756743192.803637532] [controller_server]: RegulatedPurePursuitController detected collision ahead!
[controller_server-2] [WARN] [1756743192.903618409] [controller_server]: RegulatedPurePursuitController detected collision ahead!
[controller_server-2] [WARN] [1756743193.003630869] [controller_server]: RegulatedPurePursuitController detected collision ahead!
[controller_server-2] [WARN] [1756743193.103474047] [controller_server]: RegulatedPurePursuitController detected collision ahead!
[controller_server-2] [INFO] [1756743193.202775808] [controller_server]: Passing new path to controller.
[controller_server-2] [WARN] [1756743193.203850937] [controller_server]: RegulatedPurePursuitController detected collision ahead!
[controller_server-2] [WARN] [1756743193.303528186] [controller_server]: RegulatedPurePursuitController detected collision ahead!
[controller_server-2] [WARN] [1756743193.403685731] [controller_server]: RegulatedPurePursuitController detected collision ahead!
[controller_server-2] [WARN] [1756743193.503440845] [controller_server]: RegulatedPurePursuitController detected collision ahead!
[controller_server-2] [WARN] [1756743193.603330568] [controller_server]: RegulatedPurePursuitController detected collision ahead!
[controller_server-2] [WARN] [1756743193.703632423] [controller_server]: RegulatedPurePursuitController detected collision ahead!
[controller_server-2] [WARN] [1756743193.802910349] [controller_server]: RegulatedPurePursuitController detected collision ahead!
[controller_server-2] [WARN] [1756743193.903718863] [controller_server]: RegulatedPurePursuitController detected collision ahead!
[controller_server-2] [WARN] [1756743194.003636565] [controller_server]: RegulatedPurePursuitController detected collision ahead!
[controller_server-2] [WARN] [1756743194.103641899] [controller_server]: RegulatedPurePursuitController detected collision ahead!
[controller_server-2] [ERROR] [1756743194.103783807] [controller_server]: Controller patience exceeded
[controller_server-2] [WARN] [1756743194.103867353] [controller_server]: [follow_path] [ActionServer] Aborting handle.
[controller_server-2] [INFO] [1756743194.121683949] [local_costmap.local_costmap]: Received request to clear entirely the local_costmap
[controller_server-2] [INFO] [1756743194.124470513] [controller_server]: Received a goal, begin computing control effort.
[controller_server-2] [INFO] [1756743194.284664569] [controller_server]: Passing new path to controller.
[controller_server-2] [WARN] [1756743194.285737345] [controller_server]: RegulatedPurePursuitController detected collision ahead!
[controller_server-2] [WARN] [1756743194.285843696] [controller_server]: Control loop missed its desired rate of 10.0000Hz
[controller_server-2] [WARN] [1756743194.286621478] [controller_server]: RegulatedPurePursuitController detected collision ahead!
[controller_server-2] [WARN] [1756743194.325437363] [controller_server]: RegulatedPurePursuitController detected collision ahead!
[controller_server-2] [WARN] [1756743194.425604605] [controller_server]: RegulatedPurePursuitController detected collision ahead!
[controller_server-2] [WARN] [1756743194.525599828] [controller_server]: RegulatedPurePursuitController detected collision ahead!
[controller_server-2] [WARN] [1756743194.625583772] [controller_server]: RegulatedPurePursuitController detected collision ahead!
[controller_server-2] [WARN] [1756743194.725600129] [controller_server]: RegulatedPurePursuitController detected collision ahead!
[controller_server-2] [WARN] [1756743194.825601231] [controller_server]: RegulatedPurePursuitController detected collision ahead!
[controller_server-2] [WARN] [1756743194.925592255] [controller_server]: RegulatedPurePursuitController detected collision ahead!
[controller_server-2] [WARN] [1756743195.025599828] [controller_server]: RegulatedPurePursuitController detected collision ahead!
[controller_server-2] [WARN] [1756743195.125588878] [controller_server]: RegulatedPurePursuitController detected collision ahead!
[controller_server-2] [WARN] [1756743195.225604573] [controller_server]: RegulatedPurePursuitController detected collision ahead!
[controller_server-2] [INFO] [1756743195.324661403] [controller_server]: Passing new path to controller.
[controller_server-2] [WARN] [1756743195.345812447] [controller_server]: RegulatedPurePursuitController detected collision ahead!
[controller_server-2] [WARN] [1756743195.425538905] [controller_server]: RegulatedPurePursuitController detected collision ahead!
[controller_server-2] [WARN] [1756743195.525597533] [controller_server]: RegulatedPurePursuitController detected collision ahead!
[controller_server-2] [WARN] [1756743195.625602278] [controller_server]: RegulatedPurePursuitController detected collision ahead!
[controller_server-2] [WARN] [1756743195.725526027] [controller_server]: RegulatedPurePursuitController detected collision ahead!
[controller_server-2] [WARN] [1756743195.825477715] [controller_server]: RegulatedPurePursuitController detected collision ahead!
[controller_server-2] [WARN] [1756743195.925599788] [controller_server]: RegulatedPurePursuitController detected collision ahead!
[controller_server-2] [WARN] [1756743196.025248338] [controller_server]: RegulatedPurePursuitController detected collision ahead!
[controller_server-2] [WARN] [1756743196.125607114] [controller_server]: RegulatedPurePursuitController detected collision ahead!
[controller_server-2] [ERROR] [1756743196.125707068] [controller_server]: Controller patience exceeded
[controller_server-2] [WARN] [1756743196.125785973] [controller_server]: [follow_path] [ActionServer] Aborting handle.
[controller_server-2] [INFO] [1756743196.141449590] [local_costmap.local_costmap]: Received request to clear entirely the local_costmap
[planner_server-4] [INFO] [1756743196.143335815] [global_costmap.global_costmap]: Received request to clear entirely the global_costmap
[controller_server-2] [INFO] [1756743197.012033814] [controller_server]: Received a goal, begin computing control effort.
[controller_server-2] [WARN] [1756743197.013020477] [controller_server]: RegulatedPurePursuitController detected collision ahead!
[controller_server-2] [WARN] [1756743197.113112404] [controller_server]: RegulatedPurePursuitController detected collision ahead!
[controller_server-2] [WARN] [1756743197.213145686] [controller_server]: RegulatedPurePursuitController detected collision ahead!
[controller_server-2] [WARN] [1756743197.313122899] [controller_server]: RegulatedPurePursuitController detected collision ahead!
[controller_server-2] [WARN] [1756743197.413113116] [controller_server]: RegulatedPurePursuitController detected collision ahead!
[controller_server-2] [WARN] [1756743197.513102556] [controller_server]: RegulatedPurePursuitController detected collision ahead!
[controller_server-2] [WARN] [1756743197.613109063] [controller_server]: RegulatedPurePursuitController detected collision ahead!
[controller_server-2] [WARN] [1756743197.713114615] [controller_server]: RegulatedPurePursuitController detected collision ahead!
[controller_server-2] [WARN] [1756743197.813103737] [controller_server]: RegulatedPurePursuitController detected collision ahead!
[controller_server-2] [WARN] [1756743197.913112781] [controller_server]: RegulatedPurePursuitController detected collision ahead!
[controller_server-2] [WARN] [1756743198.012868593] [controller_server]: RegulatedPurePursuitController detected collision ahead!
[controller_server-2] [INFO] [1756743198.112245993] [controller_server]: Passing new path to controller.
[controller_server-2] [WARN] [1756743198.113289755] [controller_server]: RegulatedPurePursuitController detected collision ahead!
[controller_server-2] [WARN] [1756743198.213117400] [controller_server]: RegulatedPurePursuitController detected collision ahead!
[controller_server-2] [WARN] [1756743198.313103970] [controller_server]: RegulatedPurePursuitController detected collision ahead!
[controller_server-2] [WARN] [1756743198.413132750] [controller_server]: RegulatedPurePursuitController detected collision ahead!
[controller_server-2] [WARN] [1756743198.513124820] [controller_server]: RegulatedPurePursuitController detected collision ahead!
[controller_server-2] [WARN] [1756743198.613196249] [controller_server]: RegulatedPurePursuitController detected collision ahead!
[controller_server-2] [WARN] [1756743198.712845284] [controller_server]: RegulatedPurePursuitController detected collision ahead!
[controller_server-2] [WARN] [1756743198.813104589] [controller_server]: RegulatedPurePursuitController detected collision ahead!
[controller_server-2] [WARN] [1756743198.913091498] [controller_server]: RegulatedPurePursuitController detected collision ahead!
[controller_server-2] [WARN] [1756743199.013103243] [controller_server]: RegulatedPurePursuitController detected collision ahead!
[controller_server-2] [ERROR] [1756743199.013202816] [controller_server]: Controller patience exceeded
[controller_server-2] [WARN] [1756743199.013278796] [controller_server]: [follow_path] [ActionServer] Aborting handle.
[controller_server-2] [INFO] [1756743199.031503984] [local_costmap.local_costmap]: Received request to clear entirely the local_costmap
[controller_server-2] [INFO] [1756743199.033151764] [controller_server]: Received a goal, begin computing control effort.
[controller_server-2] [INFO] [1756743199.083343564] [controller_server]: Passing new path to controller.
[controller_server-2] [WARN] [1756743199.084426938] [controller_server]: RegulatedPurePursuitController detected collision ahead!
[controller_server-2] [WARN] [1756743199.134240697] [controller_server]: RegulatedPurePursuitController detected collision ahead!
[controller_server-2] [WARN] [1756743199.234286440] [controller_server]: RegulatedPurePursuitController detected collision ahead!
[controller_server-2] [WARN] [1756743199.334266883] [controller_server]: RegulatedPurePursuitController detected collision ahead!
[controller_server-2] [WARN] [1756743199.434285649] [controller_server]: RegulatedPurePursuitController detected collision ahead!
[controller_server-2] [WARN] [1756743199.534293319] [controller_server]: RegulatedPurePursuitController detected collision ahead!
[controller_server-2] [ERROR] [1756743199.734698114] [controller_server]: Exception in transformPose: Lookup would require extrapolation into the future.  Requested time 1756743199.487683 but the latest data is at time 1756743199.226918, when looking up transform from frame [odom] to frame [map]
[controller_server-2] [WARN] [1756743199.734834584] [controller_server]: Unable to transform robot pose into global plan's frame
[controller_server-2] [WARN] [1756743199.735046297] [controller_server]: Control loop missed its desired rate of 10.0000Hz
[controller_server-2] [ERROR] [1756743199.838339985] [controller_server]: Exception in transformPose: Lookup would require extrapolation into the future.  Requested time 1756743199.487683 but the latest data is at time 1756743199.226918, when looking up transform from frame [odom] to frame [map]
[controller_server-2] [WARN] [1756743199.838461232] [controller_server]: Unable to transform robot pose into global plan's frame
[controller_server-2] [WARN] [1756743199.838644428] [controller_server]: Control loop missed its desired rate of 10.0000Hz
[controller_server-2] [ERROR] [1756743199.940906850] [controller_server]: Exception in transformPose: Lookup would require extrapolation into the future.  Requested time 1756743199.487683 but the latest data is at time 1756743199.226918, when looking up transform from frame [odom] to frame [map]
[controller_server-2] [WARN] [1756743199.941050977] [controller_server]: Unable to transform robot pose into global plan's frame
[controller_server-2] [WARN] [1756743199.941322386] [controller_server]: Control loop missed its desired rate of 10.0000Hz
[controller_server-2] [ERROR] [1756743200.044876915] [controller_server]: Exception in transformPose: Lookup would require extrapolation into the future.  Requested time 1756743199.487683 but the latest data is at time 1756743199.226918, when looking up transform from frame [odom] to frame [map]
[controller_server-2] [WARN] [1756743200.045010694] [controller_server]: Unable to transform robot pose into global plan's frame
[controller_server-2] [WARN] [1756743200.045199302] [controller_server]: Control loop missed its desired rate of 10.0000Hz
[controller_server-2] [ERROR] [1756743200.146227483] [controller_server]: Exception in transformPose: Lookup would require extrapolation into the future.  Requested time 1756743199.487683 but the latest data is at time 1756743199.226918, when looking up transform from frame [odom] to frame [map]
[controller_server-2] [WARN] [1756743200.146391220] [controller_server]: Unable to transform robot pose into global plan's frame
[controller_server-2] [WARN] [1756743200.146582372] [controller_server]: Control loop missed its desired rate of 10.0000Hz
[controller_server-2] [INFO] [1756743200.146609378] [controller_server]: Passing new path to controller.
[controller_server-2] [ERROR] [1756743200.249820194] [controller_server]: Exception in transformPose: Lookup would require extrapolation into the future.  Requested time 1756743199.887733 but the latest data is at time 1756743199.761883, when looking up transform from frame [odom] to frame [map]
[controller_server-2] [WARN] [1756743200.249904534] [controller_server]: Unable to transform robot pose into global plan's frame
[controller_server-2] [WARN] [1756743200.250053139] [controller_server]: Control loop missed its desired rate of 10.0000Hz
[controller_server-2] [WARN] [1756743200.270839165] [controller_server]: RegulatedPurePursuitController detected collision ahead!
[controller_server-2] [WARN] [1756743200.334207365] [controller_server]: RegulatedPurePursuitController detected collision ahead!
[controller_server-2] [WARN] [1756743200.434210609] [controller_server]: RegulatedPurePursuitController detected collision ahead!
[controller_server-2] [WARN] [1756743200.534057880] [controller_server]: RegulatedPurePursuitController detected collision ahead!
[controller_server-2] [WARN] [1756743200.634283415] [controller_server]: RegulatedPurePursuitController detected collision ahead!
[controller_server-2] [WARN] [1756743200.734276532] [controller_server]: RegulatedPurePursuitController detected collision ahead!
[controller_server-2] [WARN] [1756743200.834287782] [controller_server]: RegulatedPurePursuitController detected collision ahead!
[controller_server-2] [WARN] [1756743200.934175995] [controller_server]: RegulatedPurePursuitController detected collision ahead!
[controller_server-2] [WARN] [1756743201.034379289] [controller_server]: RegulatedPurePursuitController detected collision ahead!
[controller_server-2] [ERROR] [1756743201.034481680] [controller_server]: Controller patience exceeded
[controller_server-2] [WARN] [1756743201.034566101] [controller_server]: [follow_path] [ActionServer] Aborting handle.
[behavior_server-5] [INFO] [1756743201.052116016] [behavior_server]: Running spin
[behavior_server-5] [INFO] [1756743201.052422176] [behavior_server]: Turning 1.57 for spin behavior.
[behavior_server-5] [WARN] [1756743203.152884451] [behavior_server]: Collision Ahead - Exiting Spin
[behavior_server-5] [WARN] [1756743203.152961874] [behavior_server]: spin failed
[behavior_server-5] [WARN] [1756743203.152989686] [behavior_server]: [spin] [ActionServer] Aborting handle.
[behavior_server-5] [INFO] [1756743203.181820547] [behavior_server]: Running wait
[behavior_server-5] [INFO] [1756743208.182107786] [behavior_server]: wait completed successfully
[controller_server-2] [INFO] [1756743208.232090721] [controller_server]: Received a goal, begin computing control effort.
[controller_server-2] [WARN] [1756743208.233080144] [controller_server]: RegulatedPurePursuitController detected collision ahead!
[controller_server-2] [WARN] [1756743208.333241473] [controller_server]: RegulatedPurePursuitController detected collision ahead!
[controller_server-2] [WARN] [1756743208.433377467] [controller_server]: RegulatedPurePursuitController detected collision ahead!
[controller_server-2] [WARN] [1756743208.533906994] [controller_server]: RegulatedPurePursuitController detected collision ahead!
[controller_server-2] [WARN] [1756743208.633925548] [controller_server]: RegulatedPurePursuitController detected collision ahead!
[controller_server-2] [WARN] [1756743208.733927418] [controller_server]: RegulatedPurePursuitController detected collision ahead!
[controller_server-2] [WARN] [1756743208.833925011] [controller_server]: RegulatedPurePursuitController detected collision ahead!
[controller_server-2] [WARN] [1756743208.933843903] [controller_server]: RegulatedPurePursuitController detected collision ahead!
[controller_server-2] [WARN] [1756743209.033925916] [controller_server]: RegulatedPurePursuitController detected collision ahead!
[controller_server-2] [WARN] [1756743209.133929960] [controller_server]: RegulatedPurePursuitController detected collision ahead!
[controller_server-2] [WARN] [1756743209.233911513] [controller_server]: RegulatedPurePursuitController detected collision ahead!
[controller_server-2] [INFO] [1756743209.332390704] [controller_server]: Passing new path to controller.
[controller_server-2] [WARN] [1756743209.334165157] [controller_server]: RegulatedPurePursuitController detected collision ahead!
[controller_server-2] [WARN] [1756743209.433843888] [controller_server]: RegulatedPurePursuitController detected collision ahead!
[controller_server-2] [WARN] [1756743209.533828271] [controller_server]: RegulatedPurePursuitController detected collision ahead!
[controller_server-2] [WARN] [1756743209.633837099] [controller_server]: RegulatedPurePursuitController detected collision ahead!
[controller_server-2] [WARN] [1756743209.732639175] [controller_server]: RegulatedPurePursuitController detected collision ahead!
[controller_server-2] [WARN] [1756743209.832631517] [controller_server]: RegulatedPurePursuitController detected collision ahead!
[controller_server-2] [WARN] [1756743209.932695594] [controller_server]: RegulatedPurePursuitController detected collision ahead!
[controller_server-2] [WARN] [1756743210.033917641] [controller_server]: RegulatedPurePursuitController detected collision ahead!
[controller_server-2] [WARN] [1756743210.133874198] [controller_server]: RegulatedPurePursuitController detected collision ahead!
[controller_server-2] [WARN] [1756743210.233193916] [controller_server]: RegulatedPurePursuitController detected collision ahead!
[controller_server-2] [ERROR] [1756743210.233311357] [controller_server]: Controller patience exceeded
[controller_server-2] [WARN] [1756743210.233382968] [controller_server]: [follow_path] [ActionServer] Aborting handle.
[controller_server-2] [INFO] [1756743210.251355310] [local_costmap.local_costmap]: Received request to clear entirely the local_costmap
[controller_server-2] [INFO] [1756743210.253879906] [controller_server]: Received a goal, begin computing control effort.
[controller_server-2] [WARN] [1756743210.285259780] [controller_server]: RegulatedPurePursuitController detected collision ahead!
[controller_server-2] [INFO] [1756743210.354385105] [controller_server]: Passing new path to controller.
[controller_server-2] [WARN] [1756743210.355542888] [controller_server]: RegulatedPurePursuitController detected collision ahead!
[controller_server-2] [WARN] [1756743210.455239680] [controller_server]: RegulatedPurePursuitController detected collision ahead!
[controller_server-2] [WARN] [1756743210.554551120] [controller_server]: RegulatedPurePursuitController detected collision ahead!
[controller_server-2] [WARN] [1756743210.655268712] [controller_server]: RegulatedPurePursuitController detected collision ahead!
[controller_server-2] [WARN] [1756743210.755256781] [controller_server]: RegulatedPurePursuitController detected collision ahead!
[controller_server-2] [WARN] [1756743210.855172226] [controller_server]: RegulatedPurePursuitController detected collision ahead!
[controller_server-2] [WARN] [1756743210.955244483] [controller_server]: RegulatedPurePursuitController detected collision ahead!
[controller_server-2] [WARN] [1756743211.054802326] [controller_server]: RegulatedPurePursuitController detected collision ahead!
[controller_server-2] [WARN] [1756743211.155259021] [controller_server]: RegulatedPurePursuitController detected collision ahead!
[controller_server-2] [WARN] [1756743211.255242488] [controller_server]: RegulatedPurePursuitController detected collision ahead!
[controller_server-2] [INFO] [1756743211.354383545] [controller_server]: Passing new path to controller.
[controller_server-2] [WARN] [1756743211.355545258] [controller_server]: RegulatedPurePursuitController detected collision ahead!
[controller_server-2] [WARN] [1756743211.455263522] [controller_server]: RegulatedPurePursuitController detected collision ahead!
[controller_server-2] [WARN] [1756743211.555255286] [controller_server]: RegulatedPurePursuitController detected collision ahead!
[controller_server-2] [WARN] [1756743211.655250873] [controller_server]: RegulatedPurePursuitController detected collision ahead!
[controller_server-2] [WARN] [1756743211.755259799] [controller_server]: RegulatedPurePursuitController detected collision ahead!
[controller_server-2] [WARN] [1756743211.855250320] [controller_server]: RegulatedPurePursuitController detected collision ahead!
[controller_server-2] [WARN] [1756743211.955317694] [controller_server]: RegulatedPurePursuitController detected collision ahead!
[controller_server-2] [WARN] [1756743212.055081290] [controller_server]: RegulatedPurePursuitController detected collision ahead!
[controller_server-2] [WARN] [