[INFO] [launch]: All log files can be found below /home/robot/.ros/log/2025-09-03-15-46-58-816219-robot-pc04-22898
[INFO] [launch]: Default logging verbosity is set to INFO
[INFO] [async_slam_toolbox_node-1]: process started with pid [22909]
[INFO] [controller_server-2]: process started with pid [22911]
[INFO] [smoother_server-3]: process started with pid [22913]
[INFO] [planner_server-4]: process started with pid [22915]
[INFO] [behavior_server-5]: process started with pid [22917]
[INFO] [bt_navigator-6]: process started with pid [22919]
[INFO] [waypoint_follower-7]: process started with pid [22921]
[INFO] [velocity_smoother-8]: process started with pid [22923]
[INFO] [lifecycle_manager-9]: process started with pid [22925]
[INFO] [explore-10]: process started with pid [22927]
[INFO] [rviz2-11]: process started with pid [22929]
[planner_server-4] [INFO] [1756907218.926266797] [planner_server]: 
[planner_server-4] 	planner_server lifecycle node launched. 
[planner_server-4] 	Waiting on external lifecycle transitions to activate
[planner_server-4] 	See https://design.ros2.org/articles/node_lifecycle.html for more information.
[planner_server-4] [INFO] [1756907218.926886208] [planner_server]: Creating
[lifecycle_manager-9] [INFO] [1756907218.928723138] [lifecycle_manager_navigation]: Creating
[behavior_server-5] [INFO] [1756907218.929768458] [behavior_server]: 
[behavior_server-5] 	behavior_server lifecycle node launched. 
[behavior_server-5] 	Waiting on external lifecycle transitions to activate
[behavior_server-5] 	See https://design.ros2.org/articles/node_lifecycle.html for more information.
[waypoint_follower-7] [INFO] [1756907218.930963805] [waypoint_follower]: 
[waypoint_follower-7] 	waypoint_follower lifecycle node launched. 
[waypoint_follower-7] 	Waiting on external lifecycle transitions to activate
[waypoint_follower-7] 	See https://design.ros2.org/articles/node_lifecycle.html for more information.
[waypoint_follower-7] [INFO] [1756907218.931296887] [waypoint_follower]: Creating
[planner_server-4] [INFO] [1756907218.931769253] [global_costmap.global_costmap]: 
[planner_server-4] 	global_costmap lifecycle node launched. 
[planner_server-4] 	Waiting on external lifecycle transitions to activate
[planner_server-4] 	See https://design.ros2.org/articles/node_lifecycle.html for more information.
[planner_server-4] [INFO] [1756907218.931974721] [global_costmap.global_costmap]: Creating Costmap
[planner_server-4] terminate called after throwing an instance of 'rclcpp::exceptions::InvalidParameterTypeException'
[planner_server-4]   what():  parameter 'footprint_padding' has invalid type: Wrong parameter type, parameter {footprint_padding} is of type {double}, setting it to {integer} is not allowed.
[lifecycle_manager-9] [INFO] [1756907218.932281250] [lifecycle_manager_navigation]: [34m[1mCreating and initializing lifecycle service clients[0m[0m
[bt_navigator-6] [INFO] [1756907218.932559284] [bt_navigator]: 
[bt_navigator-6] 	bt_navigator lifecycle node launched. 
[bt_navigator-6] 	Waiting on external lifecycle transitions to activate
[bt_navigator-6] 	See https://design.ros2.org/articles/node_lifecycle.html for more information.
[bt_navigator-6] [INFO] [1756907218.932835218] [bt_navigator]: Creating
[explore-10] [INFO] [1756907218.935956728] [explore_node]: Waiting for costmap to become available, topic: map
[smoother_server-3] [INFO] [1756907218.938102121] [smoother_server]: 
[smoother_server-3] 	smoother_server lifecycle node launched. 
[smoother_server-3] 	Waiting on external lifecycle transitions to activate
[smoother_server-3] 	See https://design.ros2.org/articles/node_lifecycle.html for more information.
[controller_server-2] [INFO] [1756907218.938293858] [controller_server]: 
[controller_server-2] 	controller_server lifecycle node launched. 
[controller_server-2] 	Waiting on external lifecycle transitions to activate
[controller_server-2] 	See https://design.ros2.org/articles/node_lifecycle.html for more information.
[smoother_server-3] [INFO] [1756907218.939432009] [smoother_server]: Creating smoother server
[c