[INFO] [launch]: All log files can be found below /home/robot/.ros/log/2025-09-02-16-40-59-637828-robot-pc04-19854
[INFO] [launch]: Default logging verbosity is set to INFO
[INFO] [async_slam_toolbox_node-1]: process started with pid [19865]
[INFO] [controller_server-2]: process started with pid [19867]
[INFO] [smoother_server-3]: process started with pid [19869]
[INFO] [planner_server-4]: process started with pid [19871]
[INFO] [behavior_server-5]: process started with pid [19873]
[INFO] [bt_navigator-6]: process started with pid [19875]
[INFO] [waypoint_follower-7]: process started with pid [19877]
[INFO] [velocity_smoother-8]: process started with pid [19879]
[INFO] [lifecycle_manager-9]: process started with pid [19881]
[INFO] [explore-10]: process started with pid [19883]
[INFO] [rviz2-11]: process started with pid [19885]
[async_slam_toolbox_node-1] [INFO] [1756824059.745259535] [slam]: Node using stack size 40000000
[controller_server-2] [INFO] [1756824059.747276330] [controller_server]: 
[controller_server-2] 	controller_server lifecycle node launched. 
[controller_server-2] 	Waiting on external lifecycle transitions to activate
[controller_server-2] 	See https://design.ros2.org/articles/node_lifecycle.html for more information.
[waypoint_follower-7] [INFO] [1756824059.747548208] [waypoint_follower]: 
[waypoint_follower-7] 	waypoint_follower lifecycle node launched. 
[waypoint_follower-7] 	Waiting on external lifecycle transitions to activate
[waypoint_follower-7] 	See https://design.ros2.org/articles/node_lifecycle.html for more information.
[waypoint_follower-7] [INFO] [1756824059.747837171] [waypoint_follower]: Creating
[smoother_server-3] [INFO] [1756824059.749098941] [smoother_server]: 
[smoother_server-3] 	smoother_server lifecycle node launched. 
[smoother_server-3] 	Waiting on external lifecycle transitions to activate
[smoother_server-3] 	See https://design.ros2.org/articles/node_lifecycle.html for more information.
[planner_server-4] [INFO] [1756824059.749213934] [planner_server]: 
[planner_server-4] 	planner_server lifecycle node launched. 
[planner_server-4] 	Waiting on external lifecycle transitions to activate
[planner_server-4] 	See https://design.ros2.org/articles/node_lifecycle.html for more information.
[planner_server-4] [INFO] [1756824059.749831887] [planner_server]: Creating
[velocity_smoother-8] [INFO] [1756824059.749266139] [velocity_smoother]: 
[velocity_smoother-8] 	velocity_smoother lifecycle node launched. 
[velocity_smoother-8] 	Waiting on external lifecycle transitions to activate
[velocity_smoother-8] 	See https://design.ros2.org/articles/node_lifecycle.html for more information.
[bt_navigator-6] [INFO] [1756824059.749474093] [bt_navigator]: 
[bt_navigator-6] 	bt_navigator lifecycle node launched. 
[bt_navigator-6] 	Waiting on external lifecycle transitions to activate
[bt_navigator-6] 	See https://design.ros2.org/articles/node_lifecycle.html for more information.
[bt_navigator-6] [INFO] [1756824059.749526440] [bt_navigator]: Creating
[behavior_server-5] [INFO] [1756824059.749943607] [behavior_server]: 
[behavior_server-5] 	behavior_server lifecycle node launched. 
[behavior_server-5] 	Waiting on external lifecycle transitions to activate
[behavior_server-5] 	See https://design.ros2.org/articles/node_lifecycle.html for more information.
[smoother_server-3] [INFO] [1756824059.750314451] [smoother_server]: Creating smoother server
[controller_server-2] [INFO] [1756824059.750473418] [controller_server]: Creating controller server
[lifecycle_manager-9] [INFO] [1756824059.751195657] [lifecycle_manager_navigation]: Creating
[lifecycle_manager-9] [INFO] [1756824059.753074298] [lifecycle_manager_navigation]: [34m[1mCreating and initializing lifecycle service clients[0m[0m
[explore-10] [INFO] [1756824059.754769964] [explore_node]: Waiting for costmap to become available, topic: map
[planner_server-4] [INFO] [1756824059.755277685] [global_costmap.global_costmap]: 
[planner_server-4] 	global_costmap lifecycle node launched. 
[planner_server-4] 	Waiting on external lifecycle transitions to activate
[planner_server-4] 	See https://design.ros2.org/articles/node_lifecycle.html for more information.
[planner_server-4] [INFO] [1756824059.755626844] [global_costmap.global_costmap]: Creating Costmap
[controller_server-2] [INFO] [1756824059.756458310] [local_costmap.local_costmap]: 
[controller_server-2] 	local_costmap lifecycle node launched. 
[controller_server-2] 	Waiting on external lifecycle transitions to activate
[controller_server-2] 	See https://design.ros2.org/articles/node_lifecycle.html for more information.
[controller_server-2] [INFO] [1756824059.756655245] [local_costmap.local_costmap]: Creating Costmap
[async_slam_toolbox_node-1] [INFO] [1756824059.761627376] [slam]: Using solver plugin solver_plugins::CeresSolver
[async_slam_toolbox_node-1] [INFO] [1756824059.761759854] [slam]: CeresSolver: Using SCHUR_JACOBI preconditioner.
[lifecycle_manager-9] [INFO] [1756824059.797386942] [lifecycle_manager_navigation]: [34m[1mStarting managed nodes bringup...[0m[0m
[lifecycle_manager-9] [INFO] [1756824059.797429479] [lifecycle_manager_navigation]: [34m[1mConfiguring controller_server[0m[0m
[controller_server-2] [INFO] [1756824059.797598826] [controller_server]: Configuring controller interface
[controller_server-2] [INFO] [1756824059.797697450] [controller_server]: getting goal checker plugins..
[controller_server-2] [INFO] [1756824059.797789911] [controller_server]: Controller frequency set to 10.0000Hz
[controller_server-2] [INFO] [1756824059.797818202] [local_costmap.local_costmap]: Configuring
[controller_server-2] [INFO] [1756824059.800606229] [local_costmap.local_costmap]: Using plugin "static_layer"
[controller_server-2] [INFO] [1756824059.802067921] [local_costmap.local_costmap]: Subscribing to the map topic (/map) with transient local durability
[controller_server-2] [INFO] [1756824059.802541638] [local_costmap.local_costmap]: Initialized plugin "static_layer"
[controller_server-2] [INFO] [1756824059.802552900] [local_costmap.local_costmap]: Using plugin "obstacle_layer"
[controller_server-2] [INFO] [1756824059.802697187] [local_costmap.local_costmap]: Subscribed to Topics: scan
[controller_server-2] [INFO] [1756824059.803967164] [local_costmap.local_costmap]: Initialized plugin "obstacle_layer"
[controller_server-2] [INFO] [1756824059.803979322] [local_costmap.local_costmap]: Using plugin "inflation_layer"
[controller_server-2] [INFO] [1756824059.804209650] [local_costmap.local_costmap]: Initialized plugin "inflation_layer"
[controller_server-2] [INFO] [1756824059.806915404] [controller_server]: Created progress_checker : progress_checker of type nav2_controller::SimpleProgressChecker
[controller_server-2] [INFO] [1756824059.807122226] [controller_server]: Created goal checker : goal_checker of type nav2_controller::SimpleGoalChecker
[controller_server-2] [INFO] [1756824059.807196782] [controller_server]: Controller Server has goal_checker  goal checkers available.
[controller_server-2] [INFO] [1756824059.807402074] [controller_server]: Created controller : FollowPath of type nav2_regulated_pure_pursuit_controller::RegulatedPurePursuitController
[controller_server-2] [INFO] [1756824059.808371337] [controller_server]: Controller Server has FollowPath  controllers available.
[lifecycle_manager-9] [INFO] [1756824059.810703322] [lifecycle_manager_navigation]: [34m[1mConfiguring smoother_server[0m[0m
[smoother_server-3] [INFO] [1756824059.810796732] [smoother_server]: Configuring smoother server
[smoother_server-3] [INFO] [1756824059.813669816] [smoother_server]: Created smoother : simple_smoother of type nav2_smoother::SimpleSmoother
[smoother_server-3] [INFO] [1756824059.813794085] [smoother_server]: Smoother Server has simple_smoother  smoothers available.
[lifecycle_manager-9] [INFO] [1756824059.815444085] [lifecycle_manager_navigation]: [34m[1mConfiguring planner_server[0m[0m
[planner_server-4] [INFO] [1756824059.815584937] [planner_server]: Configuring
[planner_server-4] [INFO] [1756824059.815612003] [global_costmap.global_costmap]: Configuring
[planner_server-4] [INFO] [1756824059.817833126] [global_costmap.global_costmap]: Using plugin "static_layer"
[planner_server-4] [INFO] [1756824059.819239392] [global_costmap.global_costmap]: Subscribing to the map topic (/map) with transient local durability
[planner_server-4] [INFO] [1756824059.819660040] [global_costmap.global_costmap]: Initialized plugin "static_layer"
[planner_server-4] [INFO] [1756824059.819669925] [global_costmap.global_costmap]: Using plugin "obstacle_layer"
[planner_server-4] [INFO] [1756824059.819796958] [global_costmap.global_costmap]: Subscribed to Topics: scan
[planner_server-4] [INFO] [1756824059.820729700] [global_costmap.global_costmap]: Initialized plugin "obstacle_layer"
[planner_server-4] [INFO] [1756824059.820740405] [global_costmap.global_costmap]: Using plugin "inflation_layer"
[planner_server-4] [INFO] [1756824059.820918810] [global_costmap.global_costmap]: Initialized plugin "inflation_layer"
[planner_server-4] [INFO] [1756824059.823413065] [planner_server]: Created global planner plugin GridBased of type nav2_navfn_planner/NavfnPlanner
[planner_server-4] [INFO] [1756824059.823428929] [planner_server]: Configuring plugin GridBased of type NavfnPlanner
[planner_server-4] [INFO] [1756824059.823589732] [planner_server]: Planner Server has GridBased  planners available.
[lifecycle_manager-9] [INFO] [1756824059.827528714] [lifecycle_manager_navigation]: [34m[1mConfiguring behavior_server[0m[0m
[behavior_server-5] [INFO] [1756824059.827668922] [behavior_server]: Configuring
[behavior_server-5] [INFO] [1756824059.830717853] [behavior_server]: Creating behavior plugin spin of type nav2_behaviors/Spin
[behavior_server-5] [INFO] [1756824059.831121997] [behavior_server]: Configuring spin
[behavior_server-5] [INFO] [1756824059.832770989] [behavior_server]: Creating behavior plugin backup of type nav2_behaviors/BackUp
[behavior_server-5] [INFO] [1756824059.833095383] [behavior_server]: Configuring backup
[behavior_server-5] [INFO] [1756824059.834207702] [behavior_server]: Creating behavior plugin drive_on_heading of type nav2_behaviors/DriveOnHeading
[behavior_server-5] [INFO] [1756824059.834667113] [behavior_server]: Configuring drive_on_heading
[behavior_server-5] [INFO] [1756824059.835648121] [behavior_server]: Creating behavior plugin wait of type nav2_behaviors/Wait
[behavior_server-5] [INFO] [1756824059.835952048] [behavior_server]: Configuring wait
[behavior_server-5] [INFO] [1756824059.837030377] [behavior_server]: Creating behavior plugin assisted_teleop of type nav2_behaviors/AssistedTeleop
[behavior_server-5] [INFO] [1756824059.837732163] [behavior_server]: Configuring assisted_teleop
[lifecycle_manager-9] [INFO] [1756824059.839298884] [lifecycle_manager_navigation]: [34m[1mConfiguring bt_navigator[0m[0m
[bt_navigator-6] [INFO] [1756824059.839461590] [bt_navigator]: Configuring
[lifecycle_manager-9] [INFO] [1756824059.856671057] [lifecycle_manager_navigation]: [34m[1mConfiguring waypoint_follower[0m[0m
[waypoint_follower-7] [INFO] [1756824059.856791309] [waypoint_follower]: Configuring
[waypoint_follower-7] [INFO] [1756824059.860744183] [waypoint_follower]: Created waypoint_task_executor : wait_at_waypoint of type nav2_waypoint_follower::WaitAtWaypoint
[lifecycle_manager-9] [INFO] [1756824059.861099886] [lifecycle_manager_navigation]: [34m[1mConfiguring velocity_smoother[0m[0m
[velocity_smoother-8] [INFO] [1756824059.861240385] [velocity_smoother]: Configuring velocity smoother
[lifecycle_manager-9] [INFO] [1756824059.862853647] [lifecycle_manager_navigation]: [34m[1mActivating controller_server[0m[0m
[controller_server-2] [INFO] [1756824059.862916382] [controller_server]: Activating
[controller_server-2] [INFO] [1756824059.862937788] [local_costmap.local_costmap]: Activating
[controller_server-2] [INFO] [1756824059.862944974] [local_costmap.local_costmap]: Checking transform
[controller_server-2] [INFO] [1756824059.862959815] [local_costmap.local_costmap]: Timed out waiting for transform from base_link to odom to become available, tf error: Invalid frame ID "odom" passed to canTransform argument target_frame - frame does not exist
[rviz2-11] [INFO] [1756824060.223375912] [rviz2]: Stereo is NOT SUPPORTED
[rviz2-11] [INFO] [1756824060.223439098] [rviz2]: OpenGl version: 4.6 (GLSL 4.6)
[rviz2-11] [INFO] [1756824060.254628249] [rviz2]: Stereo is NOT SUPPORTED
[controller_server-2] [INFO] [1756824060.363011612] [local_costmap.local_costmap]: Timed out waiting for transform from base_link to odom to become available, tf error: Invalid frame ID "odom" passed to canTransform argument target_frame - frame does not exist
[controller_server-2] [INFO] [1756824060.863047963] [local_costmap.local_costmap]: Timed out waiting for transform from base_link to odom to become available, tf error: Invalid frame ID "odom" passed to canTransform argument target_frame - frame does not exist
[controller_server-2] [INFO] [1756824061.363040817] [local_costmap.local_costmap]: Timed out waiting for transform from base_link to odom to become available, tf error: Invalid frame ID "odom" passed to canTransform argument target_frame - frame does not exist
[controller_server-2] [INFO] [1756824061.863039639] [local_costmap.local_costmap]: Timed out waiting for transform from base_link to odom to become available, tf error: Invalid frame ID "odom" passed to canTransform argument target_frame - frame does not exist
[controller_server-2] [INFO] [1756824062.363085899] [local_costmap.local_costmap]: start
[controller_server-2] [INFO] [1756824062.613930082] [controller_server]: Activating controller: FollowPath of type regulated_pure_pursuit_controller::RegulatedPurePursuitController
[controller_server-2] [INFO] [1756824062.614021157] [controller_server]: Creating bond (controller_server) to lifecycle manager.
[lifecycle_manager-9] [INFO] [1756824062.724156158] [lifecycle_manager_navigation]: Server controller_server connected with bond.
[lifecycle_manager-9] [INFO] [1756824062.724263230] [lifecycle_manager_navigation]: [34m[1mActivating smoother_server[0m[0m
[smoother_server-3] [INFO] [1756824062.724785179] [smoother_server]: Activating
[smoother_server-3] [INFO] [1756824062.724862095] [smoother_server]: Creating bond (smoother_server) to lifecycle manager.
[lifecycle_manager-9] [INFO] [1756824062.832806470] [lifecycle_manager_navigation]: Server smoother_server connected with bond.
[lifecycle_manager-9] [INFO] [1756824062.832860896] [lifecycle_manager_navigation]: [34m[1mActivating planner_server[0m[0m
[planner_server-4] [INFO] [1756824062.833159571] [planner_server]: Activating
[planner_server-4] [INFO] [1756824062.833198642] [global_costmap.global_costmap]: Activating
[planner_server-4] [INFO] [1756824062.833209248] [global_costmap.global_costmap]: Checking transform
[planner_server-4] [INFO] [1756824062.833236202] [global_costmap.global_costmap]: Timed out waiting for transform from base_link to map to become available, tf error: Invalid frame ID "map" passed to canTransform argument target_frame - frame does not exist
[planner_server-4] [INFO] [1756824063.333317781] [global_costmap.global_costmap]: Timed out waiting for transform from base_link to map to become available, tf error: Invalid frame ID "map" passed to canTransform argument target_frame - frame does not exist
[planner_server-4] [INFO] [1756824063.833313886] [global_costmap.global_costmap]: Timed out waiting for transform from base_link to map to become available, tf error: Invalid frame ID "map" passed to canTransform argument target_frame - frame does not exist
[planner_server-4] [INFO] [1756824064.333366959] [global_costmap.global_costmap]: Timed out waiting for transform from base_link to map to become available, tf error: Invalid frame ID "map" passed to canTransform argument target_frame - frame does not exist
[controller_server-2] [WARN] [1756824064.363963552] [local_costmap.local_costmap]: Can't update static costmap layer, no map received
[async_slam_toolbox_node-1] [WARN] [1756824064.579730995] [slam]: minimum laser range setting (0.0 m) exceeds the capabilities of the used Lidar (0.1 m)
[rviz2-11] [INFO] [1756824064.646040715] [rviz2]: Trying to create a map of size 100 x 100 using 1 swatches
[planner_server-4] [INFO] [1756824064.833573054] [global_costmap.global_costmap]: start
[planner_server-4] [INFO] [1756824065.766206206] [global_costmap.global_costmap]: StaticLayer: Resizing costmap to 63 X 35 at 0.040000 m/pix
[controller_server-2] [INFO] [1756824065.766263679] [local_costmap.local_costmap]: StaticLayer: Resizing static layer to 63 X 35 at 0.040000 m/pix
[rviz2-11] [INFO] [1756824065.786447348] [rviz2]: Trying to create a map of size 63 x 35 using 1 swatches
[planner_server-4] [INFO] [1756824065.835465946] [planner_server]: Activating plugin GridBased of type NavfnPlanner
[planner_server-4] [INFO] [1756824065.837643408] [planner_server]: Creating bond (planner_server) to lifecycle manager.
[rviz2-11] [INFO] [1756824065.851880328] [rviz2]: Trying to create a map of size 63 x 35 using 1 swatches
[lifecycle_manager-9] [INFO] [1756824065.945227084] [lifecycle_manager_navigation]: Server planner_server connected with bond.
[lifecycle_manager-9] [INFO] [1756824065.945363940] [lifecycle_manager_navigation]: [34m[1mActivating behavior_server[0m[0m
[behavior_server-5] [INFO] [1756824065.946198376] [behavior_server]: Activating
[behavior_server-5] [INFO] [1756824065.946273429] [behavior_server]: Activating spin
[behavior_server-5] [INFO] [1756824065.946299922] [behavior_server]: Activating backup
[behavior_server-5] [INFO] [1756824065.946318933] [behavior_server]: Activating drive_on_heading
[behavior_server-5] [INFO] [1756824065.946337818] [behavior_server]: Activating wait
[behavior_server-5] [INFO] [1756824065.946355200] [behavior_server]: Activating assisted_teleop
[behavior_server-5] [INFO] [1756824065.946379819] [behavior_server]: Creating bond (behavior_server) to lifecycle manager.
[lifecycle_manager-9] [INFO] [1756824066.054497579] [lifecycle_manager_navigation]: Server behavior_server connected with bond.
[lifecycle_manager-9] [INFO] [1756824066.054613027] [lifecycle_manager_navigation]: [34m[1mActivating bt_navigator[0m[0m
[bt_navigator-6] [INFO] [1756824066.055350884] [bt_navigator]: Activating
[bt_navigator-6] [INFO] [1756824066.085734608] [bt_navigator]: Creating bond (bt_navigator) to lifecycle manager.
[lifecycle_manager-9] [INFO] [1756824066.187850364] [lifecycle_manager_navigation]: Server bt_navigator connected with bond.
[lifecycle_manager-9] [INFO] [1756824066.187963651] [lifecycle_manager_navigation]: [34m[1mActivating waypoint_follower[0m[0m
[waypoint_follower-7] [INFO] [1756824066.188952522] [waypoint_follower]: Activating
[waypoint_follower-7] [INFO] [1756824066.189050635] [waypoint_follower]: Creating bond (waypoint_follower) to lifecycle manager.
[lifecycle_manager-9] [INFO] [1756824066.297907837] [lifecycle_manager_navigation]: Server waypoint_follower connected with bond.
[lifecycle_manager-9] [INFO] [1756824066.298008589] [lifecycle_manager_navigation]: [34m[1mActivating velocity_smoother[0m[0m
[velocity_smoother-8] [INFO] [1756824066.298695212] [velocity_smoother]: Activating
[velocity_smoother-8] [INFO] [1756824066.298866133] [velocity_smoother]: Creating bond (velocity_smoother) to lifecycle manager.
[lifecycle_manager-9] [INFO] [1756824066.406271621] [lifecycle_manager_navigation]: Server velocity_smoother connected with bond.
[lifecycle_manager-9] [INFO] [1756824066.406362044] [lifecycle_manager_navigation]: [34m[1mManaged nodes are active[0m[0m
[lifecycle_manager-9] [INFO] [1756824066.406387066] [lifecycle_manager_navigation]: [34m[1mCreating bond timer...[0m[0m
[explore-10] [INFO] [1756824067.777539291] [explore_node]: Waiting to connect to move_base nav2 server
[explore-10] [INFO] [1756824067.777991869] [explore_node]: Connected to move_base nav2 server
[explore-10] [INFO] [1756824067.778012077] [explore_node]: Getting initial pose of the robot
[bt_navigator-6] [INFO] [1756824067.834290283] [bt_navigator]: Begin navigating from current location (0.00, 0.00) to (1.17, 0.13)
[controller_server-2] [INFO] [1756824067.854944028] [controller_server]: Received a goal, begin computing control effort.
[controller_server-2] [WARN] [1756824067.854995258] [controller_server]: No goal checker was specified in parameter 'current_goal_checker'. Server will use only plugin loaded goal_checker . This warning will appear once.
[controller_server-2] [INFO] [1756824068.955190774] [controller_server]: Passing new path to controller.
[rviz2-11] [INFO] [1756824069.790625957] [rviz2]: Trying to create a map of size 63 x 36 using 1 swatches
[planner_server-4] [INFO] [1756824069.833740269] [global_costmap.global_costmap]: StaticLayer: Resizing costmap to 63 X 36 at 0.040000 m/pix
[rviz2-11] [INFO] [1756824069.856282800] [rviz2]: Trying to create a map of size 63 x 36 using 1 swatches
[controller_server-2] [INFO] [1756824069.955091048] [controller_server]: Passing new path to controller.
[controller_server-2] [INFO] [1756824069.963196147] [local_costmap.local_costmap]: StaticLayer: Resizing static layer to 63 X 36 at 0.040000 m/pix
[controller_server-2] [INFO] [1756824070.955104702] [controller_server]: Passing new path to controller.
[controller_server-2] [INFO] [1756824072.055119790] [controller_server]: Passing new path to controller.
[controller_server-2] [INFO] [1756824073.055104218] [controller_server]: Passing new path to controller.
[rviz2-11] [INFO] [1756824073.788602235] [rviz2]: Trying to create a map of size 90 x 102 using 1 swatches
[planner_server-4] [INFO] [1756824073.833762981] [global_costmap.global_costmap]: StaticLayer: Resizing costmap to 90 X 102 at 0.040000 m/pix
[rviz2-11] [INFO] [1756824073.852968671] [rviz2]: Trying to create a map of size 90 x 102 using 1 swatches
[controller_server-2] [INFO] [1756824073.963322185] [local_costmap.local_costmap]: StaticLayer: Resizing static layer to 90 X 102 at 0.040000 m/pix
[controller_server-2] [INFO] [1756824074.055087861] [controller_server]: Passing new path to controller.
[bt_navigator-6] [INFO] [1756824074.514568717] [bt_navigator]: Received goal preemption request
[bt_navigator-6] [INFO] [1756824074.514991826] [bt_navigator]: Begin navigating from current location (1.13, 0.08) to (0.54, 2.14)
[controller_server-2] [INFO] [1756824075.155108874] [controller_server]: Passing new path to controller.
[controller_server-2] [INFO] [1756824076.155103960] [controller_server]: Passing new path to controller.
[controller_server-2] [INFO] [1756824077.155105046] [controller_server]: Passing new path to controller.
[controller_server-2] [INFO] [1756824078.255104629] [controller_server]: Passing new path to controller.
[controller_server-2] [INFO] [1756824079.255199776] [controller_server]: Passing new path to controller.
[rviz2-11] [INFO] [1756824079.807042209] [rviz2]: Trying to create a map of size 91 x 104 using 1 swatches
[planner_server-4] [INFO] [1756824079.833764559] [global_costmap.global_costmap]: StaticLayer: Resizing costmap to 91 X 104 at 0.040000 m/pix
[rviz2-11] [INFO] [1756824079.869874599] [rviz2]: Trying to create a map of size 91 x 104 using 1 swatches
[controller_server-2] [INFO] [1756824079.963330033] [local_costmap.local_costmap]: StaticLayer: Resizing static layer to 91 X 104 at 0.040000 m/pix
[controller_server-2] [INFO] [1756824080.255186528] [controller_server]: Passing new path to controller.
[controller_server-2] [ERROR] [1756824080.557382686] [controller_server]: Exception in transformPose: Lookup would require extrapolation into the future.  Requested time 1756824079.664522 but the latest data is at time 1756824079.612722, when looking up transform from frame [odom] to frame [map]
[controller_server-2] [WARN] [1756824080.557634039] [controller_server]: Unable to transform robot pose into global plan's frame
[controller_server-2] [WARN] [1756824080.557969056] [controller_server]: Control loop missed its desired rate of 10.0000Hz
[bt_navigator-6] [INFO] [1756824081.174531653] [bt_navigator]: Received goal preemption request
[bt_navigator-6] [INFO] [1756824081.174894586] [bt_navigator]: Begin navigating from current location (1.10, 1.39) to (2.20, 2.18)
[controller_server-2] [INFO] [1756824081.255091189] [controller_server]: Passing new path to controller.
[rviz2-11] [INFO] [1756824081.791530790] [rviz2]: Trying to create a map of size 92 x 104 using 1 swatches
[planner_server-4] [INFO] [1756824081.833730638] [global_costmap.global_costmap]: StaticLayer: Resizing costmap to 92 X 104 at 0.040000 m/pix
[rviz2-11] [INFO] [1756824081.850425170] [rviz2]: Trying to create a map of size 92 x 104 using 1 swatches
[controller_server-2] [INFO] [1756824081.963323745] [local_costmap.local_costmap]: StaticLayer: Resizing static layer to 92 X 104 at 0.040000 m/pix
[controller_server-2] [INFO] [1756824082.355128120] [controller_server]: Passing new path to controller.
[controller_server-2] [INFO] [1756824083.355221553] [controller_server]: Passing new path to controller.
[controller_server-2] [INFO] [1756824084.355086101] [controller_server]: Passing new path to controller.
[controller_server-2] [INFO] [1756824085.455107802] [controller_server]: Passing new path to controller.
[rviz2-11] [INFO] [1756824085.788818138] [rviz2]: Trying to create a map of size 93 x 104 using 1 swatches
[planner_server-4] [INFO] [1756824085.833724296] [global_costmap.global_costmap]: StaticLayer: Resizing costmap to 93 X 104 at 0.040000 m/pix
[rviz2-11] [INFO] [1756824085.852495785] [rviz2]: Trying to create a map of size 93 x 104 using 1 swatches
[controller_server-2] [INFO] [1756824085.963238168] [local_costmap.local_costmap]: StaticLayer: Resizing static layer to 93 X 104 at 0.040000 m/pix
[controller_server-2] [INFO] [1756824086.455106968] [controller_server]: Passing new path to controller.
[controller_server-2] [INFO] [1756824087.455155603] [controller_server]: Passing new path to controller.
[rviz2-11] [INFO] [1756824087.807348467] [rviz2]: Trying to create a map of size 94 x 107 using 1 swatches
[planner_server-4] [INFO] [1756824087.833717295] [global_costmap.global_costmap]: StaticLayer: Resizing costmap to 94 X 107 at 0.040000 m/pix
[bt_navigator-6] [INFO] [1756824087.834561576] [bt_navigator]: Received goal preemption request
[bt_navigator-6] [INFO] [1756824087.834755856] [bt_navigator]: Begin navigating from current location (2.10, 1.82) to (0.09, 0.99)
[controller_server-2] [INFO] [1756824087.963256084] [local_costmap.local_costmap]: StaticLayer: Resizing static layer to 94 X 107 at 0.040000 m/pix
[controller_server-2] [INFO] [1756824088.455086317] [controller_server]: Passing new path to controller.
[controller_server-2] [WARN] [1756824088.556894862] [controller_server]: RegulatedPurePursuitController detected collision ahead!
[controller_server-2] [WARN] [1756824088.656085933] [controller_server]: RegulatedPurePursuitController detected collision ahead!
[controller_server-2] [WARN] [1756824088.756078185] [controller_server]: RegulatedPurePursuitController detected collision ahead!
[controller_server-2] [WARN] [1756824088.855531859] [controller_server]: RegulatedPurePursuitController detected collision ahead!
[rviz2-11] [INFO] [1756824088.860367445] [rviz2]: Trying to create a map of size 94 x 107 using 1 swatches
[controller_server-2] [WARN] [1756824088.956083676] [controller_server]: RegulatedPurePursuitController detected collision ahead!
[controller_server-2] [WARN] [1756824089.055691673] [controller_server]: RegulatedPurePursuitController detected collision ahead!
[controller_server-2] [WARN] [1756824089.155718779] [controller_server]: RegulatedPurePursuitController detected collision ahead!
[controller_server-2] [WARN] [1756824089.256657457] [controller_server]: RegulatedPurePursuitController detected collision ahead!
[controller_server-2] [WARN] [1756824089.355980066] [controller_server]: RegulatedPurePursuitController detected collision ahead!
[controller_server-2] [WARN] [1756824089.456033228] [controller_server]: RegulatedPurePursuitController detected collision ahead!
[controller_server-2] [INFO] [1756824089.555161328] [controller_server]: Passing new path to controller.
[controller_server-2] [WARN] [1756824089.556448464] [controller_server]: RegulatedPurePursuitController detected collision ahead!
[controller_server-2] [WARN] [1756824089.656310532] [controller_server]: RegulatedPurePursuitController detected collision ahead!
[controller_server-2] [WARN] [1756824089.756415877] [controller_server]: RegulatedPurePursuitController detected collision ahead!
[controller_server-2] [WARN] [1756824089.855997668] [controller_server]: RegulatedPurePursuitController detected collision ahead!
[controller_server-2] [WARN] [1756824089.955625438] [controller_server]: RegulatedPurePursuitController detected collision ahead!
[controller_server-2] [WARN] [1756824090.056239186] [controller_server]: RegulatedPurePursuitController detected collision ahead!
[controller_server-2] [WARN] [1756824090.156156176] [controller_server]: RegulatedPurePursuitController detected collision ahead!
[controller_server-2] [WARN] [1756824090.256148758] [controller_server]: RegulatedPurePursuitController detected collision ahead!
[controller_server-2] [WARN] [1756824090.356155225] [controller_server]: RegulatedPurePursuitController detected collision ahead!
[controller_server-2] [WARN] [1756824090.456145385] [controller_server]: RegulatedPurePursuitController detected collision ahead!
[controller_server-2] [ERROR] [1756824090.456255646] [controller_server]: Controller patience exceeded
[controller_server-2] [WARN] [1756824090.456348734] [controller_server]: [follow_path] [ActionServer] Aborting handle.
[controller_server-2] [INFO] [1756824090.474996445] [local_costmap.local_costmap]: Received request to clear entirely the local_costmap
[controller_server-2] [INFO] [1756824090.476393058] [controller_server]: Received a goal, begin computing control effort.
[controller_server-2] [INFO] [1756824090.566566697] [controller_server]: Passing new path to controller.
[controller_server-2] [WARN] [1756824090.567405609] [controller_server]: RegulatedPurePursuitController detected collision ahead!
[controller_server-2] [WARN] [1756824090.577516807] [controller_server]: RegulatedPurePursuitController detected collision ahead!
[controller_server-2] [WARN] [1756824090.677623262] [controller_server]: RegulatedPurePursuitController detected collision ahead!
[controller_server-2] [WARN] [1756824090.777686965] [controller_server]: RegulatedPurePursuitController detected collision ahead!
[controller_server-2] [WARN] [1756824090.877645893] [controller_server]: RegulatedPurePursuitController detected collision ahead!
[controller_server-2] [WARN] [1756824090.977110203] [controller_server]: RegulatedPurePursuitController detected collision ahead!
[controller_server-2] [WARN] [1756824091.077698490] [controller_server]: RegulatedPurePursuitController detected collision ahead!
[controller_server-2] [WARN] [1756824091.177643062] [controller_server]: RegulatedPurePursuitController detected collision ahead!
[controller_server-2] [WARN] [1756824091.277620445] [controller_server]: RegulatedPurePursuitController detected collision ahead!
[controller_server-2] [WARN] [1756824091.377615897] [controller_server]: RegulatedPurePursuitController detected collision ahead!
[controller_server-2] [WARN] [1756824091.477795603] [controller_server]: RegulatedPurePursuitController detected collision ahead!
[controller_server-2] [INFO] [1756824091.576581649] [controller_server]: Passing new path to controller.
[controller_server-2] [WARN] [1756824091.577809214] [controller_server]: RegulatedPurePursuitController detected collision ahead!
[controller_server-2] [WARN] [1756824091.677604810] [controller_server]: RegulatedPurePursuitController detected collision ahead!
[controller_server-2] [WARN] [1756824091.777268928] [controller_server]: RegulatedPurePursuitController detected collision ahead!
[controller_server-2] [WARN] [1756824091.877672047] [controller_server]: RegulatedPurePursuitController detected collision ahead!
[controller_server-2] [WARN] [1756824091.977625733] [controller_server]: RegulatedPurePursuitController detected collision ahead!
[controller_server-2] [WARN] [1756824092.077610634] [controller_server]: RegulatedPurePursuitController detected collision ahead!
[controller_server-2] [WARN] [1756824092.177607995] [controller_server]: RegulatedPurePursuitController detected collision ahead!
[controller_server-2] [WARN] [1756824092.277619671] [controller_server]: RegulatedPurePursuitController detected collision ahead!
[controller_server-2] [WARN] [1756824092.376754168] [controller_server]: RegulatedPurePursuitController detected collision ahead!
[controller_server-2] [WARN] [1756824092.476744423] [controller_server]: RegulatedPurePursuitController detected collision ahead!
[controller_server-2] [ERROR] [1756824092.476771127] [controller_server]: Controller patience exceeded
[controller_server-2] [WARN] [1756824092.476786221] [controller_server]: [follow_path] [ActionServer] Aborting handle.
[controller_server-2] [INFO] [1756824092.494791398] [local_costmap.local_costmap]: Received request to clear entirely the local_costmap
[planner_server-4] [INFO] [1756824092.495410595] [global_costmap.global_costmap]: Received request to clear entirely the global_costmap
[controller_server-2] [INFO] [1756824092.855073817] [controller_server]: Received a goal, begin computing control effort.
[controller_server-2] [WARN] [1756824092.856171630] [controller_server]: RegulatedPurePursuitController detected collision ahead!
[controller_server-2] [WARN] [1756824092.956342008] [controller_server]: RegulatedPurePursuitController detected collision ahead!
[controller_server-2] [WARN] [1756824093.056342848] [controller_server]: RegulatedPurePursuitController detected collision ahead!
[controller_server-2] [WARN] [1756824093.155998942] [controller_server]: RegulatedPurePursuitController detected collision ahead!
[controller_server-2] [WARN] [1756824093.256939225] [controller_server]: RegulatedPurePursuitController detected collision ahead!
[controller_server-2] [WARN] [1756824093.356406950] [controller_server]: RegulatedPurePursuitController detected collision ahead!
[controller_server-2] [WARN] [1756824093.456392133] [controller_server]: RegulatedPurePursuitController detected collision ahead!
[controller_server-2] [WARN] [1756824093.556427364] [controller_server]: RegulatedPurePursuitController detected collision ahead!
[controller_server-2] [WARN] [1756824093.656313195] [controller_server]: RegulatedPurePursuitController detected collision ahead!
[controller_server-2] [WARN] [1756824093.756940227] [controller_server]: RegulatedPurePursuitController detected collision ahead!
[controller_server-2] [WARN] [1756824093.856138517] [controller_server]: RegulatedPurePursuitController detected collision ahead!
[controller_server-2] [INFO] [1756824093.955307960] [controller_server]: Passing new path to controller.
[controller_server-2] [WARN] [1756824093.957551379] [controller_server]: RegulatedPurePursuitController detected collision ahead!
[controller_server-2] [WARN] [1756824094.056626153] [controller_server]: RegulatedPurePursuitController detected collision ahead!
[controller_server-2] [WARN] [1756824094.156343304] [controller_server]: RegulatedPurePursuitController detected collision ahead!
[controller_server-2] [WARN] [1756824094.256581778] [controller_server]: RegulatedPurePursuitController detected collision ahead!
[controller_server-2] [WARN] [1756824094.356314817] [controller_server]: RegulatedPurePursuitController detected collision ahead!
[controller_server-2] [WARN] [1756824094.456471896] [controller_server]: RegulatedPurePursuitController detected collision ahead!
[controller_server-2] [WARN] [1756824094.556515029] [controller_server]: RegulatedPurePursuitController detected collision ahead!
[controller_server-2] [WARN] [1756824094.656417548] [controller_server]: RegulatedPurePursuitController detected collision ahead!
[controller_server-2] [WARN] [1756824094.766447101] [controller_server]: RegulatedPurePursuitController detected collision ahead!
[controller_server-2] [WARN] [1756824094.855864696] [controller_server]: RegulatedPurePursuitController detected collision ahead!
[controller_server-2] [ERROR] [1756824094.855913996] [controller_server]: Controller patience exceeded
[controller_server-2] [WARN] [1756824094.855956652] [controller_server]: [follow_path] [ActionServer] Aborting handle.
[controller_server-2] [INFO] [1756824094.874780818] [local_costmap.local_costmap]: Received request to clear entirely the local_costmap
[controller_server-2] [INFO] [1756824094.875616623] [controller_server]: Received a goal, begin computing control effort.
[controller_server-2] [INFO] [1756824094.965807703] [controller_server]: Passing new path to controller.
[controller_server-2] [INFO] [1756824095.975815127] [controller_server]: Passing new path to controller.
[controller_server-2] [INFO] [1756824097.075897570] [controller_server]: Passing new path to controller.
[controller_server-2] [INFO] [1756824098.075836214] [controller_server]: Passing new path to controller.
[controller_server-2] [INFO] [1756824099.075820233] [controller_server]: Passing new path to controller.
[controller_server-2] [INFO] [1756824100.075834869] [controller_server]: Passing new path to controller.
[controller_server-2] [INFO] [1756824101.175896463] [controller_server]: Passing new path to controller.
[controller_server-2] [INFO] [1756824102.175910573] [controller_server]: Passing new path to controller.
[controller_server-2] [INFO] [1756824103.175890031] [controller_server]: Passing new path to controller.
[planner_server-4] [INFO] [1756824103.833810318] [global_costmap.global_costmap]: StaticLayer: Resizing costmap to 94 X 107 at 0.040000 m/pix
[controller_server-2] [INFO] [1756824103.963336108] [local_costmap.local_costmap]: StaticLayer: Resizing static layer to 94 X 107 at 0.040000 m/pix
[controller_server-2] [INFO] [1756824104.275830740] [controller_server]: Passing new path to controller.
[controller_server-2] [INFO] [1756824105.275834361] [controller_server]: Passing new path to controller.
[rviz2-11] [INFO] [1756824105.792187112] [rviz2]: Trying to create a map of size 95 x 107 using 1 swatches
[planner_server-4] [INFO] [1756824105.833799574] [global_costmap.global_costmap]: StaticLayer: Resizing costmap to 95 X 107 at 0.040000 m/pix
[rviz2-11] [INFO] [1756824105.852999698] [rviz2]: Trying to create a map of size 95 x 107 using 1 swatches
[controller_server-2] [INFO] [1756824105.963240116] [local_costmap.local_costmap]: StaticLayer: Resizing static layer to 95 X 107 at 0.040000 m/pix
[controller_server-2] [WARN] [1756824106.076603401] [controller_server]: RegulatedPurePursuitController detected collision ahead!
[controller_server-2] [INFO] [1756824106.275888138] [controller_server]: Passing new path to controller.
[controller_server-2] [INFO] [1756824107.375888399] [controller_server]: Passing new path to controller.
[bt_navigator-6] [INFO] [1756824107.844602922] [bt_navigator]: Received goal preemption request
[bt_navigator-6] [INFO] [1756824107.844903934] [bt_navigator]: Begin navigating from current location (0.49, 1.54) to (1.83, 2.78)
[controller_server-2] [INFO] [1756824108.375825714] [controller_server]: Passing new path to controller.
[controller_server-2] [INFO] [1756824109.375820078] [controller_server]: Passing new path to controller.
[controller_server-2] [WARN] [1756824109.576934049] [controller_server]: RegulatedPurePursuitController detected collision ahead!
[controller_server-2] [WARN] [1756824109.676854594] [controller_server]: RegulatedPurePursuitController detected collision ahead!
[controller_server-2] [WARN] [1756824109.776853845] [controller_server]: RegulatedPurePursuitController detected collision ahead!
[rviz2-11] [INFO] [1756824109.792294759] [rviz2]: Trying to create a map of size 96 x 107 using 1 swatches
[planner_server-4] [INFO] [1756824109.833871749] [global_costmap.global_costmap]: StaticLayer: Resizing costmap to 96 X 107 at 0.040000 m/pix
[rviz2-11] [INFO] [1756824109.855363218] [rviz2]: Trying to create a map of size 96 x 107 using 1 swatches
[controller_server-2] [WARN] [1756824109.876861780] [controller_server]: RegulatedPurePursuitController detected collision ahead!
[controller_server-2] [INFO] [1756824109.963319287] [local_costmap.local_costmap]: StaticLayer: Resizing static layer to 96 X 107 at 0.040000 m/pix
[controller_server-2] [WARN] [1756824109.976950827] [controller_server]: RegulatedPurePursuitController detected collision ahead!
[controller_server-2] [WARN] [1756824110.076957749] [controller_server]: RegulatedPurePursuitController detected collision ahead!
[controller_server-2] [WARN] [1756824110.176039233] [controller_server]: RegulatedPurePursuitController detected collision ahead!
[controller_server-2] [WARN] [1756824110.276550359] [controller_server]: RegulatedPurePursuitController detected collision ahead!
[controller_server-2] [INFO] [1756824110.375887449] [controller_server]: Passing new path to controller.
[controller_server-2] [WARN] [1756824110.376657493] [controller_server]: RegulatedPurePursuitController detected collision ahead!
[controller_server-2] [WARN] [1756824110.476958564] [controller_server]: RegulatedPurePursuitController detected collision ahead!
[controller_server-2] [WARN] [1756824110.576990200] [controller_server]: RegulatedPurePursuitController detected collision ahead!
[controller_server-2] [WARN] [1756824110.676991264] [controller_server]: RegulatedPurePursuitController detected collision ahead!
[controller_server-2] [WARN] [1756824110.776982883] [controller_server]: RegulatedPurePursuitController detected collision ahead!
[controller_server-2] [WARN] [1756824110.876986476] [controller_server]: RegulatedPurePursuitController detected collision ahead!
[controller_server-2] [WARN] [1756824110.976774723] [controller_server]: RegulatedPurePursuitController detected collision ahead!
[controller_server-2] [WARN] [1756824111.076935197] [controller_server]: RegulatedPurePursuitController detected collision ahead!
[controller_server-2] [WARN] [1756824111.176983459] [controller_server]: RegulatedPurePursuitController detected collision ahead!
[controller_server-2] [WARN] [1756824111.276899600] [controller_server]: RegulatedPurePursuitController detected collision ahead!
[controller_server-2] [WARN] [1756824111.376903250] [controller_server]: RegulatedPurePursuitController detected collision ahead!
[controller_server-2] [INFO] [1756824111.475829492] [controller_server]: Passing new path to controller.
[controller_server-2] [WARN] [1756824111.477112901] [controller_server]: RegulatedPurePursuitController detected collision ahead!
[controller_server-2] [ERROR] [1756824111.477167723] [controller_server]: Controller patience exceeded
[controller_server-2] [WARN] [1756824111.477215572] [controller_server]: [follow_path] [ActionServer] Aborting handle.
[behavior_server-5] [INFO] [1756824111.505630421] [behavior_server]: Running spin
[behavior_server-5] [INFO] [1756824111.505948184] [behavior_server]: Turning 1.57 for spin behavior.
[behavior_server-5] [INFO] [1756824114.406165048] [behavior_server]: spin completed successfully
[planner_server-4] [ERROR] [1756824114.435935015] [planner_server]: Failed to create a plan from potential when a legal potential was found. This shouldn't happen.
[planner_server-4] [WARN] [1756824114.436024621] [planner_server]: GridBased: failed to create plan with tolerance 0.20.
[planner_server-4] [WARN] [1756824114.436048700] [planner_server]: Planning algorithm GridBased failed to generate a valid path to (1.83, 2.78)
[planner_server-4] [WARN] [1756824114.436068883] [planner_server]: [compute_path_to_pose] [ActionServer] Aborting handle.
[planner_server-4] [INFO] [1756824114.454712644] [global_costmap.global_costmap]: Received request to clear entirely the global_costmap
[bt_navigator-6] [INFO] [1756824114.504597866] [bt_navigator]: Received goal preemption request
[bt_navigator-6] [INFO] [1756824114.504967162] [bt_navigator]: Begin navigating from current location (0.30, 1.25) to (1.20, 2.90)
[controller_server-2] [INFO] [1756824114.855239196] [controller_server]: Received a goal, begin computing control effort.
[controller_server-2] [INFO] [1756824115.955538682] [controller_server]: Passing new path to controller.
[controller_server-2] [WARN] [1756824116.256085703] [controller_server]: RegulatedPurePursuitController detected collision ahead!
[controller_server-2] [WARN] [1756824116.756683369] [controller_server]: RegulatedPurePursuitController detected collision ahead!
[controller_server-2] [INFO] [1756824116.955513026] [controller_server]: Passing new path to controller.
[controller_server-2] [WARN] [1756824117.456578037] [controller_server]: RegulatedPurePursuitController detected collision ahead!
[controller_server-2] [WARN] [1756824117.556472409] [controller_server]: RegulatedPurePursuitController detected collision ahead!
[controller_server-2] [WARN] [1756824117.656439786] [controller_server]: RegulatedPurePursuitController detected collision ahead!
[controller_server-2] [WARN] [1756824117.756489055] [controller_server]: RegulatedPurePursuitController detected collision ahead!
[controller_server-2] [INFO] [1756824117.955419310] [controller_server]: Passing new path to controller.
[controller_server-2] [WARN] [1756824117.956211892] [controller_server]: RegulatedPurePursuitController detected collision ahead!
[controller_server-2] [WARN] [1756824118.055817472] [controller_server]: RegulatedPurePursuitController detected collision ahead!
[controller_server-2] [WARN] [1756824118.156481502] [controller_server]: RegulatedPurePursuitController detected collision ahead!
[controller_server-2] [WARN] [1756824118.256471296] [controller_server]: RegulatedPurePursuitController detected collision ahead!
[controller_server-2] [WARN] [1756824118.356570227] [controller_server]: RegulatedPurePursuitController detected collision ahead!
[controller_server-2] [WARN] [1756824118.456477786] [controller_server]: RegulatedPurePursuitController detected collision ahead!
[controller_server-2] [WARN] [1756824118.556205749] [controller_server]: RegulatedPurePursuitController detected collision ahead!
[controller_server-2] [WARN] [1756824118.656407492] [controller_server]: RegulatedPurePursuitController detected collision ahead!
[controller_server-2] [WARN] [1756824118.756182411] [controller_server]: RegulatedPurePursuitController detected collision ahead!
[controller_server-2] [WARN] [1756824118.856482583] [controller_server]: RegulatedPurePursuitController detected collision ahead!
[controller_server-2] [WARN] [1756824118.956485359] [controller_server]: RegulatedPurePursuitController detected collision ahead!
[controller_server-2] [INFO] [1756824119.055430200] [controller_server]: Passing new path to controller.
[controller_server-2] [WARN] [1756824119.056704177] [controller_server]: RegulatedPurePursuitController detected collision ahead!
[controller_server-2] [WARN] [1756824119.156504112] [controller_server]: RegulatedPurePursuitController detected collision ahead!
[controller_server-2] [WARN] [1756824119.256572730] [controller_server]: RegulatedPurePursuitController detected collision ahead!
[controller_server-2] [WARN] [1756824119.356475471] [controller_server]: RegulatedPurePursuitController detected collision ahead!
[controller_server-2] [WARN] [1756824119.456420973] [controller_server]: RegulatedPurePursuitController detected collision ahead!
[controller_server-2] [WARN] [1756824119.556185292] [controller_server]: RegulatedPurePursuitController detected collision ahead!
[controller_server-2] [WARN] [1756824119.656505718] [controller_server]: RegulatedPurePursuitController detected collision ahead!
[controller_server-2] [WARN] [1756824119.756432045] [controller_server]: RegulatedPurePursuitController detected collision ahead!
[controller_server-2] [WARN] [1756824119.856460049] [controller_server]: RegulatedPurePursuitController detected collision ahead!
[controller_server-2] [ERROR] [1756824119.856552655] [controller_server]: Controller patience exceeded
[controller_server-2] [WARN] [1756824119.856624609] [controller_server]: [follow_path] [ActionServer] Aborting handle.
[controller_server-2] [INFO] [1756824119.874805681] [local_costmap.local_costmap]: Received request to clear entirely the local_costmap
[controller_server-2] [INFO] [1756824119.876195144] [controller_server]: Received a goal, begin computing control effort.
[controller_server-2] [WARN] [1756824119.968289919] [controller_server]: RegulatedPurePursuitController detected collision ahead!
[controller_server-2] [WARN] [1756824119.978231042] [controller_server]: RegulatedPurePursuitController detected collision ahead!
[controller_server-2] [INFO] [1756824120.076387316] [controller_server]: Passing new path to controller.
[controller_server-2] [WARN] [1756824120.077184837] [controller_server]: RegulatedPurePursuitController detected collision ahead!
[controller_server-2] [WARN] [1756824120.178277607] [controller_server]: RegulatedPurePursuitController detected collision ahead!
[controller_server-2] [WARN] [1756824120.278253493] [controller_server]: RegulatedPurePursuitController detected collision ahead!
[controller_server-2] [WARN] [1756824120.378362024] [controller_server]: RegulatedPurePursuitController detected collision ahead!
[controller_server-2] [WARN] [1756824120.477490966] [controller_server]: RegulatedPurePursuitController detected collision ahead!
[controller_server-2] [WARN] [1756824120.577210717] [controller_server]: RegulatedPurePursuitController detected collision ahead!
[controller_server-2] [WARN] [1756824120.677470934] [controller_server]: RegulatedPurePursuitController detected collision ahead!
[controller_server-2] [WARN] [1756824120.777487844] [controller_server]: RegulatedPurePursuitController detected collision ahead!
[controller_server-2] [WARN] [1756824120.877474956] [controller_server]: RegulatedPurePursuitController detected collision ahead!
[controller_server-2] [WARN] [1756824120.977484123] [controller_server]: RegulatedPurePursuitController detected collision ahead!
[controller_server-2] [INFO] [1756824121.076459188] [controller_server]: Passing new path to controller.
[controller_server-2] [WARN] [1756824121.077716580] [controller_server]: RegulatedPurePursuitController detected collision ahead!
[controller_server-2] [WARN] [1756824121.177473518] [controller_server]: RegulatedPurePursuitController detected collision ahead!
[controller_server-2] [WARN] [1756824121.277543463] [controller_server]: RegulatedPurePursuitController detected collision ahead!
[controller_server-2] [WARN] [1756824121.377142884] [controller_server]: RegulatedPurePursuitController detected collision ahead!
[controller_server-2] [WARN] [1756824121.477355088] [controller_server]: RegulatedPurePursuitController detected collision ahead!
[controller_server-2] [WARN] [1756824121.577461132] [controller_server]: RegulatedPurePursuitController detected collision ahead!
[controller_server-2] [WARN] [1756824121.677478215] [controller_server]: RegulatedPurePursuitController detected collision ahead!
[controller_server-2] [WARN] [1756824121.777124656] [controller_server]: RegulatedPurePursuitController detected collision ahead!
[controller_server-2] [WARN] [1756824121.877534683] [controller_server]: RegulatedPurePursuitController detected collision ahead!
[controller_server-2] [ERROR] [1756824121.877633706] [controller_server]: Controller patience exceeded
[controller_server-2] [WARN] [1756824121.877715511] [controller_server]: [follow_path] [ActionServer] Aborting handle.
[behavior_server-5] [INFO] [1756824121.895216228] [behavior_server]: Running wait
[behavior_server-5] [INFO] [1756824126.895606829] [behavior_server]: wait completed successfully
[controller_server-2] [INFO] [1756824126.945345372] [controller_server]: Received a goal, begin computing control effort.
[controller_server-2] [WARN] [1756824126.946238489] [controller_server]: RegulatedPurePursuitController detected collision ahead!
[controller_server-2] [WARN] [1756824127.046045549] [controller_server]: RegulatedPurePursuitController detected collision ahead!
[controller_server-2] [WARN] [1756824127.146580501] [controller_server]: RegulatedPurePursuitController detected collision ahead!
[controller_server-2] [WARN] [1756824127.246595745] [controller_server]: RegulatedPurePursuitController detected collision ahead!
[controller_server-2] [WARN] [1756824127.346580949] [controller_server]: RegulatedPurePursuitController detected collision ahead!
[controller_server-2] [WARN] [1756824127.446601240] [controller_server]: RegulatedPurePursuitController detected collision ahead!
[controller_server-2] [WARN] [1756824127.546597601] [controller_server]: RegulatedPurePursuitController detected collision ahead!
[controller_server-2] [WARN] [1756824127.645783765] [controller_server]: RegulatedPurePursuitController detected collision ahead!
[controller_server-2] [WARN] [1756824127.746092704] [controller_server]: RegulatedPurePursuitController detected collision ahead!
[controller_server-2] [WARN] [1756824127.846549412] [controller_server]: RegulatedPurePursuitController detected collision ahead!
[controller_server-2] [WARN] [1756824127.946615283] [controller_server]: RegulatedPurePursuitController detected collision ahead!
[controller_server-2] [INFO] [1756824128.045562299] [controller_server]: Passing new path to controller.
[controller_server-2] [WARN] [1756824128.046664060] [controller_server]: RegulatedPurePursuitController detected collision ahead!
[controller_server-2] [WARN] [1756824128.146589967] [controller_server]: RegulatedPurePursuitController detected collision ahead!
[controller_server-2] [WARN] [1756824128.246635805] [controller_server]: RegulatedPurePursuitController detected collision ahead!
[controller_server-2] [WARN] [1756824128.346614699] [controller_server]: RegulatedPurePursuitController detected collision ahead!
[controller_server-2] [WARN] [1756824128.446612644] [controller_server]: RegulatedPurePursuitController detected collision ahead!
[controller_server-2] [WARN] [1756824128.546349485] [controller_server]: RegulatedPurePursuitController detected collision ahead!
[controller_server-2] [WARN] [1756824128.646244081] [controller_server]: RegulatedPurePursuitController detected collision ahead!
[controller_server-2] [WARN] [1756824128.746606893] [controller_server]: RegulatedPurePursuitController detected collision ahead!
[controller_server-2] [WARN] [1756824128.846610719] [controller_server]: RegulatedPurePursuitController detected collision ahead!
[controller_server-2] [WARN] [1756824128.946697877] [controller_server]: RegulatedPurePursuitController detected collision ahead!
[controller_server-2] [ERROR] [1756824128.946794773] [controller_server]: Controller patience exceeded
[controller_server-2] [WARN] [1756824128.946870581] [controller_server]: [follow_path] [ActionServer] Aborting handle.
[controller_server-2] [INFO] [1756824128.964646577] [local_costmap.local_costmap]: Received request to clear entirely the local_costmap
[controller_server-2] [INFO] [1756824128.965436321] [controller_server]: Received a goal, begin computing control effort.
[controller_server-2] [INFO] [1756824129.165663960] [controller_server]: Passing new path to controller.
[controller_server-2] [WARN] [1756824129.166951983] [controller_server]: RegulatedPurePursuitController detected collision ahead!
[controller_server-2] [WARN] [1756824129.167066171] [controller_server]: Control loop missed its desired rate of 10.0000Hz
[controller_server-2] [WARN] [1756824129.167973058] [controller_server]: RegulatedPurePursuitController detected collision ahead!
[controller_server-2] [WARN] [1756824129.269330344] [controller_server]: RegulatedPurePursuitController detected collision ahead!
[controller_server-2] [WARN] [1756824129.370625454] [controller_server]: RegulatedPurePursuitController detected collision ahead!
[controller_server-2] [WARN] [1756824129.471899058] [controller_server]: RegulatedPurePursuitController detected collision ahead!
[controller_server-2] [WARN] [1756824129.573268458] [controller_server]: RegulatedPurePursuitController detected collision ahead!
[controller_server-2] [WARN] [1756824129.674629558] [controller_server]: RegulatedPurePursuitController detected collision ahead!
[controller_server-2] [WARN] [1756824129.776018349] [controller_server]: RegulatedPurePursuitController detected collision ahead!
[controller_server-2] [WARN] [1756824129.877387701] [controller_server]: RegulatedPurePursuitController detected collision ahead!
[controller_server-2] [WARN] [1756824130.029163685] [controller_server]: RegulatedPurePursuitController detected collision ahead!
[controller_server-2] [INFO] [1756824130.129457766] [controller_server]: Passing new path to controller.
[controller_server-2] [WARN] [1756824130.130720351] [controller_server]: RegulatedPurePursuitController detected collision ahead!
[controller_server-2] [WARN] [1756824130.231362996] [controller_server]: RegulatedPurePursuitController detected collision ahead!
[controller_server-2] [WARN] [1756824130.332602932] [controller_server]: RegulatedPurePursuitController detected collision ahead!
[controller_server-2] [WARN] [1756824130.433933510] [controller_server]: RegulatedPurePursuitController detected collision ahead!
[controller_server-2] [WARN] [1756824130.535249649] [controller_server]: RegulatedPurePursuitController detected collision ahead!
[controller_server-2] [WARN] [1756824130.636563646] [controller_server]: RegulatedPurePursuitController detected collision ahead!
[controller_server-2] [WARN] [1756824130.737868777] [controller_server]: RegulatedPurePursuitController detected collision ahead!
[controller_server-2] [WARN] [1756824130.839162120] [controller_server]: RegulatedPurePursuitController detected collision ahead!
[controller_server-2] [WARN] [1756824130.940463079] [controller_server]: RegulatedPurePursuitController detected collision ahead!
[controller_server-2] [WARN] [1756824131.041645915] [controller_server]: RegulatedPurePursuitController detected collision ahead!
[controller_server-2] [ERROR] [1756824131.041729883] [controller_server]: Controller patience exceeded
[controller_server-2] [WARN] [1756824131.041794881] [controller_server]: [follow_path] [ActionServer] Aborting handle.
[behavior_server-5] [INFO] [1756824131.055634948] [behavior_server]: Running backup
[behavior_server-5] [INFO] [1756824131.055957908] [behavior_server]: DriveOnHeading: no acceleration or deceleration limits set
[behavior_server-5] [WARN] [1756824132.556098088] [behavior_server]: Collision Ahead - Exiting DriveOnHeading
[behavior_server-5] [WARN] [1756824132.556208237] [behavior_server]: backup failed
[behavior_server-5] [WARN] [1756824132.556238373] [behavior_server]: [backup] [ActionServer] Aborting handle.
[controller_server-2] [INFO] [1756824132.584884138] [local_costmap.local_costmap]: Received request to clear entirely the local_costmap
[planner_server-4] [INFO] [1756824132.585921042] [global_costmap.global_costmap]: Received request to clear entirely the global_costmap
[controller_server-2] [INFO] [1756824132.855340242] [controller_server]: Received a goal, begin computing control effort.
[controller_server-2] [WARN] [1756824132.856682660] [controller_server]: RegulatedPurePursuitController detected collision ahead!
[controller_server-2] [INFO] [1756824132.955701033] [controller_server]: Passing new path to controller.
[controller_server-2] [WARN] [1756824132.957982819] [controller_server]: RegulatedPurePursuitController detected collision ahead!
[controller_server-2] [WARN] [1756824133.056525307] [controller_server]: RegulatedPurePursuitController detected collision ahead!
[controller_server-2] [WARN] [1756824133.156490486] [controller_server]: RegulatedPurePursuitController detected collision ahead!
[controller_server-2] [WARN] [1756824133.256811984] [controller_server]: RegulatedPurePursuitController detected collision ahead!
[controller_server-2] [WARN] [1756824133.356820830] [controller_server]: RegulatedPurePursuitController detected collision ahead!
[controller_server-2] [WARN] [1756824133.456886482] [controller_server]: RegulatedPurePursuitController detected collision ahead!
[controller_server-2] [WARN] [1756824133.557136334] [controller_server]: RegulatedPurePursuitController detected collision ahead!
[controller_server-2] [WARN] [1756824133.656809567] [controller_server]: RegulatedPurePursuitController detected collision ahead!
[controller_server-2] [WARN] [1756824133.756744253] [controller_server]: RegulatedPurePursuitController detected collision ahead!
[controller_server-2] [WARN] [1756824133.856774133] [controller_server]: RegulatedPurePursuitController detected collision ahead!
[controller_server-2] [INFO] [1756824133.955624023] [controller_server]: Passing new path to controller.
[controller_server-2] [WARN] [1756824133.956850734] [controller_server]: RegulatedPurePursuitController detected collision ahead!
[controller_server-2] [WARN] [1756824134.057163298] [controller_server]: RegulatedPurePursuitController detected collision ahead!
[controller_server-2] [WARN] [1756824134.156152185] [controller_server]: RegulatedPurePursuitController detected collision ahead!
[controller_server-2] [WARN] [1756824134.257156433] [controller_server]: RegulatedPurePursuitController detected collision ahead!
[controller_server-2] [WARN] [1756824134.357134475] [controller_server]: RegulatedPurePursuitController detected collision ahead!
[controller_server-2] [WARN] [1756824134.457047772] [controller_server]: RegulatedPurePursuitController detected collision ahead!
[bt_navigator-6] [INFO] [1756824134.524589868] [bt_navigator]: Received goal preemption request
[bt_navigator-6] [INFO] [1756824134.524886184] [bt_navigator]: Begin navigating from current location (0.31, 1.27) to (1.18, 2.85)
[controller_server-2] [WARN] [1756824134.557179033] [controller_server]: RegulatedPurePursuitController detected collision ahead!
[controller_server-2] [WARN] [1756824134.657087447] [controller_server]: RegulatedPurePursuitController detected collision ahead!
[controller_server-2] [WARN] [1756824134.757147129] [controller_server]: RegulatedPurePursuitController detected collision ahead!
[controller_server-2] [WARN] [1756824134.857148328] [controller_server]: RegulatedPurePursuitController detected collision ahead!
[controller_server-2] [ERROR] [1756824134.857244065] [controller_server]: Controller patience exceeded
[controller_server-2] [WARN] [1756824134.857324799] [controller_server]: [follow_path] [ActionServer] Aborting handle.
[controller_server-2] [INFO] [1756824134.874809188] [local_costmap.local_costmap]: Received request to clear entirely the local_costmap
[controller_server-2] [INFO] [1756824134.875907103] [controller_server]: Received a goal, begin computing control effort.
[controller_server-2] [INFO] [1756824134.966099587] [controller_server]: Passing new path to controller.
[controller_server-2] [WARN] [1756824134.967733365] [controller_server]: RegulatedPurePursuitController detected collision ahead!
[controller_server-2] [WARN] [1756824134.976809872] [controller_server]: RegulatedPurePursuitController detected collision ahead!
[controller_server-2] [WARN] [1756824135.076871001] [controller_server]: RegulatedPurePursuitController detected collision ahead!
[controller_server-2] [WARN] [1756824135.177504434] [controller_server]: RegulatedPurePursuitController detected collision ahead!
[controller_server-2] [WARN] [1756824135.277498999] [controller_server]: RegulatedPurePursuitController detected collision ahead!
[controller_server-2] [WARN] [1756824135.377496714] [controller_server]: RegulatedPurePursuitController detected collision ahead!
[controller_server-2] [WARN] [1756824135.477502349] [controller_server]: RegulatedPurePursuitController detected collision ahead!
[controller_server-2] [WARN] [1756824135.577530640] [controller_server]: RegulatedPurePursuitController detected collision ahead!
[controller_server-2] [WARN] [1756824135.677496230] [controller_server]: RegulatedPurePursuitController detected collision ahead!
[controller_server-2] [WARN] [1756824135.777318559] [controller_server]: RegulatedPurePursuitController detected collision ahead!
[controller_server-2] [WARN] [1756824135.876781609] [controller_server]: RegulatedPurePursuitController detected collision ahead!
[controller_server-2] [INFO] [1756824135.976095226] [controller_server]: Passing new path to controller.
[controller_server-2] [WARN] [1756824135.977670906] [controller_server]: RegulatedPurePursuitController detected collision ahead!
[controller_server-2] [WARN] [1756824136.077420079] [controller_server]: RegulatedPurePursuitController detected collision ahead!
[controller_server-2] [WARN] [1756824136.177502138] [controller_server]: RegulatedPurePursuitController detected collision ahead!
[controller_server-2] [WARN] [1756824136.277611329] [controller_server]: RegulatedPurePu