[INFO] [launch]: All log files can be found below /home/robot/.ros/log/2025-09-05-20-45-50-488030-robot-pc04-48539
[INFO] [launch]: Default logging verbosity is set to INFO
[INFO] [async_slam_toolbox_node-1]: process started with pid [48543]
[INFO] [controller_server-2]: process started with pid [48545]
[INFO] [smoother_server-3]: process started with pid [48547]
[INFO] [planner_server-4]: process started with pid [48549]
[INFO] [behavior_server-5]: process started with pid [48551]
[INFO] [bt_navigator-6]: process started with pid [48553]
[INFO] [waypoint_follower-7]: process started with pid [48555]
[INFO] [velocity_smoother-8]: process started with pid [48557]
[INFO] [lifecycle_manager-9]: process started with pid [48559]
[INFO] [explore-10]: process started with pid [48561]
[INFO] [rviz2-11]: process started with pid [48563]
[async_slam_toolbox_node-1] [INFO] [1757097950.598202997] [slam]: Node using stack size 40000000
[planner_server-4] [INFO] [1757097950.599861651] [planner_server]: 
[planner_server-4] 	planner_server lifecycle node launched. 
[planner_server-4] 	Waiting on external lifecycle transitions to activate
[planner_server-4] 	See https://design.ros2.org/articles/node_lifecycle.html for more information.
[planner_server-4] [INFO] [1757097950.600798442] [planner_server]: Creating
[waypoint_follower-7] [INFO] [1757097950.600786627] [waypoint_follower]: 
[waypoint_follower-7] 	waypoint_follower lifecycle node launched. 
[waypoint_follower-7] 	Waiting on external lifecycle transitions to activate
[waypoint_follower-7] 	See https://design.ros2.org/articles/node_lifecycle.html for more information.
[controller_server-2] [INFO] [1757097950.600942581] [controller_server]: 
[controller_server-2] 	controller_server lifecycle node launched. 
[controller_server-2] 	Waiting on external lifecycle transitions to activate
[controller_server-2] 	See https://design.ros2.org/articles/node_lifecycle.html for more information.
[waypoint_follower-7] [INFO] [1757097950.601060199] [waypoint_follower]: Creating
[bt_navigator-6] [INFO] [1757097950.602178436] [bt_navigator]: 
[bt_navigator-6] 	bt_navigator lifecycle node launched. 
[bt_navigator-6] 	Waiting on external lifecycle transitions to activate
[bt_navigator-6] 	See https://design.ros2.org/articles/node_lifecycle.html for more information.
[bt_navigator-6] [INFO] [1757097950.602250205] [bt_navigator]: Creating
[velocity_smoother-8] [INFO] [1757097950.602298220] [velocity_smoother]: 
[velocity_smoother-8] 	velocity_smoother lifecycle node launched. 
[velocity_smoother-8] 	Waiting on external lifecycle transitions to activate
[velocity_smoother-8] 	See https://design.ros2.org/articles/node_lifecycle.html for more information.
[smoother_server-3] [INFO] [1757097950.602498419] [smoother_server]: 
[smoother_server-3] 	smoother_server lifecycle node launched. 
[smoother_server-3] 	Waiting on external lifecycle transitions to activate
[smoother_server-3] 	See https://design.ros2.org/articles/node_lifecycle.html for more information.
[controller_server-2] [INFO] [1757097950.602790381] [controller_server]: Creating controller server
[behavior_server-5] [INFO] [1757097950.602924846] [behavior_server]: 
[behavior_server-5] 	behavior_server lifecycle node launched. 
[behavior_server-5] 	Waiting on external lifecycle transitions to activate
[behavior_server-5] 	See https://design.ros2.org/articles/node_lifecycle.html for more information.
[smoother_server-3] [INFO] [1757097950.603300255] [smoother_server]: Creating smoother server
[explore-10] [INFO] [1757097950.605602113] [explore_node]: Waiting for costmap to become available, topic: map
[lifecycle_manager-9] [INFO] [1757097950.605889430] [lifecycle_manager_navigation]: Creating
[lifecycle_manager-9] [INFO] [1757097950.607005580] [lifecycle_manager_navigation]: [34m[1mCreating and initializing lifecycle service clients[0m[0m
[controller_server-2] [INFO] [1757097950.607329582] [local_costmap.local_costmap]: 
[controller_server-2] 	local_costmap lifecycle node launched. 
[controller_server-2] 	Waiting on external lifecycle transitions to activate
[controller_server-2] 	See https://design.ros2.org/articles/node_lifecycle.html for more information.
[controller_server-2] [INFO] [1757097950.607619467] [local_costmap.local_costmap]: Creating Costmap
[planner_server-4] [INFO] [1757097950.607692133] [global_costmap.global_costmap]: 
[planner_server-4] 	global_costmap lifecycle node launched. 
[planner_server-4] 	Waiting on external lifecycle transitions to activate
[planner_server-4] 	See https://design.ros2.org/articles/node_lifecycle.html for more information.
[planner_server-4] [INFO] [1757097950.608021163] [global_costmap.global_costmap]: Creating Costmap
[async_slam_toolbox_node-1] [INFO] [1757097950.614708867] [slam]: Using solver plugin solver_plugins::CeresSolver
[async_slam_toolbox_node-1] [INFO] [1757097950.614872097] [slam]: CeresSolver: Using SCHUR_JACOBI preconditioner.
[lifecycle_manager-9] [INFO] [1757097950.650127179] [lifecycle_manager_navigation]: [34m[1mStarting managed nodes bringup...[0m[0m
[lifecycle_manager-9] [INFO] [1757097950.650158476] [lifecycle_manager_navigation]: [34m[1mConfiguring controller_server[0m[0m
[controller_server-2] [INFO] [1757097950.650310180] [controller_server]: Configuring controller interface
[controller_server-2] [INFO] [1757097950.650407653] [controller_server]: getting goal checker plugins..
[controller_server-2] [INFO] [1757097950.650509550] [controller_server]: Controller frequency set to 10.0000Hz
[controller_server-2] [INFO] [1757097950.650527980] [local_costmap.local_costmap]: Configuring
[controller_server-2] [INFO] [1757097950.652861917] [local_costmap.local_costmap]: Using plugin "static_layer"
[controller_server-2] [INFO] [1757097950.654501495] [local_costmap.local_costmap]: Subscribing to the map topic (/map) with transient local durability
[controller_server-2] [INFO] [1757097950.654962471] [local_costmap.local_costmap]: Initialized plugin "static_layer"
[controller_server-2] [INFO] [1757097950.654972802] [local_costmap.local_costmap]: Using plugin "obstacle_layer"
[controller_server-2] [INFO] [1757097950.655115315] [local_costmap.local_costmap]: Subscribed to Topics: scan
[controller_server-2] [INFO] [1757097950.656136763] [local_costmap.local_costmap]: Initialized plugin "obstacle_layer"
[controller_server-2] [INFO] [1757097950.656150274] [local_costmap.local_costmap]: Using plugin "inflation_layer"
[controller_server-2] [INFO] [1757097950.656671215] [local_costmap.local_costmap]: Initialized plugin "inflation_layer"
[controller_server-2] [INFO] [1757097950.659455131] [controller_server]: Created progress_checker : progress_checker of type nav2_controller::SimpleProgressChecker
[controller_server-2] [INFO] [1757097950.659681665] [controller_server]: Created goal checker : goal_checker of type nav2_controller::SimpleGoalChecker
[controller_server-2] [INFO] [1757097950.659794356] [controller_server]: Controller Server has goal_checker  goal checkers available.
[controller_server-2] [INFO] [1757097950.660045147] [controller_server]: Created controller : FollowPath of type nav2_regulated_pure_pursuit_controller::RegulatedPurePursuitController
[controller_server-2] [INFO] [1757097950.661755406] [controller_server]: Controller Server has FollowPath  controllers available.
[lifecycle_manager-9] [INFO] [1757097950.663696509] [lifecycle_manager_navigation]: [34m[1mConfiguring smoother_server[0m[0m
[smoother_server-3] [INFO] [1757097950.663790725] [smoother_server]: Configuring smoother server
[smoother_server-3] [INFO] [1757097950.666721626] [smoother_server]: Created smoother : simple_smoother of type nav2_smoother::SimpleSmoother
[smoother_server-3] [INFO] [1757097950.666829538] [smoother_server]: Smoother Server has simple_smoother  smoothers available.
[lifecycle_manager-9] [INFO] [1757097950.668878540] [lifecycle_manager_navigation]: [34m[1mConfiguring planner_server[0m[0m
[planner_server-4] [INFO] [1757097950.669075829] [planner_server]: Configuring
[planner_server-4] [INFO] [1757097950.669126236] [global_costmap.global_costmap]: Configuring
[planner_server-4] [INFO] [1757097950.674626574] [global_costmap.global_costmap]: Using plugin "static_layer"
[planner_server-4] [INFO] [1757097950.677957206] [global_costmap.global_costmap]: Subscribing to the map topic (/map) with transient local durability
[planner_server-4] [INFO] [1757097950.679176259] [global_costmap.global_costmap]: Initialized plugin "static_layer"
[planner_server-4] [INFO] [1757097950.679206977] [global_costmap.global_costmap]: Using plugin "obstacle_layer"
[planner_server-4] [INFO] [1757097950.679581867] [global_costmap.global_costmap]: Subscribed to Topics: scan
[planner_server-4] [INFO] [1757097950.682438104] [global_costmap.global_costmap]: Initialized plugin "obstacle_layer"
[planner_server-4] [INFO] [1757097950.682476390] [global_costmap.global_costmap]: Using plugin "inflation_layer"
[planner_server-4] [INFO] [1757097950.683094507] [global_costmap.global_costmap]: Initialized plugin "inflation_layer"
[planner_server-4] [INFO] [1757097950.689252859] [planner_server]: Created global planner plugin GridBased of type nav2_navfn_planner/NavfnPlanner
[planner_server-4] [INFO] [1757097950.689291111] [planner_server]: Configuring plugin GridBased of type NavfnPlanner
[planner_server-4] [INFO] [1757097950.689685455] [planner_server]: Planner Server has GridBased  planners available.
[lifecycle_manager-9] [INFO] [1757097950.695706875] [lifecycle_manager_navigation]: [34m[1mConfiguring behavior_server[0m[0m
[behavior_server-5] [INFO] [1757097950.695915945] [behavior_server]: Configuring
[behavior_server-5] [INFO] [1757097950.700177007] [behavior_server]: Creating behavior plugin spin of type nav2_behaviors/Spin
[behavior_server-5] [INFO] [1757097950.700562544] [behavior_server]: Configuring spin
[behavior_server-5] [INFO] [1757097950.702117442] [behavior_server]: Creating behavior plugin backup of type nav2_behaviors/BackUp
[behavior_server-5] [INFO] [1757097950.702455596] [behavior_server]: Configuring backup
[behavior_server-5] [INFO] [1757097950.703581283] [behavior_server]: Creating behavior plugin drive_on_heading of type nav2_behaviors/DriveOnHeading
[behavior_server-5] [INFO] [1757097950.703952969] [behavior_server]: Configuring drive_on_heading
[behavior_server-5] [INFO] [1757097950.705222706] [behavior_server]: Creating behavior plugin wait of type nav2_behaviors/Wait
[behavior_server-5] [INFO] [1757097950.705643402] [behavior_server]: Configuring wait
[behavior_server-5] [INFO] [1757097950.706952885] [behavior_server]: Creating behavior plugin assisted_teleop of type nav2_behaviors/AssistedTeleop
[behavior_server-5] [INFO] [1757097950.707848034] [behavior_server]: Configuring assisted_teleop
[lifecycle_manager-9] [INFO] [1757097950.710459809] [lifecycle_manager_navigation]: [34m[1mConfiguring bt_navigator[0m[0m
[bt_navigator-6] [INFO] [1757097950.710957034] [bt_navigator]: Configuring
[lifecycle_manager-9] [INFO] [1757097950.728671624] [lifecycle_manager_navigation]: [34m[1mConfiguring waypoint_follower[0m[0m
[waypoint_follower-7] [INFO] [1757097950.728781671] [waypoint_follower]: Configuring
[waypoint_follower-7] [INFO] [1757097950.732075540] [waypoint_follower]: Created waypoint_task_executor : wait_at_waypoint of type nav2_waypoint_follower::WaitAtWaypoint
[lifecycle_manager-9] [INFO] [1757097950.732327543] [lifecycle_manager_navigation]: [34m[1mConfiguring velocity_smoother[0m[0m
[velocity_smoother-8] [INFO] [1757097950.732470932] [velocity_smoother]: Configuring velocity smoother
[lifecycle_manager-9] [INFO] [1757097950.734088622] [lifecycle_manager_navigation]: [34m[1mActivating controller_server[0m[0m
[controller_server-2] [INFO] [1757097950.734151553] [controller_server]: Activating
[controller_server-2] [INFO] [1757097950.734171860] [local_costmap.local_costmap]: Activating
[controller_server-2] [INFO] [1757097950.734177409] [local_costmap.local_costmap]: Checking transform
[controller_server-2] [INFO] [1757097950.734190325] [local_costmap.local_costmap]: Timed out waiting for transform from base_link to odom to become available, tf error: Invalid frame ID "odom" passed to canTransform argument target_frame - frame does not exist
[rviz2-11] [INFO] [1757097951.021497995] [rviz2]: Stereo is NOT SUPPORTED
[rviz2-11] [INFO] [1757097951.021556495] [rviz2]: OpenGl version: 4.6 (GLSL 4.6)
[rviz2-11] [INFO] [1757097951.063818386] [rviz2]: Stereo is NOT SUPPORTED
[controller_server-2] [INFO] [1757097951.234225436] [local_costmap.local_costmap]: Timed out waiting for transform from base_link to odom to become available, tf error: Invalid frame ID "odom" passed to canTransform argument target_frame - frame does not exist
[controller_server-2] [INFO] [1757097951.734246302] [local_costmap.local_costmap]: Timed out waiting for transform from base_link to odom to become available, tf error: Invalid frame ID "odom" passed to canTransform argument target_frame - frame does not exist
[controller_server-2] [INFO] [1757097952.234416856] [local_costmap.local_costmap]: start
[controller_server-2] [INFO] [1757097952.436040424] [controller_server]: Activating controller: FollowPath of type regulated_pure_pursuit_controller::RegulatedPurePursuitController
[controller_server-2] [INFO] [1757097952.436153181] [controller_server]: Creating bond (controller_server) to lifecycle manager.
[lifecycle_manager-9] [INFO] [1757097952.548400402] [lifecycle_manager_navigation]: Server controller_server connected with bond.
[lifecycle_manager-9] [INFO] [1757097952.548498317] [lifecycle_manager_navigation]: [34m[1mActivating smoother_server[0m[0m
[smoother_server-3] [INFO] [1757097952.549545178] [smoother_server]: Activating
[smoother_server-3] [INFO] [1757097952.549663186] [smoother_server]: Creating bond (smoother_server) to lifecycle manager.
[lifecycle_manager-9] [INFO] [1757097952.653605545] [lifecycle_manager_navigation]: Server smoother_server connected with bond.
[lifecycle_manager-9] [INFO] [1757097952.653689362] [lifecycle_manager_navigation]: [34m[1mActivating planner_server[0m[0m
[planner_server-4] [INFO] [1757097952.654229449] [planner_server]: Activating
[planner_server-4] [INFO] [1757097952.654322724] [global_costmap.global_costmap]: Activating
[planner_server-4] [INFO] [1757097952.654346487] [global_costmap.global_costmap]: Checking transform
[planner_server-4] [INFO] [1757097952.654391874] [global_costmap.global_costmap]: Timed out waiting for transform from base_link to map to become available, tf error: Invalid frame ID "map" passed to canTransform argument target_frame - frame does not exist
[planner_server-4] [INFO] [1757097953.154460563] [global_costmap.global_costmap]: Timed out waiting for transform from base_link to map to become available, tf error: Invalid frame ID "map" passed to canTransform argument target_frame - frame does not exist
[planner_server-4] [INFO] [1757097953.654436544] [global_costmap.global_costmap]: Timed out waiting for transform from base_link to map to become available, tf error: Invalid frame ID "map" passed to canTransform argument target_frame - frame does not exist
[planner_server-4] [INFO] [1757097954.154447345] [global_costmap.global_costmap]: Timed out waiting for transform from base_link to map to become available, tf error: Invalid frame ID "map" passed to canTransform argument target_frame - frame does not exist
[controller_server-2] [WARN] [1757097954.235403509] [local_costmap.local_costmap]: Can't update static costmap layer, no map received
[planner_server-4] [INFO] [1757097954.654444884] [global_costmap.global_costmap]: Timed out waiting for transform from base_link to map to become available, tf error: Invalid frame ID "map" passed to canTransform argument target_frame - frame does not exist
[async_slam_toolbox_node-1] [WARN] [1757097954.758859546] [slam]: minimum laser range setting (0.0 m) exceeds the capabilities of the used Lidar (0.1 m)
[rviz2-11] [INFO] [1757097954.866123343] [rviz2]: Trying to create a map of size 100 x 100 using 1 swatches
[planner_server-4] [INFO] [1757097955.154583629] [global_costmap.global_costmap]: start
[planner_server-4] [WARN] [1757097956.155061070] [nav2_costmap_2d]: Robot is out of bounds of the costmap!
[planner_server-4] [WARN] [1757097956.155246778] [global_costmap.global_costmap]: Sensor origin at (-0.11, 0.39) is out of map bounds (0.00, 0.00) to (4.98, 4.98). The costmap cannot raytrace for it.
[rviz2-11] [INFO] [1757097956.176496640] [rviz2]: Trying to create a map of size 100 x 100 using 1 swatches
[planner_server-4] [INFO] [1757097956.206100053] [planner_server]: Activating plugin GridBased of type NavfnPlanner
[planner_server-4] [INFO] [1757097956.207928407] [planner_server]: Creating bond (planner_server) to lifecycle manager.
[controller_server-2] [WARN] [1757097956.235320450] [local_costmap.local_costmap]: Can't update static costmap layer, no map received
[lifecycle_manager-9] [INFO] [1757097956.315054393] [lifecycle_manager_navigation]: Server planner_server connected with bond.
[lifecycle_manager-9] [INFO] [1757097956.315158728] [lifecycle_manager_navigation]: [34m[1mActivating behavior_server[0m[0m
[behavior_server-5] [INFO] [1757097956.315848008] [behavior_server]: Activating
[behavior_server-5] [INFO] [1757097956.315918879] [behavior_server]: Activating spin
[behavior_server-5] [INFO] [1757097956.315945529] [behavior_server]: Activating backup
[behavior_server-5] [INFO] [1757097956.315964941] [behavior_server]: Activating drive_on_heading
[behavior_server-5] [INFO] [1757097956.315982591] [behavior_server]: Activating wait
[behavior_server-5] [INFO] [1757097956.315999770] [behavior_server]: Activating assisted_teleop
[behavior_server-5] [INFO] [1757097956.316022684] [behavior_server]: Creating bond (behavior_server) to lifecycle manager.
[lifecycle_manager-9] [INFO] [1757097956.423526128] [lifecycle_manager_navigation]: Server behavior_server connected with bond.
[lifecycle_manager-9] [INFO] [1757097956.423637579] [lifecycle_manager_navigation]: [34m[1mActivating bt_navigator[0m[0m
[bt_navigator-6] [INFO] [1757097956.424401437] [bt_navigator]: Activating
[bt_navigator-6] [INFO] [1757097956.459430481] [bt_navigator]: Creating bond (bt_navigator) to lifecycle manager.
[lifecycle_manager-9] [INFO] [1757097956.561613915] [lifecycle_manager_navigation]: Server bt_navigator connected with bond.
[lifecycle_manager-9] [INFO] [1757097956.561721503] [lifecycle_manager_navigation]: [34m[1mActivating waypoint_follower[0m[0m
[waypoint_follower-7] [INFO] [1757097956.562465354] [waypoint_follower]: Activating
[waypoint_follower-7] [INFO] [1757097956.562577933] [waypoint_follower]: Creating bond (waypoint_follower) to lifecycle manager.
[planner_server-4] [INFO] [1757097956.618918478] [global_costmap.global_costmap]: StaticLayer: Resizing costmap to 89 X 45 at 0.040000 m/pix
[controller_server-2] [INFO] [1757097956.618946654] [local_costmap.local_costmap]: StaticLayer: Resizing static layer to 89 X 45 at 0.040000 m/pix
[rviz2-11] [INFO] [1757097956.626266421] [rviz2]: Trying to create a map of size 89 x 45 using 1 swatches
[lifecycle_manager-9] [INFO] [1757097956.671864871] [lifecycle_manager_navigation]: Server waypoint_follower connected with bond.
[lifecycle_manager-9] [INFO] [1757097956.671962437] [lifecycle_manager_navigation]: [34m[1mActivating velocity_smoother[0m[0m
[velocity_smoother-8] [INFO] [1757097956.672635419] [velocity_smoother]: Activating
[velocity_smoother-8] [INFO] [1757097956.672803098] [velocity_smoother]: Creating bond (velocity_smoother) to lifecycle manager.
[lifecycle_manager-9] [INFO] [1757097956.781062593] [lifecycle_manager_navigation]: Server velocity_smoother connected with bond.
[lifecycle_manager-9] [INFO] [1757097956.781153160] [lifecycle_manager_navigation]: [34m[1mManaged nodes are active[0m[0m
[lifecycle_manager-9] [INFO] [1757097956.781179202] [lifecycle_manager_navigation]: [34m[1mCreating bond timer...[0m[0m
[rviz2-11] [INFO] [1757097957.169268930] [rviz2]: Trying to create a map of size 89 x 45 using 1 swatches
[explore-10] [INFO] [1757097958.627775162] [explore_node]: Waiting to connect to move_base nav2 server
[explore-10] [INFO] [1757097958.628193798] [explore_node]: Connected to move_base nav2 server
[explore-10] [INFO] [1757097958.628212465] [explore_node]: Getting initial pose of the robot
[bt_navigator-6] [INFO] [1757097958.685383564] [bt_navigator]: Begin navigating from current location (-0.13, 0.40) to (1.57, 1.06)
[controller_server-2] [INFO] [1757097958.706201464] [controller_server]: Received a goal, begin computing control effort.
[controller_server-2] [WARN] [1757097958.706257477] [controller_server]: No goal checker was specified in parameter 'current_goal_checker'. Server will use only plugin loaded goal_checker . This warning will appear once.
[controller_server-2] [INFO] [1757097959.806384528] [controller_server]: Passing new path to controller.
[controller_server-2] [INFO] [1757097960.806386641] [controller_server]: Passing new path to controller.
[controller_server-2] [INFO] [1757097961.806364405] [controller_server]: Passing new path to controller.
[controller_server-2] [INFO] [1757097962.634611625] [local_costmap.local_costmap]: StaticLayer: Resizing static layer to 91 X 105 at 0.040000 m/pix
[rviz2-11] [INFO] [1757097962.644249541] [rviz2]: Trying to create a map of size 91 x 105 using 1 swatches
[controller_server-2] [INFO] [1757097962.906379854] [controller_server]: Passing new path to controller.
[planner_server-4] [INFO] [1757097963.154836417] [global_costmap.global_costmap]: StaticLayer: Resizing costmap to 91 X 105 at 0.040000 m/pix
[rviz2-11] [INFO] [1757097963.185843070] [rviz2]: Trying to create a map of size 91 x 105 using 1 swatches
[controller_server-2] [INFO] [1757097963.906376095] [controller_server]: Passing new path to controller.
[controller_server-2] [INFO] [1757097964.634704195] [local_costmap.local_costmap]: StaticLayer: Resizing static layer to 92 X 106 at 0.040000 m/pix
[rviz2-11] [INFO] [1757097964.658781713] [rviz2]: Trying to create a map of size 92 x 106 using 1 swatches
[controller_server-2] [INFO] [1757097964.906452776] [controller_server]: Passing new path to controller.
[planner_server-4] [INFO] [1757097965.154842118] [global_costmap.global_costmap]: StaticLayer: Resizing costmap to 92 X 106 at 0.040000 m/pix
[rviz2-11] [INFO] [1757097965.169159832] [rviz2]: Trying to create a map of size 92 x 106 using 1 swatches
[bt_navigator-6] [INFO] [1757097965.365745621] [bt_navigator]: Received goal preemption request
[bt_navigator-6] [INFO] [1757097965.366062470] [bt_navigator]: Begin navigating from current location (1.51, 1.00) to (2.15, 3.15)
[controller_server-2] [INFO] [1757097966.006372511] [controller_server]: Passing new path to controller.
[controller_server-2] [INFO] [1757097967.006368935] [controller_server]: Passing new path to controller.
[controller_server-2] [WARN] [1757097967.007621919] [controller_server]: RegulatedPurePursuitController detected collision ahead!
[controller_server-2] [WARN] [1757097967.107374340] [controller_server]: RegulatedPurePursuitController detected collision ahead!
[controller_server-2] [INFO] [1757097968.006377546] [controller_server]: Passing new path to controller.
[controller_server-2] [INFO] [1757097968.634641090] [local_costmap.local_costmap]: StaticLayer: Resizing static layer to 92 X 107 at 0.040000 m/pix
[rviz2-11] [INFO] [1757097968.661292603] [rviz2]: Trying to create a map of size 92 x 107 using 1 swatches
[controller_server-2] [INFO] [1757097969.006441186] [controller_server]: Passing new path to controller.
[planner_server-4] [INFO] [1757097969.154847466] [global_costmap.global_costmap]: StaticLayer: Resizing costmap to 92 X 107 at 0.040000 m/pix
[rviz2-11] [INFO] [1757097969.171927831] [rviz2]: Trying to create a map of size 92 x 107 using 1 swatches
[controller_server-2] [INFO] [1757097970.106370941] [controller_server]: Passing new path to controller.
[controller_server-2] [INFO] [1757097970.634704356] [local_costmap.local_costmap]: StaticLayer: Resizing static layer to 92 X 107 at 0.040000 m/pix
[controller_server-2] [INFO] [1757097971.106359855] [controller_server]: Passing new path to controller.
[planner_server-4] [INFO] [1757097971.154843045] [global_costmap.global_costmap]: StaticLayer: Resizing costmap to 92 X 107 at 0.040000 m/pix
[explore-10] [WARN] [1757097972.019624825] [explore_node]: No frontiers found, stopping.
[controller_server-2] [INFO] [1757097972.106346263] [controller_server]: Passing new path to controller.
[explore-10] [INFO] [1757097972.130770891] [map_saver]: 
[explore-10] 	map_saver lifecycle node launched. 
[explore-10] 	Waiting on external lifecycle transitions to activate
[explore-10] 	See https://design.ros2.org/articles/node_lifecycle.html for more information.
[explore-10] [INFO] [1757097972.130870117] [map_saver]: Creating
[explore-10] [INFO] [1757097972.131009830] [map_saver]: Configuring
[explore-10] [INFO] [1757097972.131976025] [map_saver]: Saving map from 'map' topic to '/home/robot/Documents/map' file
[explore-10] [WARN] [1757097972.132002788] [map_saver]: Free threshold unspecified. Setting it to default value: 0.250000
[explore-10] [WARN] [1757097972.132016051] [map_saver]: Occupied threshold unspecified. Setting it to default value: 0.650000
[explore-10] [WARN] [1757097972.336777847] [map_io]: Image format unspecified. Setting it to: pgm
[explore-10] [INFO] [1757097972.336921044] [map_io]: Received a 92 X 107 map @ 0.04 m/pix
[explore-10] [INFO] [1757097972.427770701] [map_io]: Writing map occupancy data to /home/robot/Documents/map.pgm
[explore-10] [INFO] [1757097972.428074079] [map_io]: Writing map metadata to /home/robot/Documents/map.yaml
[explore-10] [INFO] [1757097972.428129131] [map_io]: Map saved
[explore-10] [INFO] [1757097972.428134057] [map_saver]: Map saved successfully
[explore-10] [INFO] [1757097972.440442418] [map_saver]: Destroying
[explore-10] [INFO] [1757097972.570805553] [explore_node]: Map saved successfully.
[explore-10] [INFO] [1757097972.570832831] [explore_node]: Exploration stopped.
[explore-10] [INFO] [1757097972.570879855] [explore_node]: Returning to initial pose.
[bt_navigator-6] [INFO] [1757097972.575639755] [bt_navigator]: Received goal preemption request
[bt_navigator-6] [INFO] [1757097972.575726268] [bt_navigator]: Begin navigating from current location (2.19, 2.24) to (-0.13, 0.40)
[controller_server-2] [INFO] [1757097972.634705079] [local_costmap.local_costmap]: StaticLayer: Resizing static layer to 92 X 107 at 0.040000 m/pix
[planner_server-4] [INFO] [1757097973.154805455] [global_costmap.global_costmap]: StaticLayer: Resizing costmap to 92 X 107 at 0.040000 m/pix
[controller_server-2] [INFO] [1757097973.206367921] [controller_server]: Passing new path to controller.
[controller_server-2] [INFO] [1757097974.206363742] [controller_server]: Passing new path to controller.
[controller_server-2] [INFO] [1757097975.206364924] [controller_server]: Passing new path to controller.
[controller_server-2] [INFO] [1757097976.306364320] [controller_server]: Passing new path to controller.
[controller_server-2] [INFO] [1757097977.306368687] [controller_server]: Passing new path to controller.
[controller_server-2] [INFO] [1757097978.306356052] [controller_server]: Passing new path to controller.
[controller_server-2] [INFO] [1757097978.634607816] [local_costmap.local_costmap]: StaticLayer: Resizing static layer to 92 X 110 at 0.040000 m/pix
[rviz2-11] [INFO] [1757097978.645370990] [rviz2]: Trying to create a map of size 92 x 110 using 1 swatches
[planner_server-4] [INFO] [1757097979.154829098] [global_costmap.global_costmap]: StaticLayer: Resizing costmap to 92 X 110 at 0.040000 m/pix
[controller_server-2] [INFO] [1757097979.306368160] [controller_server]: Passing new path to controller.
[rviz2-11] [INFO] [1757097980.182274756] [rviz2]: Trying to create a map of size 92 x 110 using 1 swatches
[controller_server-2] [INFO] [1757097980.406364477] [controller_server]: Passing new path to controller.
[controller_server-2] [INFO] [1757097980.634635522] [local_costmap.local_costmap]: StaticLayer: Resizing static layer to 94 X 110 at 0.040000 m/pix
[rviz2-11] [INFO] [1757097980.660212397] [rviz2]: Trying to create a map of size 94 x 110 using 1 swatches
[planner_server-4] [INFO] [1757097981.154836299] [global_costmap.global_costmap]: StaticLayer: Resizing costmap to 94 X 110 at 0.040000 m/pix
[rviz2-11] [INFO] [1757097981.172823077] [rviz2]: Trying to create a map of size 94