[INFO] [launch]: All log files can be found below /home/robot/.ros/log/2025-09-02-17-58-34-851524-robot-pc04-47866
[INFO] [launch]: Default logging verbosity is set to INFO
[INFO] [async_slam_toolbox_node-1]: process started with pid [47878]
[INFO] [controller_server-2]: process started with pid [47880]
[INFO] [smoother_server-3]: process started with pid [47882]
[INFO] [planner_server-4]: process started with pid [47884]
[INFO] [behavior_server-5]: process started with pid [47886]
[INFO] [bt_navigator-6]: process started with pid [47888]
[INFO] [waypoint_follower-7]: process started with pid [47890]
[INFO] [velocity_smoother-8]: process started with pid [47892]
[INFO] [lifecycle_manager-9]: process started with pid [47894]
[INFO] [explore-10]: process started with pid [47896]
[INFO] [rviz2-11]: process started with pid [47898]
[controller_server-2] [INFO] [1756828714.958630260] [controller_server]: 
[controller_server-2] 	controller_server lifecycle node launched. 
[controller_server-2] 	Waiting on external lifecycle transitions to activate
[controller_server-2] 	See https://design.ros2.org/articles/node_lifecycle.html for more information.
[async_slam_toolbox_node-1] [INFO] [1756828714.960681505] [slam]: Node using stack size 40000000
[controller_server-2] [INFO] [1756828714.960909218] [controller_server]: Creating controller server
[bt_navigator-6] [INFO] [1756828714.962029035] [bt_navigator]: 
[bt_navigator-6] 	bt_navigator lifecycle node launched. 
[bt_navigator-6] 	Waiting on external lifecycle transitions to activate
[bt_navigator-6] 	See https://design.ros2.org/articles/node_lifecycle.html for more information.
[bt_navigator-6] [INFO] [1756828714.962099708] [bt_navigator]: Creating
[planner_server-4] [INFO] [1756828714.962477047] [planner_server]: 
[planner_server-4] 	planner_server lifecycle node launched. 
[planner_server-4] 	Waiting on external lifecycle transitions to activate
[planner_server-4] 	See https://design.ros2.org/articles/node_lifecycle.html for more information.
[behavior_server-5] [INFO] [1756828714.962516108] [behavior_server]: 
[behavior_server-5] 	behavior_server lifecycle node launched. 
[behavior_server-5] 	Waiting on external lifecycle transitions to activate
[behavior_server-5] 	See https://design.ros2.org/articles/node_lifecycle.html for more information.
[velocity_smoother-8] [INFO] [1756828714.962595915] [velocity_smoother]: 
[velocity_smoother-8] 	velocity_smoother lifecycle node launched. 
[velocity_smoother-8] 	Waiting on external lifecycle transitions to activate
[velocity_smoother-8] 	See https://design.ros2.org/articles/node_lifecycle.html for more information.
[lifecycle_manager-9] [INFO] [1756828714.963090766] [lifecycle_manager_navigation]: Creating
[smoother_server-3] [INFO] [1756828714.963218209] [smoother_server]: 
[smoother_server-3] 	smoother_server lifecycle node launched. 
[smoother_server-3] 	Waiting on external lifecycle transitions to activate
[smoother_server-3] 	See https://design.ros2.org/articles/node_lifecycle.html for more information.
[planner_server-4] [INFO] [1756828714.963391373] [planner_server]: Creating
[smoother_server-3] [INFO] [1756828714.964027316] [smoother_server]: Creating smoother server
[lifecycle_manager-9] [INFO] [1756828714.964275088] [lifecycle_manager_navigation]: [34m[1mCreating and initializing lifecycle service clients[0m[0m
[waypoint_follower-7] [INFO] [1756828714.965253042] [waypoint_follower]: 
[waypoint_follower-7] 	waypoint_follower lifecycle node launched. 
[waypoint_follower-7] 	Waiting on external lifecycle transitions to activate
[waypoint_follower-7] 	See https://design.ros2.org/articles/node_lifecycle.html for more information.
[waypoint_follower-7] [INFO] [1756828714.965651929] [waypoint_follower]: Creating
[explore-10] [INFO] [1756828714.969000788] [explore_node]: Waiting for costmap to become available, topic: map
[lifecycle_manager-9] [INFO] [1756828714.969530633] [lifecycle_manager_navigation]: [34m[1mStarting managed nodes bringup...[0m[0m
[lifecycle_manager-9] [INFO] [1756828714.969563308] [lifecycle_manager_navigation]: [34m[1mConfiguring controller_server[0m[0m
[controller_server-2] [INFO] [1756828714.970262076] [local_costmap.local_costmap]: 
[controller_server-2] 	local_costmap lifecycle node launched. 
[controller_server-2] 	Waiting on external lifecycle transitions to activate
[controller_server-2] 	See https://design.ros2.org/articles/node_lifecycle.html for more information.
[controller_server-2] [INFO] [1756828714.970523736] [local_costmap.local_costmap]: Creating Costmap
[planner_server-4] [INFO] [1756828714.971010838] [global_costmap.global_costmap]: 
[planner_server-4] 	global_costmap lifecycle node launched. 
[planner_server-4] 	Waiting on external lifecycle transitions to activate
[planner_server-4] 	See https://design.ros2.org/articles/node_lifecycle.html for more information.
[planner_server-4] [INFO] [1756828714.971352059] [global_costmap.global_costmap]: Creating Costmap
[async_slam_toolbox_node-1] [INFO] [1756828714.984473000] [slam]: Using solver plugin solver_plugins::CeresSolver
[async_slam_toolbox_node-1] [INFO] [1756828714.984618078] [slam]: CeresSolver: Using SCHUR_JACOBI preconditioner.
[controller_server-2] [INFO] [1756828715.053580053] [controller_server]: Configuring controller interface
[controller_server-2] [INFO] [1756828715.053687109] [controller_server]: getting goal checker plugins..
[controller_server-2] [INFO] [1756828715.053772602] [controller_server]: Controller frequency set to 10.0000Hz
[controller_server-2] [INFO] [1756828715.053803467] [local_costmap.local_costmap]: Configuring
[controller_server-2] [INFO] [1756828715.057177443] [local_costmap.local_costmap]: Using plugin "static_layer"
[controller_server-2] [INFO] [1756828715.059793045] [local_costmap.local_costmap]: Subscribing to the map topic (/map) with transient local durability
[controller_server-2] [INFO] [1756828715.060503099] [local_costmap.local_costmap]: Initialized plugin "static_layer"
[controller_server-2] [INFO] [1756828715.060516533] [local_costmap.local_costmap]: Using plugin "obstacle_layer"
[controller_server-2] [INFO] [1756828715.060639743] [local_costmap.local_costmap]: Subscribed to Topics: scan
[controller_server-2] [INFO] [1756828715.062157352] [local_costmap.local_costmap]: Initialized plugin "obstacle_layer"
[controller_server-2] [INFO] [1756828715.062168509] [local_costmap.local_costmap]: Using plugin "inflation_layer"
[controller_server-2] [INFO] [1756828715.062371987] [local_costmap.local_costmap]: Initialized plugin "inflation_layer"
[controller_server-2] [INFO] [1756828715.065123008] [controller_server]: Created progress_checker : progress_checker of type nav2_controller::SimpleProgressChecker
[controller_server-2] [INFO] [1756828715.065315304] [controller_server]: Created goal checker : goal_checker of type nav2_controller::SimpleGoalChecker
[controller_server-2] [INFO] [1756828715.065381400] [controller_server]: Controller Server has goal_checker  goal checkers available.
[controller_server-2] [INFO] [1756828715.065589851] [controller_server]: Created controller : FollowPath of type nav2_regulated_pure_pursuit_controller::RegulatedPurePursuitController
[controller_server-2] [INFO] [1756828715.066933890] [controller_server]: Controller Server has FollowPath  controllers available.
[lifecycle_manager-9] [INFO] [1756828715.069519833] [lifecycle_manager_navigation]: [34m[1mConfiguring smoother_server[0m[0m
[smoother_server-3] [INFO] [1756828715.069639978] [smoother_server]: Configuring smoother server
[smoother_server-3] [INFO] [1756828715.072695668] [smoother_server]: Created smoother : simple_smoother of type nav2_smoother::SimpleSmoother
[smoother_server-3] [INFO] [1756828715.072823559] [smoother_server]: Smoother Server has simple_smoother  smoothers available.
[lifecycle_manager-9] [INFO] [1756828715.074370440] [lifecycle_manager_navigation]: [34m[1mConfiguring planner_server[0m[0m
[planner_server-4] [INFO] [1756828715.074474305] [planner_server]: Configuring
[planner_server-4] [INFO] [1756828715.074494821] [global_costmap.global_costmap]: Configuring
[planner_server-4] [INFO] [1756828715.077145092] [global_costmap.global_costmap]: Using plugin "static_layer"
[planner_server-4] [INFO] [1756828715.079196059] [global_costmap.global_costmap]: Subscribing to the map topic (/map) with transient local durability
[planner_server-4] [INFO] [1756828715.081216791] [global_costmap.global_costmap]: Initialized plugin "static_layer"
[planner_server-4] [INFO] [1756828715.081268692] [global_costmap.global_costmap]: Using plugin "obstacle_layer"
[planner_server-4] [INFO] [1756828715.081960671] [global_costmap.global_costmap]: Subscribed to Topics: scan
[planner_server-4] [INFO] [1756828715.089462538] [global_costmap.global_costmap]: Initialized plugin "obstacle_layer"
[planner_server-4] [INFO] [1756828715.089521569] [global_costmap.global_costmap]: Using plugin "inflation_layer"
[planner_server-4] [ERROR] [1756828715.089923392] [global_costmap.global_costmap]: Caught exception in callback for transition 10
[planner_server-4] [ERROR] [1756828715.089940780] [global_costmap.global_costmap]: Original error: parameter 'inflation_layer.cost_scaling_factor' has invalid type: Wrong parameter type, parameter {inflation_layer.cost_scaling_factor} is of type {double}, setting it to {integer} is not allowed.
[planner_server-4] [WARN] [1756828715.089966384] [global_costmap.global_costmap]: Error occurred while doing error handling.
[planner_server-4] [FATAL] [1756828715.089979211] [global_costmap.global_costmap]: Lifecycle node global_costmap does not have error state implemented
[planner_server-4] [INFO] [1756828715.090838740] [planner_server]: Created global planner plugin GridBased of type nav2_navfn_planner/NavfnPlanner
[planner_server-4] [INFO] [1756828715.090877101] [planner_server]: Configuring plugin GridBased of type NavfnPlanner
[planner_server-4] [INFO] [1756828715.091139893] [planner_server]: Planner Server has GridBased  planners available.
[lifecycle_manager-9] [INFO] [1756828715.096342412] [lifecycle_manager_navigation]: [34m[1mConfiguring behavior_server[0m[0m
[behavior_server-5] [INFO] [1756828715.096457738] [behavior_server]: Configuring
[behavior_server-5] [INFO] [1756828715.099314066] [behavior_server]: Creating behavior plugin spin of type nav2_behaviors/Spin
[behavior_server-5] [INFO] [1756828715.099654881] [behavior_server]: Configuring spin
[behavior_server-5] [INFO] [1756828715.101145568] [behavior_server]: Creating behavior plugin backup of type nav2_behaviors/BackUp
[behavior_server-5] [INFO] [1756828715.101459081] [behavior_server]: Configuring backup
[behavior_server-5] [INFO] [1756828715.102564613] [behavior_server]: Creating behavior plugin drive_on_heading of type nav2_behaviors/DriveOnHeading
[behavior_server-5] [INFO] [1756828715.102872116] [behavior_server]: Configuring drive_on_heading
[behavior_server-5] [INFO] [1756828715.104016093] [behavior_server]: Creating behavior plugin wait of type nav2_behaviors/Wait
[behavior_server-5] [INFO] [1756828715.104306910] [behavior_server]: Configuring wait
[behavior_server-5] [INFO] [1756828715.105538938] [behavior_server]: Creating behavior plugin assisted_teleop of type nav2_behaviors/AssistedTeleop
[behavior_server-5] [INFO] [1756828715.106260522] [behavior_server]: Configuring assisted_teleop
[lifecycle_manager-9] [INFO] [1756828715.107987354] [lifecycle_manager_navigation]: [34m[1mConfiguring bt_navigator[0m[0m
[bt_navigator-6] [INFO] [1756828715.108094289] [bt_navigator]: Configuring
[lifecycle_manager-9] [INFO] [1756828715.122148018] [lifecycle_manager_navigation]: [34m[1mConfiguring waypoint_follower[0m[0m
[waypoint_follower-7] [INFO] [1756828715.122255987] [waypoint_follower]: Configuring
[waypoint_follower-7] [INFO] [1756828715.125564025] [waypoint_follower]: Created waypoint_task_executor : wait_at_waypoint of type nav2_waypoint_follower::WaitAtWaypoint
[lifecycle_manager-9] [INFO] [1756828715.125761302] [lifecycle_manager_navigation]: [34m[1mConfiguring velocity_smoother[0m[0m
[velocity_smoother-8] [INFO] [1756828715.125875223] [velocity_smoother]: Configuring velocity smoother
[lifecycle_manager-9] [INFO] [1756828715.127534710] [lifecycle_manager_navigation]: [34m[1mActivating controller_server[0m[0m
[controller_server-2] [INFO] [1756828715.127603083] [controller_server]: Activating
[controller_server-2] [INFO] [1756828715.127623035] [local_costmap.local_costmap]: Activating
[controller_server-2] [INFO] [1756828715.127628363] [local_costmap.local_costmap]: Checking transform
[controller_server-2] [INFO] [1756828715.127640191] [local_costmap.local_costmap]: Timed out waiting for transform from base_link to odom to become available, tf error: Invalid frame ID "odom" passed to canTransform argument target_frame - frame does not exist
[rviz2-11] [INFO] [1756828715.289757941] [rviz2]: Stereo is NOT SUPPORTED
[rviz2-11] [INFO] [1756828715.289809043] [rviz2]: OpenGl version: 4.6 (GLSL 4.6)
[rviz2-11] [INFO] [1756828715.316405821] [rviz2]: Stereo is NOT SUPPORTED
[controller_server-2] [INFO] [1756828715.627721004] [local_costmap.local_costmap]: Timed out waiting for transform from base_link to odom to become available, tf error: Invalid frame ID "odom" passed to canTransform argument target_frame - frame does not exist
[controller_server-2] [INFO] [1756828716.127716487] [local_costmap.local_costmap]: Timed out waiting for transform from base_link to odom to become available, tf error: Invalid frame ID "odom" passed to canTransform argument target_frame - frame does not exist
[controller_server-2] [INFO] [1756828716.627742951] [local_costmap.local_costmap]: Timed out waiting for transform from base_link to odom to become available, tf error: Invalid frame ID "odom" passed to canTransform argument target_frame - frame does not exist
[controller_server-2] [INFO] [1756828717.127841620] [local_costmap.local_costmap]: start
[controller_server-2] [INFO] [1756828717.329699755] [controller_server]: Activating controller: FollowPath of type regulated_pure_pursuit_controller::RegulatedPurePursuitController
[controller_server-2] [INFO] [1756828717.329865843] [controller_server]: Creating bond (controller_server) to lifecycle manager.
[lifecycle_manager-9] [INFO] [1756828717.440978535] [lifecycle_manager_navigation]: Server controller_server connected with bond.
[lifecycle_manager-9] [INFO] [1756828717.441118110] [lifecycle_manager_navigation]: [34m[1mActivating smoother_server[0m[0m
[smoother_server-3] [INFO] [1756828717.441769357] [smoother_server]: Activating
[smoother_server-3] [INFO] [1756828717.441886896] [smoother_server]: Creating bond (smoother_server) to lifecycle manager.
[lifecycle_manager-9] [INFO] [1756828717.552602223] [lifecycle_manager_navigation]: Server smoother_server connected with bond.
[lifecycle_manager-9] [INFO] [1756828717.552725279] [lifecycle_manager_navigation]: [34m[1mActivating planner_server[0m[0m
[planner_server-4] [INFO] [1756828717.553343899] [planner_server]: Activating
[planner_server-4] [WARN] [1756828717.553460422] [rcl_lifecycle]: No transition matching 3 found for current state unconfigured
[planner_server-4] [INFO] [1756828717.553493373] [planner_server]: Activating plugin GridBased of type NavfnPlanner
[planner_server-4] [INFO] [1756828717.556765642] [planner_server]: Creating bond (planner_server) to lifecycle manager.
[lifecycle_manager-9] [INFO] [1756828717.668859651] [lifecycle_manager_navigation]: Server planner_server connected with bond.
[lifecycle_manager-9] [INFO] [1756828717.668972536] [lifecycle_manager_navigation]: [34m[1mActivating behavior_server[0m[0m
[behavior_server-5] [INFO] [1756828717.669664951] [behavior_server]: Activating
[behavior_server-5] [INFO] [1756828717.669744112] [behavior_server]: Activating spin
[behavior_server-5] [INFO] [1756828717.669772546] [behavior_server]: Activating backup
[behavior_server-5] [INFO] [1756828717.669798834] [behavior_server]: Activating drive_on_heading
[behavior_server-5] [INFO] [1756828717.669825251] [behavior_server]: Activating wait
[behavior_server-5] [INFO] [1756828717.669851175] [behavior_server]: Activating assisted_teleop
[behavior_server-5] [INFO] [1756828717.669884640] [behavior_server]: Creating bond (behavior_server) to lifecycle manager.
[lif