[INFO] [launch]: All log files can be found below /home/robot/.ros/log/2025-09-05-18-35-04-658280-robot-pc04-40013
[INFO] [launch]: Default logging verbosity is set to INFO
[INFO] [async_slam_toolbox_node-1]: process started with pid [40017]
[INFO] [controller_server-2]: process started with pid [40019]
[INFO] [smoother_server-3]: process started with pid [40021]
[INFO] [planner_server-4]: process started with pid [40023]
[INFO] [behavior_server-5]: process started with pid [40025]
[INFO] [bt_navigator-6]: process started with pid [40027]
[INFO] [waypoint_follower-7]: process started with pid [40029]
[INFO] [velocity_smoother-8]: process started with pid [40031]
[INFO] [lifecycle_manager-9]: process started with pid [40033]
[INFO] [explore-10]: process started with pid [40035]
[INFO] [rviz2-11]: process started with pid [40037]
[async_slam_toolbox_node-1] [INFO] [1757090104.766169525] [slam]: Node using stack size 40000000
[controller_server-2] [INFO] [1757090104.770015403] [controller_server]: 
[behavior_server-5] [INFO] [1757090104.770124824] [behavior_server]: 
[behavior_server-5] 	behavior_server lifecycle node launched. 
[behavior_server-5] 	Waiting on external lifecycle transitions to activate
[behavior_server-5] 	See https://design.ros2.org/articles/node_lifecycle.html for more information.
[controller_server-2] 	controller_server lifecycle node launched. 
[controller_server-2] 	Waiting on external lifecycle transitions to activate
[controller_server-2] 	See https://design.ros2.org/articles/node_lifecycle.html for more information.
[lifecycle_manager-9] [INFO] [1757090104.770965086] [lifecycle_manager_navigation]: Creating
[waypoint_follower-7] [INFO] [1757090104.771163377] [waypoint_follower]: 
[waypoint_follower-7] 	waypoint_follower lifecycle node launched. 
[waypoint_follower-7] 	Waiting on external lifecycle transitions to activate
[waypoint_follower-7] 	See https://design.ros2.org/articles/node_lifecycle.html for more information.
[smoother_server-3] [INFO] [1757090104.771366666] [smoother_server]: 
[smoother_server-3] 	smoother_server lifecycle node launched. 
[smoother_server-3] 	Waiting on external lifecycle transitions to activate
[smoother_server-3] 	See https://design.ros2.org/articles/node_lifecycle.html for more information.
[waypoint_follower-7] [INFO] [1757090104.771562569] [waypoint_follower]: Creating
[smoother_server-3] [INFO] [1757090104.772583799] [smoother_server]: Creating smoother server
[planner_server-4] [INFO] [1757090104.772581907] [planner_server]: 
[planner_server-4] 	planner_server lifecycle node launched. 
[planner_server-4] 	Waiting on external lifecycle transitions to activate
[planner_server-4] 	See https://design.ros2.org/articles/node_lifecycle.html for more information.
[lifecycle_manager-9] [INFO] [1757090104.773204745] [lifecycle_manager_navigation]: [34m[1mCreating and initializing lifecycle service clients[0m[0m
[planner_server-4] [INFO] [1757090104.773222629] [planner_server]: Creating
[bt_navigator-6] [INFO] [1757090104.773487898] [bt_navigator]: 
[bt_navigator-6] 	bt_navigator lifecycle node launched. 
[bt_navigator-6] 	Waiting on external lifecycle transitions to activate
[bt_navigator-6] 	See https://design.ros2.org/articles/node_lifecycle.html for more information.
[bt_navigator-6] [INFO] [1757090104.773537070] [bt_navigator]: Creating
[controller_server-2] [INFO] [1757090104.774483556] [controller_server]: Creating controller server
[explore-10] [INFO] [1757090104.775651247] [explore_node]: Waiting for costmap to become available, topic: map
[velocity_smoother-8] [INFO] [1757090104.777642614] [velocity_smoother]: 
[velocity_smoother-8] 	velocity_smoother lifecycle node launched. 
[velocity_smoother-8] 	Waiting on external lifecycle transitions to activate
[velocity_smoother-8] 	See https://design.ros2.org/articles/node_lifecycle.html for more information.
[planner_server-4] [INFO] [1757090104.779668234] [global_costmap.global_costmap]: 
[planner_server-4] 	global_costmap lifecycle node launched. 
[planner_server-4] 	Waiting on external lifecycle transitions to activate
[planner_server-4] 	See https://design.ros2.org/articles/node_lifecycle.html for more information.
[planner_server-4] [INFO] [1757090104.779912168] [global_costmap.global_costmap]: Creating Costmap
[controller_server-2] [INFO] [1757090104.780879130] [local_costmap.local_costmap]: 
[controller_server-2] 	local_costmap lifecycle node launched. 
[controller_server-2] 	Waiting on external lifecycle transitions to activate
[controller_server-2] 	See https://design.ros2.org/articles/node_lifecycle.html for more information.
[controller_server-2] [INFO] [1757090104.781153402] [local_costmap.local_costmap]: Creating Costmap
[async_slam_toolbox_node-1] [INFO] [1757090104.782343311] [slam]: Using solver plugin solver_plugins::CeresSolver
[async_slam_toolbox_node-1] [INFO] [1757090104.782400842] [slam]: CeresSolver: Using SCHUR_JACOBI preconditioner.
[lifecycle_manager-9] [INFO] [1757090104.830381068] [lifecycle_manager_navigation]: [34m[1mStarting managed nodes bringup...[0m[0m
[lifecycle_manager-9] [INFO] [1757090104.830416725] [lifecycle_manager_navigation]: [34m[1mConfiguring controller_server[0m[0m
[controller_server-2] [INFO] [1757090104.830601972] [controller_server]: Configuring controller interface
[controller_server-2] [INFO] [1757090104.830744615] [controller_server]: getting goal checker plugins..
[controller_server-2] [INFO] [1757090104.830848353] [controller_server]: Controller frequency set to 10.0000Hz
[controller_server-2] [INFO] [1757090104.830875979] [local_costmap.local_costmap]: Configuring
[controller_server-2] [INFO] [1757090104.833727647] [local_costmap.local_costmap]: Using plugin "static_layer"
[controller_server-2] [INFO] [1757090104.836212895] [local_costmap.local_costmap]: Subscribing to the map topic (/map) with transient local durability
[controller_server-2] [INFO] [1757090104.836975077] [local_costmap.local_costmap]: Initialized plugin "static_layer"
[controller_server-2] [INFO] [1757090104.836989185] [local_costmap.local_costmap]: Using plugin "obstacle_layer"
[controller_server-2] [INFO] [1757090104.837194654] [local_costmap.local_costmap]: Subscribed to Topics: scan
[controller_server-2] [INFO] [1757090104.838401973] [local_costmap.local_costmap]: Initialized plugin "obstacle_layer"
[controller_server-2] [INFO] [1757090104.838416023] [local_costmap.local_costmap]: Using plugin "inflation_layer"
[controller_server-2] [INFO] [1757090104.838913642] [local_costmap.local_costmap]: Initialized plugin "inflation_layer"
[controller_server-2] [INFO] [1757090104.842487373] [controller_server]: Created progress_checker : progress_checker of type nav2_controller::SimpleProgressChecker
[controller_server-2] [INFO] [1757090104.843034042] [controller_server]: Created goal checker : goal_checker of type nav2_controller::SimpleGoalChecker
[controller_server-2] [INFO] [1757090104.843632643] [controller_server]: Controller Server has goal_checker  goal checkers available.
[controller_server-2] [INFO] [1757090104.844036949] [controller_server]: Created controller : FollowPath of type nav2_regulated_pure_pursuit_controller::RegulatedPurePursuitController
[controller_server-2] [INFO] [1757090104.849165296] [controller_server]: Controller Server has FollowPath  controllers available.
[lifecycle_manager-9] [INFO] [1757090104.853669392] [lifecycle_manager_navigation]: [34m[1mConfiguring smoother_server[0m[0m
[smoother_server-3] [INFO] [1757090104.853933280] [smoother_server]: Configuring smoother server
[smoother_server-3] [INFO] [1757090104.859744286] [smoother_server]: Created smoother : simple_smoother of type nav2_smoother::SimpleSmoother
[smoother_server-3] [INFO] [1757090104.860844863] [smoother_server]: Smoother Server has simple_smoother  smoothers available.
[lifecycle_manager-9] [INFO] [1757090104.864039254] [lifecycle_manager_navigation]: [34m[1mConfiguring planner_server[0m[0m
[planner_server-4] [INFO] [1757090104.864158865] [planner_server]: Configuring
[planner_server-4] [INFO] [1757090104.864181573] [global_costmap.global_costmap]: Configuring
[planner_server-4] [INFO] [1757090104.866479642] [global_costmap.global_costmap]: Using plugin "static_layer"
[planner_server-4] [INFO] [1757090104.868134692] [global_costmap.global_costmap]: Subscribing to the map topic (/map) with transient local durability
[planner_server-4] [INFO] [1757090104.868659439] [global_costmap.global_costmap]: Initialized plugin "static_layer"
[planner_server-4] [INFO] [1757090104.868669913] [global_costmap.global_costmap]: Using plugin "obstacle_layer"
[planner_server-4] [INFO] [1757090104.868946978] [global_costmap.global_costmap]: Subscribed to Topics: scan
[planner_server-4] [INFO] [1757090104.870506291] [global_costmap.global_costmap]: Initialized plugin "obstacle_layer"
[planner_server-4] [INFO] [1757090104.870519500] [global_costmap.global_costmap]: Using plugin "inflation_layer"
[planner_server-4] [INFO] [1757090104.870945456] [global_costmap.global_costmap]: Initialized plugin "inflation_layer"
[planner_server-4] [INFO] [1757090104.874541798] [planner_server]: Created global planner plugin GridBased of type nav2_navfn_planner/NavfnPlanner
[planner_server-4] [INFO] [1757090104.874560965] [planner_server]: Configuring plugin GridBased of type NavfnPlanner
[planner_server-4] [INFO] [1757090104.874905279] [planner_server]: Planner Server has GridBased  planners available.
[lifecycle_manager-9] [INFO] [1757090104.877945541] [lifecycle_manager_navigation]: [34m[1mConfiguring behavior_server[0m[0m
[behavior_server-5] [INFO] [1757090104.878062310] [behavior_server]: Configuring
[behavior_server-5] [INFO] [1757090104.881416024] [behavior_server]: Creating behavior plugin spin of type nav2_behaviors/Spin
[behavior_server-5] [INFO] [1757090104.881776323] [behavior_server]: Configuring spin
[behavior_server-5] [INFO] [1757090104.884282347] [behavior_server]: Creating behavior plugin backup of type nav2_behaviors/BackUp
[behavior_server-5] [INFO] [1757090104.884603803] [behavior_server]: Configuring backup
[behavior_server-5] [INFO] [1757090104.886237958] [behavior_server]: Creating behavior plugin drive_on_heading of type nav2_behaviors/DriveOnHeading
[behavior_server-5] [INFO] [1757090104.886556077] [behavior_server]: Configuring drive_on_heading
[behavior_server-5] [INFO] [1757090104.888329333] [behavior_server]: Creating behavior plugin wait of type nav2_behaviors/Wait
[behavior_server-5] [INFO] [1757090104.888628148] [behavior_server]: Configuring wait
[behavior_server-5] [INFO] [1757090104.890675714] [behavior_server]: Creating behavior plugin assisted_teleop of type nav2_behaviors/AssistedTeleop
[behavior_server-5] [INFO] [1757090104.891533130] [behavior_server]: Configuring assisted_teleop
[lifecycle_manager-9] [INFO] [1757090104.894966159] [lifecycle_manager_navigation]: [34m[1mConfiguring bt_navigator[0m[0m
[bt_navigator-6] [INFO] [1757090104.895155802] [bt_navigator]: Configuring
[lifecycle_manager-9] [INFO] [1757090104.915689953] [lifecycle_manager_navigation]: [34m[1mConfiguring waypoint_follower[0m[0m
[waypoint_follower-7] [INFO] [1757090104.915827116] [waypoint_follower]: Configuring
[waypoint_follower-7] [INFO] [1757090104.919073184] [waypoint_follower]: Created waypoint_task_executor : wait_at_waypoint of type nav2_waypoint_follower::WaitAtWaypoint
[lifecycle_manager-9] [INFO] [1757090104.919285966] [lifecycle_manager_navigation]: [34m[1mConfiguring velocity_smoother[0m[0m
[velocity_smoother-8] [INFO] [1757090104.919409050] [velocity_smoother]: Configuring velocity smoother
[lifecycle_manager-9] [INFO] [1757090104.921110698] [lifecycle_manager_navigation]: [34m[1mActivating controller_server[0m[0m
[controller_server-2] [INFO] [1757090104.921184224] [controller_server]: Activating
[controller_server-2] [INFO] [1757090104.921220565] [local_costmap.local_costmap]: Activating
[controller_server-2] [INFO] [1757090104.921234605] [local_costmap.local_costmap]: Checking transform
[controller_server-2] [INFO] [1757090104.921258858] [local_costmap.local_costmap]: Timed out waiting for transform from base_link to odom to become available, tf error: Invalid frame ID "odom" passed to canTransform argument target_frame - frame does not exist
[rviz2-11] [INFO] [1757090105.146364454] [rviz2]: Stereo is NOT SUPPORTED
[rviz2-11] [INFO] [1757090105.146434693] [rviz2]: OpenGl version: 4.6 (GLSL 4.6)
[rviz2-11] [INFO] [1757090105.172691937] [rviz2]: Stereo is NOT SUPPORTED
[controller_server-2] [INFO] [1757090105.421311103] [local_costmap.local_costmap]: Timed out waiting for transform from base_link to odom to become available, tf error: Invalid frame ID "odom" passed to canTransform argument target_frame - frame does not exist
[controller_server-2] [INFO] [1757090105.921311249] [local_costmap.local_costmap]: Timed out waiting for transform from base_link to odom to become available, tf error: Invalid frame ID "odom" passed to canTransform argument target_frame - frame does not exist
[controller_server-2] [INFO] [1757090106.421385135] [local_costmap.local_costmap]: Timed out waiting for transform from base_link to odom to become available, tf error: Invalid frame ID "odom" passed to canTransform argument target_frame - frame does not exist
[controller_server-2] [INFO] [1757090106.921344382] [local_costmap.local_costmap]: Timed out waiting for transform from base_link to odom to become available, tf error: Invalid frame ID "odom" passed to canTransform argument target_frame - frame does not exist
[controller_server-2] [INFO] [1757090107.421312292] [local_costmap.local_costmap]: Timed out waiting for transform from base_link to odom to become available, tf error: Invalid frame ID "odom" passed to canTransform argument target_frame - frame does not exist
[controller_server-2] [INFO] [1757090107.921477859] [local_costmap.local_costmap]: start
[controller_server-2] [INFO] [1757090108.122637022] [controller_server]: Activating controller: FollowPath of type regulated_pure_pursuit_controller::RegulatedPurePursuitController
[controller_server-2] [INFO] [1757090108.122697372] [controller_server]: Creating bond (controller_server) to lifecycle manager.
[lifecycle_manager-9] [INFO] [1757090108.226087055] [lifecycle_manager_navigation]: Server controller_server connected with bond.
[lifecycle_manager-9] [INFO] [1757090108.226218031] [lifecycle_manager_navigation]: [34m[1mActivating smoother_server[0m[0m
[smoother_server-3] [INFO] [1757090108.227009715] [smoother_server]: Activating
[smoother_server-3] [INFO] [1757090108.227169464] [smoother_server]: Creating bond (smoother_server) to lifecycle manager.
[lifecycle_manager-9] [INFO] [1757090108.334929485] [lifecycle_manager_navigation]: Server smoother_server connected with bond.
[lifecycle_manager-9] [INFO] [1757090108.335017397] [lifecycle_manager_navigation]: [34m[1mActivating planner_server[0m[0m
[planner_server-4] [INFO] [1757090108.335472455] [planner_server]: Activating
[planner_server-4] [INFO] [1757090108.335545300] [global_costmap.global_costmap]: Activating
[planner_server-4] [INFO] [1757090108.335566321] [global_costmap.global_costmap]: Checking transform
[planner_server-4] [INFO] [1757090108.335605992] [global_costmap.global_costmap]: Timed out waiting for transform from base_link to map to become available, tf error: Invalid frame ID "map" passed to canTransform argument target_frame - frame does not exist
[async_slam_toolbox_node-1] [WARN] [1757090108.712280592] [slam]: minimum laser range setting (0.0 m) exceeds the capabilities of the used Lidar (0.1 m)
[controller_server-2] [INFO] [1757090108.785032063] [local_costmap.local_costmap]: StaticLayer: Resizing static layer to 71 X 87 at 0.040000 m/pix
[planner_server-4] [INFO] [1757090108.785068567] [global_costmap.global_costmap]: StaticLayer: Resizing costmap to 71 X 87 at 0.040000 m/pix
[rviz2-11] [INFO] [1757090108.795616925] [rviz2]: Trying to create a map of size 71 x 87 using 1 swatches
[planner_server-4] [INFO] [1757090108.835763638] [global_costmap.global_costmap]: Timed out waiting for transform from base_link to map to become available, tf error: Lookup would require extrapolation at time 1757090108.712299, but only time 1757090108.803128 is in the buffer, when looking up transform from frame [base_link] to frame [map]
[planner_server-4] [INFO] [1757090109.335868910] [global_costmap.global_costmap]: start
[rviz2-11] [INFO] [1757090109.338982631] [rviz2]: Trying to create a map of size 100 x 100 using 1 swatches
[rviz2-11] [INFO] [1757090110.363041502] [rviz2]: Trying to create a map of size 71 x 87 using 1 swatches
[planner_server-4] [INFO] [1757090110.387233629] [planner_server]: Activating plugin GridBased of type NavfnPlanner
[planner_server-4] [INFO] [1757090110.388051067] [planner_server]: Creating bond (planner_server) to lifecycle manager.
[lifecycle_manager-9] [INFO] [1757090110.490275183] [lifecycle_manager_navigation]: Server planner_server connected with bond.
[lifecycle_manager-9] [INFO] [1757090110.490337624] [lifecycle_manager_navigation]: [34m[1mActivating behavior_server[0m[0m
[behavior_server-5] [INFO] [1757090110.490851700] [behavior_server]: Activating
[behavior_server-5] [INFO] [1757090110.490898885] [behavior_server]: Activating spin
[behavior_server-5] [INFO] [1757090110.490911998] [behavior_server]: Activating backup
[behavior_server-5] [INFO] [1757090110.490918745] [behavior_server]: Activating drive_on_heading
[behavior_server-5] [INFO] [1757090110.490924685] [behavior_server]: Activating wait
[behavior_server-5] [INFO] [1757090110.490930871] [behavior_server]: Activating assisted_teleop
[behavior_server-5] [INFO] [1757090110.490941632] [behavior_server]: Creating bond (behavior_server) to lifecycle manager.
[lifecycle_manager-9] [INFO] [1757090110.594176766] [lifecycle_manager_navigation]: Server behavior_server connected with bond.
[lifecycle_manager-9] [INFO] [1757090110.594261799] [lifecycle_manager_navigation]: [34m[1mActivating bt_navigator[0m[0m
[bt_navigator-6] [INFO] [1757090110.595066552] [bt_navigator]: Activating
[bt_navigator-6] [INFO] [1757090110.642122740] [bt_navigator]: Creating bond (bt_navigator) to lifecycle manager.
[lifecycle_manager-9] [INFO] [1757090110.744251115] [lifecycle_manager_navigation]: Server bt_navigator connected with bond.
[lifecycle_manager-9] [INFO] [1757090110.744389309] [lifecycle_manager_navigation]: [34m[1mActivating waypoint_follower[0m[0m
[waypoint_follower-7] [INFO] [1757090110.745302490] [waypoint_follower]: Activating
[waypoint_follower-7] [INFO] [1757090110.745424426] [waypoint_follower]: Creating bond (waypoint_follower) to lifecycle manager.
[explore-10] [INFO] [1757090110.789691327] [explore_node]: Waiting to connect to move_base nav2 server
[explore-10] [INFO] [1757090110.789998675] [explore_node]: Connected to move_base nav2 server
[explore-10] [INFO] [1757090110.790007739] [explore_node]: Getting initial pose of the robot
[lifecycle_manager-9] [INFO] [1757090110.853323476] [lifecycle_manager_navigation]: Server waypoint_follower connected with bond.
[lifecycle_manager-9] [INFO] [1757090110.853449532] [lifecycle_manager_navigation]: [34m[1mActivating velocity_smoother[0m[0m
[velocity_smoother-8] [INFO] [1757090110.854346616] [velocity_smoother]: Activating
[velocity_smoother-8] [INFO] [1757090110.854476159] [velocity_smoother]: Creating bond (velocity_smoother) to lifecycle manager.
[explore-10] [INFO] [1757090110.856189703] [explore_node]: [NAV] Remembered last goal (0.68, -1.06, yaw from quat).
[bt_navigator-6] [INFO] [1757090110.857360698] [bt_navigator]: Begin navigating from current location (-0.64, 1.22) to (0.68, -1.06)
[controller_server-2] [INFO] [1757090110.878644921] [controller_server]: Received a goal, begin computing control effort.
[controller_server-2] [WARN] [1757090110.878731355] [controller_server]: No goal checker was specified in parameter 'current_goal_checker'. Server will use only plugin loaded goal_checker . This warning will appear once.
[lifecycle_manager-9] [INFO] [1757090110.962653794] [lifecycle_manager_navigation]: Server velocity_smoother connected with bond.
[lifecycle_manager-9] [INFO] [1757090110.962713800] [lifecycle_manager_navigation]: [34m[1mManaged nodes are active[0m[0m
[lifecycle_manager-9] [INFO] [1757090110.962734065] [lifecycle_manager_navigation]: [34m[1mCreating bond timer...[0m[0m
[controller_server-2] [INFO] [1757090111.978881644] [controller_server]: Passing new path to controller.
[controller_server-2] [INFO] [1757090112.978859292] [controller_server]: Passing new path to controller.
[controller_server-2] [INFO] [1757090113.978909788] [controller_server]: Passing new path to controller.
[rviz2-11] [INFO] [1757090114.816338668] [rviz2]: Trying to create a map of size 110 x 88 using 1 swatches
[controller_server-2] [INFO] [1757090114.921611721] [local_costmap.local_costmap]: StaticLayer: Resizing static layer to 110 X 88 at 0.040000 m/pix
[controller_server-2] [INFO] [1757090115.078838849] [controller_server]: Passing new path to controller.
[planner_server-4] [INFO] [1757090115.336117217] [global_costmap.global_costmap]: StaticLayer: Resizing costmap to 110 X 88 at 0.040000 m/pix
[rviz2-11] [INFO] [1757090115.355903265] [rviz2]: Trying to create a map of size 110 x 88 using 1 swatches
[controller_server-2] [INFO] [1757090116.078910042] [controller_server]: Passing new path to controller.
[rviz2-11] [INFO] [1757090116.795874132] [rviz2]: Trying to create a map of size 110 x 89 using 1 swatches
[controller_server-2] [INFO] [1757090116.921700059] [local_costmap.local_costmap]: StaticLayer: Resizing static layer to 110 X 89 at 0.040000 m/pix
[controller_server-2] [INFO] [1757090117.078931364] [controller_server]: Passing new path to controller.
[planner_server-4] [INFO] [1757090117.336049749] [global_costmap.global_costmap]: StaticLayer: Resizing costmap to 110 X 89 at 0.040000 m/pix
[rviz2-11] [INFO] [1757090117.372125318] [rviz2]: Trying to create a map of size 110 x 89 using 1 swatches
[explore-10] [INFO] [1757090117.480236696] [explore_node]: [NAV] Remembered last goal (2.36, -0.68, yaw from quat).
[bt_navigator-6] [INFO] [1757090117.487668525] [bt_navigator]: Received goal preemption request
[bt_navigator-6] [INFO] [1757090117.488304198] [bt_navigator]: Begin navigating from current location (0.39, -0.10) to (2.36, -0.68)
[controller_server-2] [INFO] [1757090118.078903501] [controller_server]: Passing new path to controller.
[controller_server-2] [INFO] [1757090118.921638186] [local_costmap.local_costmap]: StaticLayer: Resizing static layer to 110 X 89 at 0.040000 m/pix
[controller_server-2] [INFO] [1757090119.178886161] [controller_server]: Passing new path to controller.
[planner_server-4] [INFO] [1757090119.336040094] [global_costmap.global_costmap]: StaticLayer: Resizing costmap to 110 X 89 at 0.040000 m/pix
[controller_server-2] [ERROR] [1757090119.379979931] [controller_server]: Exception in transformPose: Lookup would require extrapolation into the future.  Requested time 1757090119.162337 but the latest data is at time 1757090119.120494, when looking up transform from frame [odom] to frame [map]
[controller_server-2] [WARN] [1757090119.380097985] [controller_server]: Unable to transform robot pose into global plan's frame
[controller_server-2] [WARN] [1757090119.380268793] [controller_server]: Control loop missed its desired rate of 10.0000Hz
[controller_server-2] [INFO] [1757090120.178847637] [controller_server]: Passing new path to controller.
[rviz2-11] [INFO] [1757090120.796296849] [rviz2]: Trying to create a map of size 111 x 89 using 1 swatches
[controller_server-2] [INFO] [1757090120.921638397] [local_costmap.local_costmap]: StaticLayer: Resizing static layer to 111 X 89 at 0.040000 m/pix
[controller_server-2] [INFO] [1757090121.178915390] [controller_server]: Passing new path to controller.
[planner_server-4] [INFO] [1757090121.336063447] [global_costmap.global_costmap]: StaticLayer: Resizing costmap to 111 X 89 at 0.040000 m/pix
[rviz2-11] [INFO] [1757090121.381146343] [rviz2]: Trying to create a map of size 111 x 89 using 1 swatches
[controller_server-2] [INFO] [1757090122.278887390] [controller_server]: Passing new path to controller.
[rviz2-11] [INFO] [1757090122.812212910] [rviz2]: Trying to create a map of size 111 x 90 using 1 swatches
[controller_server-2] [INFO] [1757090122.921699965] [local_costmap.local_costmap]: StaticLayer: Resizing static layer to 111 X 90 at 0.040000 m/pix
[controller_server-2] [INFO] [1757090123.278931755] [controller_server]: Passing new path to controller.
[planner_server-4] [INFO] [1757090123.336181794] [global_costmap.global_costmap]: StaticLayer: Resizing costmap to 111 X 90 at 0.040000 m/pix
[rviz2-11] [INFO] [1757090123.357322263] [rviz2]: Trying to create a map of size 111 x 90 using 1 swatches
[explore-10] [INFO] [1757090124.190643091] [explore_node]: [NAV] Remembered last goal (0.62, 1.26, yaw from quat).
[bt_navigator-6] [INFO] [1757090124.197616141] [bt_navigator]: Received goal preemption request
[bt_navigator-6] [INFO] [1757090124.198103972] [bt_navigator]: Begin navigating from current location (2.15, -0.81) to (0.62, 1.26)
[controller_server-2] [INFO] [1757090124.278937913] [controller_server]: Passing new path to controller.
[controller_server-2] [INFO] [1757090125.378859110] [controller_server]: Passing new path to controller.
[controller_server-2] [INFO] [1757090126.378880561] [controller_server]: Passing new path to controller.
[controller_server-2] [ERROR] [1757090126.580496057] [controller_server]: Exception in transformPose: Lookup would require extrapolation into the future.  Requested time 1757090126.412300 but the latest data is at time 1757090126.115350, when looking up transform from frame [odom] to frame [map]
[controller_server-2] [WARN] [1757090126.580599512] [controller_server]: Unable to transform robot pose into global plan's frame
[controller_server-2] [WARN] [1757090126.580796875] [controller_server]: Control loop missed its desired rate of 10.0000Hz
[controller_server-2] [ERROR] [1757090126.683453375] [controller_server]: Exception in transformPose: Lookup would require extrapolation into the future.  Requested time 1757090126.412300 but the latest data is at time 1757090126.115350, when looking up transform from frame [odom] to frame [map]
[controller_server-2] [WARN] [1757090126.683586726] [controller_server]: Unable to transform robot pose into global plan's frame
[controller_server-2] [WARN] [1757090126.683770559] [controller_server]: Control loop missed its desired rate of 10.0000Hz
[controller_server-2] [ERROR] [1757090126.785474791] [controller_server]: Exception in transformPose: Lookup would require extrapolation into the future.  Requested time 1757090126.412300 but the latest data is at time 1757090126.115350, when looking up transform from frame [odom] to frame [map]
[controller_server-2] [WARN] [1757090126.785722485] [controller_server]: Unable to transform robot pose into global plan's frame
[controller_server-2] [WARN] [1757090126.786241669] [controller_server]: Control loop missed its desired rate of 10.0000Hz
[controller_server-2] [ERROR] [1757090126.889848003] [controller_server]: Exception in transformPose: Lookup would require extrapolation into the future.  Requested time 1757090126.412300 but the latest data is at time 1757090126.115350, when looking up transform from frame [odom] to frame [map]
[controller_server-2] [WARN] [1757090126.889984789] [controller_server]: Unable to transform robot pose into global plan's frame
[controller_server-2] [WARN] [1757090126.890214834] [controller_server]: Control loop missed its desired rate of 10.0000Hz
[controller_server-2] [ERROR] [1757090126.992584123] [controller_server]: Exception in transformPose: Lookup would require extrapolation into the future.  Requested time 1757090126.412300 but the latest data is at time 1757090126.262064, when looking up transform from frame [odom] to frame [map]
[controller_server-2] [WARN] [1757090126.992764559] [controller_server]: Unable to transform robot pose into global plan's frame
[controller_server-2] [WARN] [1757090126.993115727] [controller_server]: Control loop missed its desired rate of 10.0000Hz
[controller_server-2] [ERROR] [1757090127.097723998] [controller_server]: Exception in transformPose: Lookup would require extrapolation into the future.  Requested time 1757090126.812766 but the latest data is at time 1757090126.686094, when looking up transform from frame [odom] to frame [map]
[controller_server-2] [WARN] [1757090127.097797728] [controller_server]: Unable to transform robot pose into global plan's frame
[controller_server-2] [WARN] [1757090127.097884699] [controller_server]: Control loop missed its desired rate of 10.0000Hz
[controller_server-2] [INFO] [1757090127.378849166] [controller_server]: Passing new path to controller.
[controller_server-2] [INFO] [1757090128.378885771] [controller_server]: Passing new path to controller.
[controller_server-2] [INFO] [1757090129.478880310] [controller_server]: Passing new path to controller.
[controller_server-2] [INFO] [1757090130.478842678] [controller_server]: Passing new path to controller.
[rviz2-11] [INFO] [1757090130.817104726] [rviz2]: Trying to create a map of size 113 x 90 using 1 swatches
[controller_server-2] [INFO] [1757090130.921662610] [local_costmap.local_costmap]: StaticLayer: Resizing static layer to 113 X 90 at 0.040000 m/pix
[planner_server-4] [INFO] [1757090131.336045012] [global_costmap.global_costmap]: StaticLayer: Resizing costmap to 113 X 90 at 0.040000 m/pix
[rviz2-11] [INFO] [1757090131.360293770] [rviz2]: Trying to create a map of size 113 x 90 using 1 swatches
[controller_server-2] [INFO] [1757090131.478893071] [controller_server]: Passing new path to controller.
[controller_server-2] [INFO] [1757090132.578880573] [controller_server]: Passing new path to controller.
[controller_server-2] [INFO] [1757090132.921622815] [local_costmap.local_costmap]: StaticLayer: Resizing static layer to 113 X 90 at 0.040000 m/pix
[planner_server-4] [INFO] [1757090133.336126916] [global_costmap.global_costmap]: StaticLayer: Resizing costmap to 113 X 90 at 0.040000 m/pix
[controller_server-2] [INFO] [1757090133.578953708] [controller_server]: Passing new path to controller.
[controller_server-2] [INFO] [1757090134.578966757] [controller_server]: Passing new path to controller.
[rviz2-11] [INFO] [1757090134.811711908] [rviz2]: Trying to create a map of size 113 x 92 using 1 swatches
[controller_server-2] [INFO] [1757090134.921744418] [local_costmap.local_costmap]: StaticLayer: Resizing static layer to 113 X 92 at 0.040000 m/pix
[planner_server-4] [INFO] [1757090135.336166282] [global_costmap.global_costmap]: StaticLayer: Resizing costmap to 113 X 92 at 0.040000 m/pix
[rviz2-11] [INFO] [1757090135.355762274] [rviz2]: Trying to create a map of size 113 x 92 using 1 swatches
[controller_server-2] [INFO] [1757090135.578866661] [controller_server]: Passing new path to controller.
[controller_server-2] [INFO] [1757090136.678863513] [controller_server]: Passing new path to controller.
[explore-10] [INFO] [1757090137.514011788] [explore_node]: [NAV] Remembered last goal (1.45, 1.62, yaw from quat).
[bt_navigator-6] [INFO] [1757090137.517697569] [bt_navigator]: Received goal preemption request
[bt_navigator-6] [INFO] [1757090137.518241566] [bt_navigator]: Begin navigating from current location (0.66, 1.18) to (1.45, 1.62)
[controller_server-2] [INFO] [1757090137.678867437] [controller_server]: Passing new path to controller.
[controller_server-2] [INFO] [1757090138.678857103] [controller_server]: Passing new path to controller.
[controller_server-2] [INFO] [1757090139.778847777] [controller_server]: Passing new path to controller.
[controller_server-2] [INFO] [1757090140.778893186] [controller_server]: Passing new path to controller.
[rviz2-11] [INFO] [1757090140.795568044] [rviz2]: Trying to create a map of size 113 x 93 using 1 swatches
[controller_server-2] [INFO] [1757090140.921624146] [local_costmap.local_costmap]: StaticLayer: Resizing static layer to 113 X 93 at 0.040000 m/pix
[planner_server-4] [INFO] [1757090141.336040444] [global_costmap.global_costmap]: StaticLayer: Resizing costmap to 113 X 93 at 0.040000 m/pix
[rviz2-11] [INFO] [1757090141.377172762] [rviz2]: Trying to create a map of size 113 x 93 using 1 swatches
[controller_server-2] [INFO] [1757090141.778877822] [controller_server]: Passing new path to controller.
[controller_server-2] [INFO] [1757090142.878900633] [controller_server]: Passing new path to controller.
[controller_server-2] [INFO] [1757090142.879153703] [controller_server]: Reached the goal!
[bt_navigator-6] [INFO] [1757090142.927961402] [bt_navigator]: Goal succeeded
[explore-10] [ERROR] [1757090143.233002145] [explore_node]: Extrapolation Error looking up robot pose: Lookup would require extrapolation into the future.  Requested time 1757090142.928273 but the latest data is at time 1757090142.862301, when looking up transform from frame [base_link] to frame [map]
[explore-10] 
[explore-10] [INFO] [1757090143.240354660] [explore_node]: [NAV] Remembered last goal (2.47, 0.78, yaw from quat).
[bt_navigator-6] [INFO] [1757090143.240878673] [bt_navigator]: Begin navigating from current location (1.35, 1.63) to (2.47, 0.78)
[controller_server-2] [INFO] [1757090143.261566985] [controller_server]: Received a goal, begin computing control effort.
[controller_server-2] [ERROR] [1757090143.567929628] [controller_server]: Exception in transformPose: Lookup would require extrapolation into the future.  Requested time 1757090143.312353 but the latest data is at time 1757090143.272537, when looking up transform from frame [odom] to frame [map]
[controller_server-2] [WARN] [1757090143.568002497] [controller_server]: Unable to transform robot pose into global plan's frame
[controller_server-2] [WARN] [1757090143.568079680] [controller_server]: Control loop missed its desired rate of 10.0000Hz
[controller_server-2] [INFO] [1757090144.361707153] [controller_server]: Passing new path to controller.
[controller_server-2] [INFO] [1757090145.361751788] [controller_server]: Passing new path to controller.
[controller_server-2] [INFO] [1757090146.361799030] [controller_server]: Passing new path to controller.
[rviz2-11] [INFO] [1757090146.813297646] [rviz2]: Trying to create a map of size 113 x 95 using 1 swatches
[controller_server-2] [INFO] [1757090146.921627004] [local_costmap.local_costmap]: StaticLayer: Resizing static layer to 113 X 95 at 0.040000 m/pix
[planner_server-4] [INFO] [1757090147.336018435] [global_costmap.global_costmap]: StaticLayer: Resizing costmap to 113 X 95 at 0.040000 m/pix
[rviz2-11] [INFO] [1757090147.354274009] [rviz2]: Trying to create a map of size 113 x 95 using 1 swatches
[controller_server-2] [INFO] [1757090147.461771532] [controller_server]: Passing new path to controller.
[controller_server-2] [INFO] [1757090148.461721617] [controller_server]: Passing new path to controller.
[controller_server-2] [INFO] [1757090149.461748223] [controller_server]: Passing new path to controller.
[controller_server-2] [ERROR] [1757090149.763101821] [controller_server]: Exception in transformPose: Lookup would require extrapolation into the future.  Requested time 1757090149.512332 but the latest data is at time 1757090149.450499, when looking up transform from frame [odom] to frame [map]
[controller_server-2] [WARN] [1757090149.763271459] [controller_server]: Unable to transform robot pose into global plan's frame
[controller_server-2] [WARN] [1757090149.763578857] [controller_server]: Control loop missed its desired rate of 10.0000Hz
[controller_server-2] [INFO] [1757090150.561760960] [controller_server]: Passing new path to controller.
[explore-10] [WARN] [1757090150.858186099] [explore_node]: No frontiers found, stopping.
[explore-10] [INFO] [1757090150.997664284] [map_saver]: 
[explore-10] 	map_saver lifecycle node launched. 
[explore-10] 	Waiting on external lifecycle transitions to activate
[explore-10] 	See https://design.ros2.org/articles/node_lifecycle.html for more information.
[explore-10] [INFO] [1757090150.997777800] [map_saver]: Creating
[explore-10] [INFO] [1757090150.997898815] [map_saver]: Configuring
[explore-10] [INFO] [1757090151.000211183] [map_saver]: Saving map from 'map' topic to '/home/robot/Documents/map' file
[explore-10] [WARN] [1757090151.000249934] [map_saver]: Free threshold unspecified. Setting it to default value: 0.250000
[explore-10] [WARN] [1757090151.000262105] [map_saver]: Occupied threshold unspecified. Setting it to default value: 0.650000
[explore-10] [WARN] [1757090151.240951742] [map_io]: Image format unspecified. Setting it to: pgm
[explore-10] [INFO] [1757090151.241108959] [map_io]: Received a 113 X 95 map @ 0.04 m/pix
[explore-10] [INFO] [1757090151.371353378] [map_io]: Writing map occupancy data to /home/robot/Documents/map.pgm
[explore-10] [INFO] [1757090151.371673227] [map_io]: Writing map metadata to /home/robot/Documents/map.yaml
[explore-10] [INFO] [1757090151.371727998] [map_io]: Map saved
[explore-10] [INFO] [1757090151.371733740] [map_saver]: Map saved successfully
[explore-10] [INFO] [1757090151.372694434] [map_saver]: Destroying
[explore-10] [INFO] [1757090151.497967866] [explore_node]: Map saved successfully.
[explore-10] [INFO] [1757090151.498008106] [explore_node]: Exploration stopped.
[explore-10] [INFO] [1757090151.498077673] [explore_node]: Returning to initial pose.
[bt_navigator-6] [INFO] [1757090151.501219584] [bt_navigator]: Received goal preemption request
[bt_navigator-6] [INFO] [1757090151.501319599] [bt_navigator]: Begin navigating from current location (2.47, 0.85) to (-0.64, 1.22)
[explore-10] [WARN] [1757090151.544636843] [explore_node]: No frontiers found, stopping.
[controller_server-2] [INFO] [1757090151.561698759] [controller_server]: Passing new path to controller.
[explore-10] [INFO] [1757090151.656854938] [map_saver]: 
[explore-10] 	map_saver lifecycle node launched. 
[explore-10] 	Waiting on external lifecycle transitions to activate
[explore-10] 	See https://design.ros2.org/articles/node_lifecycle.html for more information.
[explore-10] [INFO] [1757090151.656916746] [map_saver]: Creating
[explore-10] [INFO] [1757090151.656966198] [map_saver]: Configuring
[explore-10] [INFO] [1757090151.657526674] [map_saver]: Saving map from 'map' topic to '/home/robot/Documents/map' file
[explore-10] [WARN] [1757090151.657537636] [map_saver]: Free threshold unspecified. Setting it to default value: 0.250000
[explore-10] [WARN] [1757090151.657544240] [map_saver]: Occupied threshold unspecified. Setting it to default value: 0.650000
[controller_server-2] [INFO] [1757090151.861923785] [controller_server]: Reached the goal!
[explore-10] [WARN] [1757090151.888152974] [map_io]: Image format unspecified. Setting it to: pgm
[explore-10] [INFO] [1757090151.888314917] [map_io]: Received a 113 X 95 map @ 0.04 m/pix
[bt_navigator-6] [WARN] [1757090151.901673669] [BehaviorTreeEngine]: Behavior Tree tick rate 100.00 was exceeded!
[bt_navigator-6] [INFO] [1757090151.923031913] [bt_navigator]: Goal succeeded
[explore-10] [INFO] [1757090152.017117764] [map_io]: Writing map occupancy data to /home/robot/Documents/map.pgm
[explore-10] [INFO] [1757090152.017514967] [map_io]: Writing map metadata to /home/robot/Documents/map.yaml
[explore-10] [INFO] [1757090152.017589846] [map_io]: Map saved
[explore-10] [INFO] [1757090152.017598116] [map_saver]: Map saved successfully
[explore-10] [INFO] [1757090152.019339639] [map_saver]: Destroying
[explore-10] [INFO] [1757090152.157504056] [explore_node]: Map saved successfully.
[explore-10] [INFO] [1757090152.157545589] [explore_node]: Exploration stopped.
[explore-10] [INFO] [1757090152.157596454] [explore_node]: Returning to initial pose.
[bt_navigator-6] [INFO] [1757090152.157864998] [bt_navigator]: Begin navigating from current location (2.47, 0.85) to (-0.64, 1.22)
[bt_navigator-6] [INFO] [1757090152.157917042] [bt_navigator]: [navigate_to_pose] [ActionServer] Client requested to cancel the goal. Cancelling.
[bt_navigator-6] [INFO] [1757090152.157961174] [bt_navigator]: Goal canceled
[rviz2-11] [ERROR] [1757090203.613089718] [rviz2]: Lookup would require extrapolation into the future.  Requested time 1757090203.572904 but the latest data is at time 1757090203.562693, when looking up transform from frame [laser] to frame [map]
[planner_server-4] [ERROR] [1757090335.639982262] [transformPoseInTargetFrame]: Extrapolation Error looking up target frame: Lookup would require extrapolation into the past.  Requested time 1757090322.297146 but the earliest data is at time 1757090323.112336, when looking up transform from frame [base_link] to frame [map]
[planner_server-4] 
[planner_server-4] [ERROR] [1757090336.64