[INFO] [launch]: All log files can be found below /home/robot/.ros/log/2025-09-05-21-14-38-997319-robot-pc04-69060
[INFO] [launch]: Default logging verbosity is set to INFO
[INFO] [async_slam_toolbox_node-1]: process started with pid [69073]
[INFO] [controller_server-2]: process started with pid [69075]
[INFO] [smoother_server-3]: process started with pid [69077]
[INFO] [planner_server-4]: process started with pid [69079]
[INFO] [behavior_server-5]: process started with pid [69081]
[INFO] [bt_navigator-6]: process started with pid [69083]
[INFO] [waypoint_follower-7]: process started with pid [69085]
[INFO] [velocity_smoother-8]: process started with pid [69087]
[INFO] [lifecycle_manager-9]: process started with pid [69089]
[INFO] [explore-10]: process started with pid [69091]
[INFO] [rviz2-11]: process started with pid [69093]
[async_slam_toolbox_node-1] [INFO] [1757099679.104020070] [slam]: Node using stack size 40000000
[planner_server-4] [INFO] [1757099679.107013442] [planner_server]: 
[planner_server-4] 	planner_server lifecycle node launched. 
[planner_server-4] 	Waiting on external lifecycle transitions to activate
[planner_server-4] 	See https://design.ros2.org/articles/node_lifecycle.html for more information.
[lifecycle_manager-9] [INFO] [1757099679.107201387] [lifecycle_manager_navigation]: Creating
[planner_server-4] [INFO] [1757099679.107924242] [planner_server]: Creating
[smoother_server-3] [INFO] [1757099679.108342011] [smoother_server]: 
[smoother_server-3] 	smoother_server lifecycle node launched. 
[smoother_server-3] 	Waiting on external lifecycle transitions to activate
[smoother_server-3] 	See https://design.ros2.org/articles/node_lifecycle.html for more information.
[waypoint_follower-7] [INFO] [1757099679.108909509] [waypoint_follower]: 
[waypoint_follower-7] 	waypoint_follower lifecycle node launched. 
[waypoint_follower-7] 	Waiting on external lifecycle transitions to activate
[waypoint_follower-7] 	See https://design.ros2.org/articles/node_lifecycle.html for more information.
[waypoint_follower-7] [INFO] [1757099679.109207585] [waypoint_follower]: Creating
[bt_navigator-6] [INFO] [1757099679.108953471] [bt_navigator]: 
[bt_navigator-6] 	bt_navigator lifecycle node launched. 
[bt_navigator-6] 	Waiting on external lifecycle transitions to activate
[bt_navigator-6] 	See https://design.ros2.org/articles/node_lifecycle.html for more information.
[bt_navigator-6] [INFO] [1757099679.109061895] [bt_navigator]: Creating
[lifecycle_manager-9] [INFO] [1757099679.109034393] [lifecycle_manager_navigation]: [34m[1mCreating and initializing lifecycle service clients[0m[0m
[behavior_server-5] [INFO] [1757099679.109056343] [behavior_server]: 
[behavior_server-5] 	behavior_server lifecycle node launched. 
[behavior_server-5] 	Waiting on external lifecycle transitions to activate
[behavior_server-5] 	See https://design.ros2.org/articles/node_lifecycle.html for more information.
[smoother_server-3] [INFO] [1757099679.109168637] [smoother_server]: Creating smoother server
[velocity_smoother-8] [INFO] [1757099679.110361109] [velocity_smoother]: 
[velocity_smoother-8] 	velocity_smoother lifecycle node launched. 
[velocity_smoother-8] 	Waiting on external lifecycle transitions to activate
[velocity_smoother-8] 	See https://design.ros2.org/articles/node_lifecycle.html for more information.
[controller_server-2] [INFO] [1757099679.112171381] [controller_server]: 
[controller_server-2] 	controller_server lifecycle node launched. 
[controller_server-2] 	Waiting on external lifecycle transitions to activate
[controller_server-2] 	See https://design.ros2.org/articles/node_lifecycle.html for more information.
[planner_server-4] [INFO] [1757099679.114063716] [global_costmap.global_costmap]: 
[planner_server-4] 	global_costmap lifecycle node launched. 
[planner_server-4] 	Waiting on external lifecycle transitions to activate
[planner_server-4] 	See https://design.ros2.org/articles/node_lifecycle.html for more information.
[planner_server-4] [INFO] [1757099679.114267768] [global_costmap.global_costmap]: Creating Costmap
[controller_server-2] [INFO] [1757099679.114399416] [controller_server]: Creating controller server
[explore-10] [INFO] [1757099679.116203886] [explore_node]: Waiting for costmap to become available, topic: map
[controller_server-2] [INFO] [1757099679.119382152] [local_costmap.local_costmap]: 
[controller_server-2] 	local_costmap lifecycle node launched. 
[controller_server-2] 	Waiting on external lifecycle transitions to activate
[controller_server-2] 	See https://design.ros2.org/articles/node_lifecycle.html for more information.
[controller_server-2] [INFO] [1757099679.119649023] [local_costmap.local_costmap]: Creating Costmap
[async_slam_toolbox_node-1] [INFO] [1757099679.119969627] [slam]: Using solver plugin solver_plugins::CeresSolver
[async_slam_toolbox_node-1] [INFO] [1757099679.120029142] [slam]: CeresSolver: Using SCHUR_JACOBI preconditioner.
[lifecycle_manager-9] [INFO] [1757099679.215692704] [lifecycle_manager_navigation]: [34m[1mStarting managed nodes bringup...[0m[0m
[lifecycle_manager-9] [INFO] [1757099679.215784270] [lifecycle_manager_navigation]: [34m[1mConfiguring controller_server[0m[0m
[controller_server-2] [INFO] [1757099679.215963034] [controller_server]: Configuring controller interface
[controller_server-2] [INFO] [1757099679.216081370] [controller_server]: getting goal checker plugins..
[controller_server-2] [INFO] [1757099679.216180767] [controller_server]: Controller frequency set to 10.0000Hz
[controller_server-2] [INFO] [1757099679.216212790] [local_costmap.local_costmap]: Configuring
[controller_server-2] [INFO] [1757099679.218938180] [local_costmap.local_costmap]: Using plugin "static_layer"
[controller_server-2] [INFO] [1757099679.220492157] [local_costmap.local_costmap]: Subscribing to the map topic (/map) with transient local durability
[controller_server-2] [INFO] [1757099679.220999180] [local_costmap.local_costmap]: Initialized plugin "static_layer"
[controller_server-2] [INFO] [1757099679.221013071] [local_costmap.local_costmap]: Using plugin "obstacle_layer"
[controller_server-2] [INFO] [1757099679.221182675] [local_costmap.local_costmap]: Subscribed to Topics: scan
[controller_server-2] [INFO] [1757099679.222560253] [local_costmap.local_costmap]: Initialized plugin "obstacle_layer"
[controller_server-2] [INFO] [1757099679.222571931] [local_costmap.local_costmap]: Using plugin "inflation_layer"
[controller_server-2] [INFO] [1757099679.223129051] [local_costmap.local_costmap]: Initialized plugin "inflation_layer"
[controller_server-2] [INFO] [1757099679.226016416] [controller_server]: Created progress_checker : progress_checker of type nav2_controller::SimpleProgressChecker
[controller_server-2] [INFO] [1757099679.226302617] [controller_server]: Created goal checker : goal_checker of type nav2_controller::SimpleGoalChecker
[controller_server-2] [INFO] [1757099679.226405471] [controller_server]: Controller Server has goal_checker  goal checkers available.
[controller_server-2] [INFO] [1757099679.226626041] [controller_server]: Created controller : FollowPath of type nav2_regulated_pure_pursuit_controller::RegulatedPurePursuitController
[controller_server-2] [INFO] [1757099679.228033378] [controller_server]: Controller Server has FollowPath  controllers available.
[lifecycle_manager-9] [INFO] [1757099679.230049224] [lifecycle_manager_navigation]: [34m[1mConfiguring smoother_server[0m[0m
[smoother_server-3] [INFO] [1757099679.230136379] [smoother_server]: Configuring smoother server
[smoother_server-3] [INFO] [1757099679.233943387] [smoother_server]: Created smoother : simple_smoother of type nav2_smoother::SimpleSmoother
[smoother_server-3] [INFO] [1757099679.234057071] [smoother_server]: Smoother Server has simple_smoother  smoothers available.
[lifecycle_manager-9] [INFO] [1757099679.235531334] [lifecycle_manager_navigation]: [34m[1mConfiguring planner_server[0m[0m
[planner_server-4] [INFO] [1757099679.235643925] [planner_server]: Configuring
[planner_server-4] [INFO] [1757099679.235676093] [global_costmap.global_costmap]: Configuring
[planner_server-4] [INFO] [1757099679.238497611] [global_costmap.global_costmap]: Using plugin "static_layer"
[planner_server-4] [INFO] [1757099679.240757233] [global_costmap.global_costmap]: Subscribing to the map topic (/map) with transient local durability
[planner_server-4] [INFO] [1757099679.242012764] [global_costmap.global_costmap]: Initialized plugin "static_layer"
[planner_server-4] [INFO] [1757099679.242026001] [global_costmap.global_costmap]: Using plugin "obstacle_layer"
[planner_server-4] [INFO] [1757099679.242167087] [global_costmap.global_costmap]: Subscribed to Topics: scan
[planner_server-4] [INFO] [1757099679.243714690] [global_costmap.global_costmap]: Initialized plugin "obstacle_layer"
[planner_server-4] [INFO] [1757099679.243725419] [global_costmap.global_costmap]: Using plugin "inflation_layer"
[planner_server-4] [INFO] [1757099679.244011458] [global_costmap.global_costmap]: Initialized plugin "inflation_layer"
[planner_server-4] [INFO] [1757099679.247024135] [planner_server]: Created global planner plugin GridBased of type nav2_navfn_planner/NavfnPlanner
[planner_server-4] [INFO] [1757099679.247046356] [planner_server]: Configuring plugin GridBased of type NavfnPlanner
[planner_server-4] [INFO] [1757099679.247194203] [planner_server]: Planner Server has GridBased  planners available.
[lifecycle_manager-9] [INFO] [1757099679.250976002] [lifecycle_manager_navigation]: [34m[1mConfiguring behavior_server[0m[0m
[behavior_server-5] [INFO] [1757099679.251149809] [behavior_server]: Configuring
[behavior_server-5] [INFO] [1757099679.254330621] [behavior_server]: Creating behavior plugin spin of type nav2_behaviors/Spin
[behavior_server-5] [INFO] [1757099679.254675340] [behavior_server]: Configuring spin
[behavior_server-5] [INFO] [1757099679.256106766] [behavior_server]: Creating behavior plugin backup of type nav2_behaviors/BackUp
[behavior_server-5] [INFO] [1757099679.256428027] [behavior_server]: Configuring backup
[behavior_server-5] [INFO] [1757099679.257557002] [behavior_server]: Creating behavior plugin drive_on_heading of type nav2_behaviors/DriveOnHeading
[behavior_server-5] [INFO] [1757099679.257859258] [behavior_server]: Configuring drive_on_heading
[behavior_server-5] [INFO] [1757099679.259190534] [behavior_server]: Creating behavior plugin wait of type nav2_behaviors/Wait
[behavior_server-5] [INFO] [1757099679.259514919] [behavior_server]: Configuring wait
[behavior_server-5] [INFO] [1757099679.260799966] [behavior_server]: Creating behavior plugin assisted_teleop of type nav2_behaviors/AssistedTeleop
[behavior_server-5] [INFO] [1757099679.261544798] [behavior_server]: Configuring assisted_teleop
[lifecycle_manager-9] [INFO] [1757099679.263431600] [lifecycle_manager_navigation]: [34m[1mConfiguring bt_navigator[0m[0m
[bt_navigator-6] [INFO] [1757099679.263532963] [bt_navigator]: Configuring
[lifecycle_manager-9] [INFO] [1757099679.283059480] [lifecycle_manager_navigation]: [34m[1mConfiguring waypoint_follower[0m[0m
[waypoint_follower-7] [INFO] [1757099679.283210052] [waypoint_follower]: Configuring
[waypoint_follower-7] [INFO] [1757099679.288764005] [waypoint_follower]: Created waypoint_task_executor : wait_at_waypoint of type nav2_waypoint_follower::WaitAtWaypoint
[lifecycle_manager-9] [INFO] [1757099679.289052206] [lifecycle_manager_navigation]: [34m[1mConfiguring velocity_smoother[0m[0m
[velocity_smoother-8] [INFO] [1757099679.289138260] [velocity_smoother]: Configuring velocity smoother
[lifecycle_manager-9] [INFO] [1757099679.290129650] [lifecycle_manager_navigation]: [34m[1mActivating controller_server[0m[0m
[controller_server-2] [INFO] [1757099679.290198922] [controller_server]: Activating
[controller_server-2] [INFO] [1757099679.290231337] [local_costmap.local_costmap]: Activating
[controller_server-2] [INFO] [1757099679.290245280] [local_costmap.local_costmap]: Checking transform
[controller_server-2] [INFO] [1757099679.290265712] [local_costmap.local_costmap]: Timed out waiting for transform from base_link to odom to become available, tf error: Invalid frame ID "odom" passed to canTransform argument target_frame - frame does not exist
[rviz2-11] [INFO] [1757099679.543684402] [rviz2]: Stereo is NOT SUPPORTED
[rviz2-11] [INFO] [1757099679.543745986] [rviz2]: OpenGl version: 4.6 (GLSL 4.6)
[rviz2-11] [INFO] [1757099679.645066147] [rviz2]: Stereo is NOT SUPPORTED
[controller_server-2] [INFO] [1757099679.790323751] [local_costmap.local_costmap]: Timed out waiting for transform from base_link to odom to become available, tf error: Invalid frame ID "odom" passed to canTransform argument target_frame - frame does not exist
[controller_server-2] [INFO] [1757099680.290349557] [local_costmap.local_costmap]: Timed out waiting for transform from base_link to odom to become available, tf error: Invalid frame ID "odom" passed to canTransform argument target_frame - frame does not exist
[controller_server-2] [INFO] [1757099680.790350895] [local_costmap.local_costmap]: Timed out waiting for transform from base_link to odom to become available, tf error: Invalid frame ID "odom" passed to canTransform argument target_frame - frame does not exist
[controller_server-2] [INFO] [1757099681.290353171] [local_costmap.local_costmap]: Timed out waiting for transform from base_link to odom to become available, tf error: Invalid frame ID "odom" passed to canTransform argument target_frame - frame does not exist
[controller_server-2] [INFO] [1757099681.790333675] [local_costmap.local_costmap]: Timed out waiting for transform from base_link to odom to become available, tf error: Invalid frame ID "odom" passed to canTransform argument target_frame - frame does not exist
[controller_server-2] [INFO] [1757099682.290302560] [local_costmap.local_costmap]: Timed out waiting for transform from base_link to odom to become available, tf error: Invalid frame ID "odom" passed to canTransform argument target_frame - frame does not exist
[controller_server-2] [INFO] [1757099682.790349104] [local_costmap.local_costmap]: Timed out waiting for transform from base_link to odom to become available, tf error: Invalid frame ID "odom" passed to canTransform argument target_frame - frame does not exist
[controller_server-2] [INFO] [1757099683.290556095] [local_costmap.local_costmap]: start
[controller_server-2] [INFO] [1757099683.492408466] [controller_server]: Activating controller: FollowPath of type regulated_pure_pursuit_controller::RegulatedPurePursuitController
[controller_server-2] [INFO] [1757099683.492531758] [controller_server]: Creating bond (controller_server) to lifecycle manager.
[lifecycle_manager-9] [INFO] [1757099683.601290145] [lifecycle_manager_navigation]: Server controller_server connected with bond.
[lifecycle_manager-9] [INFO] [1757099683.601401664] [lifecycle_manager_navigation]: [34m[1mActivating smoother_server[0m[0m
[smoother_server-3] [INFO] [1757099683.602223706] [smoother_server]: Activating
[smoother_server-3] [INFO] [1757099683.602325876] [smoother_server]: Creating bond (smoother_server) to lifecycle manager.
[lifecycle_manager-9] [INFO] [1757099683.710274278] [lifecycle_manager_navigation]: Server smoother_server connected with bond.
[lifecycle_manager-9] [INFO] [1757099683.710372925] [lifecycle_manager_navigation]: [34m[1mActivating planner_server[0m[0m
[planner_server-4] [INFO] [1757099683.710993294] [planner_server]: Activating
[planner_server-4] [INFO] [1757099683.711083470] [global_costmap.global_costmap]: Activating
[planner_server-4] [INFO] [1757099683.711106660] [global_costmap.global_costmap]: Checking transform
[planner_server-4] [INFO] [1757099683.711152752] [global_costmap.global_costmap]: Timed out waiting for transform from base_link to map to become available, tf error: Invalid frame ID "map" passed to canTransform argument target_frame - frame does not exist
[planner_server-4] [INFO] [1757099684.211220161] [global_costmap.global_costmap]: Timed out waiting for transform from base_link to map to become available, tf error: Invalid frame ID "map" passed to canTransform argument target_frame - frame does not exist
[planner_server-4] [INFO] [1757099684.711284937] [global_costmap.global_costmap]: Timed out waiting for transform from base_link to map to become available, tf error: Invalid frame ID "map" passed to canTransform argument target_frame - frame does not exist
[planner_server-4] [INFO] [1757099685.211212322] [global_costmap.global_costmap]: Timed out waiting for transform from base_link to map to become available, tf error: Invalid frame ID "map" passed to canTransform argument target_frame - frame does not exist
[controller_server-2] [WARN] [1757099685.290830546] [local_costmap.local_costmap]: Can't update static costmap layer, no map received
[planner_server-4] [INFO] [1757099685.711223793] [global_costmap.global_costmap]: Timed out waiting for transform from base_link to map to become available, tf error: Invalid frame ID "map" passed to canTransform argument target_frame - frame does not exist
[planner_server-4] [INFO] [1757099686.211205900] [global_costmap.global_costmap]: Timed out waiting for transform from base_link to map to become available, tf error: Invalid frame ID "map" passed to canTransform argument target_frame - frame does not exist
[planner_server-4] [INFO] [1757099686.711206216] [global_costmap.global_costmap]: Timed out waiting for transform from base_link to map to become available, tf error: Invalid frame ID "map" passed to canTransform argument target_frame - frame does not exist
[planner_server-4] [INFO] [1757099687.211204512] [global_costmap.global_costmap]: Timed out waiting for transform from base_link to map to become available, tf error: Invalid frame ID "map" passed to canTransform argument target_frame - frame does not exist
[controller_server-2] [WARN] [1757099687.290913327] [local_costmap.local_costmap]: Can't update static costmap layer, no map received
[planner_server-4] [INFO] [1757099687.711207882] [global_costmap.global_costmap]: Timed out waiting for transform from base_link to map to become available, tf error: Invalid frame ID "map" passed to canTransform argument target_frame - frame does not exist
[planner_server-4] [INFO] [1757099688.211209764] [global_costmap.global_costmap]: Timed out waiting for transform from base_link to map to become available, tf error: Invalid frame ID "map" passed to canTransform argument target_frame - frame does not exist
[planner_server-4] [INFO] [1757099688.711209496] [global_costmap.global_costmap]: Timed out waiting for transform from base_link to map to become available, tf error: Invalid frame ID "map" passed to canTransform argument target_frame - frame does not exist
[planner_server-4] [INFO] [1757099689.211280237] [global_costmap.global_costmap]: Timed out waiting for transform from base_link to map to become available, tf error: Invalid frame ID "map" passed to canTransform argument target_frame - frame does not exist
[controller_server-2] [WARN] [1757099689.291680501] [local_costmap.local_costmap]: Can't update static costmap layer, no map received
[planner_server-4] [INFO] [1757099689.711231394] [global_costmap.global_costmap]: Timed out waiting for transform from base_link to map to become available, tf error: Invalid frame ID "map" passed to canTransform argument target_frame - frame does not exist
[planner_server-4] [INFO] [1757099690.211285867] [global_costmap.global_costmap]: Timed out waiting for transform from base_link to map to become available, tf error: Invalid frame ID "map" passed to canTransform argument target_frame - frame does not exist
[planner_server-4] [INFO] [1757099690.711229959] [global_costmap.global_costmap]: Timed out waiting for transform from base_link to map to become available, tf error: Invalid frame ID "map" passed to canTransform argument target_frame - frame does not exist
[planner_server-4] [INFO] [1757099691.211227491] [global_costmap.global_costmap]: Timed out waiting for transform from base_link to map to become available, tf error: Invalid frame ID "map" passed to canTransform argument target_frame - frame does not exist
[controller_server-2] [WARN] [1757099691.291490655] [local_costmap.local_costmap]: Can't update static costmap layer, no map received
[planner_server-4] [INFO] [1757099691.711206755] [global_costmap.global_costmap]: Timed out waiting for transform from base_link to map to become available, tf error: Invalid frame ID "map" passed to canTransform argument target_frame - frame does not exist
[planner_server-4] [INFO] [1757099692.211285726] [global_costmap.global_costmap]: Timed out waiting for transform from base_link to map to become available, tf error: Invalid frame ID "map" passed to canTransform argument target_frame - frame does not exist
[planner_server-4] [INFO] [1757099692.711294346] [global_costmap.global_costmap]: Timed out waiting for transform from base_link to map to become available, tf error: Invalid frame ID "map" passed to canTransform argument target_frame - frame does not exist
[planner_server-4] [INFO] [1757099693.211296782] [global_costmap.global_costmap]: Timed out waiting for transform from base_link to map to become available, tf error: Invalid frame ID "map" passed to canTransform argument target_frame - frame does not exist
[controller_server-2] [WARN] [1757099693.291584548] [local_costmap.local_costmap]: Can't update static costmap layer, no map received
[planner_server-4] [INFO] [1757099693.711298730] [global_costmap.global_costmap]: Timed out waiting for transform from base_link to map to become available, tf error: Invalid frame ID "map" passed to canTransform argument target_frame - frame does not exist
[async_slam_toolbox_node-1] [WARN] [1757099693.888164775] [slam]: minimum laser range setting (0.0 m) exceeds the capabilities of the used Lidar (0.1 m)
[rviz2-11] [INFO] [1757099694.022831110] [rviz2]: Trying to create a map of size 100 x 100 using 1 swatches
[rviz2-11] [ERROR] [1757099694.106049135] [rviz2]: Lookup would require extrapolation into the future.  Requested time 1757099694.068128 but the latest data is at time 1757099694.063880, when looking up transform from frame [laser] to frame [map]
[planner_server-4] [INFO] [1757099694.211340685] [global_costmap.global_costmap]: start
[planner_server-4] [INFO] [1757099695.123314363] [global_costmap.global_costmap]: StaticLayer: Resizing costmap to 98 X 45 at 0.040000 m/pix
[controller_server-2] [INFO] [1757099695.123417104] [local_costmap.local_costmap]: StaticLayer: Resizing static layer to 98 X 45 at 0.040000 m/pix
[rviz2-11] [INFO] [1757099695.130446379] [rviz2]: Trying to create a map of size 98 x 45 using 1 swatches
[rviz2-11] [INFO] [1757099695.224718259] [rviz2]: Trying to create a map of size 98 x 45 using 1 swatches
[planner_server-4] [INFO] [1757099695.263270881] [planner_server]: Activating plugin GridBased of type NavfnPlanner
[planner_server-4] [INFO] [1757099695.264852505] [planner_server]: Creating bond (planner_server) to lifecycle manager.
[lifecycle_manager-9] [INFO] [1757099695.370397552] [lifecycle_manager_navigation]: Server planner_server connected with bond.
[lifecycle_manager-9] [INFO] [1757099695.370537269] [lifecycle_manager_navigation]: [34m[1mActivating behavior_server[0m[0m
[behavior_server-5] [INFO] [1757099695.371287274] [behavior_server]: Activating
[behavior_server-5] [INFO] [1757099695.371360622] [behavior_server]: Activating spin
[behavior_server-5] [INFO] [1757099695.371387799] [behavior_server]: Activating backup
[behavior_server-5] [INFO] [1757099695.371406378] [behavior_server]: Activating drive_on_heading
[behavior_server-5] [INFO] [1757099695.371423745] [behavior_server]: Activating wait
[behavior_server-5] [INFO] [1757099695.371440302] [behavior_server]: Activating assisted_teleop
[behavior_server-5] [INFO] [1757099695.371462933] [behavior_server]: Creating bond (behavior_server) to lifecycle manager.
[lifecycle_manager-9] [INFO] [1757099695.478391919] [lifecycle_manager_navigation]: Server behavior_server connected with bond.
[lifecycle_manager-9] [INFO] [1757099695.478506015] [lifecycle_manager_navigation]: [34m[1mActivating bt_navigator[0m[0m
[bt_navigator-6] [INFO] [1757099695.479215773] [bt_navigator]: Activating
[bt_navigator-6] [INFO] [1757099695.513036679] [bt_navigator]: Creating bond (bt_navigator) to lifecycle manager.
[lifecycle_manager-9] [INFO] [1757099695.615293085] [lifecycle_manager_navigation]: Server bt_navigator connected with bond.
[lifecycle_manager-9] [INFO] [1757099695.615403306] [lifecycle_manager_navigation]: [34m[1mActivating waypoint_follower[0m[0m
[waypoint_follower-7] [INFO] [1757099695.616106929] [waypoint_follower]: Activating
[waypoint_follower-7] [INFO] [1757099695.616215405] [waypoint_follower]: Creating bond (waypoint_follower) to lifecycle manager.
[lifecycle_manager-9] [INFO] [1757099695.724873712] [lifecycle_manager_navigation]: Server waypoint_follower connected with bond.
[lifecycle_manager-9] [INFO] [1757099695.724963114] [lifecycle_manager_navigation]: [34m[1mActivating velocity_smoother[0m[0m
[velocity_smoother-8] [INFO] [1757099695.725647720] [velocity_smoother]: Activating
[velocity_smoother-8] [INFO] [1757099695.725778123] [velocity_smoother]: Creating bond (velocity_smoother) to lifecycle manager.
[lifecycle_manager-9] [INFO] [1757099695.834243387] [lifecycle_manager_navigation]: Server velocity_smoother connected with bond.
[lifecycle_manager-9] [INFO] [1757099695.834346306] [lifecycle_manager_navigation]: [34m[1mManaged nodes are active[0m[0m
[lifecycle_manager-9] [INFO] [1757099695.834377965] [lifecycle_manager_navigation]: [34m[1mCreating bond timer...[0m[0m
[explore-10] [INFO] [1757099697.138258621] [explore_node]: Waiting to connect to move_base nav2 server
[explore-10] [INFO] [1757099697.138519883] [explore_node]: Connected to move_base nav2 server
[explore-10] [INFO] [1757099697.138528014] [explore_node]: Getting initial pose of the robot
[bt_navigator-6] [INFO] [1757099697.207091609] [bt_navigator]: Begin navigating from current location (-0.46, 0.25) to (1.39, 0.64)
[controller_server-2] [INFO] [1757099697.228631118] [controller_server]: Received a goal, begin computing control effort.
[controller_server-2] [WARN] [1757099697.228737447] [controller_server]: No goal checker was specified in parameter 'current_goal_checker'. Server will use only plugin loaded goal_checker . This warning will appear once.
[controller_server-2] [INFO] [1757099698.328883547] [controller_server]: Passing new path to controller.
[controller_server-2] [INFO] [1757099699.328880011] [controller_server]: Passing new path to controller.
[controller_server-2] [INFO] [1757099700.328876943] [controller_server]: Passing new path to controller.
[rviz2-11] [INFO] [1757099701.147118716] [rviz2]: Trying to create a map of size 110 x 92 using 1 swatches
[planner_server-4] [INFO] [1757099701.211517312] [global_costmap.global_costmap]: StaticLayer: Resizing costmap to 110 X 92 at 0.040000 m/pix
[rviz2-11] [INFO] [1757099701.242715771] [rviz2]: Trying to create a map of size 110 x 92 using 1 swatches
[controller_server-2] [INFO] [1757099701.290812246] [local_costmap.local_costmap]: StaticLayer: Resizing static layer to 110 X 92 at 0.040000 m/pix
[controller_server-2] [INFO] [1757099701.428888745] [controller_server]: Passing new path to controller.
[controller_server-2] [INFO] [1757099702.428976296] [controller_server]: Passing new path to controller.
[planner_server-4] [INFO] [1757099703.211530711] [global_costmap.global_costmap]: StaticLayer: Resizing costmap to 110 X 92 at 0.040000 m/pix
[controller_server-2] [INFO] [1757099703.290807456] [local_costmap.local_costmap]: StaticLayer: Resizing static layer to 110 X 92 at 0.040000 m/pix
[controller_server-2] [INFO] [1757099703.428881598] [controller_server]: Passing new path to controller.
[bt_navigator-6] [INFO] [1757099703.847338486] [bt_navigator]: Received goal preemption request
[bt_navigator-6] [INFO] [1757099703.847574807] [bt_navigator]: Begin navigating from current location (0.91, 0.48) to (2.36, 2.41)
[controller_server-2] [INFO] [1757099704.528955295] [controller_server]: Passing new path to controller.
[controller_server-2] [INFO] [1757099705.528955295] [controller_server]: Passing new path to controller.
[controller_server-2] [INFO] [1757099706.528869261] [controller_server]: Passing new path to controller.
[controller_server-2] [INFO] [1757099707.528920350] [controller_server]: Passing new path to controller.
[controller_server-2] [INFO] [1757099708.628886659] [controller_server]: Passing new path to controller.
[controller_server-2] [INFO] [1757099709.628877753] [controller_server]: Passing new path to controller.
[controller_server-2] [INFO] [1757099710.628942192] [controller_server]: Passing new path to controller.
[explore-10] [ERROR] [1757099710.777778788] [explore_node]: Extrapolation Error looking up robot pose: Lookup would require extrapolation into the future.  Requested time 1757099710.471015 but the latest data is at time 1757099710.163788, when looking up transform from frame [base_link] to frame [map]
[explore-10] 
[controller_server-2] [WARN] [1757099710.931231256] [controller_server]: Control loop missed its desired rate of 10.0000Hz
[rviz2-11] [INFO] [1757099711.164143153] [rviz2]: Trying to create a map of size 113 x 96 using 1 swatches
[planner_server-4] [INFO] [1757099711.211533558] [global_costmap.global_costmap]: StaticLayer: Resizing costmap to 113 X 96 at 0.040000 m/pix
[rviz2-11] [INFO] [1757099711.227054767] [rviz2]: Trying to create a map of size 113 x 96 using 1 swatches
[controller_server-2] [INFO] [1757099711.290834152] [local_costmap.local_costmap]: StaticLayer: Resizing static layer to 113 X 96 at 0.040000 m/pix
[controller_server-2] [INFO] [1757099711.728894069] [controller_server]: Passing new path to controller.
[controller_server-2] [INFO] [1757099712.728884745] [controller_server]: Passing new path to controller.
[rviz2-11] [INFO] [1757099713.147946146] [rviz2]: Trying to create a map of size 113 x 97 using 1 swatches
[planner_server-4] [INFO] [1757099713.211588179] [global_costmap.global_costmap]: StaticLayer: Resizing costmap to 113 X 97 at 0.040000 m/pix
[rviz2-11] [INFO] [1757099713.243118489] [rviz2]: Trying to create a map of size 113 x 97 using 1 swatches
[controller_server-2] [INFO] [1757099713.290883946] [local_costmap.local_costmap]: StaticLayer: Resizing static layer to 113 X 97 at 0.040000 m/pix
[controller_server-2] [INFO] [1757099713.728870353] [controller_server]: Passing new path to controller.
[controller_server-2] [INFO] [1757099714.728868341] [controller_server]: Passing new path to controller.
[rviz2-11] [INFO] [1757099715.162895530] [rviz2]: Trying to create a map of size 114 x 101 using 1 swatches
[planner_server-4] [INFO] [1757099715.211536557] [global_costmap.global_costmap]: StaticLayer: Resizing costmap to 114 X 101 at 0.040000 m/pix
[rviz2-11] [INFO] [1757099715.226344736] [rviz2]: Trying to create a map of size 114 x 101 using 1 swatches
[controller_server-2] [INFO] [1757099715.290782959] [local_costmap.local_costmap]: StaticLayer: Resizing static layer to 114 X 101 at 0.040000 m/pix
[controller_server-2] [INFO] [1757099715.828887198] [controller_server]: Passing new path to controller.
[controller_server-2] [INFO] [1757099716.828884277] [controller_server]: Passing new path to controller.
[bt_navigator-6] [INFO] [1757099717.217510451] [bt_navigator]: Received goal preemption request
[bt_navigator-6] [INFO] [1757099717.217804729] [bt_navigator]: Begin navigating from current location (2.36, 2.04) to (-0.11, 1.17)
[controller_server-2] [INFO] [1757099717.828962403] [controller_server]: Passing new path to controller.
[controller_server-2] [INFO] [1757099718.928959575] [controller_server]: Passing new path to controller.
[controller_server-2] [INFO] [1757099719.928884136] [controller_server]: Passing new path to controller.
[controller_server-2] [INFO] [1757099720.928878399] [controller_server]: Passing new path to controller.
[controller_server-2] [INFO] [1757099721.928881380] [controller_server]: Passing new path to controller.
[controller_server-2] [INFO] [1757099723.028884826] [controller_server]: Passing new path to controller.
[bt_navigator-6] [INFO] [1757099723.847455905] [bt_navigator]: Received goal preemption request
[bt_navigator-6] [INFO] [1757099723.847778370] [bt_navigator]: Begin navigating from current location (2.27, 2.08) to (0.05, 1.06)
[controller_server-2] [INFO] [1757099724.028947581] [controller_server]: Passing new path to controller.
[controller_server-2] [INFO] [1757099725.028921663] [controller_server]: Passing new path to controller.
[controller_server-2] [ERROR] [1757099725.928938505] [controller_server]: Failed to make progress
[controller_server-2] [WARN] [1757099725.929030013] [controller_server]: [follow_path] [ActionServer] Aborting handle.
[controller_server-2] [INFO] [1757099725.947663518] [local_costmap.local_costmap]: Received request to clear entirely the local_costmap
[controller_server-2] [INFO] [1757099725.950177418] [controller_server]: Received a goal, begin computing control effort.
[controller_server-2] [INFO] [1757099726.100363764] [controller_server]: Passing new path to controller.
[controller_server-2] [WARN] [1757099726.100893849] [controller_server]: Control loop missed its desired rate of 10.0000Hz
[controller_server-2] [INFO] [1757099727.150332432] [controller_server]: Passing new path to controller.
[controller_server-2] [INFO] [1757099728.150350216] [controller_server]: Passing new path to controller.
[controller_server-2] [INFO] [1757099729.150328076] [controller_server]: Passing new path to controller.
[controller_server-2] [INFO] [1757099730.250324551] [controller_server]: Passing new path to controller.
[bt_navigator-6] [INFO] [1757099730.547408215] [bt_navigator]: Received goal preemption request
[bt_navigator-6] [INFO] [1757099730.547663502] [bt_navigator]: Begin navigating from current location (1.02, 1.67) to (1.27, -0.25)
[controller_server-2] [INFO] [1757099731.250353412] [controller_server]: Passing new path to controller.
[controller_server-2] [WARN] [1757099731.452454184] [controller_server]: Control loop missed its desired rate of 10.0000Hz
[controller_server-2] [INFO] [1757099732.250332778] [controller_server]: Passing new path to controller.
[controller_server-2] [INFO] [1757099733.250331486] [controller_server]: Passing new path to controller.
[controller_server-2] [INFO] [1757099734.350387371] [controller_server]: Passing new path to controller.
[controller_server-2] [WARN] [1757099734.851303840] [controller_server]: RegulatedPurePursuitController detected collision ahead!
[controller_server-2] [WARN] [1757099734.950915977] [controller_server]: RegulatedPurePursuitController detected collision ahead!
[controller_server-2] [WARN] [1757099735.051264217] [controller_server]: RegulatedPurePursuitController detected collision ahead!
[controller_server-2] [INFO] [1757099735.350333054] [controller_server]: Passing new path to controller.
[controller_server-2] [WARN] [1757099735.451124338] [controller_server]: RegulatedPurePursuitController detected collision ahead!
[controller_server-2] [INFO] [1757099736.350334336] [controller_server]: Passing new path to controller.
[bt_navigator-6] [INFO] [1757099737.227431010] [bt_navigator]: Received goal preemption request
[bt_navigator-6] [INFO] [1757099737.227732640] [bt_navigator]: Begin navigating from current location (1.01, 1.00) to (1.26, -0.27)
[controller_server-2] [INFO] [1757099737.450331441] [controller_server]: Passing new path to controller.
[controller_server-2] [INFO] [1757099738.450353592] [controller_server]: Passing new path to controller.
[controller_server-2] [INFO] [1757099739.450405361] [controller_server]: Passing new path to controller.
[controller_server-2] [WARN] [1757099739.851644772] [controller_server]: Control loop missed its desired rate of 10.0000Hz
[controller_server-2] [INFO] [1757099740.450321652] [controller_server]: Passing new path to controller.
[controller_server-2] [INFO] [1757099741.550332421] [controller_server]: Passing new path to controller.
[controller_server-2] [INFO] [1757099742.550355097] [controller_server]: Passing new path to controller.
[controller_server-2] [INFO] [1757099743.550398594] [controller_server]: Passing new path to controller.
[explore-10] [WARN] [1757099743.849725176] [explore_node]: No frontiers found, stopping.
[explore-10] [INFO] [1757099743.968448703] [map_saver]: 
[explore-10] 	map_saver lifecycle node launched. 
[explore-10] 	Waiting on external lifecycle transitions to activate
[expl