[INFO] [launch]: All log files can be found below /home/robot/.ros/log/2025-09-03-16-29-35-815808-robot-pc04-41950
[INFO] [launch]: Default logging verbosity is set to INFO
[INFO] [async_slam_toolbox_node-1]: process started with pid [41962]
[INFO] [controller_server-2]: process started with pid [41964]
[INFO] [smoother_server-3]: process started with pid [41966]
[INFO] [planner_server-4]: process started with pid [41968]
[INFO] [behavior_server-5]: process started with pid [41970]
[INFO] [bt_navigator-6]: process started with pid [41972]
[INFO] [waypoint_follower-7]: process started with pid [41974]
[INFO] [velocity_smoother-8]: process started with pid [41976]
[INFO] [lifecycle_manager-9]: process started with pid [41978]
[INFO] [explore-10]: process started with pid [41980]
[INFO] [rviz2-11]: process started with pid [41982]
[velocity_smoother-8] [INFO] [1756909775.923513610] [velocity_smoother]: 
[velocity_smoother-8] 	velocity_smoother lifecycle node launched. 
[velocity_smoother-8] 	Waiting on external lifecycle transitions to activate
[velocity_smoother-8] 	See https://design.ros2.org/articles/node_lifecycle.html for more information.
[planner_server-4] [INFO] [1756909775.924561218] [planner_server]: 
[planner_server-4] 	planner_server lifecycle node launched. 
[planner_server-4] 	Waiting on external lifecycle transitions to activate
[planner_server-4] 	See https://design.ros2.org/articles/node_lifecycle.html for more information.
[planner_server-4] [INFO] [1756909775.925359356] [planner_server]: Creating
[async_slam_toolbox_node-1] [INFO] [1756909775.926359540] [slam]: Node using stack size 40000000
[controller_server-2] [INFO] [1756909775.928987436] [controller_server]: 
[controller_server-2] 	controller_server lifecycle node launched. 
[controller_server-2] 	Waiting on external lifecycle transitions to activate
[controller_server-2] 	See https://design.ros2.org/articles/node_lifecycle.html for more information.
[lifecycle_manager-9] [INFO] [1756909775.929156433] [lifecycle_manager_navigation]: Creating
[smoother_server-3] [INFO] [1756909775.929446176] [smoother_server]: 
[smoother_server-3] 	smoother_server lifecycle node launched. 
[smoother_server-3] 	Waiting on external lifecycle transitions to activate
[smoother_server-3] 	See https://design.ros2.org/articles/node_lifecycle.html for more information.
[waypoint_follower-7] [INFO] [1756909775.929931527] [waypoint_follower]: 
[waypoint_follower-7] 	waypoint_follower lifecycle node launched. 
[waypoint_follower-7] 	Waiting on external lifecycle transitions to activate
[waypoint_follower-7] 	See https://design.ros2.org/articles/node_lifecycle.html for more information.
[waypoint_follower-7] [INFO] [1756909775.930199451] [waypoint_follower]: Creating
[smoother_server-3] [INFO] [1756909775.930278816] [smoother_server]: Creating smoother server
[lifecycle_manager-9] [INFO] [1756909775.930665266] [lifecycle_manager_navigation]: [34m[1mCreating and initializing lifecycle service clients[0m[0m
[bt_navigator-6] [INFO] [1756909775.930731719] [bt_navigator]: 
[bt_navigator-6] 	bt_navigator lifecycle node launched. 
[bt_navigator-6] 	Waiting on external lifecycle transitions to activate
[bt_navigator-6] 	See https://design.ros2.org/articles/node_lifecycle.html for more information.
[bt_navigator-6] [INFO] [1756909775.930825154] [bt_navigator]: Creating
[behavior_server-5] [INFO] [1756909775.930855408] [behavior_server]: 
[behavior_server-5] 	behavior_server lifecycle node launched. 
[behavior_server-5] 	Waiting on external lifecycle transitions to activate
[behavior_server-5] 	See https://design.ros2.org/articles/node_lifecycle.html for more information.
[controller_server-2] [INFO] [1756909775.931651458] [controller_server]: Creating controller server
[planner_server-4] [INFO] [1756909775.932299444] [global_costmap.global_costmap]: 
[planner_server-4] 	global_costmap lifecycle node launched. 
[planner_server-4] 	Waiting on external lifecycle transitions to activate
[planner_server-4] 	See https://design.ros2.org/articles/node_lifecycle.html for more information.
[planner_server-4] [INFO] [1756909775.932552329] [global_costmap.global_costmap]: Creating Costmap
[explore-10] [INFO] [1756909775.934831291] [explore_node]: Waiting for costmap to become available, topic: map
[controller_server-2] [INFO] [1756909775.936055722] [local_costmap.local_costmap]: 
[controller_server-2] 	local_costmap lifecycle node launched. 
[controller_server-2] 	Waiting on external lifecycle transitions to activate
[controller_server-2] 	See https://design.ros2.org/articles/node_lifecycle.html for more information.
[controller_server-2] [INFO] [1756909775.936254519] [local_costmap.local_costmap]: Creating Costmap
[async_slam_toolbox_node-1] [INFO] [1756909775.941387971] [slam]: Using solver plugin solver_plugins::CeresSolver
[async_slam_toolbox_node-1] [INFO] [1756909775.941843074] [slam]: CeresSolver: Using SCHUR_JACOBI preconditioner.
[lifecycle_manager-9] [INFO] [1756909775.942039356] [lifecycle_manager_navigation]: [34m[1mStarting managed nodes bringup...[0m[0m
[lifecycle_manager-9] [INFO] [1756909775.942060376] [lifecycle_manager_navigation]: [34m[1mConfiguring controller_server[0m[0m
[controller_server-2] [INFO] [1756909775.942186105] [controller_server]: Configuring controller interface
[controller_server-2] [INFO] [1756909775.942263889] [controller_server]: getting goal checker plugins..
[controller_server-2] [INFO] [1756909775.942322873] [controller_server]: Controller frequency set to 10.0000Hz
[controller_server-2] [INFO] [1756909775.942337206] [local_costmap.local_costmap]: Configuring
[controller_server-2] [INFO] [1756909775.944947336] [local_costmap.local_costmap]: Using plugin "static_layer"
[controller_server-2] [INFO] [1756909775.946810272] [local_costmap.local_costmap]: Subscribing to the map topic (/map) with transient local durability
[controller_server-2] [INFO] [1756909775.947373169] [local_costmap.local_costmap]: Initialized plugin "static_layer"
[controller_server-2] [INFO] [1756909775.947385688] [local_costmap.local_costmap]: Using plugin "obstacle_layer"
[controller_server-2] [INFO] [1756909775.947555102] [local_costmap.local_costmap]: Subscribed to Topics: scan
[controller_server-2] [INFO] [1756909775.948730241] [local_costmap.local_costmap]: Initialized plugin "obstacle_layer"
[controller_server-2] [INFO] [1756909775.948743599] [local_costmap.local_costmap]: Using plugin "inflation_layer"
[controller_server-2] [INFO] [1756909775.949273735] [local_costmap.local_costmap]: Initialized plugin "inflation_layer"
[controller_server-2] [INFO] [1756909775.952489159] [controller_server]: Created progress_checker : progress_checker of type nav2_controller::SimpleProgressChecker
[controller_server-2] [INFO] [1756909775.952769069] [controller_server]: Created goal checker : goal_checker of type nav2_controller::SimpleGoalChecker
[controller_server-2] [INFO] [1756909775.952872450] [controller_server]: Controller Server has goal_checker  goal checkers available.
[controller_server-2] [INFO] [1756909775.953165550] [controller_server]: Created controller : FollowPath of type nav2_regulated_pure_pursuit_controller::RegulatedPurePursuitController
[controller_server-2] [INFO] [1756909775.954322406] [controller_server]: Controller Server has FollowPath  controllers available.
[lifecycle_manager-9] [INFO] [1756909775.956696340] [lifecycle_manager_navigation]: [34m[1mConfiguring smoother_server[0m[0m
[smoother_server-3] [INFO] [1756909775.956823568] [smoother_server]: Configuring smoother server
[smoother_server-3] [INFO] [1756909775.961377711] [smoother_server]: Created smoother : simple_smoother of type nav2_smoother::SimpleSmoother
[smoother_server-3] [INFO] [1756909775.961602670] [smoother_server]: Smoother Server has simple_smoother  smoothers available.
[lifecycle_manager-9] [INFO] [1756909775.964214925] [lifecycle_manager_navigation]: [34m[1mConfiguring planner_server[0m[0m
[planner_server-4] [INFO] [1756909775.964312136] [planner_server]: Configuring
[planner_server-4] [INFO] [1756909775.964333654] [global_costmap.global_costmap]: Configuring
[planner_server-4] [INFO] [1756909775.966274025] [global_costmap.global_costmap]: Using plugin "static_layer"
[planner_server-4] [INFO] [1756909775.967709529] [global_costmap.global_costmap]: Subscribing to the map topic (/map) with transient local durability
[planner_server-4] [INFO] [1756909775.968159901] [global_costmap.global_costmap]: Initialized plugin "static_layer"
[planner_server-4] [INFO] [1756909775.968170514] [global_costmap.global_costmap]: Using plugin "obstacle_layer"
[planner_server-4] [INFO] [1756909775.968304105] [global_costmap.global_costmap]: Subscribed to Topics: scan
[planner_server-4] [INFO] [1756909775.969250590] [global_costmap.global_costmap]: Initialized plugin "obstacle_layer"
[planner_server-4] [INFO] [1756909775.969261972] [global_costmap.global_costmap]: Using plugin "inflation_layer"
[planner_server-4] [INFO] [1756909775.969531415] [global_costmap.global_costmap]: Initialized plugin "inflation_layer"
[planner_server-4] [INFO] [1756909775.973282729] [planner_server]: Created global planner plugin GridBased of type nav2_navfn_planner/NavfnPlanner
[planner_server-4] [INFO] [1756909775.973307463] [planner_server]: Configuring plugin GridBased of type NavfnPlanner
[planner_server-4] [INFO] [1756909775.973459700] [planner_server]: Planner Server has GridBased  planners available.
[lifecycle_manager-9] [INFO] [1756909775.976564350] [lifecycle_manager_navigation]: [34m[1mConfiguring behavior_server[0m[0m
[behavior_server-5] [INFO] [1756909775.976697737] [behavior_server]: Configuring
[behavior_server-5] [INFO] [1756909775.979735710] [behavior_server]: Creating behavior plugin spin of type nav2_behaviors/Spin
[behavior_server-5] [INFO] [1756909775.980081904] [behavior_server]: Configuring spin
[behavior_server-5] [INFO] [1756909775.981581838] [behavior_server]: Creating behavior plugin backup of type nav2_behaviors/BackUp
[behavior_server-5] [INFO] [1756909775.981998801] [behavior_server]: Configuring backup
[behavior_server-5] [INFO] [1756909775.983446009] [behavior_server]: Creating behavior plugin drive_on_heading of type nav2_behaviors/DriveOnHeading
[behavior_server-5] [INFO] [1756909775.983811350] [behavior_server]: Configuring drive_on_heading
[behavior_server-5] [INFO] [1756909775.985099718] [behavior_server]: Creating behavior plugin wait of type nav2_behaviors/Wait
[behavior_server-5] [INFO] [1756909775.985434307] [behavior_server]: Configuring wait
[behavior_server-5] [INFO] [1756909775.987425865] [behavior_server]: Creating behavior plugin assisted_teleop of type nav2_behaviors/AssistedTeleop
[behavior_server-5] [INFO] [1756909775.988454765] [behavior_server]: Configuring assisted_teleop
[lifecycle_manager-9] [INFO] [1756909775.990710494] [lifecycle_manager_navigation]: [34m[1mConfiguring bt_navigator[0m[0m
[bt_navigator-6] [INFO] [1756909775.990848053] [bt_navigator]: Configuring
[lifecycle_manager-9] [INFO] [1756909776.009479919] [lifecycle_manager_navigation]: [34m[1mConfiguring waypoint_follower[0m[0m
[waypoint_follower-7] [INFO] [1756909776.009603585] [waypoint_follower]: Configuring
[waypoint_follower-7] [INFO] [1756909776.014979126] [waypoint_follower]: Created waypoint_task_executor : wait_at_waypoint of type nav2_waypoint_follower::WaitAtWaypoint
[lifecycle_manager-9] [INFO] [1756909776.015311007] [lifecycle_manager_navigation]: [34m[1mConfiguring velocity_smoother[0m[0m
[velocity_smoother-8] [INFO] [1756909776.015428290] [velocity_smoother]: Configuring velocity smoother
[lifecycle_manager-9] [INFO] [1756909776.017344901] [lifecycle_manager_navigation]: [34m[1mActivating controller_server[0m[0m
[controller_server-2] [INFO] [1756909776.017416717] [controller_server]: Activating
[controller_server-2] [INFO] [1756909776.017451602] [local_costmap.local_costmap]: Activating
[controller_server-2] [INFO] [1756909776.017466504] [local_costmap.local_costmap]: Checking transform
[controller_server-2] [INFO] [1756909776.017487455] [local_costmap.local_costmap]: Timed out waiting for transform from base_link to odom to become available, tf error: Invalid frame ID "odom" passed to canTransform argument target_frame - frame does not exist
[rviz2-11] [INFO] [1756909776.361868881] [rviz2]: Stereo is NOT SUPPORTED
[rviz2-11] [INFO] [1756909776.361926792] [rviz2]: OpenGl version: 4.6 (GLSL 4.6)
[rviz2-11] [INFO] [1756909776.389415614] [rviz2]: Stereo is NOT SUPPORTED
[controller_server-2] [INFO] [1756909776.517553528] [local_costmap.local_costmap]: Timed out waiting for transform from base_link to odom to become available, tf error: Invalid frame ID "odom" passed to canTransform argument target_frame - frame does not exist
[controller_server-2] [INFO] [1756909777.017546279] [local_costmap.local_costmap]: Timed out waiting for transform from base_link to odom to become available, tf error: Invalid frame ID "odom" passed to canTransform argument target_frame - frame does not exist
[controller_server-2] [INFO] [1756909777.517577570] [local_costmap.local_costmap]: Timed out waiting for transform from base_link to odom to become available, tf error: Invalid frame ID "odom" passed to canTransform argument target_frame - frame does not exist
[controller_server-2] [INFO] [1756909778.017541266] [local_costmap.local_costmap]: Timed out waiting for transform from base_link to odom to become available, tf error: Invalid frame ID "odom" passed to canTransform argument target_frame - frame does not exist
[controller_server-2] [INFO] [1756909778.517572307] [local_costmap.local_costmap]: Timed out waiting for transform from base_link to odom to become available, tf error: Invalid frame ID "odom" passed to canTransform argument target_frame - frame does not exist
[controller_server-2] [INFO] [1756909779.017554638] [local_costmap.local_costmap]: Timed out waiting for transform from base_link to odom to become available, tf error: Invalid frame ID "odom" passed to canTransform argument target_frame - frame does not exist
[controller_server-2] [INFO] [1756909779.517765688] [local_costmap.local_costmap]: start
[controller_server-2] [INFO] [1756909779.719910657] [controller_server]: Activating controller: FollowPath of type regulated_pure_pursuit_controller::RegulatedPurePursuitController
[controller_server-2] [INFO] [1756909779.720013608] [controller_server]: Creating bond (controller_server) to lifecycle manager.
[lifecycle_manager-9] [INFO] [1756909779.827889474] [lifecycle_manager_navigation]: Server controller_server connected with bond.
[lifecycle_manager-9] [INFO] [1756909779.827981530] [lifecycle_manager_navigation]: [34m[1mActivating smoother_server[0m[0m
[smoother_server-3] [INFO] [1756909779.828558105] [smoother_server]: Activating
[smoother_server-3] [INFO] [1756909779.828652931] [smoother_server]: Creating bond (smoother_server) to lifecycle manager.
[async_slam_toolbox_node-1] [WARN] [1756909779.844764464] [slam]: minimum laser range setting (0.0 m) exceeds the capabilities of the used Lidar (0.1 m)
[lifecycle_manager-9] [INFO] [1756909779.937147070] [lifecycle_manager_navigation]: Server smoother_server connected with bond.
[lifecycle_manager-9] [INFO] [1756909779.937240697] [lifecycle_manager_navigation]: [34m[1mActivating planner_server[0m[0m
[planner_server-4] [INFO] [1756909779.937797036] [planner_server]: Activating
[planner_server-4] [INFO] [1756909779.937935539] [global_costmap.global_costmap]: Activating
[planner_server-4] [INFO] [1756909779.937985379] [global_costmap.global_costmap]: Checking transform
[planner_server-4] [INFO] [1756909779.938157965] [global_costmap.global_costmap]: Timed out waiting for transform from base_link to map to become available, tf error: Lookup would require extrapolation into the past.  Requested time 1756909779.898724 but the earliest data is at time 1756909779.911453, when looking up transform from frame [base_link] to frame [map]
[planner_server-4] [INFO] [1756909779.947752260] [global_costmap.global_costmap]: StaticLayer: Resizing costmap to 64 X 37 at 0.040000 m/pix
[controller_server-2] [INFO] [1756909779.947746375] [local_costmap.local_costmap]: StaticLayer: Resizing static layer to 64 X 37 at 0.040000 m/pix
[rviz2-11] [INFO] [1756909779.953602416] [rviz2]: Trying to create a map of size 64 x 37 using 1 swatches
[rviz2-11] [ERROR] [1756909780.053973628] [rviz2]: Lookup would require extrapolation into the future.  Requested time 1756909780.000523 but the latest data is at time 1756909779.999820, when looking up transform from frame [laser] to frame [map]
[rviz2-11] [INFO] [1756909780.339600835] [rviz2]: Trying to create a map of size 100 x 100 using 1 swatches
[planner_server-4] [INFO] [1756909780.438401395] [global_costmap.global_costmap]: start
[planner_server-4] [INFO] [1756909781.440379071] [planner_server]: Activating plugin GridBased of type NavfnPlanner
[planner_server-4] [INFO] [1756909781.442043647] [planner_server]: Creating bond (planner_server) to lifecycle manager.
[rviz2-11] [INFO] [1756909781.461448796] [rviz2]: Trying to create a map of size 64 x 37 using 1 swatches
[lifecycle_manager-9] [INFO] [1756909781.548601999] [lifecycle_manager_navigation]: Server planner_server connected with bond.
[lifecycle_manager-9] [INFO] [1756909781.548696857] [lifecycle_manager_navigation]: [34m[1mActivating behavior_server[0m[0m
[behavior_server-5] [INFO] [1756909781.549241658] [behavior_server]: Activating
[behavior_server-5] [INFO] [1756909781.549310857] [behavior_server]: Activating spin
[behavior_server-5] [INFO] [1756909781.549337277] [behavior_server]: Activating backup
[behavior_server-5] [INFO] [1756909781.549356963] [behavior_server]: Activating drive_on_heading
[behavior_server-5] [INFO] [1756909781.549374395] [behavior_server]: Activating wait
[behavior_server-5] [INFO] [1756909781.549390507] [behavior_server]: Activating assisted_teleop
[behavior_server-5] [INFO] [1756909781.549413753] [behavior_server]: Creating bond (behavior_server) to lifecycle manager.
[lifecycle_manager-9] [INFO] [1756909781.656701796] [lifecycle_manager_navigation]: Server behavior_server connected with bond.
[lifecycle_manager-9] [INFO] [1756909781.656803086] [lifecycle_manager_navigation]: [34m[1mActivating bt_navigator[0m[0m
[bt_navigator-6] [INFO] [1756909781.657524072] [bt_navigator]: Activating
[bt_navigator-6] [INFO] [1756909781.687598078] [bt_navigator]: Creating bond (bt_navigator) to lifecycle manager.
[lifecycle_manager-9] [INFO] [1756909781.789372122] [lifecycle_manager_navigation]: Server bt_navigator connected with bond.
[lifecycle_manager-9] [INFO] [1756909781.789465369] [lifecycle_manager_navigation]: [34m[1mActivating waypoint_follower[0m[0m
[waypoint_follower-7] [INFO] [1756909781.790116403] [waypoint_follower]: Activating
[waypoint_follower-7] [INFO] [1756909781.790223174] [waypoint_follower]: Creating bond (waypoint_follower) to lifecycle manager.
[lifecycle_manager-9] [INFO] [1756909781.898465407] [lifecycle_manager_navigation]: Server waypoint_follower connected with bond.
[lifecycle_manager-9] [INFO] [1756909781.898562402] [lifecycle_manager_navigation]: [34m[1mActivating velocity_smoother[0m[0m
[velocity_smoother-8] [INFO] [1756909781.899154756] [velocity_smoother]: Activating
[velocity_smoother-8] [INFO] [1756909781.899282836] [velocity_smoother]: Creating bond (velocity_smoother) to lifecycle manager.
[explore-10] [INFO] [1756909781.957668293] [explore_node]: Waiting to connect to move_base nav2 server
[explore-10] [INFO] [1756909781.958064458] [explore_node]: Connected to move_base nav2 server
[explore-10] [INFO] [1756909781.958080970] [explore_node]: Getting initial pose of the robot
[lifecycle_manager-9] [INFO] [1756909782.007177256] [lifecycle_manager_navigation]: Server velocity_smoother connected with bond.
[lifecycle_manager-9] [INFO] [1756909782.007234921] [lifecycle_manager_navigation]: [34m[1mManaged nodes are active[0m[0m
[lifecycle_manager-9] [INFO] [1756909782.007249313] [lifecycle_manager_navigation]: [34m[1mCreating bond timer...[0m[0m
[bt_navigator-6] [INFO] [1756909782.055064031] [bt_navigator]: Begin navigating from current location (0.00, 0.00) to (1.21, 0.44)
[controller_server-2] [INFO] [1756909782.076081312] [controller_server]: Received a goal, begin computing control effort.
[controller_server-2] [WARN] [1756909782.076162625] [controller_server]: No goal checker was specified in parameter 'current_goal_checker'. Server will use only plugin loaded goal_checker . This warning will appear once.
[controller_server-2] [WARN] [1756909782.076909716] [controller_server]: RegulatedPurePursuitController detected collision ahead!
[controller_server-2] [WARN] [1756909782.176462740] [controller_server]: RegulatedPurePursuitController detected collision ahead!
[controller_server-2] [WARN] [1756909782.277309577] [controller_server]: RegulatedPurePursuitController detected collision ahead!
[controller_server-2] [WARN] [1756909782.377239887] [controller_server]: RegulatedPurePursuitController detected collision ahead!
[controller_server-2] [WARN] [1756909782.477333630] [controller_server]: RegulatedPurePursuitController detected collision ahead!
[controller_server-2] [WARN] [1756909782.577467750] [controller_server]: RegulatedPurePursuitController detected collision ahead!
[controller_server-2] [WARN] [1756909782.677312651] [controller_server]: RegulatedPurePursuitController detected collision ahead!
[controller_server-2] [WARN] [1756909782.787218169] [controller_server]: RegulatedPurePursuitController detected collision ahead!
[controller_server-2] [WARN] [1756909782.877269252] [controller_server]: RegulatedPurePursuitController detected collision ahead!
[controller_server-2] [WARN] [1756909782.976441681] [controller_server]: RegulatedPurePursuitController detected collision ahead!
[controller_server-2] [WARN] [1756909783.076623654] [controller_server]: RegulatedPurePursuitController detected collision ahead!
[controller_server-2] [INFO] [1756909783.176293636] [controller_server]: Passing new path to controller.
[controller_server-2] [WARN] [1756909783.177420346] [controller_server]: RegulatedPurePursuitController detected collision ahead!
[controller_server-2] [WARN] [1756909783.276992698] [controller_server]: RegulatedPurePursuitController detected collision ahead!
[controller_server-2] [WARN] [1756909783.377258127] [controller_server]: RegulatedPurePursuitController detected collision ahead!
[controller_server-2] [WARN] [1756909783.477254678] [controller_server]: RegulatedPurePursuitController detected collision ahead!
[controller_server-2] [WARN] [1756909783.577046524] [controller_server]: RegulatedPurePursuitController detected collision ahead!
[controller_server-2] [WARN] [1756909783.677035092] [controller_server]: RegulatedPurePursuitController detected collision ahead!
[controller_server-2] [WARN] [1756909783.776896511] [controller_server]: RegulatedPurePursuitController detected collision ahead!
[controller_server-2] [WARN] [1756909783.877271700] [controller_server]: RegulatedPurePursuitController detected collision ahead!
[controller_server-2] [WARN] [1756909783.977273942] [controller_server]: RegulatedPurePursuitController detected collision ahead!
[controller_server-2] [WARN] [1756909784.077262220] [controller_server]: RegulatedPurePursuitController detected collision ahead!
[controller_server-2] [ERROR] [1756909784.077377604] [controller_server]: Controller patience exceeded
[controller_server-2] [WARN] [1756909784.077464246] [controller_server]: [follow_path] [ActionServer] Aborting handle.
[controller_server-2] [INFO] [1756909784.095621522] [local_costmap.local_costmap]: Received request to clear entirely the local_costmap
[controller_server-2] [INFO] [1756909784.098213566] [controller_server]: Received a goal, begin computing control effort.
[controller_server-2] [WARN] [1756909784.129091832] [controller_server]: RegulatedPurePursuitController detected collision ahead!
[controller_server-2] [INFO] [1756909784.198415227] [controller_server]: Passing new path to controller.
[controller_server-2] [WARN] [1756909784.199540480] [controller_server]: RegulatedPurePursuitController detected collision ahead!
[controller_server-2] [WARN] [1756909784.299431728] [controller_server]: RegulatedPurePursuitController detected collision ahead!
[controller_server-2] [WARN] [1756909784.399435776] [controller_server]: RegulatedPurePursuitController detected collision ahead!
[controller_server-2] [WARN] [1756909784.499439407] [controller_server]: RegulatedPurePursuitController detected collision ahead!
[controller_server-2] [WARN] [1756909784.599264737] [controller_server]: RegulatedPurePursuitController detected collision ahead!
[controller_server-2] [WARN] [1756909784.699363230] [controller_server]: RegulatedPurePursuitController detected collision ahead!
[controller_server-2] [WARN] [1756909784.799382439] [controller_server]: RegulatedPurePursuitController detected collision ahead!
[controller_server-2] [WARN] [1756909784.899386806] [controller_server]: RegulatedPurePursuitController detected collision ahead!
[controller_server-2] [WARN] [1756909784.999367885] [controller_server]: RegulatedPurePursuitController detected collision ahead!
[controller_server-2] [WARN] [1756909785.099263565] [controller_server]: RegulatedPurePursuitController detected collision ahead!
[controller_server-2] [INFO] [1756909785.198410464] [controller_server]: Passing new path to controller.
[controller_server-2] [WARN] [1756909785.199524031] [controller_server]: RegulatedPurePursuitController detected collision ahead!
[controller_server-2] [WARN] [1756909785.299426193] [controller_server]: RegulatedPurePursuitController detected collision ahead!
[controller_server-2] [WARN] [1756909785.399429269] [controller_server]: RegulatedPurePursuitController detected collision ahead!
[controller_server-2] [WARN] [1756909785.499190255] [controller_server]: RegulatedPurePursuitController detected collision ahead!
[controller_server-2] [WARN] [1756909785.599100552] [controller_server]: RegulatedPurePursuitController detected collision ahead!
[controller_server-2] [WARN] [1756909785.699442922] [controller_server]: RegulatedPurePursuitController detected collision ahead!
[controller_server-2] [WARN] [1756909785.799347836] [controller_server]: RegulatedPurePursuitController detected collision ahead!
[controller_server-2] [WARN] [1756909785.899343998] [controller_server]: RegulatedPurePursuitController detected collision ahead!
[controller_server-2] [WARN] [1756909785.999355492] [controller_server]: RegulatedPurePursuitController detected collision ahead!
[controller_server-2] [WARN] [1756909786.099338574] [controller_server]: RegulatedPurePursuitController detected collision ahead!
[controller_server-2] [ERROR] [1756909786.099433195] [controller_server]: Controller patience exceeded
[controller_server-2] [WARN] [1756909786.099507244] [controller_server]: [follow_path] [ActionServer] Aborting handle.
[controller_server-2] [INFO] [1756909786.115701351] [local_costmap.local_costmap]: Received request to clear entirely the local_costmap
[planner_server-4] [INFO] [1756909786.117654600] [global_costmap.global_costmap]: Received request to clear entirely the global_costmap
[controller_server-2] [INFO] [1756909786.466050521] [controller_server]: Received a goal, begin computing control effort.
[controller_server-2] [WARN] [1756909786.467184019] [controller_server]: RegulatedPurePursuitController detected collision ahead!
[controller_server-2] [WARN] [1756909786.567381369] [controller_server]: RegulatedPurePursuitController detected collision ahead!
[controller_server-2] [WARN] [1756909786.667419146] [controller_server]: RegulatedPurePursuitController detected collision ahead!
[controller_server-2] [WARN] [1756909786.767906410] [controller_server]: RegulatedPurePursuitController detected collision ahead!
[controller_server-2] [WARN] [1756909786.867980925] [controller_server]: RegulatedPurePursuitController detected collision ahead!
[controller_server-2] [WARN] [1756909786.967385124] [controller_server]: RegulatedPurePursuitController detected collision ahead!
[controller_server-2] [WARN] [1756909787.067337289] [controller_server]: RegulatedPurePursuitController detected collision ahead!
[controller_server-2] [WARN] [1756909787.167343044] [controller_server]: RegulatedPurePursuitController detected collision ahead!
[controller_server-2] [WARN] [1756909787.267456110] [controller_server]: RegulatedPurePursuitController detected collision ahead!
[controller_server-2] [WARN] [1756909787.367245065] [controller_server]: RegulatedPurePursuitController detected collision ahead!
[controller_server-2] [WARN] [1756909787.467217122] [controller_server]: RegulatedPurePursuitController detected collision ahead!
[controller_server-2] [INFO] [1756909787.566265967] [controller_server]: Passing new path to controller.
[controller_server-2] [WARN] [1756909787.608166335] [controller_server]: RegulatedPurePursuitController detected collision ahead!
[controller_server-2] [WARN] [1756909787.667313649] [controller_server]: RegulatedPurePursuitController detected collision ahead!
[controller_server-2] [WARN] [1756909787.767138847] [controller_server]: RegulatedPurePursuitController detected collision ahead!
[controller_server-2] [WARN] [1756909787.867247521] [controller_server]: RegulatedPurePursuitController detected collision ahead!
[controller_server-2] [WARN] [1756909787.967329624] [controller_server]: RegulatedPurePursuitController detected collision ahead!
[controller_server-2] [WARN] [1756909788.067339186] [controller_server]: RegulatedPurePursuitController detected collision ahead!
[controller_server-2] [WARN] [1756909788.167303468] [controller_server]: RegulatedPurePursuitController detected collision ahead!
[controller_server-2] [WARN] [1756909788.267516860] [controller_server]: RegulatedPurePursuitController detected collision ahead!
[controller_server-2] [WARN] [1756909788.367200032] [controller_server]: RegulatedPurePursuitController detected collision ahead!
[controller_server-2] [WARN] [1756909788.467236599] [controller_server]: RegulatedPurePursuitController detected collision ahead!
[controller_server-2] [ERROR] [1756909788.467334454] [controller_server]: Controller patience exceeded
[controller_server-2] [WARN] [1756909788.467406617] [controller_server]: [follow_path] [ActionServer] Aborting handle.
[controller_server-2] [INFO] [1756909788.485815169] [local_costmap.local_costmap]: Received request to clear entirely the local_costmap
[controller_server-2] [INFO] [1756909788.488382215] [controller_server]: Received a goal, begin computing control effort.
[controller_server-2] [INFO] [1756909788.528611662] [controller_server]: Passing new path to controller.
[controller_server-2] [WARN] [1756909788.529921071] [controller_server]: RegulatedPurePursuitController detected collision ahead!
[controller_server-2] [WARN] [1756909788.589935134] [controller_server]: RegulatedPurePursuitController detected collision ahead!
[controller_server-2] [WARN] [1756909788.689690742] [controller_server]: RegulatedPurePursuitController detected collision ahead!
[controller_server-2] [WARN] [1756909788.789728626] [controller_server]: RegulatedPurePursuitController detected collision ahead!
[controller_server-2] [WARN] [1756909788.889340922] [controller_server]: RegulatedPurePursuitController detected collision ahead!
[controller_server-2] [WARN] [1756909788.989556484] [controller_server]: RegulatedPurePursuitController detected collision ahead!
[controller_server-2] [WARN] [1756909789.089552198] [controller_server]: RegulatedPurePursuitController detected collision ahead!
[controller_server-2] [WARN] [1756909789.189546119] [controller_server]: RegulatedPurePursuitController detected collision ahead!
[controller_server-2] [WARN] [1756909789.289538604] [controller_server]: RegulatedPurePursuitController detected collision ahead!
[controller_server-2] [WARN] [1756909789.389568803] [controller_server]: RegulatedPurePursuitController detected collision ahead!
[controller_server-2] [WARN] [1756909789.489588885] [controller_server]: RegulatedPurePursuitController detected collision ahead!
[controller_server-2] [INFO] [1756909789.588702527] [controller_server]: Passing new path to controller.
[controller_server-2] [WARN] [1756909789.589866189] [controller_server]: RegulatedPurePursuitController detected collision ahead!
[controller_server-2] [WARN] [1756909789.689546393] [controller_server]: RegulatedPurePursuitController detected collision ahead!
[controller_server-2] [WARN] [1756909789.789341820] [controller_server]: RegulatedPurePursuitController detected collision ahead!
[controller_server-2] [WARN] [1756909789.889536302] [controller_server]: RegulatedPurePursuitController detected collision ahead!
[controller_server-2] [WARN] [1756909789.989172683] [controller_server]: RegulatedPurePursuitController detected collision ahead!
[controller_server-2] [WARN] [1756909790.089064615] [controller_server]: RegulatedPurePursuitController detected collision ahead!
[controller_server-2] [WARN] [1756909790.189529860] [controller_server]: RegulatedPurePursuitController detected collision ahead!
[controller_server-2] [WARN] [1756909790.289636176] [controller_server]: RegulatedPurePursuitController detected collision ahead!
[controller_server-2] [WARN] [1756909790.390262231] [controller_server]: RegulatedPurePursuitController detected collision ahead!
[controller_server-2] [WARN] [1756909790.490336712] [controller_server]: RegulatedPurePursuitController detected collision ahead!
[controller_server-2] [ERROR] [1756909790.490460593] [controller_server]: Controller patience exceeded
[controller_server-2] [WARN] [1756909790.490580946] [controller_server]: [follow_path] [ActionServer] Aborting handle.
[behavior_server-5] [INFO] [1756909790.506299069] [behavior_server]: Running spin
[behavior_server-5] [INFO] [1756909790.506717193] [behavior_server]: Turning 1.57 for spin behavior.
[behavior_server-5] [WARN] [1756909790.607306307] [behavior_server]: Collision Ahead - Exiting Spin
[behavior_server-5] [WARN] [1756909790.607376446] [behavior_server]: spin failed
[behavior_server-5] [WARN] [1756909790.607402110] [behavior_server]: [spin] [ActionServer] Aborting handle.
[behavior_server-5] [INFO] [1756909790.635813832] [behavior_server]: Running wait
[behavior_server-5] [INFO] [1756909795.636069875] [behavior_server]: wait completed successfully
[controller_server-2] [INFO] [1756909795.685931488] [controller_server]: Received a goal, begin computing control effort.
[controller_server-2] [WARN] [1756909795.687030865] [controller_server]: RegulatedPurePursuitController detected collision ahead!
[controller_server-2] [WARN] [1756909795.787165708] [controller_server]: RegulatedPurePursuitController detected collision ahead!
[controller_server-2] [WARN] [1756909795.887161775] [controller_server]: RegulatedPurePursuitController detected collision ahead!
[controller_server-2] [WARN] [1756909795.987230473] [controller_server]: RegulatedPurePursuitController detected collision ahead!
[controller_server-2] [WARN] [1756909796.087707234] [controller_server]: RegulatedPurePursuitController detected collision ahead!
[controller_server-2] [WARN] [1756909796.186883384] [controller_server]: RegulatedPurePursuitController detected collision ahead!
[controller_server-2] [WARN] [1756909796.287574800] [controller_server]: RegulatedPurePursuitController detected collision ahead!
[controller_server-2] [WARN] [1756909796.387199398] [controller_server]: RegulatedPurePursuitController detected collision ahead!
[controller_server-2] [WARN] [1756909796.487249415] [controller_server]: RegulatedPurePursuitController detected collision ahead!
[controller_server-2] [WARN] [1756909796.587218730] [controller_server]: RegulatedPurePursuitController detected collision ahead!
[controller_server-2] [WARN] [1756909796.687247774] [controller_server]: RegulatedPurePursuitController detected collision ahead!
[controller_server-2] [INFO] [1756909796.786222290] [controller_server]: Passing new path to controller.
[controller_server-2] [WARN] [1756909796.787442422] [controller_server]: RegulatedPurePursuitController detected collision ahead!
[controller_server-2] [WARN] [1756909796.887057228] [controller_server]: RegulatedPurePursuitController detected collision ahead!
[controller_server-2] [WARN] [1756909796.986346767] [controller_server]: RegulatedPurePursuitController detected collision ahead!
[controller_server-2] [WARN] [1756909797.087079768] [controller_server]: RegulatedPurePursuitController detected collision ahead!
[controller_server-2] [WARN] [1756909797.187212214] [controller_server]: RegulatedPurePursuitController detected collision ahead!
[controller_server-2] [WARN] [1756909797.286309012] [controller_server]: RegulatedPurePursuitController detected collision ahead!
[controller_server-2] [WARN] [1756909797.387111977] [controller_server]: RegulatedPurePursuitController detected collision ahead!
[controller_server-2] [WARN] [1756909797.487453583] [controller_server]: RegulatedPurePursuitController detected collision ahead!
[controller_server-2] [WARN] [1756909797.587256187] [controller_server]: RegulatedPurePursuitController detected collision ahead!
[controller_server-2] [WARN] [1756909797.687041929] [controller_server]: RegulatedPurePursuitController detected collision ahead!
[controller_server-2] [ERROR] [1756909797.687115956] [controller_server]: Controller patience exceeded
[controller_server-2] [WARN] [1756909797.687174037] [controller_server]: [follow_path] [ActionServer] Aborting handle.
[controller_server-2] [INFO] [1756909797.705748818] [local_costmap.local_costmap]: Received request to clear entirely the local_costmap
[controller_server-2] [INFO] [1756909797.708299711] [controller_server]: Received a goal, begin computing control effort.
[controller_server-2] [WARN] [1756909797.729291617] [controller_server]: RegulatedPurePursuitController detected collision ahead!
[controller_server-2] [INFO] [1756909797.808582008] [controller_server]: Passing new path to controller.
[controller_server-2] [WARN] [1756909797.809899040] [controller_server]: RegulatedPurePursuitController detected collision ahead!
[controller_server-2] [WARN] [1756909797.909454802] [controller_server]: RegulatedPurePursuitController detected collision ahead!
[controller_server-2] [WARN] [1756909798.009531950] [controller_server]: RegulatedPurePursuitController detected collision ahead!
[controller_server-2] [WARN] [1756909798.109540584] [controller_server]: RegulatedPurePursuitController detected collision ahead!
[controller_server-2] [WARN] [1756909798.209266274] [controller_server]: RegulatedPurePursuitController detected collision ahead!
[controller_server-2] [WARN] [1756909798.309517760] [controller_server]: RegulatedPurePursuitController detected collision ahead!
[controller_server-2] [WARN] [1756909798.409522086] [controller_server]: RegulatedPurePursuitController detected collision ahead!
[controller_server-2] [WARN] [1756909798.509446072] [controller_server]: RegulatedPurePursuitController detected collision ahead!
[controller_server-2] [WARN] [1756909798.609449251] [controller_server]: RegulatedPurePursuitController detected collision ahead!
[controller_server-2] [WARN] [1756909798.709529551] [controller_server]: RegulatedPurePursuitController detected collision ahead!
[controller_server-2] [INFO] [1756909798.808515598] [controller_server]: Passing new path to controller.
[controller_server-2] [WARN] [1756909798.809491727] [controller_server]: RegulatedPurePursuitController detected collision ahead!
[controller_server-2] [WARN] [1756909798.909486494] [controller_server]: RegulatedPurePursuitController detected collision ahead!
[controller_server-2] [WARN] [1756909799.008908321] [controller_server]: RegulatedPurePursuitController detected collision ahead!
[controller_server-2] [WARN] [1756909799.109545410] [controller_server]: RegulatedPurePursuitController detected collision ahead!
[controller_server-2] [WARN] [1756909799.209537337] [controller_server]: RegulatedPurePursuitController detected collision ahead!
[controller_server-2] [WARN] [1756909799.309547082] [controller_server]: RegulatedPurePursuitController detected collision ahead!
[controller_server-2] [WARN] [1756909799.409466029] [controller_server]: RegulatedPurePursuitController detected collision ahead!
[controller_server-2] [WARN] [1756909799.509549632] [controller_server]: RegulatedPurePursuitController detected collision ahead!
[controller_server-2] [WARN] [1756909799.609462750] [controller_server]: RegulatedPurePursuitController detected collision ahead!
[controller_server-2] [WARN] [1756909799.709375862] [controller_server]: RegulatedPurePursuitController detected collision ahead!
[controller_server-2] [ERROR] [1756909799.709456895] [controller_server]: Controller patience exceeded
[controller_server-2] [WARN] [1756909799.709528197] [controller_server]: [follow_path] [ActionServer] Aborting handle.
[behavior_server-5] [INFO] [1756909799.726218138] [behavior_server]: Running backup
[behavior_server-5] [INFO] [1756909799.726772878] [behavior_server]: DriveOnHeading: no acceleration or deceleration limits set
[behavior_server-5] [WARN] [1756909799.727144119] [behavior_server]: Collision Ahead - Exiting DriveOnHeading
[behavior_server-5] [WARN] [1756909799.727191687] [behavior_server]: backup failed
[behavior_server-5] [WARN] [1756909799.727238149] [behavior_server]: [backup] [ActionServer] Aborting handle.
[controller_server-2] [INFO] [1756909799.755537508] [local_costmap.local_costmap]: Received request to clear entirely the local_costmap
[planner_server-4] [INFO] [1756909799.757624988] [global_costmap.global_costmap]: Received request to clear entirely the global_costmap
[controller_server-2] [INFO] [1756909800.465872625] [controller_server]: Received a goal, begin computing control effort.
[controller_server-2] [WARN] [1756909800.467019636] [controller_server]: RegulatedPurePursuitController detected collision ahead!
[controller_server-2] [WARN] [1756909800.567164585] [controller_server]: RegulatedPurePursuitController detected collision ahead!
[controller_server-2] [WARN] [1756909800.667181162] [controller_server]: RegulatedPurePursuitController detected collision ahead!
[controller_server-2] [WARN] [1756909800.767029135] [controller_server]: RegulatedPurePursuitController detected collision ahead!
[controller_server-2] [WARN] [1756909800.867037323] [controller_server]: RegulatedPurePursuitController detected collision ahead!
[controller_server-2] [WARN] [1756909800.967065519] [controller_server]: RegulatedPurePursuitController detected collision ahead!
[controller_server-2] [WARN] [1756909801.067033096] [controller_server]: RegulatedPurePursuitController detected collision ahead!
[controller_server-2] [WARN] [1756909801.167072601] [controller_server]: RegulatedPurePursuitController detected collision ahead!
[controller_server-2] [WARN] [1756909801.267094670] [controller_server]: RegulatedPurePursuitController detected collision ahead!
[controller_server-2] [WARN] [1756909801.367037837] [controller_server]: RegulatedPurePursuitController detected collision ahead!
[controller_server-2] [WARN] [1756909801.467085607] [controller_server]: RegulatedPurePursuitController detected collision ahead!
[controller_server-2] [INFO] [1756909801.566076375] [controller_server]: Passing new path to controller.
[controller_server-2] [WARN] [1756909801.567222779] [controller_server]: RegulatedPurePursuitController detected collision ahead!
[controller_server-2] [WARN] [1756909801.667044332] [controller_server]: RegulatedPurePursuitController detected collision ahead!
[controller_server-2] [WARN] [1756909801.767070091] [controller_server]: RegulatedPurePursuitController detected collision ahead!
[controller_server-2] [WARN] [1756909801.867033927] [controller_server]: RegulatedPurePursuitController detected collision ahead!
[controller_server-2] [WARN] [1756909801.967021278] [controller_server]: RegulatedPurePursuitController detected collision ahead!
[controller_server-2] [WARN] [1756909802.067084291] [controller_server]: RegulatedPurePursuitController detected collision ahead!
[controller_server-2] [WARN] [1756909802.167252738] [controller_server]: RegulatedPurePursuitController detected collision ahead!
[controller_server-2] [WARN] [1756909802.267098072] [controller_server]: RegulatedPurePursuitController detected collision ahead!
[controller_server-2] [WARN] [1756909802.367047262] [controller_server]: RegulatedPurePursuitController detected collision ahead!
[controller_server-2] [WARN] [1756909802.467118243] [controller_server]: RegulatedPurePursuitController detected collision ahead!
[controller_server-2] [ERROR] [1756909802.467212024] [controller_server]: Controller patience exceeded
[controller_server-2] [WARN] [1756909802.467290126] [controller_server]: [follow_path] [ActionServer] Aborting handle.
[controller_server-2] [INFO] [1756909802.485736240] [local_costmap.local_costmap]: Received request to clear entirely the local_costmap
[controller_server-2] [INFO] [1756909802.488275892] [controller_server]: Received a goal, begin computing control effort.
[controller_server-2] [INFO] [1756909802.528579754] [controller_server]: Passing new path to controller.
[controller_server-2] [WARN] [1756909802.529194238] [controller_server]: RegulatedPurePursuitController detected collision ahead!
[controller_server-2] [WARN] [1756909802.589776437] [controller_server]: RegulatedPurePursuitController detected collision ahead!
[controller_server-2] [WARN] [1756909802.689503819] [controller_server]: RegulatedPurePursuitController detected collision ahead!
[controller_server-2] [WARN] [1756909802.789539427] [controller_server]: RegulatedPurePursuitController detected collision ahead!
[controller_server-2] [WARN] [1756909802.889548439] [controller_server]: RegulatedPurePursuitController detected collision ahead!
[controller_server-2] [WARN] [1756909802.989526627] [controller_server]: RegulatedPurePursuitController detected collision ahead!
[controller_server-2] [WARN] [1756909803.089528749] [controller_server]: RegulatedPurePursuitController detected collision ahead!
[controller_server-2] [WARN] [1756909803.189768359] [controller_server]: RegulatedPurePursuitController detected collision ahead!
[controller_server-2] [WARN] [1756909803.289517704] [controller_server]: RegulatedPurePursuitController detected collision ahead!
[controller_server-2] [WARN] [1756909803.389541245] [controller_server]: RegulatedPurePursuitController detected collision ahead!
[controller_server-2] [WARN] [1756909803.530028923] [controller_server]: RegulatedPurePursuitController detected collision ahead!
[controller_server-2] [INFO] [1756909803.588556807] [controller_server]: Passing new path to controller.
[controller_server-2] [WARN] [1756909803.589127755] [controller_server]: RegulatedPurePursuitController detected collision ahead!
[controller_server-2] [WARN] [1756909803.689550794] [controller_server]: RegulatedPurePursuitController detected collision ahead!
[controller_server-2] [WARN] [1756909803.789616264] [controller_server]: RegulatedPurePursuitController detected collision ahead!
[controller_server-2] [WARN] [1756909803.889560695] [controller_server]: RegulatedPurePursuitController detected collision ahead!
[controller_server-2] [WARN] [1756909803.989395112] [controller_server]: RegulatedPurePursuitController detected collision ahead!
[controller_server-2] [WARN] [1756909804.089296903] [controller_server]: RegulatedPurePursuitController detected collision ahead!
[controller_server-2] [WARN] [1756909804.189546660] [controller_server]: RegulatedPurePursuitController detected collision ahead!
[controller_server-2] [WARN] [1756909804.289553448] [controller_server]: RegulatedPurePursuitController detected collision ahead!
[controller_server-2] [WARN] [1756909804.389591742] [controller_server]: RegulatedPurePursuitController detected collision ahead!
[controller_server-2] [WARN] [1756909804.489558183] [controller_server]: RegulatedPurePursuitController detected collision ahead!
[controller_server-2] [ERROR] [1756909804.489649332] [controller_server]: Controller patience exceeded
[controller_server-2] [WARN] [1756909804.489724177] [controller_server]: [follow_path] [ActionServer] Aborting handle.
[behavior_server-5] [INFO] [1756909804.506200465] [behavior_server]: Running spin
[behavior_server-5] [INFO] [1756909804.506353271] [behavior_server]: Turning 1.57 for spin behavior.
[behavior_server-5] [WARN] [1756909804.606705309] [behavior_server]: Collision Ahead - Exiting Spin
[behavior_server-5] [WARN] [1756909804.606764571] [behavior_server]: spin failed
[behavior_server-5] [WARN] [1756909804.606783379] [behavior_server]: [spin] [ActionServer] Aborting handle.
[behavior_server-5] [INFO] [1756909804.635909201] [behavior_server]: Running wait
[behavior_server-5] [INFO] [1756909809.636174586] [behavior_server]: wait completed successfully
[controller_server-2] [INFO] [1756909809.686095492] [controller_server]: Received a goal, begin computing control effort.
[controller_server-2] [WARN] [1756909809.687026266] [controller_server]: RegulatedPurePursuitController detected collision ahead!
[controller_server-2] [WARN] [1756909809.787369919] [controller_server]: RegulatedPurePursuitController detected collision ahead!
[controller_server-2] [WARN] [1756909809.887152310] [controller_server]: RegulatedPurePursuitController detected collision ahead!
[controller_server-2] [WARN] [1756909809.987322141] [controller_server]: RegulatedPurePursuitController detected collision ahead!
[controller_server-2] [WARN] [1756909810.086515111] [controller_server]: RegulatedPurePursuitController detected collision ahead!
[controller_server-2] [WARN] [1756909810.187260198] [controller_server]: RegulatedPurePursuitController detected collision ahead!
[controller_server-2] [WARN] [1756909810.287346876] [controller_server]: RegulatedPurePursuitController detected collision ahead!
[controller_server-2] [WARN] [1756909810.387336210] [controller_server]: RegulatedPurePursuitController detected collision ahead!
[controller_server-2] [WARN] [1756909810.487510962] [controller_server]: RegulatedPurePursuitController detected collision ahead!
[controller_server-2] [WARN] [1756909810.587075257] [controller_server]: RegulatedPurePursuitController detected collision ahead!
[controller_server-2] [WARN] [1756909810.687245845] [controller_server]: RegulatedPurePursuitController detected collision ahead!
[controller_server-2] [INFO] [1756909810.786284397] [controller_server]: Passing new path to controller.
[controller_server-2] [WARN] [1756909810.787313003] [controller_server]: RegulatedPurePursuitController detected collision ahead!
[controller_server-2] [WARN] [1756909810.887345584] [controller_server]: RegulatedPurePursuitController detected collision ahead!
[controller_server-2] [WARN] [1756909810.987344417] [controller_server]: RegulatedPurePursuitController detected collision ahead!
[controller_server-2] [WARN] [1756909811.087249492] [controller_server]: RegulatedPurePursuitController detected collision ahead!
[controller_server-2] [WARN] [1756909811.187255006] [controller_server]: RegulatedPurePursuitController detected collision ahead!
[controller_server-2] [WARN] [1756909811.287335863] [controller_server]: RegulatedPurePursuitController detected collision ahead!
[controller_server-2] [WARN] [1756909811.386992810] [controller_server]: RegulatedPurePursuitController detected collision ahead!
[controller_server-2] [WARN] [1756909811.487239566] [controller_server]: RegulatedPurePursuitController detected collision ahead!
[controller_server-2] [WARN] [1756909811.587103043] [controller_server]: RegulatedPurePursuitController detected collision ahead!
[controller_server-2] [WARN] [1756909811.687342355] [controller_server]: RegulatedPurePursuitController detected collision ahead!
[controller_server-2] [ERROR] [1756909811.687438676] [controller_server]: Controller patience exceeded
[controller_server-2] [WARN] [1756909811.687517736] [controller_server]: [follow_path] [ActionServer] Aborting handle.
[controller_server-2] [INFO] [1756909811.705807695] [local_costmap.local_costmap]: Received request to clear entirely the local_costmap
[controller_server-2] [INFO] [1756909811.708335540] [controller_server]: Received a goal, begin computing control effort.
[controller_server-2] [WARN] [1756909811.729565111] [controller_server]: RegulatedPurePursuitController detected collision ahead!
[controller_server-2] [INFO] [1756909811.808586876] [controller_server]: Passing new path to controller.
[controller_server-2] [WARN] [1756909811.809663305] [controller_server]: RegulatedPurePursuitController detected collision ahead!
[controller_server-2] [WARN] [1756909811.909553975] [controller_server]: RegulatedPurePursuitController detected collision ahead!
[controller_server-2] [WARN] [1756909812.009538562] [controller_server]: RegulatedPurePursuitController detected collision ahead!
[controller_server-2] [WARN] [1756909812.108743183] [controller_server]: RegulatedPurePursuitController detected collision ahead!
[controller_server-2] [WARN] [1756909812.209514373] [controller_server]: RegulatedPurePursuitController detected collision ahead!
[controller_server-2] [WARN] [1756909812.309531128] [controller_server]: RegulatedPurePursuitController detected collision ahead!
[controller_server-2] [WARN] [1756909812.409539982] [controller_server]: RegulatedPurePursuitController detected collision ahead!
[controller_server-2] [WARN] [1756909812.509538286] [controller_server]: RegulatedPurePursuitController detected collision ahead!
[controller_server-2] [WARN] [1756909812.609531210] [controller_server]: RegulatedPurePursuitController detected collision ahead!
[controller_server-2] [WARN] [1756909812.709527250] [controller_server]: RegulatedPurePursuitController detected collision ahead!
[controller_server-2] [INFO] [1756909812.808583120] [controller_server]: Passing new path to controller.
[controller_server-2] [WARN] [1756909812.809484585] [controller_server]: RegulatedPurePursuitController detected collision ahead!
[controller_server-2] [WARN] [1756909812.909528467] [controller_server]: RegulatedPurePursuitController detected collision ahead!
[controller_server-2] [WARN] [1756909813.009561138] [controller_server]: RegulatedPurePursuitController detected collision ahead!
[controller_server-2] [WARN] [1756909813.109523405] [controller_server]: RegulatedPurePursuitController detected collision ahead!
[controller_server-2] [WARN] [1756909813.209521782] [controller_server]: RegulatedPurePursuitController detected collision ahead!
[controller_server-2] [WARN] [1756909813.309036652] [controller_server]: RegulatedPurePursuitController detected collision ahead!
[controller_server-2] [WARN] [1756909813.409535910] [controller_server]: RegulatedPurePursuitController detected collision ahead!
[controller_server-2] [WARN] [1756909813.509539257] [controller_server]: RegulatedPurePursuitController detected collision ahead!
[controller_server-2] [WARN] [1756909813.609427273] [controller_server]: RegulatedPurePursuitController detected collision ahead!
[controller_server-2] [WARN] [1756909813.709538352] [controller_server]: RegulatedPurePursuitController detected collision ahead!
[controller_server-2] [ERROR] [1756909813.709628411] [controller_server]: Controller patience exceeded
[controller_server-2] [WARN] [1756909813.709706063] [controller_server]: [follow_path] [ActionServer] Aborting handle.
[behavior_server-5] [INFO] [1756909813.725904811] [behavior_server]: Running backup
[behavior_server-5] [WARN] [1756909813.726295851] [behavior_server]: Collision Ahead - Exiting DriveOnHeading
[behavior_server-5] [WARN] [1756909813.726329717] [behavior_server]: backup failed
[behavior_server-5] [WARN] [1756909813.726347125] [behavior_server]: [backup] [ActionServer] Aborting handle.
[controller_server-2] [INFO] [1756909813.755517705] [local_costmap.local_costmap]: Received request to clear entirely the local_costmap
[planner_server-4] [INFO] [1756909813.757032036] [global_costmap.global_costmap]: Received request to clear entirely the global_costmap
[controller_server-2] [INFO] [1756909814.466117186] [controller_server]: Received a goal, begin computing control effort.
[controller_server-2] [WARN] [1756909814.467323613] [controller_server]: RegulatedPurePursuitController detected collision ahead!
[controller_server-2] [WARN] [1756909814.567384528] [controller_server]: RegulatedPurePursuitController detected collision ahead!
[controller_server-2] [WARN] [1756909814.667420561] [controller_server]: RegulatedPurePursuitController detected collision ahead!
[controller_server-2] [WARN] [1756909814.767581525] [controller_server]: RegulatedPurePursuitController detected collision ahead!
[controller_server-2] [WARN] [1756909814.868133364] [controller_server]: RegulatedPurePursuitController detected collision ahead!
[controller_server-2] [WARN] [1756909814.967