[INFO] [launch]: All log files can be found below /home/robot/.ros/log/2025-09-04-18-53-07-358490-robot-pc04-47396
[INFO] [launch]: Default logging verbosity is set to INFO
[INFO] [async_slam_toolbox_node-1]: process started with pid [47410]
[INFO] [controller_server-2]: process started with pid [47412]
[INFO] [smoother_server-3]: process started with pid [47414]
[INFO] [planner_server-4]: process started with pid [47416]
[INFO] [behavior_server-5]: process started with pid [47418]
[INFO] [bt_navigator-6]: process started with pid [47420]
[INFO] [waypoint_follower-7]: process started with pid [47422]
[INFO] [velocity_smoother-8]: process started with pid [47424]
[INFO] [lifecycle_manager-9]: process started with pid [47426]
[INFO] [explore-10]: process started with pid [47428]
[INFO] [rviz2-11]: process started with pid [47430]
[async_slam_toolbox_node-1] [INFO] [1757004787.467017033] [slam]: Node using stack size 40000000
[lifecycle_manager-9] [INFO] [1757004787.468100543] [lifecycle_manager_navigation]: Creating
[controller_server-2] [INFO] [1757004787.468774687] [controller_server]: 
[controller_server-2] 	controller_server lifecycle node launched. 
[controller_server-2] 	Waiting on external lifecycle transitions to activate
[controller_server-2] 	See https://design.ros2.org/articles/node_lifecycle.html for more information.
[smoother_server-3] [INFO] [1757004787.468952841] [smoother_server]: 
[smoother_server-3] 	smoother_server lifecycle node launched. 
[smoother_server-3] 	Waiting on external lifecycle transitions to activate
[smoother_server-3] 	See https://design.ros2.org/articles/node_lifecycle.html for more information.
[behavior_server-5] [INFO] [1757004787.469069711] [behavior_server]: 
[behavior_server-5] 	behavior_server lifecycle node launched. 
[behavior_server-5] 	Waiting on external lifecycle transitions to activate
[behavior_server-5] 	See https://design.ros2.org/articles/node_lifecycle.html for more information.
[smoother_server-3] [INFO] [1757004787.469695675] [smoother_server]: Creating smoother server
[lifecycle_manager-9] [INFO] [1757004787.470168413] [lifecycle_manager_navigation]: [34m[1mCreating and initializing lifecycle service clients[0m[0m
[waypoint_follower-7] [INFO] [1757004787.470237267] [waypoint_follower]: 
[waypoint_follower-7] 	waypoint_follower lifecycle node launched. 
[waypoint_follower-7] 	Waiting on external lifecycle transitions to activate
[waypoint_follower-7] 	See https://design.ros2.org/articles/node_lifecycle.html for more information.
[waypoint_follower-7] [INFO] [1757004787.470553199] [waypoint_follower]: Creating
[controller_server-2] [INFO] [1757004787.470815126] [controller_server]: Creating controller server
[planner_server-4] [INFO] [1757004787.471223984] [planner_server]: 
[planner_server-4] 	planner_server lifecycle node launched. 
[planner_server-4] 	Waiting on external lifecycle transitions to activate
[planner_server-4] 	See https://design.ros2.org/articles/node_lifecycle.html for more information.
[planner_server-4] [INFO] [1757004787.471934918] [planner_server]: Creating
[velocity_smoother-8] [INFO] [1757004787.474061962] [velocity_smoother]: 
[velocity_smoother-8] 	velocity_smoother lifecycle node launched. 
[velocity_smoother-8] 	Waiting on external lifecycle transitions to activate
[velocity_smoother-8] 	See https://design.ros2.org/articles/node_lifecycle.html for more information.
[bt_navigator-6] [INFO] [1757004787.474160495] [bt_navigator]: 
[bt_navigator-6] 	bt_navigator lifecycle node launched. 
[bt_navigator-6] 	Waiting on external lifecycle transitions to activate
[bt_navigator-6] 	See https://design.ros2.org/articles/node_lifecycle.html for more information.
[bt_navigator-6] [INFO] [1757004787.474220689] [bt_navigator]: Creating
[planner_server-4] [INFO] [1757004787.478438484] [global_costmap.global_costmap]: 
[planner_server-4] 	global_costmap lifecycle node launched. 
[planner_server-4] 	Waiting on external lifecycle transitions to activate
[planner_server-4] 	See https://design.ros2.org/articles/node_lifecycle.html for more information.
[planner_server-4] [INFO] [1757004787.478727302] [global_costmap.global_costmap]: Creating Costmap
[controller_server-2] [INFO] [1757004787.480263235] [local_costmap.local_costmap]: 
[controller_server-2] 	local_costmap lifecycle node launched. 
[controller_server-2] 	Waiting on external lifecycle transitions to activate
[controller_server-2] 	See https://design.ros2.org/articles/node_lifecycle.html for more information.
[explore-10] [INFO] [1757004787.480741589] [explore_node]: Waiting for costmap to become available, topic: map
[controller_server-2] [INFO] [1757004787.480819099] [local_costmap.local_costmap]: Creating Costmap
[lifecycle_manager-9] [INFO] [1757004787.483956945] [lifecycle_manager_navigation]: [34m[1mStarting managed nodes bringup...[0m[0m
[lifecycle_manager-9] [INFO] [1757004787.483989013] [lifecycle_manager_navigation]: [34m[1mConfiguring controller_server[0m[0m
[controller_server-2] [INFO] [1757004787.484108360] [controller_server]: Configuring controller interface
[controller_server-2] [INFO] [1757004787.484203227] [controller_server]: getting goal checker plugins..
[controller_server-2] [INFO] [1757004787.484273182] [controller_server]: Controller frequency set to 10.0000Hz
[controller_server-2] [INFO] [1757004787.484294388] [local_costmap.local_costmap]: Configuring
[async_slam_toolbox_node-1] [INFO] [1757004787.485903031] [slam]: Using solver plugin solver_plugins::CeresSolver
[async_slam_toolbox_node-1] [INFO] [1757004787.486104794] [slam]: CeresSolver: Using SCHUR_JACOBI preconditioner.
[controller_server-2] [INFO] [1757004787.487174410] [local_costmap.local_costmap]: Using plugin "obstacle_layer"
[controller_server-2] [INFO] [1757004787.489321272] [local_costmap.local_costmap]: Subscribed to Topics: scan
[controller_server-2] [INFO] [1757004787.490650925] [local_costmap.local_costmap]: Initialized plugin "obstacle_layer"
[controller_server-2] [INFO] [1757004787.490671092] [local_costmap.local_costmap]: Using plugin "inflation_layer"
[controller_server-2] [INFO] [1757004787.491135954] [local_costmap.local_costmap]: Initialized plugin "inflation_layer"
[controller_server-2] [INFO] [1757004787.494632761] [controller_server]: Created progress_checker : progress_checker of type nav2_controller::SimpleProgressChecker
[controller_server-2] [INFO] [1757004787.494916039] [controller_server]: Created goal checker : goal_checker of type nav2_controller::SimpleGoalChecker
[controller_server-2] [INFO] [1757004787.495028653] [controller_server]: Controller Server has goal_checker  goal checkers available.
[controller_server-2] [INFO] [1757004787.495283899] [controller_server]: Created controller : FollowPath of type nav2_regulated_pure_pursuit_controller::RegulatedPurePursuitController
[controller_server-2] [INFO] [1757004787.496969707] [controller_server]: Controller Server has FollowPath  controllers available.
[lifecycle_manager-9] [INFO] [1757004787.499629122] [lifecycle_manager_navigation]: [34m[1mConfiguring smoother_server[0m[0m
[smoother_server-3] [INFO] [1757004787.499747629] [smoother_server]: Configuring smoother server
[smoother_server-3] [INFO] [1757004787.502754274] [smoother_server]: Created smoother : simple_smoother of type nav2_smoother::SimpleSmoother
[smoother_server-3] [INFO] [1757004787.502869233] [smoother_server]: Smoother Server has simple_smoother  smoothers available.
[lifecycle_manager-9] [INFO] [1757004787.504416772] [lifecycle_manager_navigation]: [34m[1mConfiguring planner_server[0m[0m
[planner_server-4] [INFO] [1757004787.504505565] [planner_server]: Configuring
[planner_server-4] [INFO] [1757004787.504524969] [global_costmap.global_costmap]: Configuring
[planner_server-4] [INFO] [1757004787.506324862] [global_costmap.global_costmap]: Using plugin "static_layer"
[planner_server-4] [INFO] [1757004787.507720238] [global_costmap.global_costmap]: Subscribing to the map topic (/map) with transient local durability
[planner_server-4] [INFO] [1757004787.508149492] [global_costmap.global_costmap]: Initialized plugin "static_layer"
[planner_server-4] [INFO] [1757004787.508160215] [global_costmap.global_costmap]: Using plugin "obstacle_layer"
[planner_server-4] [INFO] [1757004787.508308144] [global_costmap.global_costmap]: Subscribed to Topics: scan
[planner_server-4] [INFO] [1757004787.509402836] [global_costmap.global_costmap]: Initialized plugin "obstacle_layer"
[planner_server-4] [INFO] [1757004787.509416244] [global_costmap.global_costmap]: Using plugin "inflation_layer"
[planner_server-4] [INFO] [1757004787.509694891] [global_costmap.global_costmap]: Initialized plugin "inflation_layer"
[planner_server-4] [INFO] [1757004787.512333774] [planner_server]: Created global planner plugin GridBased of type nav2_navfn_planner/NavfnPlanner
[planner_server-4] [INFO] [1757004787.512347115] [planner_server]: Configuring plugin GridBased of type NavfnPlanner
[planner_server-4] [INFO] [1757004787.512479744] [planner_server]: Planner Server has GridBased  planners available.
[lifecycle_manager-9] [INFO] [1757004787.514970277] [lifecycle_manager_navigation]: [34m[1mConfiguring behavior_server[0m[0m
[behavior_server-5] [INFO] [1757004787.515103917] [behavior_server]: Configuring
[behavior_server-5] [INFO] [1757004787.517940907] [behavior_server]: Creating behavior plugin spin of type nav2_behaviors/Spin
[behavior_server-5] [INFO] [1757004787.518295332] [behavior_server]: Configuring spin
[behavior_server-5] [INFO] [1757004787.519780499] [behavior_server]: Creating behavior plugin backup of type nav2_behaviors/BackUp
[behavior_server-5] [INFO] [1757004787.520111072] [behavior_server]: Configuring backup
[behavior_server-5] [INFO] [1757004787.521179337] [behavior_server]: Creating behavior plugin drive_on_heading of type nav2_behaviors/DriveOnHeading
[behavior_server-5] [INFO] [1757004787.521497272] [behavior_server]: Configuring drive_on_heading
[behavior_server-5] [INFO] [1757004787.522485792] [behavior_server]: Creating behavior plugin wait of type nav2_behaviors/Wait
[behavior_server-5] [INFO] [1757004787.522762365] [behavior_server]: Configuring wait
[behavior_server-5] [INFO] [1757004787.523727693] [behavior_server]: Creating behavior plugin assisted_teleop of type nav2_behaviors/AssistedTeleop
[behavior_server-5] [INFO] [1757004787.524431779] [behavior_server]: Configuring assisted_teleop
[lifecycle_manager-9] [INFO] [1757004787.526704243] [lifecycle_manager_navigation]: [34m[1mConfiguring bt_navigator[0m[0m
[bt_navigator-6] [INFO] [1757004787.526859013] [bt_navigator]: Configuring
[lifecycle_manager-9] [INFO] [1757004787.559600078] [lifecycle_manager_navigation]: [34m[1mConfiguring waypoint_follower[0m[0m
[waypoint_follower-7] [INFO] [1757004787.559861479] [waypoint_follower]: Configuring
[waypoint_follower-7] [INFO] [1757004787.566295335] [waypoint_follower]: Created waypoint_task_executor : wait_at_waypoint of type nav2_waypoint_follower::WaitAtWaypoint
[lifecycle_manager-9] [INFO] [1757004787.566649079] [lifecycle_manager_navigation]: [34m[1mConfiguring velocity_smoother[0m[0m
[velocity_smoother-8] [INFO] [1757004787.566749873] [velocity_smoother]: Configuring velocity smoother
[lifecycle_manager-9] [INFO] [1757004787.567868127] [lifecycle_manager_navigation]: [34m[1mActivating controller_server[0m[0m
[controller_server-2] [INFO] [1757004787.567952582] [controller_server]: Activating
[controller_server-2] [INFO] [1757004787.567972272] [local_costmap.local_costmap]: Activating
[controller_server-2] [INFO] [1757004787.567979520] [local_costmap.local_costmap]: Checking transform
[controller_server-2] [INFO] [1757004787.567992347] [local_costmap.local_costmap]: Timed out waiting for transform from base_link to odom to become available, tf error: Invalid frame ID "odom" passed to canTransform argument target_frame - frame does not exist
[rviz2-11] [INFO] [1757004787.800756973] [rviz2]: Stereo is NOT SUPPORTED
[rviz2-11] [INFO] [1757004787.800808300] [rviz2]: OpenGl version: 4.6 (GLSL 4.6)
[rviz2-11] [INFO] [1757004787.902596694] [rviz2]: Stereo is NOT SUPPORTED
[controller_server-2] [INFO] [1757004788.068047256] [local_costmap.local_costmap]: Timed out waiting for transform from base_link to odom to become available, tf error: Invalid frame ID "odom" passed to canTransform argument target_frame - frame does not exist
[controller_server-2] [INFO] [1757004788.568064006] [local_costmap.local_costmap]: Timed out waiting for transform from base_link to odom to become available, tf error: Invalid frame ID "odom" passed to canTransform argument target_frame - frame does not exist
[controller_server-2] [INFO] [1757004789.068025574] [local_costmap.local_costmap]: Timed out waiting for transform from base_link to odom to become available, tf error: Invalid frame ID "odom" passed to canTransform argument target_frame - frame does not exist
[controller_server-2] [INFO] [1757004789.568073939] [local_costmap.local_costmap]: Timed out waiting for transform from base_link to odom to become available, tf error: Invalid frame ID "odom" passed to canTransform argument target_frame - frame does not exist
[controller_server-2] [INFO] [1757004790.068051585] [local_costmap.local_costmap]: Timed out waiting for transform from base_link to odom to become available, tf error: Invalid frame ID "odom" passed to canTransform argument target_frame - frame does not exist
[controller_server-2] [INFO] [1757004790.568092924] [local_costmap.local_costmap]: Timed out waiting for transform from base_link to odom to become available, tf error: Invalid frame ID "odom" passed to canTransform argument target_frame - frame does not exist
[controller_server-2] [INFO] [1757004791.068079314] [local_costmap.local_costmap]: Timed out waiting for transform from base_link to odom to become available, tf error: Invalid frame ID "odom" passed to canTransform argument target_frame - frame does not exist
[controller_server-2] [INFO] [1757004791.568089082] [local_costmap.local_costmap]: Timed out waiting for transform from base_link to odom to become available, tf error: Invalid frame ID "odom" passed to canTransform argument target_frame - frame does not exist
[controller_server-2] [INFO] [1757004792.068082811] [local_costmap.local_costmap]: Timed out waiting for transform from base_link to odom to become available, tf error: Invalid frame ID "odom" passed to canTransform argument target_frame - frame does not exist
[controller_server-2] [INFO] [1757004792.568075522] [local_costmap.local_costmap]: Timed out waiting for transform from base_link to odom to become available, tf error: Invalid frame ID "odom" passed to canTransform argument target_frame - frame does not exist
[controller_server-2] [INFO] [1757004793.068078204] [local_costmap.local_costmap]: Timed out waiting for transform from base_link to odom to become available, tf error: Invalid frame ID "odom" passed to canTransform argument target_frame - frame does not exist
[controller_server-2] [INFO] [1757004793.568078349] [local_costmap.local_costmap]: Timed out waiting for transform from base_link to odom to become available, tf error: Invalid frame ID "odom" passed to canTransform argument target_frame - frame does not exist
[controller_server-2] [INFO] [1757004794.068276981] [local_costmap.local_costmap]: start
[controller_server-2] [INFO] [1757004794.270291260] [controller_server]: Activating controller: FollowPath of type regulated_pure_pursuit_controller::RegulatedPurePursuitController
[controller_server-2] [INFO] [1757004794.270382333] [controller_server]: Creating bond (controller_server) to lifecycle manager.
[lifecycle_manager-9] [INFO] [1757004794.378759322] [lifecycle_manager_navigation]: Server controller_server connected with bond.
[lifecycle_manager-9] [INFO] [1757004794.378857189] [lifecycle_manager_navigation]: [34m[1mActivating smoother_server[0m[0m
[smoother_server-3] [INFO] [1757004794.379493734] [smoother_server]: Activating
[smoother_server-3] [INFO] [1757004794.379581522] [smoother_server]: Creating bond (smoother_server) to lifecycle manager.
[lifecycle_manager-9] [INFO] [1757004794.486050939] [lifecycle_manager_navigation]: Server smoother_server connected with bond.
[lifecycle_manager-9] [INFO] [1757004794.486141387] [lifecycle_manager_navigation]: [34m[1mActivating planner_server[0m[0m
[planner_server-4] [INFO] [1757004794.486723848] [planner_server]: Activating
[planner_server-4] [INFO] [1757004794.486859676] [global_costmap.global_costmap]: Activating
[planner_server-4] [INFO] [1757004794.486943383] [global_costmap.global_costmap]: Checking transform
[planner_server-4] [INFO] [1757004794.487026134] [global_costmap.global_costmap]: Timed out waiting for transform from base_link to map to become available, tf error: Invalid frame ID "map" passed to canTransform argument target_frame - frame does not exist
[planner_server-4] [INFO] [1757004794.987077866] [global_costmap.global_costmap]: Timed out waiting for transform from base_link to map to become available, tf error: Invalid frame ID "map" passed to canTransform argument target_frame - frame does not exist
[planner_server-4] [INFO] [1757004795.487041622] [global_costmap.global_costmap]: Timed out waiting for transform from base_link to map to become available, tf error: Invalid frame ID "map" passed to canTransform argument target_frame - frame does not exist
[planner_server-4] [INFO] [1757004795.987172854] [global_costmap.global_costmap]: Timed out waiting for transform from base_link to map to become available, tf error: Invalid frame ID "map" passed to canTransform argument target_frame - frame does not exist
[planner_server-4] [INFO] [1757004796.487077553] [global_costmap.global_costmap]: Timed out waiting for transform from base_link to map to become available, tf error: Invalid frame ID "map" passed to canTransform argument target_frame - frame does not exist
[planner_server-4] [INFO] [1757004796.987073941] [global_costmap.global_costmap]: Timed out waiting for transform from base_link to map to become available, tf error: Invalid frame ID "map" passed to canTransform argument target_frame - frame does not exist
[planner_server-4] [INFO] [1757004797.487072750] [global_costmap.global_costmap]: Timed out waiting for transform from base_link to map to become available, tf error: Invalid frame ID "map" passed to canTransform argument target_frame - frame does not exist
[planner_server-4] [INFO] [1757004797.987176900] [global_costmap.global_costmap]: Timed out waiting for transform from base_link to map to become available, tf error: Invalid frame ID "map" passed to canTransform argument target_frame - frame does not exist
[planner_server-4] [INFO] [1757004798.487075475] [global_costmap.global_costmap]: Timed out waiting for transform from base_link to map to become available, tf error: Invalid frame ID "map" passed to canTransform argument target_frame - frame does not exist
[planner_server-4] [INFO] [1757004798.987085614] [global_costmap.global_costmap]: Timed out waiting for transform from base_link to map to become available, tf error: Invalid frame ID "map" passed to canTransform argument target_frame - frame does not exist
[planner_server-4] [INFO] [1757004799.487075975] [global_costmap.global_costmap]: Timed out waiting for transform from base_link to map to become available, tf error: Invalid frame ID "map" passed to canTransform argument target_frame - frame does not exist
[planner_server-4] [INFO] [1757004799.987078613] [global_costmap.global_costmap]: Timed out waiting for transform from base_link to map to become available, tf error: Invalid frame ID "map" passed to canTransform argument target_frame - frame does not exist
[planner_server-4] [INFO] [1757004800.487076540] [global_costmap.global_costmap]: Timed out waiting for transform from base_link to map to become available, tf error: Invalid frame ID "map" passed to canTransform argument target_frame - frame does not exist
[planner_server-4] [INFO] [1757004800.987072710] [global_costmap.global_costmap]: Timed out waiting for transform from base_link to map to become available, tf error: Invalid frame ID "map" passed to canTransform argument target_frame - frame does not exist
[planner_server-4] [INFO] [1757004801.487072430] [global_costmap.global_costmap]: Timed out waiting for transform from base_link to map to become available, tf error: Invalid fram