[INFO] [launch]: All log files can be found below /home/robot/.ros/log/2025-09-04-19-05-55-908159-robot-pc04-50392
[INFO] [launch]: Default logging verbosity is set to INFO
[INFO] [async_slam_toolbox_node-1]: process started with pid [50406]
[INFO] [controller_server-2]: process started with pid [50408]
[INFO] [smoother_server-3]: process started with pid [50410]
[INFO] [planner_server-4]: process started with pid [50412]
[INFO] [behavior_server-5]: process started with pid [50414]
[INFO] [bt_navigator-6]: process started with pid [50416]
[INFO] [waypoint_follower-7]: process started with pid [50418]
[INFO] [velocity_smoother-8]: process started with pid [50420]
[INFO] [lifecycle_manager-9]: process started with pid [50422]
[INFO] [explore-10]: process started with pid [50424]
[INFO] [rviz2-11]: process started with pid [50426]
[async_slam_toolbox_node-1] [INFO] [1757005556.015368186] [slam]: Node using stack size 40000000
[lifecycle_manager-9] [INFO] [1757005556.019635090] [lifecycle_manager_navigation]: Creating
[lifecycle_manager-9] [INFO] [1757005556.021498011] [lifecycle_manager_navigation]: [34m[1mCreating and initializing lifecycle service clients[0m[0m
[behavior_server-5] [INFO] [1757005556.021740660] [behavior_server]: 
[behavior_server-5] 	behavior_server lifecycle node launched. 
[behavior_server-5] 	Waiting on external lifecycle transitions to activate
[behavior_server-5] 	See https://design.ros2.org/articles/node_lifecycle.html for more information.
[planner_server-4] [INFO] [1757005556.021893970] [planner_server]: 
[planner_server-4] 	planner_server lifecycle node launched. 
[planner_server-4] 	Waiting on external lifecycle transitions to activate
[planner_server-4] 	See https://design.ros2.org/articles/node_lifecycle.html for more information.
[planner_server-4] [INFO] [1757005556.022480773] [planner_server]: Creating
[bt_navigator-6] [INFO] [1757005556.022491552] [bt_navigator]: 
[bt_navigator-6] 	bt_navigator lifecycle node launched. 
[bt_navigator-6] 	Waiting on external lifecycle transitions to activate
[bt_navigator-6] 	See https://design.ros2.org/articles/node_lifecycle.html for more information.
[bt_navigator-6] [INFO] [1757005556.022564231] [bt_navigator]: Creating
[smoother_server-3] [INFO] [1757005556.023521566] [smoother_server]: 
[smoother_server-3] 	smoother_server lifecycle node launched. 
[smoother_server-3] 	Waiting on external lifecycle transitions to activate
[smoother_server-3] 	See https://design.ros2.org/articles/node_lifecycle.html for more information.
[smoother_server-3] [INFO] [1757005556.024227033] [smoother_server]: Creating smoother server
[waypoint_follower-7] [INFO] [1757005556.026680088] [waypoint_follower]: 
[waypoint_follower-7] 	waypoint_follower lifecycle node launched. 
[waypoint_follower-7] 	Waiting on external lifecycle transitions to activate
[waypoint_follower-7] 	See https://design.ros2.org/articles/node_lifecycle.html for more information.
[waypoint_follower-7] [INFO] [1757005556.027123477] [waypoint_follower]: Creating
[velocity_smoother-8] [INFO] [1757005556.027142914] [velocity_smoother]: 
[velocity_smoother-8] 	velocity_smoother lifecycle node launched. 
[velocity_smoother-8] 	Waiting on external lifecycle transitions to activate
[velocity_smoother-8] 	See https://design.ros2.org/articles/node_lifecycle.html for more information.
[controller_server-2] [INFO] [1757005556.027370693] [controller_server]: 
[controller_server-2] 	controller_server lifecycle node launched. 
[controller_server-2] 	Waiting on external lifecycle transitions to activate
[controller_server-2] 	See https://design.ros2.org/articles/node_lifecycle.html for more information.
[planner_server-4] [INFO] [1757005556.028944086] [global_costmap.global_costmap]: 
[planner_server-4] 	global_costmap lifecycle node launched. 
[planner_server-4] 	Waiting on external lifecycle transitions to activate
[planner_server-4] 	See https://design.ros2.org/articles/node_lifecycle.html for more information.
[planner_server-4] [INFO] [1757005556.029391179] [global_costmap.global_costmap]: Creating Costmap
[controller_server-2] [INFO] [1757005556.029495623] [controller_server]: Creating controller server
[explore-10] [INFO] [1757005556.030147216] [explore_node]: Waiting for costmap to become available, topic: map
[lifecycle_manager-9] [INFO] [1757005556.031133742] [lifecycle_manager_navigation]: [34m[1mStarting managed nodes bringup...[0m[0m
[lifecycle_manager-9] [INFO] [1757005556.031155738] [lifecycle_manager_navigation]: [34m[1mConfiguring controller_server[0m[0m
[async_slam_toolbox_node-1] [INFO] [1757005556.037165020] [slam]: Using solver plugin solver_plugins::CeresSolver
[async_slam_toolbox_node-1] [INFO] [1757005556.037299707] [slam]: CeresSolver: Using SCHUR_JACOBI preconditioner.
[controller_server-2] [INFO] [1757005556.037925613] [local_costmap.local_costmap]: 
[controller_server-2] 	local_costmap lifecycle node launched. 
[controller_server-2] 	Waiting on external lifecycle transitions to activate
[controller_server-2] 	See https://design.ros2.org/articles/node_lifecycle.html for more information.
[controller_server-2] [INFO] [1757005556.038277922] [local_costmap.local_costmap]: Creating Costmap
[controller_server-2] [INFO] [1757005556.039145331] [controller_server]: Configuring controller interface
[controller_server-2] [INFO] [1757005556.039238227] [controller_server]: getting goal checker plugins..
[controller_server-2] [INFO] [1757005556.039316968] [controller_server]: Controller frequency set to 10.0000Hz
[controller_server-2] [INFO] [1757005556.039343530] [local_costmap.local_costmap]: Configuring
[controller_server-2] [INFO] [1757005556.043254246] [local_costmap.local_costmap]: Using plugin "obstacle_layer"
[controller_server-2] [INFO] [1757005556.045831905] [local_costmap.local_costmap]: Subscribed to Topics: scan
[controller_server-2] [INFO] [1757005556.047700525] [local_costmap.local_costmap]: Initialized plugin "obstacle_layer"
[controller_server-2] [INFO] [1757005556.047731411] [local_costmap.local_costmap]: Using plugin "inflation_layer"
[controller_server-2] [INFO] [1757005556.048398042] [local_costmap.local_costmap]: Initialized plugin "inflation_layer"
[controller_server-2] [INFO] [1757005556.054430400] [controller_server]: Created progress_checker : progress_checker of type nav2_controller::SimpleProgressChecker
[controller_server-2] [INFO] [1757005556.054872171] [controller_server]: Created goal checker : goal_checker of type nav2_controller::SimpleGoalChecker
[controller_server-2] [INFO] [1757005556.055026772] [controller_server]: Controller Server has goal_checker  goal checkers available.
[controller_server-2] [INFO] [1757005556.055440199] [controller_server]: Created controller : FollowPath of type nav2_regulated_pure_pursuit_controller::RegulatedPurePursuitController
[controller_server-2] [INFO] [1757005556.058609267] [controller_server]: Controller Server has FollowPath  controllers available.
[lifecycle_manager-9] [INFO] [1757005556.062552060] [lifecycle_manager_navigation]: [34m[1mConfiguring smoother_server[0m[0m
[smoother_server-3] [INFO] [1757005556.062748551] [smoother_server]: Configuring smoother server
[smoother_server-3] [INFO] [1757005556.069313526] [smoother_server]: Created smoother : simple_smoother of type nav2_smoother::SimpleSmoother
[smoother_server-3] [INFO] [1757005556.069630773] [smoother_server]: Smoother Server has simple_smoother  smoothers available.
[lifecycle_manager-9] [INFO] [1757005556.072661667] [lifecycle_manager_navigation]: [34m[1mConfiguring planner_server[0m[0m
[planner_server-4] [INFO] [1757005556.072786791] [planner_server]: Configuring
[planner_server-4] [INFO] [1757005556.072820312] [global_costmap.global_costmap]: Configuring
[planner_server-4] [INFO] [1757005556.075063418] [global_costmap.global_costmap]: Using plugin "static_layer"
[planner_server-4] [INFO] [1757005556.077125367] [global_costmap.global_costmap]: Subscribing to the map topic (/map) with transient local durability
[planner_server-4] [INFO] [1757005556.077853143] [global_costmap.global_costmap]: Initialized plugin "static_layer"
[planner_server-4] [INFO] [1757005556.077871813] [global_costmap.global_costmap]: Using plugin "obstacle_layer"
[planner_server-4] [INFO] [1757005556.078055009] [global_costmap.global_costmap]: Subscribed to Topics: scan
[planner_server-4] [INFO] [1757005556.079525521] [global_costmap.global_costmap]: Initialized plugin "obstacle_layer"
[planner_server-4] [INFO] [1757005556.079546482] [global_costmap.global_costmap]: Using plugin "inflation_layer"
[planner_server-4] [INFO] [1757005556.079914649] [global_costmap.global_costmap]: Initialized plugin "inflation_layer"
[planner_server-4] [INFO] [1757005556.083063288] [planner_server]: Created global planner plugin GridBased of type nav2_navfn_planner/NavfnPlanner
[planner_server-4] [INFO] [1757005556.083083091] [planner_server]: Configuring plugin GridBased of type NavfnPlanner
[planner_server-4] [INFO] [1757005556.083197073] [planner_server]: Planner Server has GridBased  planners available.
[lifecycle_manager-9] [INFO] [1757005556.085936193] [lifecycle_manager_navigation]: [34m[1mConfiguring behavior_server[0m[0m
[behavior_server-5] [INFO] [1757005556.086079040] [behavior_server]: Configuring
[behavior_server-5] [INFO] [1757005556.089809894] [behavior_server]: Creating behavior plugin spin of type nav2_behaviors/Spin
[behavior_server-5] [INFO] [1757005556.090258040] [behavior_server]: Configuring spin
[behavior_server-5] [INFO] [1757005556.092241790] [behavior_server]: Creating behavior plugin backup of type nav2_behaviors/BackUp
[behavior_server-5] [INFO] [1757005556.092678524] [behavior_server]: Configuring backup
[behavior_server-5] [INFO] [1757005556.094101308] [behavior_server]: Creating behavior plugin drive_on_heading of type nav2_behaviors/DriveOnHeading
[behavior_server-5] [INFO] [1757005556.094520597] [behavior_server]: Configuring drive_on_heading
[behavior_server-5] [INFO] [1757005556.096243890] [behavior_server]: Creating behavior plugin wait of type nav2_behaviors/Wait
[behavior_server-5] [INFO] [1757005556.096554540] [behavior_server]: Configuring wait
[behavior_server-5] [INFO] [1757005556.097626355] [behavior_server]: Creating behavior plugin assisted_teleop of type nav2_behaviors/AssistedTeleop
[behavior_server-5] [INFO] [1757005556.098351330] [behavior_server]: Configuring assisted_teleop
[lifecycle_manager-9] [INFO] [1757005556.099872542] [lifecycle_manager_navigation]: [34m[1mConfiguring bt_navigator[0m[0m
[bt_navigator-6] [INFO] [1757005556.099990577] [bt_navigator]: Configuring
[lifecycle_manager-9] [INFO] [1757005556.114903795] [lifecycle_manager_navigation]: [34m[1mConfiguring waypoint_follower[0m[0m
[waypoint_follower-7] [INFO] [1757005556.115032199] [waypoint_follower]: Configuring
[waypoint_follower-7] [INFO] [1757005556.118147191] [waypoint_follower]: Created waypoint_task_executor : wait_at_waypoint of type nav2_waypoint_follower::WaitAtWaypoint
[lifecycle_manager-9] [INFO] [1757005556.118392933] [lifecycle_manager_navigation]: [34m[1mConfiguring velocity_smoother[0m[0m
[velocity_smoother-8] [INFO] [1757005556.118524862] [velocity_smoother]: Configuring velocity smoother
[lifecycle_manager-9] [INFO] [1757005556.119832660] [lifecycle_manager_navigation]: [34m[1mActivating controller_server[0m[0m
[controller_server-2] [INFO] [1757005556.119923829] [controller_server]: Activating
[controller_server-2] [INFO] [1757005556.119961200] [local_costmap.local_costmap]: Activating
[controller_server-2] [INFO] [1757005556.119975911] [local_costmap.local_costmap]: Checking transform
[controller_server-2] [INFO] [1757005556.120001370] [local_costmap.local_costmap]: Timed out waiting for transform from base_link to odom to become available, tf error: Invalid frame ID "odom" passed to canTransform argument target_frame - frame does not exist
[rviz2-11] [INFO] [1757005556.390127254] [rviz2]: Stereo is NOT SUPPORTED
[rviz2-11] [INFO] [1757005556.390185217] [rviz2]: OpenGl version: 4.6 (GLSL 4.6)
[rviz2-11] [INFO] [1757005556.421001255] [rviz2]: Stereo is NOT SUPPORTED
[controller_server-2] [INFO] [1757005556.620089480] [local_costmap.local_costmap]: Timed out waiting for transform from base_link to odom to become available, tf error: Invalid frame ID "odom" passed to canTransform argument target_frame - frame does not exist
[controller_server-2] [INFO] [1757005557.120039666] [local_costmap.local_costmap]: Timed out waiting for transform from base_link to odom to become available, tf error: Invalid frame ID "odom" passed to canTransform argument target_frame - frame does not exist
[controller_server-2] [INFO] [1757005557.620085017] [local_costmap.local_costmap]: Timed out waiting for transform from base_link to odom to become available, tf error: Invalid frame ID "odom" passed to canTransform argument target_frame - frame does not exist
[controller_server-2] [INFO] [1757005558.120146551] [local_costmap.local_costmap]: Timed out waiting for transform from base_link to odom to become available, tf error: Invalid frame ID "odom" passed to canTransform argument target_frame - frame does not exist
[controller_server-2] [INFO] [1757005558.620065840] [local_costmap.local_costmap]: Timed out waiting for transform from base_link to odom to become available, tf error: Invalid frame ID "odom" passed to canTransform argument target_frame - frame does not exist
[controller_server-2] [INFO] [1757005559.120049053] [local_costmap.local_costmap]: Timed out waiting for transform from base_link to odom to become available, tf error: Invalid frame ID "odom" passed to canTransform argument target_frame - frame does not exist
[controller_server-2] [INFO] [1757005559.620086854] [local_costmap.local_costmap]: Timed out waiting for transform from base_link to odom to become available, tf error: Invalid frame ID "odom" passed to canTransform argument target_frame - frame does not exist
[controller_server-2] [INFO] [1757005560.120059946] [local_costmap.local_costmap]: Timed out waiting for transform from base_link to odom to become available, tf error: Invalid frame ID "odom" passed to canTransform argument target_frame - frame does not exist
[controller_server-2] [INFO] [1757005560.620073476] [local_costmap.local_costmap]: Timed out waiting for transform from base_link to odom to become available, tf error: Invalid frame ID "odom" passed to canTransform argument target_frame - frame does not exist
[controller_server-2] [INFO] [1757005561.120070758] [local_costmap.local_costmap]: Timed out waiting for transform from base_link to odom to become available, tf error: Invalid frame ID "odom" passed to canTransform argument target_frame - frame does not exist
[controller_server-2] [INFO] [1757005561.620206399] [local_costmap.local_costmap]: start
[controller_server-2] [INFO] [1757005561.821780724] [controller_server]: Activating controller: FollowPath of type regulated_pure_pursuit_controller::RegulatedPurePursuitController
[controller_server-2] [INFO] [1757005561.821876673] [controller_server]: Creating bond (controller_server) to lifecycle manager.
[lifecycle_manager-9] [INFO] [1757005561.930456896] [lifecycle_manager_navigation]: Server controller_server connected with bond.
[lifecycle_manager-9] [INFO] [1757005561.930554267] [lifecycle_manager_navigation]: [34m[1mActivating smoother_server[0m[0m
[smoother_server-3] [INFO] [1757005561.931157157] [smoother_server]: Activating
[smoother_server-3] [INFO] [1757005561.931246495] [smoother_server]: Creating bond (smoother_server) to lifecycle manager.
[lifecycle_manager-9] [INFO] [1757005562.037957153] [lifecycle_manager_navigation]: Server smoother_server connected with bond.
[lifecycle_manager-9] [INFO] [1757005562.038050930] [lifecycle_manager_navigation]: [34m[1mActivating planner_server[0m[0m
[planner_server-4] [INFO] [1757005562.038637708] [planner_server]: Activating
[planner_server-4] [INFO] [1757005562.038725987] [global_costmap.global_costmap]: Activating
[planner_server-4] [INFO] [1757005562.038752189] [global_costmap.global_costmap]: Checking transform
[planner_server-4] [INFO] [1757005562.038797701] [global_costmap.global_costmap]: Timed out waiting for transform from base_link to map to become available, tf error: Invalid frame ID "map" passed to canTransform argument target_frame - frame does not exist
[planner_server-4] [INFO] [1757005562.538940101] [global_costmap.global_costmap]: Timed out waiting for transform from base_link to map to become available, tf error: Invalid frame ID "map" passed to canTransform argument target_frame - frame does not exist
[planner_server-4] [INFO] [1757005563.038936630] [global_costmap.global_costmap]: Timed out waiting for transform from base_link to map to become available, tf error: Invalid frame ID "map" passed to canTransform argument target_frame - frame does not exist
[planner_server-4] [INFO] [1757005563.538924508] [global_costmap.global_costmap]: Timed out waiting for transform from base_link to map to become available, tf error: Invalid frame ID "map" passed to canTransform argument target_frame - frame does not exist
[planner_server-4] [INFO] [1757005564.038877849] [global_costmap.global_costmap]: Timed out waiting for transform from base_link to map to become available, tf error: Invalid frame ID "map" passed to canTransform argument target_frame - frame does not exist
[planner_server-4] [INFO] [1757005564.538934665] [global_costmap.global_costmap]: Timed out waiting for transform from base_link to map to become available, tf error: Invalid frame ID "map" passed to canTransform argument target_frame - frame does not exist
[planner_server-4] [INFO] [1757005565.038938351] [global_costmap.global_costmap]: Timed out waiting for transform from base_link to map to become available, tf error: Invalid frame ID "map" passed to canTransform argument target_frame - frame does not exist
[async_slam_toolbox_node-1] [WARN] [1757005565.236762569] [slam]: minimum laser range setting (0.0 m) exceeds the capabilities of the used Lidar (0.1 m)
[planner_server-4] [INFO] [1757005565.539003670] [global_costmap.global_costmap]: start
[rviz2-11] [INFO] [1757005565.821977800] [rviz2]: Trying to create a map of size 100 x 100 using 1 swatches
[planner_server-4] [INFO] [1757005566.043189251] [global_costmap.global_costmap]: StaticLayer: Resizing costmap to 104 X 77 at 0.040000 m/pix
[rviz2-11] [INFO] [1757005566.052071836] [rviz2]: Trying to create a map of size 104 x 77 using 1 swatches
[rviz2-11] [INFO] [1757005566.565068549] [rviz2]: Trying to create a map of size 104 x 77 using 1 swatches
[planner_server-4] [INFO] [1757005566.590622983] [planner_server]: Activating plugin GridBased of type NavfnPlanner
[planner_server-4] [INFO] [1757005566.592283832] [planner_server]: Creating bond (planner_server) to lifecycle manager.
[lifecycle_manager-9] [INFO] [1757005566.699541434] [lifecycle_manager_navigation]: Server planner_server connected with bond.
[lifecycle_manager-9] [INFO] [1757005566.699646128] [lifecycle_manager_navigation]: [34m[1mActivating behavior_server[0m[0m
[behavior_server-5] [INFO] [1757005566.700301521] [behavior_server]: Activating
[behavior_server-5] [INFO] [1757005566.700391269] [behavior_server]: Activating spin
[behavior_server-5] [INFO] [1757005566.700436682] [behavior_server]: Activating backup
[behavior_server-5] [INFO] [1757005566.700472421] [behavior_server]: Activating drive_on_heading
[behavior_server-5] [INFO] [1757005566.700505775] [behavior_server]: Activating wait
[behavior_server-5] [INFO] [1757005566.700538537] [behavior_server]: Activating assisted_teleop
[behavior_server-5] [INFO] [1757005566.700607148] [behavior_server]: Creating bond (behavior_server) to lifecycle manager.
[lifecycle_manager-9] [INFO] [1757005566.808637672] [lifecycle_manager_navigation]: Server behavior_server connected with bond.
[lifecycle_manager-9] [INFO] [1757005566.808743695] [lifecycle_manager_navigation]: [34m[1mActivating bt_navigator[0m[0m
[bt_navigator-6] [INFO] [1757005566.809445591] [bt_navigator]: Activating
[bt_navigator-6] [ERROR] [1757005566.832292588] [bt_navigator]: Couldn't open input XML file: navigate_w_replanning_distance.xml
[bt_navigator-6] [ERROR] [1757005566.832313164] [bt_navigator]: Error loading XML file: navigate_w_replanning_distance.xml
[lifecycle_manager-9] [ERROR] [1757005566.832504515] [lifecycle_manager_navigat