[INFO] [launch]: All log files can be found below /home/robot/.ros/log/2025-09-01-18-32-26-586916-robot-pc04-34231
[INFO] [launch]: Default logging verbosity is set to INFO
[INFO] [async_slam_toolbox_node-1]: process started with pid [34244]
[INFO] [controller_server-2]: process started with pid [34246]
[INFO] [smoother_server-3]: process started with pid [34248]
[INFO] [planner_server-4]: process started with pid [34250]
[INFO] [behavior_server-5]: process started with pid [34252]
[INFO] [bt_navigator-6]: process started with pid [34254]
[INFO] [waypoint_follower-7]: process started with pid [34256]
[INFO] [velocity_smoother-8]: process started with pid [34258]
[INFO] [lifecycle_manager-9]: process started with pid [34260]
[INFO] [explore-10]: process started with pid [34262]
[INFO] [rviz2-11]: process started with pid [34264]
[async_slam_toolbox_node-1] [INFO] [1756744346.692661754] [slam]: Node using stack size 40000000
[controller_server-2] [INFO] [1756744346.693679646] [controller_server]: 
[controller_server-2] 	controller_server lifecycle node launched. 
[controller_server-2] 	Waiting on external lifecycle transitions to activate
[controller_server-2] 	See https://design.ros2.org/articles/node_lifecycle.html for more information.
[planner_server-4] [INFO] [1756744346.694181342] [planner_server]: 
[planner_server-4] 	planner_server lifecycle node launched. 
[planner_server-4] 	Waiting on external lifecycle transitions to activate
[planner_server-4] 	See https://design.ros2.org/articles/node_lifecycle.html for more information.
[planner_server-4] [INFO] [1756744346.694852664] [planner_server]: Creating
[controller_server-2] [INFO] [1756744346.695336553] [controller_server]: Creating controller server
[lifecycle_manager-9] [INFO] [1756744346.696620549] [lifecycle_manager_navigation]: Creating
[lifecycle_manager-9] [INFO] [1756744346.698408826] [lifecycle_manager_navigation]: [34m[1mCreating and initializing lifecycle service clients[0m[0m
[bt_navigator-6] [INFO] [1756744346.699252613] [bt_navigator]: 
[bt_navigator-6] 	bt_navigator lifecycle node launched. 
[bt_navigator-6] 	Waiting on external lifecycle transitions to activate
[bt_navigator-6] 	See https://design.ros2.org/articles/node_lifecycle.html for more information.
[bt_navigator-6] [INFO] [1756744346.699320866] [bt_navigator]: Creating
[waypoint_follower-7] [INFO] [1756744346.699421866] [waypoint_follower]: 
[waypoint_follower-7] 	waypoint_follower lifecycle node launched. 
[waypoint_follower-7] 	Waiting on external lifecycle transitions to activate
[waypoint_follower-7] 	See https://design.ros2.org/articles/node_lifecycle.html for more information.
[behavior_server-5] [INFO] [1756744346.699457545] [behavior_server]: 
[behavior_server-5] 	behavior_server lifecycle node launched. 
[behavior_server-5] 	Waiting on external lifecycle transitions to activate
[behavior_server-5] 	See https://design.ros2.org/articles/node_lifecycle.html for more information.
[waypoint_follower-7] [INFO] [1756744346.699713117] [waypoint_follower]: Creating
[smoother_server-3] [INFO] [1756744346.700702742] [smoother_server]: 
[smoother_server-3] 	smoother_server lifecycle node launched. 
[smoother_server-3] 	Waiting on external lifecycle transitions to activate
[smoother_server-3] 	See https://design.ros2.org/articles/node_lifecycle.html for more information.
[velocity_smoother-8] [INFO] [1756744346.701233216] [velocity_smoother]: 
[velocity_smoother-8] 	velocity_smoother lifecycle node launched. 
[velocity_smoother-8] 	Waiting on external lifecycle transitions to activate
[velocity_smoother-8] 	See https://design.ros2.org/articles/node_lifecycle.html for more information.
[smoother_server-3] [INFO] [1756744346.701939161] [smoother_server]: Creating smoother server
[controller_server-2] [INFO] [1756744346.702076175] [local_costmap.local_costmap]: 
[controller_server-2] 	local_costmap lifecycle node launched. 
[controller_server-2] 	Waiting on external lifecycle transitions to activate
[controller_server-2] 	See https://design.ros2.org/articles/node_lifecycle.html for more information.
[planner_server-4] [INFO] [1756744346.702159539] [global_costmap.global_costmap]: 
[planner_server-4] 	global_costmap lifecycle node launched. 
[planner_server-4] 	Waiting on external lifecycle transitions to activate
[planner_server-4] 	See https://design.ros2.org/articles/node_lifecycle.html for more information.
[planner_server-4] [INFO] [1756744346.702401480] [global_costmap.global_costmap]: Creating Costmap
[controller_server-2] [INFO] [1756744346.702300269] [local_costmap.local_costmap]: Creating Costmap
[lifecycle_manager-9] [INFO] [1756744346.704283438] [lifecycle_manager_navigation]: [34m[1mStarting managed nodes bringup...[0m[0m
[lifecycle_manager-9] [INFO] [1756744346.704309903] [lifecycle_manager_navigation]: [34m[1mConfiguring controller_server[0m[0m
[controller_server-2] [INFO] [1756744346.704422482] [controller_server]: Configuring controller interface
[controller_server-2] [INFO] [1756744346.704483253] [controller_server]: getting goal checker plugins..
[controller_server-2] [INFO] [1756744346.704565065] [controller_server]: Controller frequency set to 10.0000Hz
[controller_server-2] [INFO] [1756744346.704580217] [local_costmap.local_costmap]: Configuring
[explore-10] [INFO] [1756744346.705150985] [explore_node]: Waiting for costmap to become available, topic: map
[controller_server-2] [INFO] [1756744346.706512203] [local_costmap.local_costmap]: Using plugin "static_layer"
[controller_server-2] [INFO] [1756744346.708050891] [local_costmap.local_costmap]: Subscribing to the map topic (/map) with transient local durability
[controller_server-2] [INFO] [1756744346.708551611] [local_costmap.local_costmap]: Initialized plugin "static_layer"
[controller_server-2] [INFO] [1756744346.708564960] [local_costmap.local_costmap]: Using plugin "obstacle_layer"
[controller_server-2] [INFO] [1756744346.708704309] [local_costmap.local_costmap]: Subscribed to Topics: scan
[controller_server-2] [INFO] [1756744346.709847087] [local_costmap.local_costmap]: Initialized plugin "obstacle_layer"
[controller_server-2] [INFO] [1756744346.709868187] [local_costmap.local_costmap]: Using plugin "inflation_layer"
[controller_server-2] [INFO] [1756744346.710350173] [local_costmap.local_costmap]: Initialized plugin "inflation_layer"
[async_slam_toolbox_node-1] [INFO] [1756744346.711656882] [slam]: Using solver plugin solver_plugins::CeresSolver
[async_slam_toolbox_node-1] [INFO] [1756744346.711830727] [slam]: CeresSolver: Using SCHUR_JACOBI preconditioner.
[controller_server-2] [INFO] [1756744346.715159914] [controller_server]: Created progress_checker : progress_checker of type nav2_controller::SimpleProgressChecker
[controller_server-2] [INFO] [1756744346.715548162] [controller_server]: Created goal checker : goal_checker of type nav2_controller::SimpleGoalChecker
[controller_server-2] [INFO] [1756744346.715701743] [controller_server]: Controller Server has goal_checker  goal checkers available.
[controller_server-2] [INFO] [1756744346.716095581] [controller_server]: Created controller : FollowPath of type nav2_regulated_pure_pursuit_controller::RegulatedPurePursuitController
[controller_server-2] [INFO] [1756744346.717872698] [controller_server]: Controller Server has FollowPath  controllers available.
[lifecycle_manager-9] [INFO] [1756744346.721239238] [lifecycle_manager_navigation]: [34m[1mConfiguring smoother_server[0m[0m
[smoother_server-3] [INFO] [1756744346.721348945] [smoother_server]: Configuring smoother server
[smoother_server-3] [INFO] [1756744346.724242914] [smoother_server]: Created smoother : simple_smoother of type nav2_smoother::SimpleSmoother
[smoother_server-3] [INFO] [1756744346.724355917] [smoother_server]: Smoother Server has simple_smoother  smoothers available.
[lifecycle_manager-9] [INFO] [1756744346.725950225] [lifecycle_manager_navigation]: [34m[1mConfiguring planner_server[0m[0m
[planner_server-4] [INFO] [1756744346.726037373] [planner_server]: Configuring
[planner_server-4] [INFO] [1756744346.726055944] [global_costmap.global_costmap]: Configuring
[planner_server-4] [INFO] [1756744346.727641983] [global_costmap.global_costmap]: Using plugin "static_layer"
[planner_server-4] [INFO] [1756744346.729026416] [global_costmap.global_costmap]: Subscribing to the map topic (/map) with transient local durability
[planner_server-4] [INFO] [1756744346.729424363] [global_costmap.global_costmap]: Initialized plugin "static_layer"
[planner_server-4] [INFO] [1756744346.729433666] [global_costmap.global_costmap]: Using plugin "obstacle_layer"
[planner_server-4] [INFO] [1756744346.729555252] [global_costmap.global_costmap]: Subscribed to Topics: scan
[planner_server-4] [INFO] [1756744346.730447904] [global_costmap.global_costmap]: Initialized plugin "obstacle_layer"
[planner_server-4] [INFO] [1756744346.730458608] [global_costmap.global_costmap]: Using plugin "inflation_layer"
[planner_server-4] [INFO] [1756744346.730598065] [global_costmap.global_costmap]: Initialized plugin "inflation_layer"
[planner_server-4] [ERROR] [1756744346.732193785] [global_costmap.global_costmap]: The configured inflation radius (0.100) is smaller than the computed inscribed radius (0.200) of your footprint, it is highly recommended to set inflation radius to be at least as big as the inscribed radius to avoid collisions
[planner_server-4] [INFO] [1756744346.732912333] [planner_server]: Created global planner plugin GridBased of type nav2_navfn_planner/NavfnPlanner
[planner_server-4] [INFO] [1756744346.732925286] [planner_server]: Configuring plugin GridBased of type NavfnPlanner
[planner_server-4] [INFO] [1756744346.733049786] [planner_server]: Planner Server has GridBased  planners available.
[lifecycle_manager-9] [INFO] [1756744346.735666781] [lifecycle_manager_navigation]: [34m[1mConfiguring behavior_server[0m[0m
[behavior_server-5] [INFO] [1756744346.735799758] [behavior_server]: Configuring
[behavior_server-5] [INFO] [1756744346.738702720] [behavior_server]: Creating behavior plugin spin of type nav2_behaviors/Spin
[behavior_server-5] [INFO] [1756744346.739092146] [behavior_server]: Configuring spin
[behavior_server-5] [INFO] [1756744346.740456041] [behavior_server]: Creating behavior plugin backup of type nav2_behaviors/BackUp
[behavior_server-5] [INFO] [1756744346.740768107] [behavior_server]: Configuring backup
[behavior_server-5] [INFO] [1756744346.741735798] [behavior_server]: Creating behavior plugin drive_on_heading of type nav2_behaviors/DriveOnHeading
[behavior_server-5] [INFO] [1756744346.742306880] [behavior_server]: Configuring drive_on_heading
[behavior_server-5] [INFO] [1756744346.743294619] [behavior_server]: Creating behavior plugin wait of type nav2_behaviors/Wait
[behavior_server-5] [INFO] [1756744346.743583133] [behavior_server]: Configuring wait
[behavior_server-5] [INFO] [1756744346.744500924] [behavior_server]: Creating behavior plugin assisted_teleop of type nav2_behaviors/AssistedTeleop
[behavior_server-5] [INFO] [1756744346.745215069] [behavior_server]: Configuring assisted_teleop
[lifecycle_manager-9] [INFO] [1756744346.746872277] [lifecycle_manager_navigation]: [34m[1mConfiguring bt_navigator[0m[0m
[bt_navigator-6] [INFO] [1756744346.747012147] [bt_navigator]: Configuring
[lifecycle_manager-9] [INFO] [1756744346.774458976] [lifecycle_manager_navigation]: [34m[1mConfiguring waypoint_follower[0m[0m
[waypoint_follower-7] [INFO] [1756744346.774556509] [waypoint_follower]: Configuring
[waypoint_follower-7] [INFO] [1756744346.777902816] [waypoint_follower]: Created waypoint_task_executor : wait_at_waypoint of type nav2_waypoint_follower::WaitAtWaypoint
[lifecycle_manager-9] [INFO] [1756744346.778166217] [lifecycle_manager_navigation]: [34m[1mConfiguring velocity_smoother[0m[0m
[velocity_smoother-8] [INFO] [1756744346.778305444] [velocity_smoother]: Configuring velocity smoother
[lifecycle_manager-9] [INFO] [1756744346.779991123] [lifecycle_manager_navigation]: [34m[1mActivating controller_server[0m[0m
[controller_server-2] [INFO] [1756744346.780065901] [controller_server]: Activating
[controller_server-2] [INFO] [1756744346.780099592] [local_costmap.local_costmap]: Activating
[controller_server-2] [INFO] [1756744346.780112995] [local_costmap.local_costmap]: Checking transform
[controller_server-2] [INFO] [1756744346.780134324] [local_costmap.local_costmap]: Timed out waiting for transform from base_link to odom to become available, tf error: Invalid frame ID "odom" passed to canTransform argument target_frame - frame does not exist
[rviz2-11] [INFO] [1756744347.114551238] [rviz2]: Stereo is NOT SUPPORTED
[rviz2-11] [INFO] [1756744347.114607082] [rviz2]: OpenGl version: 4.6 (GLSL 4.6)
[rviz2-11] [INFO] [1756744347.145086356] [rviz2]: Stereo is NOT SUPPORTED
[controller_server-2] [INFO] [1756744347.280189062] [local_costmap.local_costmap]: Timed out waiting for transform from base_link to odom to become available, tf error: Invalid frame ID "odom" passed to canTransform argument target_frame - frame does not exist
[controller_server-2] [INFO] [1756744347.780229014] [local_costmap.local_costmap]: Timed out waiting for transform from base_link to odom to become available, tf error: Invalid frame ID "odom" passed to canTransform argument target_frame - frame does not exist
[controller_server-2] [INFO] [1756744348.280359477] [local_costmap.local_costmap]: start
[controller_server-2] [INFO] [1756744348.531338792] [controller_server]: Activating controller: FollowPath of type regulated_pure_pursuit_controller::RegulatedPurePursuitController
[controller_server-2] [INFO] [1756744348.531458324] [controller_server]: Creating bond (controller_server) to lifecycle manager.
[lifecycle_manager-9] [INFO] [1756744348.640373998] [lifecycle_manager_navigation]: Server controller_server connected with bond.
[lifecycle_manager-9] [INFO] [1756744348.640465472] [lifecycle_manager_navigation]: [34m[1mActivating smoother_server[0m[0m
[smoother_server-3] [INFO] [1756744348.640820707] [smoother_server]: Activating
[smoother_server-3] [INFO] [1756744348.640864206] [smoother_server]: Creating bond (smoother_server) to lifecycle manager.
[lifecycle_manager-9] [INFO] [1756744348.747217484] [lifecycle_manager_navigation]: Server smoother_server connected with bond.
[lifecycle_manager-9] [INFO] [1756744348.747310145] [lifecycle_manager_navigation]: [34m[1mActivating planner_server[0m[0m
[planner_server-4] [INFO] [1756744348.747802312] [planner_server]: Activating
[planner_server-4] [INFO] [1756744348.747889535] [global_costmap.global_costmap]: Activating
[planner_server-4] [INFO] [1756744348.747915787] [global_costmap.global_costmap]: Checking transform
[planner_server-4] [INFO] [1756744348.747964504] [global_costmap.global_costmap]: Timed out waiting for transform from base_link to map to become available, tf error: Invalid frame ID "map" passed to canTransform argument target_frame - frame does not exist
[planner_server-4] [INFO] [1756744349.248005905] [global_costmap.global_costmap]: Timed out waiting for transform from base_link to map to become available, tf error: Invalid frame ID "map" passed to canTransform argument target_frame - frame does not exist
[planner_server-4] [INFO] [1756744349.747994532] [global_costmap.global_costmap]: Timed out waiting for transform from base_link to map to become available, tf error: Invalid frame ID "map" passed to canTransform argument target_frame - frame does not exist
[planner_server-4] [INFO] [1756744350.248015251] [global_costmap.global_costmap]: Timed out waiting for transform from base_link to map to become available, tf error: Invalid frame ID "map" passed to canTransform argument target_frame - frame does not exist
[controller_server-2] [WARN] [1756744350.280548871] [local_costmap.local_costmap]: Can't update static costmap layer, no map received
[async_slam_toolbox_node-1] [WARN] [1756744350.720132089] [slam]: minimum laser range setting (0.0 m) exceeds the capabilities of the used Lidar (0.1 m)
[planner_server-4] [INFO] [1756744350.748132178] [global_costmap.global_costmap]: Timed out waiting for transform from base_link to map to become available, tf error: Lookup would require extrapolation at time 1756744350.666386, but only time 1756744350.816842 is in the buffer, when looking up transform from frame [base_link] to frame [map]
[rviz2-11] [INFO] [1756744350.900815585] [rviz2]: Trying to create a map of size 100 x 100 using 1 swatches
[planner_server-4] [INFO] [1756744351.248154801] [global_costmap.global_costmap]: start
[planner_server-4] [INFO] [1756744352.249967050] [planner_server]: Activating plugin GridBased of type NavfnPlanner
[planner_server-4] [INFO] [1756744352.251661605] [planner_server]: Creating bond (planner_server) to lifecycle manager.
[rviz2-11] [INFO] [1756744352.279822448] [rviz2]: Trying to create a map of size 100 x 100 using 1 swatches
[controller_server-2] [WARN] [1756744352.281167714] [local_costmap.local_costmap]: Can't update static costmap layer, no map received
[lifecycle_manager-9] [INFO] [1756744352.359326495] [lifecycle_manager_navigation]: Server planner_server connected with bond.
[lifecycle_manager-9] [INFO] [1756744352.359449396] [lifecycle_manager_navigation]: [34m[1mActivating behavior_server[0m[0m
[behavior_server-5] [INFO] [1756744352.360027137] [behavior_server]: Activating
[behavior_server-5] [INFO] [1756744352.360086148] [behavior_server]: Activating spin
[behavior_server-5] [INFO] [1756744352.360112105] [behavior_server]: Activating backup
[behavior_server-5] [INFO] [1756744352.360131240] [behavior_server]: Activating drive_on_heading
[behavior_server-5] [INFO] [1756744352.360149372] [behavior_server]: Activating wait
[behavior_server-5] [INFO] [1756744352.360166584] [behavior_server]: Activating assisted_teleop
[behavior_server-5] [INFO] [1756744352.360189887] [behavior_server]: Creating bond (behavior_server) to lifecycle manager.
[lifecycle_manager-9] [INFO] [1756744352.468133770] [lifecycle_manager_navigation]: Server behavior_server connected with bond.
[lifecycle_manager-9] [INFO] [1756744352.468235115] [lifecycle_manager_navigation]: [34m[1mActivating bt_navigator[0m[0m
[bt_navigator-6] [INFO] [1756744352.468912183] [bt_navigator]: Activating
[bt_navigator-6] [INFO] [1756744352.490346715] [bt_navigator]: Creating bond (bt_navigator) to lifecycle manager.
[lifecycle_manager-9] [INFO] [1756744352.591973753] [lifecycle_manager_navigation]: Server bt_navigator connected with bond.
[lifecycle_manager-9] [INFO] [1756744352.592067569] [lifecycle_manager_navigation]: [34m[1mActivating waypoint_follower[0m[0m
[waypoint_follower-7] [INFO] [1756744352.592642451] [waypoint_follower]: Activating
[waypoint_follower-7] [INFO] [1756744352.592732136] [waypoint_follower]: Creating bond (waypoint_follower) to lifecycle manager.
[lifecycle_manager-9] [INFO] [1756744352.700036297] [lifecycle_manager_navigation]: Server waypoint_follower connected with bond.
[lifecycle_manager-9] [INFO] [1756744352.700140843] [lifecycle_manager_navigation]: [34m[1mActivating velocity_smoother[0m[0m
[velocity_smoother-8] [INFO] [1756744352.700763917] [velocity_smoother]: Activating
[velocity_smoother-8] [INFO] [1756744352.700892189] [velocity_smoother]: Creating bond (velocity_smoother) to lifecycle manager.
[planner_server-4] [INFO] [1756744352.716100509] [global_costmap.global_costmap]: StaticLayer: Resizing costmap to 63 X 36 at 0.040000 m/pix
[controller_server-2] [INFO] [1756744352.716165339] [local_costmap.local_costmap]: StaticLayer: Resizing static layer to 63 X 36 at 0.040000 m/pix
[rviz2-11] [INFO] [1756744352.726645522] [rviz2]: Trying to create a map of size 63 x 36 using 1 swatches
[lifecycle_manager-9] [INFO] [1756744352.808976540] [lifecycle_manager_navigation]: Server velocity_smoother connected with bond.
[lifecycle_manager-9] [INFO] [1756744352.809069201] [lifecycle_manager_navigation]: [34m[1mManaged nodes are active[0m[0m
[lifecycle_manager-9] [INFO] [1756744352.809093774] [lifecycle_manager_navigation]: [34m[1mCreating bond timer...[0m[0m
[rviz2-11] [INFO] [1756744354.269392565] [rviz2]: Trying to create a map of size 63 x 36 using 1 swatches
[explore-10] [INFO] [1756744354.731475615] [explore_node]: Waiting to connect to move_base nav2 server
[explore-10] [INFO] [1756744354.731973875] [explore_node]: Connected to move_base nav2 server
[explore-10] [INFO] [1756744354.731999681] [explore_node]: Getting initial pose of the robot
[bt_navigator-6] [INFO] [1756744354.808172860] [bt_navigator]: Begin navigating from current location (0.10, 0.03) to (1.27, 0.23)
[controller_server-2] [INFO] [1756744354.829150784] [controller_server]: Received a goal, begin computing control effort.
[controller_server-2] [WARN] [1756744354.829227119] [controller_server]: No goal checker was specified in parameter 'current_goal_checker'. Server will use only plugin loaded goal_checker . This warning will appear once.
[controller_server-2] [WARN] [1756744354.829831544] [controller_server]: RegulatedPurePursuitController detected collision ahead!
[controller_server-2] [WARN] [1756744354.929532888] [controller_server]: RegulatedPurePursuitController detected collision ahead!
[controller_server-2] [WARN] [1756744355.030088960] [controller_server]: RegulatedPurePursuitController detected collision ahead!
[controller_server-2] [WARN] [1756744355.130104931] [controller_server]: RegulatedPurePursuitController detected collision ahead!
[controller_server-2] [WARN] [1756744355.230138858] [controller_server]: RegulatedPurePursuitController detected collision ahead!
[controller_server-2] [WARN] [1756744355.329761696] [controller_server]: RegulatedPurePursuitController detected collision ahead!
[controller_server-2] [WARN] [1756744355.430103141] [controller_server]: RegulatedPurePursuitController detected collision ahead!
[controller_server-2] [WARN] [1756744355.530119196] [controller_server]: RegulatedPurePursuitController detected collision ahead!
[controller_server-2] [WARN] [1756744355.630126320] [controller_server]: RegulatedPurePursuitController detected collision ahead!
[controller_server-2] [WARN] [1756744355.730132198] [controller_server]: RegulatedPurePursuitController detected collision ahead!
[controller_server-2] [WARN] [1756744355.830131901] [controller_server]: RegulatedPurePursuitController detected collision ahead!
[controller_server-2] [INFO] [1756744355.929342536] [controller_server]: Passing new path to controller.
[controller_server-2] [WARN] [1756744355.930377807] [controller_server]: RegulatedPurePursuitController detected collision ahead!
[controller_server-2] [WARN] [1756744356.030110326] [controller_server]: RegulatedPurePursuitController detected collision ahead!
[controller_server-2] [WARN] [1756744356.130128116] [controller_server]: RegulatedPurePursuitController detected collision ahead!
[controller_server-2] [WARN] [1756744356.230117790] [controller_server]: RegulatedPurePursuitController detected collision ahead!
[controller_server-2] [WARN] [1756744356.330121631] [controller_server]: RegulatedPurePursuitController detected collision ahead!
[controller_server-2] [WARN] [1756744356.430108978] [controller_server]: RegulatedPurePursuitController detected collision ahead!
[controller_server-2] [WARN] [1756744356.530146886] [controller_server]: RegulatedPurePursuitController detected collision ahead!
[controller_server-2] [WARN] [1756744356.630107796] [controller_server]: RegulatedPurePursuitController detected collision ahead!
[controller_server-2] [WARN] [1756744356.730100743] [controller_server]: RegulatedPurePursuitController detected collision ahead!
[controller_server-2] [WARN] [1756744356.829904095] [controller_server]: RegulatedPurePursuitController detected collision ahead!
[controller_server-2] [ERROR] [1756744356.829991144] [controller_server]: Controller patience exceeded
[controller_server-2] [WARN] [1756744356.830055667] [controller_server]: [follow_path] [ActionServer] Aborting handle.
[controller_server-2] [INFO] [1756744356.848760045] [local_costmap.local_costmap]: Received request to clear entirely the local_costmap
[controller_server-2] [INFO] [1756744356.850657129] [controller_server]: Received a goal, begin computing control effort.
[controller_server-2] [INFO] [1756744356.890832153] [controller_server]: Passing new path to controller.
[controller_server-2] [WARN] [1756744356.891692822] [controller_server]: RegulatedPurePursuitController detected collision ahead!
[controller_server-2] [WARN] [1756744356.951605061] [controller_server]: RegulatedPurePursuitController detected collision ahead!
[controller_server-2] [WARN] [1756744357.051611524] [controller_server]: RegulatedPurePursuitController detected collision ahead!
[controller_server-2] [WARN] [1756744357.151401533] [controller_server]: RegulatedPurePursuitController detected collision ahead!
[controller_server-2] [WARN] [1756744357.251613859] [controller_server]: RegulatedPurePursuitController detected collision ahead!
[controller_server-2] [WARN] [1756744357.351610819] [controller_server]: RegulatedPurePursuitController detected collision ahead!
[controller_server-2] [WARN] [1756744357.451633297] [controller_server]: RegulatedPurePursuitController detected collision ahead!
[controller_server-2] [WARN] [1756744357.551692464] [controller_server]: RegulatedPurePursuitController detected collision ahead!
[controller_server-2] [WARN] [1756744357.651580119] [controller_server]: RegulatedPurePursuitController detected collision ahead!
[controller_server-2] [WARN] [1756744357.751692801] [controller_server]: RegulatedPurePursuitController detected collision ahead!
[controller_server-2] [WARN] [1756744357.851677653] [controller_server]: RegulatedPurePursuitController detected collision ahead!
[controller_server-2] [INFO] [1756744357.950911523] [controller_server]: Passing new path to controller.
[controller_server-2] [WARN] [1756744357.951899017] [controller_server]: RegulatedPurePursuitController detected collision ahead!
[controller_server-2] [WARN] [1756744358.051616745] [controller_server]: RegulatedPurePursuitController detected collision ahead!
[controller_server-2] [WARN] [1756744358.151679209] [controller_server]: RegulatedPurePursuitController detected collision ahead!
[controller_server-2] [WARN] [1756744358.251680674] [controller_server]: RegulatedPurePursuitController detected collision ahead!
[controller_server-2] [WARN] [1756744358.382138357] [controller_server]: RegulatedPurePursuitController detected collision ahead!
[controller_server-2] [WARN] [1756744358.451621703] [controller_server]: RegulatedPurePursuitController detected collision ahead!
[controller_server-2] [WARN] [1756744358.551625253] [controller_server]: RegulatedPurePursuitController detected collision ahead!
[controller_server-2] [WARN] [1756744358.651508548] [controller_server]: RegulatedPurePursuitController detected collision ahead!
[controller_server-2] [WARN] [1756744358.751624454] [controller_server]: RegulatedPurePursuitController detected collision ahead!
[controller_server-2] [WARN] [1756744358.851622431] [controller_server]: RegulatedPurePursuitController detected collision ahead!
[controller_server-2] [ERROR] [1756744358.851717071] [controller_server]: Controller patience exceeded
[controller_server-2] [WARN] [1756744358.851805217] [controller_server]: [follow_path] [ActionServer] Aborting handle.
[controller_server-2] [INFO] [1756744358.868875393] [local_costmap.local_costmap]: Received request to clear entirely the local_costmap
[planner_server-4] [INFO] [1756744358.870099802] [global_costmap.global_costmap]: Received request to clear entirely the global_costmap
[controller_server-2] [INFO] [1756744359.268965180] [controller_server]: Received a goal, begin computing control effort.
[controller_server-2] [WARN] [1756744359.269867527] [controller_server]: RegulatedPurePursuitController detected collision ahead!
[controller_server-2] [WARN] [1756744359.369952216] [controller_server]: RegulatedPurePursuitController detected collision ahead!
[controller_server-2] [WARN] [1756744359.469975764] [controller_server]: RegulatedPurePursuitController detected collision ahead!
[controller_server-2] [WARN] [1756744359.569964246] [controller_server]: RegulatedPurePursuitController detected collision ahead!
[controller_server-2] [WARN] [1756744359.670036299] [controller_server]: RegulatedPurePursuitController detected collision ahead!
[controller_server-2] [WARN] [1756744359.769960795] [controller_server]: RegulatedPurePursuitController detected collision ahead!
[controller_server-2] [WARN] [1756744359.869720754] [controller_server]: RegulatedPurePursuitController detected collision ahead!
[controller_server-2] [WARN] [1756744359.969446011] [controller_server]: RegulatedPurePursuitController detected collision ahead!
[controller_server-2] [WARN] [1756744360.069962361] [controller_server]: RegulatedPurePursuitController detected collision ahead!
[controller_server-2] [WARN] [1756744360.169962880] [controller_server]: RegulatedPurePursuitController detected collision ahead!
[controller_server-2] [WARN] [1756744360.269954737] [controller_server]: RegulatedPurePursuitController detected collision ahead!
[controller_server-2] [INFO] [1756744360.369184615] [controller_server]: Passing new path to controller.
[controller_server-2] [WARN] [1756744360.370158572] [controller_server]: RegulatedPurePursuitController detected collision ahead!
[controller_server-2] [WARN] [1756744360.469950795] [controller_server]: RegulatedPurePursuitController detected collision ahead!
[controller_server-2] [WARN] [1756744360.570040469] [controller_server]: RegulatedPurePursuitController detected collision ahead!
[controller_server-2] [WARN] [1756744360.670020733] [controller_server]: RegulatedPurePursuitController detected collision ahead!
[controller_server-2] [WARN] [1756744360.769955094] [controller_server]: RegulatedPurePursuitController detected collision ahead!
[controller_server-2] [WARN] [1756744360.869964459] [controller_server]: RegulatedPurePursuitController detected collision ahead!
[controller_server-2] [WARN] [1756744360.969965301] [controller_server]: RegulatedPurePursuitController detected collision ahead!
[controller_server-2] [WARN] [1756744361.069960970] [controller_server]: RegulatedPurePursuitController detected collision ahead!
[controller_server-2] [WARN] [1756744361.169958014] [controller_server]: RegulatedPurePursuitController detected collision ahead!
[controller_server-2] [WARN] [1756744361.269951234] [controller_server]: RegulatedPurePursuitController detected collision ahead!
[controller_server-2] [ERROR] [1756744361.270041753] [controller_server]: Controller patience exceeded
[controller_server-2] [WARN] [1756744361.270114991] [controller_server]: [follow_path] [ActionServer] Aborting handle.
[controller_server-2] [INFO] [1756744361.288907950] [local_costmap.local_costmap]: Received request to clear entirely the local_costmap
[controller_server-2] [INFO] [1756744361.290600040] [controller_server]: Received a goal, begin computing control effort.
[controller_server-2] [INFO] [1756744361.490911654] [controller_server]: Passing new path to controller.
[controller_server-2] [WARN] [1756744361.492591115] [controller_server]: RegulatedPurePursuitController detected collision ahead!
[controller_server-2] [WARN] [1756744361.492822829] [controller_server]: Control loop missed its desired rate of 10.0000Hz
[controller_server-2] [WARN] [1756744361.494092574] [controller_server]: RegulatedPurePursuitController detected collision ahead!
[controller_server-2] [WARN] [1756744361.595851555] [controller_server]: RegulatedPurePursuitController detected collision ahead!
[controller_server-2] [WARN] [1756744361.697008211] [controller_server]: RegulatedPurePursuitController detected collision ahead!
[controller_server-2] [WARN] [1756744361.798132752] [controller_server]: RegulatedPurePursuitController detected collision ahead!
[controller_server-2] [WARN] [1756744361.899252028] [controller_server]: RegulatedPurePursuitController detected collision ahead!
[controller_server-2] [WARN] [1756744362.000317619] [controller_server]: RegulatedPurePursuitController detected collision ahead!
[controller_server-2] [WARN] [1756744362.101443861] [controller_server]: RegulatedPurePursuitController detected collision ahead!
[controller_server-2] [WARN] [1756744362.202538554] [controller_server]: RegulatedPurePursuitController detected collision ahead!
[controller_server-2] [WARN] [1756744362.303586678] [controller_server]: RegulatedPurePursuitController detected collision ahead!
[controller_server-2] [INFO] [1756744362.403911066] [controller_server]: Passing new path to controller.
[controller_server-2] [WARN] [1756744362.404892868] [controller_server]: RegulatedPurePursuitController detected collision ahead!
[controller_server-2] [WARN] [1756744362.505468524] [controller_server]: RegulatedPurePursuitController detected collision ahead!
[controller_server-2] [WARN] [1756744362.606439986] [controller_server]: RegulatedPurePursuitController detected collision ahead!
[controller_server-2] [WARN] [1756744362.707481606] [controller_server]: RegulatedPurePursuitController detected collision ahead!
[controller_server-2] [WARN] [1756744362.808609206] [controller_server]: RegulatedPurePursuitController detected collision ahead!
[controller_server-2] [WARN] [1756744362.909728854] [controller_server]: RegulatedPurePursuitController detected collision ahead!
[controller_server-2] [WARN] [1756744363.010861805] [controller_server]: RegulatedPurePursuitController detected collision ahead!
[controller_server-2] [WARN] [1756744363.112006487] [controller_server]: RegulatedPurePursuitController detected collision ahead!
[controller_server-2] [WARN] [1756744363.213132553] [controller_server]: RegulatedPurePursuitController detected collision ahead!
[controller_server-2] [WARN] [1756744363.314202205] [controller_server]: RegulatedPurePursuitController detected collision ahead!
[controller_server-2] [ERROR] [1756744363.314296846] [controller_server]: Controller patience exceeded
[controller_server-2] [WARN] [1756744363.314377817] [controller_server]: [follow_path] [ActionServer] Aborting handle.
[behavior_server-5] [INFO] [1756744363.328925240] [behavior_server]: Running spin
[behavior_server-5] [INFO] [1756744363.329101175] [behavior_server]: Turning 1.57 for spin behavior.
[behavior_server-5] [INFO] [1756744366.329357926] [behavior_server]: spin completed successfully
[controller_server-2] [INFO] [1756744366.378978006] [controller_server]: Received a goal, begin computing control effort.
[controller_server-2] [INFO] [1756744367.479196086] [controller_server]: Passing new path to controller.
[controller_server-2] [INFO] [1756744368.479206144] [controller_server]: Passing new path to controller.
[controller_server-2] [INFO] [1756744369.479196062] [controller_server]: Passing new path to controller.
[controller_server-2] [WARN] [1756744370.379990205] [controller_server]: RegulatedPurePursuitController detected collision ahead!
[controller_server-2] [WARN] [1756744370.479908723] [controller_server]: RegulatedPurePursuitController detected collision ahead!
[controller_server-2] [INFO] [1756744370.579203745] [controller_server]: Passing new path to controller.
[controller_server-2] [WARN] [1756744370.580081875] [controller_server]: RegulatedPurePursuitController detected collision ahead!
[controller_server-2] [WARN] [1756744370.679859855] [controller_server]: RegulatedPurePursuitController detected collision ahead!
[controller_server-2] [WARN] [1756744370.779870008] [controller_server]: RegulatedPurePursuitController detected collision ahead!
[controller_server-2] [WARN] [1756744370.879851434] [controller_server]: RegulatedPurePursuitController detected collision ahead!
[controller_server-2] [WARN] [1756744370.979938911] [controller_server]: RegulatedPurePursuitController detected collision ahead!
[controller_server-2] [WARN] [1756744371.160680287] [controller_server]: RegulatedPurePursuitController detected collision ahead!
[controller_server-2] [WARN] [1756744371.179870130] [controller_server]: RegulatedPurePursuitController detected collision ahead!
[controller_server-2] [WARN] [1756744371.279861859] [controller_server]: RegulatedPurePursuitController detected collision ahead!
[controller_server-2] [WARN] [1756744371.379841777] [controller_server]: RegulatedPurePursuitController detected collision ahead!
[controller_server-2] [WARN] [1756744371.479842804] [controller_server]: RegulatedPurePursuitController detected collision ahead!
[controller_server-2] [INFO] [1756744371.579195481] [controller_server]: Passing new path to controller.
[controller_server-2] [WARN] [1756744371.580044917] [controller_server]: RegulatedPurePursuitController detected collision ahead!
[controller_server-2] [WARN] [1756744371.679457293] [controller_server]: RegulatedPurePursuitController detected collision ahead!
[controller_server-2] [WARN] [1756744371.779291939] [controller_server]: RegulatedPurePursuitController detected collision ahead!
[controller_server-2] [WARN] [1756744371.879842985] [controller_server]: RegulatedPurePursuitController detected collision ahead!
[controller_server-2] [WARN] [1756744371.979836079] [controller_server]: RegulatedPurePursuitController detected collision ahead!
[controller_server-2] [WARN] [1756744372.079904391] [controller_server]: RegulatedPurePursuitController detected collision ahead!
[controller_server-2] [WARN] [1756744372.179864610] [controller_server]: RegulatedPurePursuitController detected collision ahead!
[controller_server-2] [WARN] [1756744372.279857645] [controller_server]: RegulatedPurePursuitController detected collision ahead!
[controller_server-2] [ERROR] [1756744372.279950160] [controller_server]: Controller patience exceeded
[controller_server-2] [WARN] [1756744372.280022396] [controller_server]: [follow_path] [ActionServer] Aborting handle.
[controller_server-2] [INFO] [1756744372.298849704] [local_costmap.local_costmap]: Received request to clear entirely the local_costmap
[controller_server-2] [INFO] [1756744372.300648942] [controller_server]: Received a goal, begin computing control effort.
[controller_server-2] [WARN] [1756744372.491591375] [controller_server]: RegulatedPurePursuitController detected collision ahead!
[controller_server-2] [WARN] [1756744372.491813602] [controller_server]: Control loop missed its desired rate of 10.0000Hz
[controller_server-2] [WARN] [1756744372.492354036] [controller_server]: RegulatedPurePursuitController detected collision ahead!
[controller_server-2] [WARN] [1756744372.502106335] [controller_server]: RegulatedPurePursuitController detected collision ahead!
[controller_server-2] [INFO] [1756744372.601014678] [controller_server]: Passing new path to controller.
[controller_server-2] [WARN] [1756744372.602403341] [controller_server]: RegulatedPurePursuitController detected collision ahead!
[controller_server-2] [WARN] [1756744372.742251667] [controller_server]: RegulatedPurePursuitController detected collision ahead!
[controller_server-2] [WARN] [1756744372.801499723] [controller_server]: RegulatedPurePursuitController detected collision ahead!
[controller_server-2] [WARN] [1756744372.902064276] [controller_server]: RegulatedPurePursuitController detected collision ahead!
[controller_server-2] [WARN] [1756744373.001982575] [controller_server]: RegulatedPurePursuitController detected collision ahead!
[controller_server-2] [WARN] [1756744373.102242052] [controller_server]: RegulatedPurePursuitController detected collision ahead!
[controller_server-2] [WARN] [1756744373.201982780] [controller_server]: RegulatedPurePursuitController detected collision ahead!
[controller_server-2] [WARN] [1756744373.301998662] [controller_server]: RegulatedPurePursuitController detected collision ahead!
[controller_server-2] [WARN] [1756744373.401914108] [controller_server]: RegulatedPurePursuitController detected collision ahead!
[controller_server-2] [WARN] [1756744373.501523319] [controller_server]: RegulatedPurePursuitController detected collision ahead!
[controller_server-2] [INFO] [1756744373.600882146] [controller_server]: Passing new path to controller.
[controller_server-2] [WARN] [1756744373.601813711] [controller_server]: RegulatedPurePursuitController detected collision ahead!
[controller_server-2] [WARN] [1756744373.701560715] [controller_server]: RegulatedPurePursuitController detected collision ahead!
[controller_server-2] [WARN] [1756744373.801528392] [controller_server]: RegulatedPurePursuitController detected collision ahead!
[controller_server-2] [WARN] [1756744373.901504888] [controller_server]: RegulatedPurePursuitController detected collision ahead!
[controller_server-2] [WARN] [1756744374.001509286] [controller_server]: RegulatedPurePursuitController detected collision ahead!
[controller_server-2] [WARN] [1756744374.101158163] [controller_server]: RegulatedPurePursuitController detected collision ahead!
[controller_server-2] [WARN] [1756744374.201028930] [controller_server]: RegulatedPurePursuitController detected collision ahead!
[controller_server-2] [WARN] [1756744374.301512504] [controller_server]: RegulatedPurePursuitController detected collision ahead!
[controller_server-2] [ERROR] [1756744374.301608249] [controller_server]: Controller patience exceeded
[controller_server-2] [WARN] [1756744374.301689372] [controller_server]: [follow_path] [ActionServer] Aborting handle.
[behavior_server-5] [INFO] [1756744374.319185327] [behavior_server]: Running wait
[behavior_server-5] [INFO] [1756744379.319458249] [behavior_server]: wait completed successfully
[controller_server-2] [INFO] [1756744379.369159125] [controller_server]: Received a goal, begin computing control effort.
[controller_server-2] [WARN] [1756744379.369941165] [controller_server]: RegulatedPurePursuitController detected collision ahead!
[controller_server-2] [WARN] [1756744379.470061393] [controller_server]: RegulatedPurePursuitController detected collision ahead!
[controller_server-2] [WARN] [1756744379.570036512] [controller_server]: RegulatedPurePursuitController detected collision ahead!
[controller_server-2] [WARN] [1756744379.670033963] [controller_server]: RegulatedPurePursuitController detected collision ahead!
[controller_server-2] [WARN] [1756744379.770046351] [controller_server]: RegulatedPurePursuitController detected collision ahead!
[controller_server-2] [WARN] [1756744379.869972575] [controller_server]: RegulatedPurePursuitController detected collision ahead!
[controller_server-2] [WARN] [1756744379.970073922] [controller_server]: RegulatedPurePursuitController detected collision ahead!
[controller_server-2] [WARN] [1756744380.070041672] [controller_server]: RegulatedPurePursuitController detected collision ahead!
[controller_server-2] [WARN] [1756744380.170106907] [controller_server]: RegulatedPurePursuitController detected collision ahead!
[controller_server-2] [WARN] [1756744380.270033758] [controller_server]: RegulatedPurePursuitController detected collision ahead!
[controller_server-2] [WARN] [1756744380.370026729] [controller_server]: RegulatedPurePursuitController detected collision ahead!
[controller_server-2] [INFO] [1756744380.469481070] [controller_server]: Passing new path to controller.
[controller_server-2] [WARN] [1756744380.470888151] [controller_server]: RegulatedPurePursuitController detected collision ahead!
[controller_server-2] [WARN] [1756744380.570510814] [controller_server]: RegulatedPurePursuitController detected collision ahead!
[controller_server-2] [WARN] [1756744380.670531073] [controller_server]: RegulatedPurePursuitController detected collision ahead!
[controller_server-2] [WARN] [1756744380.770477341] [controller_server]: RegulatedPurePursuitController detected collision ahead!
[controller_server-2] [WARN] [1756744380.870495295] [controller_server]: RegulatedPurePursuitController detected collision ahead!
[controller_server-2] [WARN] [1756744380.970331748] [controller_server]: RegulatedPurePursuitController detected collision ahead!
[controller_server-2] [WARN] [1756744381.069659430] [controller_server]: RegulatedPurePursuitController detected collision ahead!
[controller_server-2] [WARN] [1756744381.170046184] [controller_server]: RegulatedPurePursuitController detected collision ahead!
[controller_server-2] [WARN] [1756744381.270057568] [controller_server]: RegulatedPurePursuitController detected collision ahead!
[controller_server-2] [WARN] [1756744381.370144913] [controller_server]: RegulatedPurePursuitController detected collision ahead!
[controller_server-2] [ERROR] [1756744381.370240373] [controller_server]: Controller patience exceeded
[controller_server-2] [WARN] [1756744381.370322282] [controller_server]: [follow_path] [ActionServer] Aborting handle.
[controller_server-2] [INFO] [1756744381.388615139] [local_costmap.local_costmap]: Received request to clear entirely the local_costmap
[controller_server-2] [INFO] [1756744381.389385859] [controller_server]: Received a goal, begin computing control effort.
[controller_server-2] [INFO] [1756744381.489533430] [controller_server]: Passing new path to controller.
[controller_server-2] [WARN] [1756744381.490153594] [controller_server]: RegulatedPurePursuitController detected collision ahead!
[controller_server-2] [WARN] [1756744381.490246924] [controller_server]: Control loop missed its desired rate of 10.0000Hz
[controller_server-2] [WARN] [1756744381.490731293] [controller_server]: RegulatedPurePursuitController detected collision ahead!
[controller_server-2] [WARN] [1756744381.590752811] [controller_server]: RegulatedPurePursuitController detected collision ahead!
[controller_server-2] [WARN] [1756744381.690513202] [controller_server]: RegulatedPurePursuitController detected collision ahead!
[controller_server-2] [WARN] [1756744381.790762462] [controller_server]: RegulatedPurePursuitController detected collision ahead!
[controller_server-2] [WARN] [1756744381.890763572] [controller_server]: RegulatedPurePursuitController detected collision ahead!
[controller_server-2] [WARN] [1756744381.990764771] [controller_server]: RegulatedPurePursuitController detected collision ahead!
[controller_server-2] [WARN] [1756744382.090753681] [controller_server]: RegulatedPurePursuitController detected collision ahead!
[controller_server-2] [WARN] [1756744382.190956543] [controller_server]: RegulatedPurePursuitController detected collision ahead!
[controller_server-2] [WARN] [1756744382.290754714] [controller_server]: RegulatedPurePursuitController detected collision ahead!
[controller_server-2] [WARN] [1756744382.390762297] [controller_server]: RegulatedPurePursuitController detected collision ahead!
[controller_server-2] [INFO] [1756744382.489653280] [controller_server]: Passing new path to controller.
[controller_server-2] [WARN] [1756744382.491046641] [controller_server]: RegulatedPurePursuitController detected collision ahead!
[controller_server-2] [WARN] [1756744382.590765940] [controller_server]: RegulatedPurePursuitController detected collision ahead!
[controller_server-2] [WARN] [1756744382.690751997] [controller_server]: RegulatedPurePursuitController detected collision ahead!
[controller_server-2] [WARN] [1756744382.790757052] [controller_server]: RegulatedPurePursuitController detected collision ahead!
[controller_server-2] [WARN] [1756744382.890840240] [controller_server]: RegulatedPurePursuitController detected collision ahead!
[controller_server-2] [WARN] [1756744382.990769765] [controller_server]: RegulatedPurePursuitController detected collision ahead!
[controller_server-2] [WARN] [1756744383.090758827] [controller_server]: RegulatedPurePursuitController detected collision ahead!
[controller_server-2] [WARN] [1756744383.190674845] [controller_server]: RegulatedPurePursuitController detected collision ahead!
[controller_server-2] [WARN] [1756744383.290667524] [controller_server]: RegulatedPurePursuitController detected collision ahead!
[controller_server-2] [WARN] [1756744383.390756284] [controller_server]: RegulatedPurePursuitController detected collision ahead!
[controller_server-2] [ERROR] [1756744383.390880051] [controller_server]: Controller patience exceeded
[controller_server-2] [WARN] [1756744383.391000775] [controller_server]: [follow_path] [ActionServer] Aborting handle.
[behavior_server-5] [INFO] [1756744383.409097852] [behavior_server]: Running backup
[behavior_server-5] [INFO] [1756744383.409485495] [behavior_server]: DriveOnHeading: no acceleration or deceleration limits set
[behavior_server-5] [INFO] [1756744390.009603908] [behavior_server]: backup completed successfully
[controller_server-2] [INFO] [1756744390.059244323] [controller_server]: Received a goal, begin computing control effort.
[controller_server-2] [WARN] [1756744390.660115490] [controller_server]: RegulatedPurePursuitController detected collision ahead!
[controller_server-2] [WARN] [1756744390.759820920] [controller_server]: RegulatedPurePursuitController detected collision ahead!
[controller_server-2] [WARN] [1756744390.860222649] [controller_server]: RegulatedPurePursuitController detected collision ahead!
[controller_server-2] [WARN] [1756744390.960287617] [controller_server]: RegulatedPurePursuitController detected collision ahead!
[controller_server-2] [WARN] [1756744391.060426782] [controller_server]: RegulatedPurePursuitController detected collision ahead!
[controller_server-2] [INFO] [1756744391.159456993] [controller_server]: Passing new path to controller.
[controller_server-2] [WARN] [1756744391.160366672] [controller_server]: RegulatedPurePursuitController detected collision ahead!
[controller_server-2] [WARN] [1756744391.260167662] [controller_server]: RegulatedPurePursuitController detected collision ahead!
[controller_server-2] [WARN] [1756744391.359802667] [controller_server]: RegulatedPurePursuitController detected collision ahead!
[controller_server-2] [WARN] [1756744391.459965540] [controller_server]: RegulatedPurePursuitController detected collision ahead!
[controller_server-2] [WARN] [1756744391.560193881] [controller_server]: RegulatedPurePursuitController detected collision ahead!
[controller_server-2] [WARN] [1756744391.660178038] [controller_server]: RegulatedPurePursuitController detected collision ahead!
[controller_server-2] [WARN] [1756744391.760308005] [controller_server]: RegulatedPurePursuitController detected collision ahead!
[controller_server-2] [WARN] [1756744391.860181866] [controller_server]: RegulatedPurePursuitController detected collision ahead!
[controller_server-2] [WARN] [1756744391.960252170] [controller_server]: RegulatedPurePursuitController detected collision ahead!
[controller_server-2] [WARN] [1756744392.060220540] [controller_server]: RegulatedPurePursuitController detected collision ahead!
[controller_server-2] [INFO] [1756744392.159439176] [controller_server]: Passing new path to controller.
[controller_server-2] [WARN] [1756744392.159895011] [controller_server]: RegulatedPurePursuitController detected collision ahead!
[controller_server-2] [WARN] [1756744392.260154774] [controller_server]: RegulatedPurePursuitController detected collision ahead!
[controller_server-2] [WARN] [1756744392.360266023] [controller_server]: RegulatedPurePursuitController detected collision ahead!
[controller_server-2] [WARN] [1756744392.460237604] [controller_server]: RegulatedPurePursuitController detected collision ahead!
[controller_server-2] [WARN] [1756744392.560145052] [controller_server]: RegulatedPurePursuitController detected collision ahead!
[controller_server-2] [ERROR] [1756744392.560241091] [controller_server]: Controller patience exceeded
[controller_server-2] [WARN] [1756744392.560315936] [controller_server]: [follow_path] [ActionServer] Aborting handle.
[controller_server-2] [INFO] [1756744392.578752224] [local_costmap.local_costmap]: Received request to clear entirely the local_costmap
[controller_server-2] [INFO] [1756744392.580469560] [controller_server]: Received a goal, begin computing control effort.
[controller_server-2] [WARN] [1756744392.691393205] [controller_server]: RegulatedPurePursuitController detected collision ahead!
[controller_server-2] [WARN] [1756744392.691655652] [controller_server]: Control loop missed its desired rate of 10.0000Hz
[controller_server-2] [WARN] [1756744392.692736790] [controller_server]: RegulatedPurePursuitController detected collision ahead!
[controller_server-2] [WARN] [1756744392.781394187] [controller_server]: RegulatedPurePursuitController detected collision ahead!
[controller_server-2] [WARN] [1756744392.881901217] [controller_server]: RegulatedPurePursuitController detected collision ahead!
[controller_server-2] [WARN] [1756744392.981505652] [controller_server]: RegulatedPurePursuitController detected collision ahead!
[controller_server-2] [WARN] [1756744393.082810165] [controller_server]: RegulatedPurePursuitController detected collision ahead!
[controller_server-2] [INFO] [1756744393.180698184] [controller_server]: Passing new path to controller.
[controller_server-2] [WARN] [1756744393.181595681] [controller_server]: RegulatedPurePursuitController detected collision ahead!
[controller_server-2] [WARN] [1756744393.282377315] [controller_server]: RegulatedPurePursuitController detected collision ahead!
[controller_server-2] [WARN] [1756744393.381347268] [controller_server]: RegulatedPurePursuitController detected collision ahead!
[controller_server-2] [WARN] [1756744393.482855003] [controller_server]: RegulatedPurePursuitController detected collision ahead!
[controller_server-2] [WARN] [1756744393.580966674] [controller_server]: RegulatedPurePursuitController detected collision ahead!
[controller_server-2] [WARN] [1756744393.681615570] [controller_server]: RegulatedPurePursuitController detected collision ahead!
[controller_server-2] [WARN] [1756744393.781189791] [controller_server]: RegulatedPurePursuitController detected collision ahead!
[controller_server-2] [WARN] [1756744393.882852941] [controller_server]: RegulatedPurePursuitController detected collision ahead!
[controller_server-2] [WARN] [1756744393.981165162] [controller_server]: RegulatedPurePursuitController detected collision ahead!
[controller_server-2] [WARN] [1756744394.082956525] [controller_server]: RegulatedPurePursuitController detected collision ahead!
[controller_server-2] [INFO] [1756744394.180701830] [controller_server]: Passing new path to controller.
[controller_server-2] [WARN] [1756744394.181608569] [controller_server]: RegulatedPurePursuitController detected collision ahead!
[controller_server-2] [WARN] [1756744394.282846086] [controller_server]: RegulatedPurePursuitController detected collision ahead!
[controller_server-2] [WARN] [1756744394.381405114] [controller_server]: RegulatedPurePursuitController detected collision ahead!
[controller_server-2] [WARN] [1756744394.482892553] [controller_server]: RegulatedPurePursuitController detected collision ahead!
[controller_server-2] [WARN] [1756744394.581085717] [controller_server]: RegulatedPurePursuitController detected collision ahead!
[controller_server-2] [ERROR] [1756744394.581141052] [controller_server]: Controller patience exceeded
[controller_server-2] [WARN] [1756744394.581189354] [controller_server]: [follow_path] [ActionServer] Aborting handle.
[controller_server-2] [INFO] [1756744394.598539308] [local_costmap.local_costmap]: Received request to clear entirely the local_costmap
[planner_server-4] [INFO] [1756744394.598930606] [global_costmap.global_costmap]: Received request to clear entirely the global_costmap
[controller_server-2] [INFO] [1756744395.269022835] [controller_server]: Received a goal, begin computing control effort.
[controller_server-2] [WARN] [1756744395.269849872] [controller_server]: RegulatedPurePursuitController detected collision ahead!
[controller_server-2] [WARN] [1756744395.369967050] [controller_server]: RegulatedPurePursuitController detected collision ahead!
[controller_server-2] [WARN] [1756744395.469962379] [controller_server]: RegulatedPurePursuitController detected collision ahead!
[controller_server-2] [WARN] [1756744395.570079338] [controller_server]: RegulatedPurePursuitController detected collision ahead!
[controller_server-2] [WARN] [1756744395.669979114] [controller_server]: RegulatedPurePursuitController detected collision ahead!
[controller_server-2] [WARN] [1756744395.769956014] [controller_server]: RegulatedPurePursuitController detected collision ahead!
[controller_server-2] [WARN] [1756744395.869949011] [controller_server]: RegulatedPurePursuitController detected collision ahead!
[controller_server-2] [WARN] [1756744395.969733593] [controller_server]: RegulatedPurePursuitController detected collision ahead!
[controller_server-2] [WARN] [1756744396.069960879] [controller_server]: RegulatedPurePursuitController detected collision ahead!
[controller_server-2] [WARN] [1756744396.169948600] [controller_server]: RegulatedPurePursuitController detected collision ahead!
[controller_server-2] [WARN] [1756744396.270033907] [controller_server]: RegulatedPurePursuitController detected collision ahead!
[controller_server-2] [INFO] [1756744396.369241783] [controller_server]: Passing new path to controller.
[controller_server-2] [WARN] [1756744396.370166895] [controller_server]: RegulatedPurePursuitController detected collision ahead!
[controller_server-2] [WARN] [1756744396.469954860] [controller_server]: RegulatedPurePursuitController detected collision ahead!
[controller_server-2] [WARN] [1756744396.570045592] [controller_server]: RegulatedPurePursuitController detected collision ahead!
[controller_server-2] [WARN] [1756744396.670544841] [controller_server]: RegulatedPurePursuitController detected collision ahead!
[controller_server-2] [WARN] [1756744396.770182089] [controller_server]: RegulatedPurePursuitController detected collision ahead!
[controller_server-2] [WARN] [1756744396.870050971] [controller_server]: RegulatedPurePursuitController detected collision ahead!
[controller_server-2] [WARN] [1756744396.969959515] [controller_server]: RegulatedPurePursuitController detected collision ahead!
[controller_server-2] [WARN] [1756744397.069457858] [controller_server]: RegulatedPurePursuitController detected collision ahead!
[controller_server-2] [WARN] [1756744397.169955399] [controller_server]: RegulatedPurePursuitController detected collision ahead!
[controller_server-2] [WARN] [1756744397.270246033] [controller_server]: RegulatedPurePursuitController detected collision ahead!
[controller_server-2] [ERROR] [1756744397.270347013] [controller_server]: Controller patience exceeded
[controller_server-2] [WARN] [1756744397.270442093] [controller_server]: [follow_path] [ActionServer] Aborting handle.
[controller_server-2] [INFO] [1756744397.288815716] [local_costmap.local_costmap]: Received request to clear entirely the local_costmap
[controller_server-2] [INFO] [1756744397.290481156] [controller_server]: Received a goal, begin computing control effort.
[controller_server-2] [INFO] [1756744397.490687325] [controller_server]: Passing new path to controller.
[controller_server-2] [WARN] [1756744397.492229561] [controller_server]: RegulatedPurePursuitController detected collision ahead!
[controller_server-2] [WARN] [1756744397.492508279] [controller_server]: Control loop missed its desired rate of 10.0000Hz
[controller_server-2] [WARN] [1756744397.493682313] [controller_server]: RegulatedPurePursuitController detected collision ahead!
[controller_server-2] [WARN] [1756744397.595218717] [controller_server]: RegulatedPurePursuitController detected collision ahead!
[controller_server-2] [WARN] [1756744397.696415413] [controller_server]: RegulatedPurePursuitController detected collision ahead!
[controller_server-2] [WARN] [1756744397.797512422] [controller_server]: RegulatedPurePursuitController detected collision ahead!
[controller_server-2] [WARN] [1756744397.898518064] [controller_server]: RegulatedPurePursuitController detected collision ahead!
[controller_server-2] [WARN] [1756744397.999552589] [controller_server]: RegulatedPurePursuitController detected collision ahead!
[controller_server-2] [WARN] [1756744398.100539119] [controller_server]: RegulatedPurePursuitController detected collision ahead!
[controller_server-2] [WARN] [1756744398.201541405] [controller_server]: RegulatedPurePursuitController detected collision ahead!
[controller_server-2] [WARN] [1756744398.302549933] [controller_server]: RegulatedPurePursuitController detected collision ahead!
[controller_server-2] [INFO] [1756744398.402820516] [controller_server]: Passing new path to controller.
[controller_server-2] [WARN] [1756744398.403754638] [controller_server]: RegulatedPurePursuitController detected collision ahead!
[controller_server-2] [WARN] [1756744398.504655683] [controller_server]: RegulatedPurePursuitController detected collision ahead!
[controller_server-2] [WARN] [1756744398.605625703] [controller_server]: RegulatedPurePursuitController detected collision ahead!
[controller_server-2] [WARN] [1756744398.706624127] [controller_server]: RegulatedPurePursuitController detected collision ahead!
[controller_server-2] [WARN] [1756744398.807622331] [controller_server]: RegulatedPurePursuitController detected collision ahead!
[controller_server-2] [WARN] [1756744398.908556889] [controller_server]: RegulatedPurePursuitController detected collision ahead!
[controller_server-2] [WARN] [1756744399.009568269] [controller_server]: RegulatedPurePursuitController detected collision ahead!
[controller_server-2] [WARN] [1756744399.110634055] [controller_server]: RegulatedPurePursuitController detected collision ahead!
[controller_server-2] [WARN] [1756744399.211703409] [controller_server]: RegulatedPurePursuitController detected collision ahead!
[controller_server-2] [WARN] [1756744399.312705443] [controller_server]: RegulatedPurePursuitController detected collision ahead!
[controller_server-2] [ERROR] [1756744399.312802139] [controller_server]: Controller patience exceeded
[controller_server-2] [WARN] [1756744399.312882018] [controller_server]: [follow_path] [ActionServer] Aborting handle.
[behavior_server-5] [INFO] [1756744399.329005109] [behavior_server]: Running spin
[behavior_server-5] [INFO] [1756744399.329143210] [behavior_server]: Turning 1.57 for spin behavior.
[behavior_server-5] [INFO] [1756744402.329381059] [behavior_server]: spin completed successfully
[controller_server-2] [INFO] [1756744402.379116901] [controller_server]: Received a goal, begin computing control effort.
[controller_server-2] [INFO] [1756744403.479340213] [controller_server]: Passing new path to controller.
[controller_server-2] [INFO] [1756744404.479342431] [controller_server]: Passing new path to controller.
[controller_server-2] [INFO] [1756744405.479344643] [controller_server]: Passing new path to controller.
[controller_server-2] [WARN] [1756744406.179949511] [controller_server]: RegulatedPurePursuitController detected collision ahead!
[controller_server-2] [WARN] [1756744406.279913467] [controller_server]: RegulatedPurePursuitController detected collision ahead!
[controller_server-2] [WARN] [1756744406.379490807] [controller_server]: RegulatedPurePursuitController detected collision ahead!
[controller_server-2] [WARN] [1756744406.479987194] [controller_server]: RegulatedPurePursuitController detected collision ahead!
[controller_server-2] [INFO] [1756744406.579345405] [controller_server]: Passing new path to controller.
[controller_server-2] [WARN] [1756744406.580217819] [controller_server]: RegulatedPurePursuitController detected collision ahead!
[controller_server-2] [WARN] [1756744406.679824692] [controller_server]: RegulatedPurePursuitController detected collision ahead!
[controller_server-2] [WARN] [1756744406.779856587] [controller_server]: RegulatedPurePursuitController detected collision ahead!
[controller_server-2] [WARN] [1756744406.879984403] [controller_server]: RegulatedPurePursuitController detected collision ahead!
[controller_server-2] [WARN] [1756744406.979988503] [controller_server]: RegulatedPurePursuitController detected collision ahead!
[controller_server-2] [WARN] [1756744407.079987045] [controller_server]: RegulatedPurePursuitController detected collision ahead!
[controller_server-2] [WARN] [1756744407.179993055] [controller_server]: RegulatedPurePursuitController detected collision ahead!
[controller_server-2] [WARN] [1756744407.279974960] [controller_server]: RegulatedPurePursuitController detected collision ahead!
[controller_server-2] [WARN] [1756744407.379967955] [controller_server]: RegulatedPurePursuitController detected collision ahead!
[controller_server-2] [WARN] [1756744407.480003522] [controller_server]: RegulatedPurePursuitController detected collision ahead!
[controller_server-2] [INFO] [1756744407.579339063] [controller_server]: Passing new path to controller.
[controller_server-2] [WARN] [1756744407.580036904] [controller_server]: RegulatedPurePursuitController detected collision ahead!
[controller_server-2] [WARN] [1756744407.680015692] [controller_server]: RegulatedPurePursuitController detected collision ahead!
[controller_server-2] [WARN] [1756744407.779997960] [controller_server]: RegulatedPurePursuitController detected collision ahead!
[controller_server-2] [WARN] [1756744407.879922672] [controller_server]: RegulatedPurePursuitController detected collision ahead!
[controller_server-2] [WARN] [1756744407.980008034] [controller_server]: RegulatedPurePursuitController detected collision ahead!
[controller_server-2] [WARN] [1756744408.079992288] [controller_server]: RegulatedPurePursuitController detected collision ahead!
[controller_server-2] [ERROR] [1756744408.080087622] [controller_server]: Controller patience exceeded
[controller_server-2] [WARN] [1756744408.080161239] [controller_server]: [follow_path] [ActionServer] Aborting handle.
[controller_server-2] [INFO] [1756744408.098681897] [local_costmap.local_costmap]: Received request to clear entirely the local_costmap
[controller_server-2] [INFO] [1756744408.100030223] [controller_server]: Received a goal, begin computing control effort.
[controller_server-2] [WARN] [1756744408.291400268] [controller_server]: RegulatedPurePursuitController detected collision ahead!
[controller_server-2] [WARN] [1756744408.291711018] [controller_server]: Control loop missed its desired rate of 10.0000Hz
[controller_server-2] [WARN] [1756744408.292765530] [controller_server]: RegulatedPurePursuitController detected collision ahead!
[controller_server-2] [WARN] [1756744408.301307334] [controller_server]: RegulatedPurePursuitController detected collision ahead!
[controller_server-2] [WARN] [1756744408.400869715] [controller_server]: RegulatedPurePursuitController detected collision ahead!
[controller_server-2] [WARN] [1756744408.500374616] [controller_server]: RegulatedPurePursuitController detected collision ahead!
[controller_server-2] [INFO] [1756744408.600219646] [controller_server]: Passing new path to controller.
[controller_server-2] [WARN] [1756744408.601086324] [controller_server]: RegulatedPurePursuitController detected collision ahead!
[controller_server-2] [WARN] [1756744408.700867129] [controller_server]: RegulatedPurePursuitController detected collision ahead!
[controller_server-2] [WARN] [1756744408.800848844] [controller_server]: RegulatedPurePursuitController detected collision ahead!
[controller_server-2] [WARN] [1756744408.900869608] [controller_server]: RegulatedPurePursuitController detected collision ahead!
[controller_server-2] [WARN] [1756744409.000949979] [controller_server]: RegulatedPurePursuitController detected collision ahead!
[controller_server-2] [WARN] [1756744409.100792844] [controller_server]: RegulatedPurePursuitController detected collision ahead!
[controller_server-2] [WARN] [1756744409.200881942] [controller_server]: RegulatedPurePursuitController detected collision ahead!
[controller_server-2] [WARN] [1756744409.300851711] [controller_server]: RegulatedPurePursuitController detected collision ahead!
[controller_server-2] [WARN] [1756744409.400879133] [controller_server]: RegulatedPurePursuitController detected collision ahead!
[controller_server-2] [WARN] [1756744409.500432246] [controller_server]: RegulatedPurePursuitController detected collision ahead!
[controller_server-2] [INFO] [1756744409.600210813] [controller_server]: Passing new path to controller.
[controller_server-2] [WARN] [1756744409.681675836] [controller_server]: RegulatedPurePursuitController detected collision ahead!
[controller_server-2] [WARN] [1756744409.700404828] [controller_server]: RegulatedPurePursuitController detected collision ahead!
[controller_server-2] [WARN] [1756744409.800325694] [controller_server]: RegulatedPurePursuitController detected collision ahead!
[controller_server-2] [WARN] [1756744409.900884621] [controller_server]: RegulatedPurePursuitController detected collision ahead!
[controller_server-2] [WARN] [1756744410.000984145] [controller_server]: RegulatedPurePursuitController detected collision ahead!
[controller_server-2] [WARN] [1756744410.100311656] [controller_server]: RegulatedPurePursuitController detected collision ahead!
[controller_server-2] [ERROR] [1756744410.100339258] [controller_server]: Controller patience exceeded
[controller_se