[INFO] [launch]: All log files can be found below /home/robot/.ros/log/2025-09-04-19-06-36-806134-robot-pc04-51464
[INFO] [launch]: Default logging verbosity is set to INFO
[INFO] [async_slam_toolbox_node-1]: process started with pid [51478]
[INFO] [controller_server-2]: process started with pid [51480]
[INFO] [smoother_server-3]: process started with pid [51482]
[INFO] [planner_server-4]: process started with pid [51484]
[INFO] [behavior_server-5]: process started with pid [51486]
[INFO] [bt_navigator-6]: process started with pid [51488]
[INFO] [waypoint_follower-7]: process started with pid [51490]
[INFO] [velocity_smoother-8]: process started with pid [51492]
[INFO] [lifecycle_manager-9]: process started with pid [51494]
[INFO] [explore-10]: process started with pid [51496]
[INFO] [rviz2-11]: process started with pid [51498]
[async_slam_toolbox_node-1] [INFO] [1757005596.912862932] [slam]: Node using stack size 40000000
[smoother_server-3] [INFO] [1757005596.916167835] [smoother_server]: 
[smoother_server-3] 	smoother_server lifecycle node launched. 
[smoother_server-3] 	Waiting on external lifecycle transitions to activate
[smoother_server-3] 	See https://design.ros2.org/articles/node_lifecycle.html for more information.
[smoother_server-3] [INFO] [1757005596.917080444] [smoother_server]: Creating smoother server
[controller_server-2] [INFO] [1757005596.917746011] [controller_server]: 
[controller_server-2] 	controller_server lifecycle node launched. 
[controller_server-2] 	Waiting on external lifecycle transitions to activate
[controller_server-2] 	See https://design.ros2.org/articles/node_lifecycle.html for more information.
[behavior_server-5] [INFO] [1757005596.918347022] [behavior_server]: 
[behavior_server-5] 	behavior_server lifecycle node launched. 
[behavior_server-5] 	Waiting on external lifecycle transitions to activate
[behavior_server-5] 	See https://design.ros2.org/articles/node_lifecycle.html for more information.
[velocity_smoother-8] [INFO] [1757005596.918767040] [velocity_smoother]: 
[velocity_smoother-8] 	velocity_smoother lifecycle node launched. 
[velocity_smoother-8] 	Waiting on external lifecycle transitions to activate
[velocity_smoother-8] 	See https://design.ros2.org/articles/node_lifecycle.html for more information.
[controller_server-2] [INFO] [1757005596.919712241] [controller_server]: Creating controller server
[explore-10] [INFO] [1757005596.920358070] [explore_node]: Waiting for costmap to become available, topic: map
[planner_server-4] [INFO] [1757005596.921408229] [planner_server]: 
[planner_server-4] 	planner_server lifecycle node launched. 
[planner_server-4] 	Waiting on external lifecycle transitions to activate
[planner_server-4] 	See https://design.ros2.org/articles/node_lifecycle.html for more information.
[bt_navigator-6] [INFO] [1757005596.921891902] [bt_navigator]: 
[bt_navigator-6] 	bt_navigator lifecycle node launched. 
[bt_navigator-6] 	Waiting on external lifecycle transitions to activate
[bt_navigator-6] 	See https://design.ros2.org/articles/node_lifecycle.html for more information.
[planner_server-4] [INFO] [1757005596.921976828] [planner_server]: Creating
[bt_navigator-6] [INFO] [1757005596.921980934] [bt_navigator]: Creating
[waypoint_follower-7] [INFO] [1757005596.924234331] [waypoint_follower]: 
[waypoint_follower-7] 	waypoint_follower lifecycle node launched. 
[waypoint_follower-7] 	Waiting on external lifecycle transitions to activate
[waypoint_follower-7] 	See https://design.ros2.org/articles/node_lifecycle.html for more information.
[controller_server-2] [INFO] [1757005596.924646619] [local_costmap.local_costmap]: 
[controller_server-2] 	local_costmap lifecycle node launched. 
[controller_server-2] 	Waiting on external lifecycle transitions to activate
[controller_server-2] 	See https://design.ros2.org/articles/node_lifecycle.html for more information.
[waypoint_follower-7] [INFO] [1757005596.925140913] [waypoint_follower]: Creating
[controller_server-2] [INFO] [1757005596.925208502] [local_costmap.local_costmap]: Creating Costmap
[planner_server-4] [INFO] [1757005596.927189589] [global_costmap.global_costmap]: 
[planner_server-4] 	global_costmap lifecycle node launched. 
[planner_server-4] 	Waiting on external lifecycle transitions to activate
[planner_server-4] 	See https://design.ros2.org/articles/node_lifecycle.html for more information.
[planner_server-4] [INFO] [1757005596.927459160] [global_costmap.global_costmap]: Creating Costmap
[lifecycle_manager-9] [INFO] [1757005596.927609619] [lifecycle_manager_navigation]: Creating
[lifecycle_manager-9] [INFO] [1757005596.928811375] [lifecycle_manager_navigation]: [34m[1mCreating and initializing lifecycle service clients[0m[0m
[async_slam_toolbox_node-1] [INFO] [1757005596.928847026] [slam]: Using solver plugin solver_plugins::CeresSolver
[async_slam_toolbox_node-1] [INFO] [1757005596.928910403] [slam]: CeresSolver: Using SCHUR_JACOBI preconditioner.
[lifecycle_manager-9] [INFO] [1757005596.932065252] [lifecycle_manager_navigation]: [34m[1mStarting managed nodes bringup...[0m[0m
[lifecycle_manager-9] [INFO] [1757005596.932085682] [lifecycle_manager_navigation]: [34m[1mConfiguring controller_server[0m[0m
[controller_server-2] [INFO] [1757005596.932215622] [controller_server]: Configuring controller interface
[controller_server-2] [INFO] [1757005596.932295750] [controller_server]: getting goal checker plugins..
[controller_server-2] [INFO] [1757005596.932359191] [controller_server]: Controller frequency set to 10.0000Hz
[controller_server-2] [INFO] [1757005596.932382207] [local_costmap.local_costmap]: Configuring
[controller_server-2] [INFO] [1757005596.934201363] [local_costmap.local_costmap]: Using plugin "obstacle_layer"
[controller_server-2] [INFO] [1757005596.935711388] [local_costmap.local_costmap]: Subscribed to Topics: scan
[controller_server-2] [INFO] [1757005596.936696772] [local_costmap.local_costmap]: Initialized plugin "obstacle_layer"
[controller_server-2] [INFO] [1757005596.936712194] [local_costmap.local_costmap]: Using plugin "inflation_layer"
[controller_server-2] [INFO] [1757005596.937124113] [local_costmap.local_costmap]: Initialized plugin "inflation_layer"
[controller_server-2] [INFO] [1757005596.939961400] [controller_server]: Created progress_checker : progress_checker of type nav2_controller::SimpleProgressChecker
[controller_server-2] [INFO] [1757005596.940162083] [controller_server]: Created goal checker : goal_checker of type nav2_controller::SimpleGoalChecker
[controller_server-2] [INFO] [1757005596.940227495] [controller_server]: Controller Server has goal_checker  goal checkers available.
[controller_server-2] [INFO] [1757005596.940432400] [controller_server]: Created controller : FollowPath of type nav2_regulated_pure_pursuit_controller::RegulatedPurePursuitController
[controller_server-2] [INFO] [1757005596.941697626] [controller_server]: Controller Server has FollowPath  controllers available.
[lifecycle_manager-9] [INFO] [1757005596.943933108] [lifecycle_manager_navigation]: [34m[1mConfiguring smoother_server[0m[0m
[smoother_server-3] [INFO] [1757005596.944038866] [smoother_server]: Configuring smoother server
[smoother_server-3] [INFO] [1757005596.948806589] [smoother_server]: Created smoother : simple_smoother of type nav2_smoother::SimpleSmoother
[smoother_server-3] [INFO] [1757005596.949107808] [smoother_server]: Smoother Server has simple_smoother  smoothers available.
[lifecycle_manager-9] [INFO] [1757005596.952397727] [lifecycle_manager_navigation]: [34m[1mConfiguring planner_server[0m[0m
[planner_server-4] [INFO] [1757005596.952550504] [planner_server]: Configuring
[planner_server-4] [INFO] [1757005596.952587663] [global_costmap.global_costmap]: Configuring
[planner_server-4] [INFO] [1757005596.955282551] [global_costmap.global_costmap]: Using plugin "static_layer"
[planner_server-4] [INFO] [1757005596.957535294] [global_costmap.global_costmap]: Subscribing to the map topic (/map) with transient local durability
[planner_server-4] [INFO] [1757005596.958542485] [global_costmap.global_costmap]: Initialized plugin "static_layer"
[planner_server-4] [INFO] [1757005596.958566616] [global_costmap.global_costmap]: Using plugin "obstacle_layer"
[planner_server-4] [INFO] [1757005596.959115448] [global_costmap.global_costmap]: Subscribed to Topics: scan
[planner_server-4] [INFO] [1757005596.960738171] [global_costmap.global_costmap]: Initialized plugin "obstacle_layer"
[planner_server-4] [INFO] [1757005596.960762053] [global_costmap.global_costmap]: Using plugin "inflation_layer"
[planner_server-4] [INFO] [1757005596.961148748] [global_costmap.global_costmap]: Initialized plugin "inflation_layer"
[planner_server-4] [INFO] [1757005596.965415549] [planner_server]: Created global planner plugin GridBased of type nav2_navfn_planner/NavfnPlanner
[planner_server-4] [INFO] [1757005596.965444609] [planner_server]: Configuring plugin GridBased of type NavfnPlanner
[planner_server-4] [INFO] [1757005596.965624792] [planner_server]: Planner Server has GridBased  planners available.
[lifecycle_manager-9] [INFO] [1757005596.970518417] [lifecycle_manager_navigation]: [34m[1mConfiguring behavior_server[0m[0m
[behavior_server-5] [INFO] [1757005596.970728449] [behavior_server]: Configuring
[behavior_server-5] [INFO] [1757005596.977974468] [behavior_server]: Creating behavior plugin spin of type nav2_behaviors/Spin
[behavior_server-5] [INFO] [1757005596.978524957] [behavior_server]: Configuring spin
[behavior_server-5] [INFO] [1757005596.980748034] [behavior_server]: Creating behavior plugin backup of type nav2_behaviors/BackUp
[behavior_server-5] [INFO] [1757005596.981237715] [behavior_server]: Configuring backup
[behavior_server-5] [INFO] [1757005596.983046802] [behavior_server]: Creating behavior plugin drive_on_heading of type nav2_behaviors/DriveOnHeading
[behavior_server-5] [INFO] [1757005596.983617915] [behavior_server]: Configuring drive_on_heading
[behavior_server-5] [INFO] [1757005596.986034575] [behavior_server]: Creating behavior plugin wait of type nav2_behaviors/Wait
[behavior_server-5] [INFO] [1757005596.986515616] [behavior_server]: Configuring wait
[behavior_server-5] [INFO] [1757005596.987846202] [behavior_server]: Creating behavior plugin assisted_teleop of type nav2_behaviors/AssistedTeleop
[behavior_server-5] [INFO] [1757005596.988602391] [behavior_server]: Configuring assisted_teleop
[lifecycle_manager-9] [INFO] [1757005596.990661648] [lifecycle_manager_navigation]: [34m[1mConfiguring bt_navigator[0m[0m
[bt_navigator-6] [INFO] [1757005596.990756043] [bt_navigator]: Configuring
[lifecycle_manager-9] [INFO] [1757005597.008511089] [lifecycle_manager_navigation]: [34m[1mConfiguring waypoint_follower[0m[0m
[waypoint_follower-7] [INFO] [1757005597.008667010] [waypoint_follower]: Configuring
[waypoint_follower-7] [INFO] [1757005597.014795774] [waypoint_follower]: Created waypoint_task_executor : wait_at_waypoint of type nav2_waypoint_follower::WaitAtWaypoint
[lifecycle_manager-9] [INFO] [1757005597.015205913] [lifecycle_manager_navigation]: [34m[1mConfiguring velocity_smoother[0m[0m
[velocity_smoother-8] [INFO] [1757005597.015386251] [velocity_smoother]: Configuring velocity smoother
[lifecycle_manager-9] [INFO] [1757005597.016744058] [lifecycle_manager_navigation]: [34m[1mActivating controller_server[0m[0m
[controller_server-2] [INFO] [1757005597.016823767] [controller_server]: Activating
[controller_server-2] [INFO] [1757005597.016860288] [local_costmap.local_costmap]: Activating
[controller_server-2] [INFO] [1757005597.016874231] [local_costmap.local_costmap]: Checking transform
[controller_server-2] [INFO] [1757005597.016897209] [local_costmap.local_costmap]: Timed out waiting for transform from base_link to odom to become available, tf error: Invalid frame ID "odom" passed to canTransform argument target_frame - frame does not exist
[rviz2-11] [INFO] [1757005597.279570223] [rviz2]: Stereo is NOT SUPPORTED
[rviz2-11] [INFO] [1757005597.279625984] [rviz2]: OpenGl version: 4.6 (GLSL 4.6)
[rviz2-11] [INFO] [1757005597.307026707] [rviz2]: Stereo is NOT SUPPORTED
[controller_server-2] [INFO] [1757005597.516949196] [local_costmap.local_costmap]: Timed out waiting for transform from base_link to odom to become available, tf error: Invalid frame ID "odom" passed to canTransform argument target_frame - frame does not exist
[controller_server-2] [INFO] [1757005598.016956893] [local_costmap.local_costmap]: Timed out waiting for transform from base_link to odom to become available, tf error: Invalid frame ID "odom" passed to canTransform argument target_frame - frame does not exist
[controller_server-2] [INFO] [1757005598.516991620] [local_costmap.local_costmap]: Timed out waiting for transform from base_link to odom to become available, tf error: Invalid frame ID "odom" passed to canTransform argument target_frame - frame does not exist
[controller_server-2] [INFO] [1757005599.016985592] [local_costmap.local_costmap]: Timed out waiting for transform from base_link to odom to become available, tf error: Invalid frame ID "odom" passed to canTransform argument target_frame - frame does not exist
[controller_server-2] [INFO] [1757005599.516978851] [local_costmap.local_costmap]: Timed out waiting for transform from base_link to odom to become available, tf error: Invalid frame ID "odom" passed to canTransform argument target_frame - frame does not exist
[controller_server-2] [INFO] [1757005600.016942176] [local_costmap.local_costmap]: Timed out waiting for transform from base_link to odom to become available, tf error: Invalid frame ID "odom" passed to canTransform argument target_frame - frame does not exist
[controller_server-2] [INFO] [1757005600.516982169] [local_costmap.local_costmap]: Timed out waiting for transform from base_link to odom to become available, tf error: Invalid frame ID "odom" passed to canTransform argument target_frame - frame does not exist
[controller_server-2] [INFO] [1757005601.017033372] [local_costmap.local_costmap]: Timed out waiting for transform from base_link to odom to become available, tf error: Invalid frame ID "odom" passed to canTransform argument target_frame - frame does not exist
[controller_server-2] [INFO] [1757005601.517089143] [local_costmap.local_costmap]: Timed out waiting for transform from base_link to odom to become available, tf error: Invalid frame ID "odom" passed to canTransform argument target_frame - frame does not exist
[controller_server-2] [INFO] [1757005602.016982762] [local_costmap.local_costmap]: Timed out waiting for transform from base_link to odom to become available, tf error: Invalid frame ID "odom" passed to canTransform argument target_frame - frame does not exist
[controller_server-2] [INFO] [1757005602.517185936] [local_costmap.local_costmap]: start
[controller_server-2] [INFO] [1757005602.719456170] [controller_server]: Activating controller: FollowPath of type regulated_pure_pursuit_controller::RegulatedPurePursuitController
[controller_server-2] [INFO] [1757005602.719574223] [controller_server]: Creating bond (controller_server) to lifecycle manager.
[lifecycle_manager-9] [INFO] [1757005602.828023459] [lifecycle_manager_navigation]: Server controller_server connected with bond.
[lifecycle_manager-9] [INFO] [1757005602.828093615] [lifecycle_manager_navigation]: [34m[1mActivating smoother_server[0m[0m
[smoother_server-3] [INFO] [1757005602.828534773] [smoother_server]: Activating
[smoother_server-3] [INFO] [1757005602.828602447] [smoother_server]: Creating bond (smoother_server) to lifecycle manager.
[lifecycle_manager-9] [INFO] [1757005602.934028858] [lifecycle_manager_navigation]: Server smoother_server connected with bond.
[lifecycle_manager-9] [INFO] [1757005602.934146214] [lifecycle_manager_navigation]: [34m[1mActivating planner_server[0m[0m
[planner_server-4] [INFO] [1757005602.934778059] [planner_server]: Activating
[planner_server-4] [INFO] [1757005602.934899681] [global_costmap.global_costmap]: Activating
[planner_server-4] [INFO] [1757005602.934938103] [global_costmap.global_costmap]: Checking transform
[planner_server-4] [INFO] [1757005602.934998354] [global_costmap.global_costmap]: Timed out waiting for transform from base_link to map to become available, tf error: Invalid frame ID "map" passed to canTransform argument target_frame - frame does not exist
[async_slam_toolbox_node-1] [WARN] [1757005603.123446316] [slam]: minimum laser range setting (0.0 m) exceeds the capabilities of the used Lidar (0.1 m)
[rviz2-11] [INFO] [1757005603.339300402] [rviz2]: Trying to create a map of size 100 x 100 using 1 swatches
[planner_server-4] [INFO] [1757005603.435262630] [global_costmap.global_costmap]: start
[planner_server-4] [WARN] [1757005604.435615837] [global_costmap.global_costmap]: Sensor origin at (0.02, -0.00) is out of map bounds (0.00, 0.00) to (4.98, 4.98). The costmap cannot raytrace for it.
[planner_server-4] [INFO] [1757005604.437419696] [planner_server]: Activating plugin GridBased of type NavfnPlanner
[planner_server-4] [INFO] [1757005604.438524456] [planner_server]: Creating bond (planner_server) to lifecycle manager.
[rviz2-11] [INFO] [1757005604.460692337] [rviz2]: Trying to create a map of size 100 x 100 using 1 swatches
[lifecycle_manager-9] [INFO] [1757005604.542974128] [lifecycle_manager_navigation]: Server planner_server connected with bond.
[lifecycle_manager-9] [INFO] [1757005604.543092810] [lifecycle_manager_navigation]: [34m[1mActivating behavior_server[0m[0m
[behavior_server-5] [INFO] [1757005604.543690261] [behavior_server]: Activating
[behavior_server-5] [INFO] [1757005604.543774189] [behavior_server]: Activating spin
[behavior_server-5] [INFO] [1757005604.543805347] [behavior_server]: Activating backup
[behavior_server-5] [INFO] [1757005604.543825191] [behavior_server]: Activating drive_on_heading
[behavior_server-5] [INFO] [1757005604.543843343] [behavior_server]: Activating wait
[behavior_server-5] [INFO] [1757005604.543860848] [behavior_server]: Activating assisted_teleop
[behavior_server-5] [INFO] [1757005604.543884354] [behavior_server]: Creating bond (behavior_server) to lifecycle manager.
[lifecycle_manager-9] [INFO] [1757005604.651422295] [lifecycle_manager_navigation]: Server behavior_server connected with bond.
[lifecycle_manager-9] [INFO] [1757005604.651521721] [lifecycle_manager_navigation]: [34m[1mActivating bt_navigator[0m[0m
[bt_navigator-6] [INFO] [1757005604.652086064] [bt_navigator]: Activating
[bt_navigator-6] [ERROR] [1757005604.680702909] [bt_navigator]: Couldn't open input XML file: navigate_w_replanning_and_recovery.xml
[bt_navigator-6] [ERROR] [1757005604.680728487] [bt_navigator]: Error loading XML file: navigate_w_replanning_and_recovery.xml
[lifecycle_manager-9] [ERROR] [1757005604.680968256] [lifecycle_manager_navigation]: Failed to change state for node: bt_navigator
[lifecycle_manager-9] [ERROR] [1757005604.680987654] [lifecycle_manager_navigation]: Failed to bring up all requested nodes. Aborting bringup.
[planner_server-4] [INFO] [1757005604.933210184] [global_costmap.global_costmap]: StaticLayer: Resizing costmap to 103 X 75 at 0.040000 m/pix
[rviz2-11] [INFO] [1757005604.938966498] [rviz2]: Trying to create a map of size 103 x 75 using 1 swatches
[rviz2-11] [INFO] [1757005605.451827356] [rviz2]: Trying to create a map of size 103 x 75 using 1 swatches
[explore-10] [INFO] [1757005606.940605940] [explore_node]: Waiting to connect to move_base nav2 server
[explore-10] [INFO] [1757005606.940866960] [explore_node]: Connected to move_base nav2 server
[explore-10] [INFO] [1757005606.940875760] [explore_node]: Getting initial pose of the robot
[explore-10] [INFO] [1757005607.001846842] [explore_node]: [NAV] Remembered last goal (-0.47, -0.40, yaw from quat).
[explore-10] [ERROR] [1757005641.684802736] [explore_node]: Extrapolation Error looking up robot pose: Lookup would require extrapolation into the future.  Requested time 1757005641.379623 but the latest data is at time 1757005641.345454, when looking up transform from frame [base_link] to frame [map]
[explore-10] 
[explore-10] [ERROR] [1757005646.274964660] [explore_node]: Extrapolation Error looking up robot pose: Lookup would require extrapolation into the future.  Requested time 1757005645.970761 but the latest data is at time 1757005645.945453, when looking up transform from frame [base_link] to frame [map]
[explore-1