[INFO] [launch]: All log files can be found below /home/robot/.ros/log/2025-09-03-15-38-58-012845-robot-pc04-18543
[INFO] [launch]: Default logging verbosity is set to INFO
[INFO] [async_slam_toolbox_node-1]: process started with pid [18556]
[INFO] [controller_server-2]: process started with pid [18558]
[INFO] [smoother_server-3]: process started with pid [18560]
[INFO] [planner_server-4]: process started with pid [18562]
[INFO] [behavior_server-5]: process started with pid [18564]
[INFO] [bt_navigator-6]: process started with pid [18566]
[INFO] [waypoint_follower-7]: process started with pid [18568]
[INFO] [velocity_smoother-8]: process started with pid [18570]
[INFO] [lifecycle_manager-9]: process started with pid [18572]
[INFO] [explore-10]: process started with pid [18574]
[INFO] [rviz2-11]: process started with pid [18576]
[async_slam_toolbox_node-1] [INFO] [1756906738.119610837] [slam]: Node using stack size 40000000
[controller_server-2] [INFO] [1756906738.123382433] [controller_server]: 
[controller_server-2] 	controller_server lifecycle node launched. 
[controller_server-2] 	Waiting on external lifecycle transitions to activate
[controller_server-2] 	See https://design.ros2.org/articles/node_lifecycle.html for more information.
[waypoint_follower-7] [INFO] [1756906738.123376978] [waypoint_follower]: 
[waypoint_follower-7] 	waypoint_follower lifecycle node launched. 
[waypoint_follower-7] 	Waiting on external lifecycle transitions to activate
[waypoint_follower-7] 	See https://design.ros2.org/articles/node_lifecycle.html for more information.
[velocity_smoother-8] [INFO] [1756906738.123524799] [velocity_smoother]: 
[velocity_smoother-8] 	velocity_smoother lifecycle node launched. 
[velocity_smoother-8] 	Waiting on external lifecycle transitions to activate
[velocity_smoother-8] 	See https://design.ros2.org/articles/node_lifecycle.html for more information.
[waypoint_follower-7] [INFO] [1756906738.123724147] [waypoint_follower]: Creating
[planner_server-4] [INFO] [1756906738.124604243] [planner_server]: 
[planner_server-4] 	planner_server lifecycle node launched. 
[planner_server-4] 	Waiting on external lifecycle transitions to activate
[planner_server-4] 	See https://design.ros2.org/articles/node_lifecycle.html for more information.
[planner_server-4] [INFO] [1756906738.125451966] [planner_server]: Creating
[controller_server-2] [INFO] [1756906738.125498951] [controller_server]: Creating controller server
[smoother_server-3] [INFO] [1756906738.125948510] [smoother_server]: 
[smoother_server-3] 	smoother_server lifecycle node launched. 
[smoother_server-3] 	Waiting on external lifecycle transitions to activate
[smoother_server-3] 	See https://design.ros2.org/articles/node_lifecycle.html for more information.
[lifecycle_manager-9] [INFO] [1756906738.126359759] [lifecycle_manager_navigation]: Creating
[smoother_server-3] [INFO] [1756906738.126708801] [smoother_server]: Creating smoother server
[lifecycle_manager-9] [INFO] [1756906738.127831904] [lifecycle_manager_navigation]: [34m[1mCreating and initializing lifecycle service clients[0m[0m
[behavior_server-5] [INFO] [1756906738.128784572] [behavior_server]: 
[behavior_server-5] 	behavior_server lifecycle node launched. 
[behavior_server-5] 	Waiting on external lifecycle transitions to activate
[behavior_server-5] 	See https://design.ros2.org/articles/node_lifecycle.html for more information.
[bt_navigator-6] [INFO] [1756906738.129672347] [bt_navigator]: 
[bt_navigator-6] 	bt_navigator lifecycle node launched. 
[bt_navigator-6] 	Waiting on external lifecycle transitions to activate
[bt_navigator-6] 	See https://design.ros2.org/articles/node_lifecycle.html for more information.
[bt_navigator-6] [INFO] [1756906738.129742717] [bt_navigator]: Creating
[explore-10] [INFO] [1756906738.130162128] [explore_node]: Waiting for costmap to become available, topic: map
[controller_server-2] [INFO] [1756906738.132884846] [local_costmap.local_costmap]: 
[controller_server-2] 	local_costmap lifecycle node launched. 
[controller_server-2] 	Waiting on external lifecycle transitions to activate
[controller_server-2] 	See https://design.ros2.org/articles/node_lifecycle.html for more information.
[controller_server-2] [INFO] [1756906738.133257154] [local_costmap.local_costmap]: Creating Costmap
[planner_server-4] [INFO] [1756906738.133397960] [global_costmap.global_costmap]: 
[planner_server-4] 	global_costmap lifecycle node launched. 
[planner_server-4] 	Waiting on external lifecycle transitions to activate
[planner_server-4] 	See https://design.ros2.org/articles/node_lifecycle.html for more information.
[lifecycle_manager-9] [INFO] [1756906738.133677212] [lifecycle_manager_navigation]: [34m[1mStarting managed nodes bringup...[0m[0m
[lifecycle_manager-9] [INFO] [1756906738.133699813] [lifecycle_manager_navigation]: [34m[1mConfiguring controller_server[0m[0m
[planner_server-4] [INFO] [1756906738.133741122] [global_costmap.global_costmap]: Creating Costmap
[controller_server-2] [INFO] [1756906738.134246549] [controller_server]: Configuring controller interface
[controller_server-2] [INFO] [1756906738.134349023] [controller_server]: getting goal checker plugins..
[controller_server-2] [INFO] [1756906738.134420814] [controller_server]: Controller frequency set to 10.0000Hz
[controller_server-2] [INFO] [1756906738.134447082] [local_costmap.local_costmap]: Configuring
[async_slam_toolbox_node-1] [INFO] [1756906738.135564085] [slam]: Using solver plugin solver_plugins::CeresSolver
[async_slam_toolbox_node-1] [INFO] [1756906738.135623233] [slam]: CeresSolver: Using SCHUR_JACOBI preconditioner.
[controller_server-2] [INFO] [1756906738.136951655] [local_costmap.local_costmap]: Using plugin "static_layer"
[controller_server-2] [INFO] [1756906738.138490901] [local_costmap.local_costmap]: Subscribing to the map topic (/map) with transient local durability
[controller_server-2] [INFO] [1756906738.139007702] [local_costmap.local_costmap]: Initialized plugin "static_layer"
[controller_server-2] [INFO] [1756906738.139017949] [local_costmap.local_costmap]: Using plugin "obstacle_layer"
[controller_server-2] [INFO] [1756906738.139176744] [local_costmap.local_costmap]: Subscribed to Topics: scan
[controller_server-2] [INFO] [1756906738.140149040] [local_costmap.local_costmap]: Initialized plugin "obstacle_layer"
[controller_server-2] [INFO] [1756906738.140160084] [local_costmap.local_costmap]: Using plugin "inflation_layer"
[controller_server-2] [INFO] [1756906738.140669948] [local_costmap.local_costmap]: Initialized plugin "inflation_layer"
[controller_server-2] [INFO] [1756906738.143442454] [controller_server]: Created progress_checker : progress_checker of type nav2_controller::SimpleProgressChecker
[controller_server-2] [INFO] [1756906738.143724526] [controller_server]: Created goal checker : goal_checker of type nav2_controller::SimpleGoalChecker
[controller_server-2] [INFO] [1756906738.143821031] [controller_server]: Controller Server has goal_checker  goal checkers available.
[controller_server-2] [INFO] [1756906738.144048475] [controller_server]: Created controller : FollowPath of type nav2_regulated_pure_pursuit_controller::RegulatedPurePursuitController
[controller_server-2] [INFO] [1756906738.145203498] [controller_server]: Controller Server has FollowPath  controllers available.
[lifecycle_manager-9] [INFO] [1756906738.147142206] [lifecycle_manager_navigation]: [34m[1mConfiguring smoother_server[0m[0m
[smoother_server-3] [INFO] [1756906738.147242017] [smoother_server]: Configuring smoother server
[smoother_server-3] [INFO] [1756906738.150244752] [smoother_server]: Created smoother : simple_smoother of type nav2_smoother::SimpleSmoother
[smoother_server-3] [INFO] [1756906738.150379547] [smoother_server]: Smoother Server has simple_smoother  smoothers available.
[lifecycle_manager-9] [INFO] [1756906738.151988404] [lifecycle_manager_navigation]: [34m[1mConfiguring planner_server[0m[0m
[planner_server-4] [INFO] [1756906738.152116772] [planner_server]: Configuring
[planner_server-4] [INFO] [1756906738.152150717] [global_costmap.global_costmap]: Configuring
[planner_server-4] [INFO] [1756906738.154985647] [global_costmap.global_costmap]: Using plugin "static_layer"
[planner_server-4] [INFO] [1756906738.157027803] [global_costmap.global_costmap]: Subscribing to the map topic (/map) with transient local durability
[planner_server-4] [INFO] [1756906738.157524608] [global_costmap.global_costmap]: Initialized plugin "static_layer"
[planner_server-4] [INFO] [1756906738.157536538] [global_costmap.global_costmap]: Using plugin "obstacle_layer"
[planner_server-4] [INFO] [1756906738.157731122] [global_costmap.global_costmap]: Subscribed to Topics: scan
[planner_server-4] [INFO] [1756906738.158698788] [global_costmap.global_costmap]: Initialized plugin "obstacle_layer"
[planner_server-4] [INFO] [1756906738.158710812] [global_costmap.global_costmap]: Using plugin "inflation_layer"
[planner_server-4] [INFO] [1756906738.159026947] [global_costmap.global_costmap]: Initialized plugin "inflation_layer"
[planner_server-4] [INFO] [1756906738.161743128] [planner_server]: Created global planner plugin GridBased of type nav2_navfn_planner/NavfnPlanner
[planner_server-4] [INFO] [1756906738.161758995] [planner_server]: Configuring plugin GridBased of type NavfnPlanner
[planner_server-4] [INFO] [1756906738.161890484] [planner_server]: Planner Server has GridBased  planners available.
[lifecycle_manager-9] [INFO] [1756906738.164128982] [lifecycle_manager_navigation]: [34m[1mConfiguring behavior_server[0m[0m
[behavior_server-5] [INFO] [1756906738.164264108] [behavior_server]: Configuring
[behavior_server-5] [INFO] [1756906738.167172679] [behavior_server]: Creating behavior plugin spin of type nav2_behaviors/Spin
[behavior_server-5] [INFO] [1756906738.167513481] [behavior_server]: Configuring spin
[behavior_server-5] [INFO] [1756906738.168994818] [behavior_server]: Creating behavior plugin backup of type nav2_behaviors/BackUp
[behavior_server-5] [INFO] [1756906738.169300426] [behavior_server]: Configuring backup
[behavior_server-5] [INFO] [1756906738.170428493] [behavior_server]: Creating behavior plugin drive_on_heading of type nav2_behaviors/DriveOnHeading
[behavior_server-5] [INFO] [1756906738.170729062] [behavior_server]: Configuring drive_on_heading
[behavior_server-5] [INFO] [1756906738.171793885] [behavior_server]: Creating behavior plugin wait of type nav2_behaviors/Wait
[behavior_server-5] [INFO] [1756906738.172064558] [behavior_server]: Configuring wait
[behavior_server-5] [INFO] [1756906738.173394307] [behavior_server]: Creating behavior plugin assisted_teleop of type nav2_behaviors/AssistedTeleop
[behavior_server-5] [INFO] [1756906738.174293920] [behavior_server]: Configuring assisted_teleop
[lifecycle_manager-9] [INFO] [1756906738.177986427] [lifecycle_manager_navigation]: [34m[1mConfiguring bt_navigator[0m[0m
[bt_navigator-6] [INFO] [1756906738.178199921] [bt_navigator]: Configuring
[lifecycle_manager-9] [INFO] [1756906738.196599451] [lifecycle_manager_navigation]: [34m[1mConfiguring waypoint_follower[0m[0m
[waypoint_follower-7] [INFO] [1756906738.196724932] [waypoint_follower]: Configuring
[waypoint_follower-7] [INFO] [1756906738.202078264] [waypoint_follower]: Created waypoint_task_executor : wait_at_waypoint of type nav2_waypoint_follower::WaitAtWaypoint
[lifecycle_manager-9] [INFO] [1756906738.202441059] [lifecycle_manager_navigation]: [34m[1mConfiguring velocity_smoother[0m[0m
[velocity_smoother-8] [INFO] [1756906738.202545248] [velocity_smoother]: Configuring velocity smoother
[lifecycle_manager-9] [INFO] [1756906738.203669761] [lifecycle_manager_navigation]: [34m[1mActivating controller_server[0m[0m
[controller_server-2] [INFO] [1756906738.203747897] [controller_server]: Activating
[controller_server-2] [INFO] [1756906738.203769664] [local_costmap.local_costmap]: Activating
[controller_server-2] [INFO] [1756906738.203775800] [local_costmap.local_costmap]: Checking transform
[controller_server-2] [INFO] [1756906738.203788819] [local_costmap.local_costmap]: Timed out waiting for transform from base_link to odom to become available, tf error: Invalid frame ID "odom" passed to canTransform argument target_frame - frame does not exist
[rviz2-11] [INFO] [1756906738.453506358] [rviz2]: Stereo is NOT SUPPORTED
[rviz2-11] [INFO] [1756906738.453552036] [rviz2]: OpenGl version: 4.6 (GLSL 4.6)
[rviz2-11] [INFO] [1756906738.560574548] [rviz2]: Stereo is NOT SUPPORTED
[controller_server-2] [INFO] [1756906738.703874470] [local_costmap.local_costmap]: Timed out waiting for transform from base_link to odom to become available, tf error: Invalid frame ID "odom" passed to canTransform argument target_frame - frame does not exist
[controller_server-2] [INFO] [1756906739.203870256] [local_costmap.local_costmap]: Timed out waiting for transform from base_link to odom to become available, tf error: Invalid frame ID "odom" passed to canTransform argument target_frame - frame does not exist
[controller_server-2] [INFO] [1756906739.703881862] [local_costmap.local_costmap]: Timed out waiting for transform from base_link to odom to become available, tf error: Invalid frame ID "odom" passed to canTransform argument target_frame - frame does not exist
[controller_server-2] [INFO] [1756906740.203879094] [local_costmap.local_costmap]: Timed out waiting for transform from base_link to odom to become available, tf error: Invalid frame ID "odom" passed to canTransform argument target_frame - frame does not exist
[controller_server-2] [INFO] [1756906740.703853977] [local_costmap.local_costmap]: Timed out waiting for transform from base_link to odom to become available, tf error: Invalid frame ID "odom" passed to canTransform argument target_frame - frame does not exist
[controller_server-2] [INFO] [1756906741.203884690] [local_costmap.local_costmap]: Timed out waiting for transform from base_link to odom to become available, tf error: Invalid frame ID "odom" passed to canTransform argument target_frame - frame does not exist
[controller_server-2] [INFO] [1756906741.704068727] [local_costmap.local_costmap]: start
[controller_server-2] [INFO] [1756906741.905898573] [controller_server]: Activating controller: FollowPath of type regulated_pure_pursuit_controller::RegulatedPurePursuitController
[controller_server-2] [INFO] [1756906741.906018457] [controller_server]: Creating bond (controller_server) to lifecycle manager.
[lifecycle_manager-9] [INFO] [1756906742.017280930] [lifecycle_manager_navigation]: Server controller_server connected with bond.
[lifecycle_manager-9] [INFO] [1756906742.017344619] [lifecycle_manager_navigation]: [34m[1mActivating smoother_server[0m[0m
[smoother_server-3] [INFO] [1756906742.017674755] [smoother_server]: Activating
[smoother_server-3] [INFO] [1756906742.017707535] [smoother_server]: Creating bond (smoother_server) to lifecycle manager.
[lifecycle_manager-9] [INFO] [1756906742.120552975] [lifecycle_manager_navigation]: Server smoother_server connected with bond.
[lifecycle_manager-9] [INFO] [1756906742.120582939] [lifecycle_manager_navigation]: [34m[1mActivating planner_server[0m[0m
[planner_server-4] [INFO] [1756906742.120788510] [planner_server]: Activating
[planner_server-4] [INFO] [1756906742.120815690] [global_costmap.global_costmap]: Activating
[planner_server-4] [INFO] [1756906742.120822160] [global_costmap.global_costmap]: Checking transform
[planner_server-4] [INFO] [1756906742.120838072] [global_costmap.global_costmap]: Timed out waiting for transform from base_link to map to become available, tf error: Invalid frame ID "map" passed to canTransform argument target_frame - frame does not exist
[planner_server-4] [INFO] [1756906742.620996324] [global_costmap.global_costmap]: Timed out waiting for transform from base_link to map to become available, tf error: Invalid frame ID "map" passed to canTransform argument target_frame - frame does not exist
[planner_server-4] [INFO] [1756906743.120910473] [global_costmap.global_costmap]: Timed out waiting for transform from base_link to map to become available, tf error: Invalid frame ID "map" passed to canTransform argument target_frame - frame does not exist
[async_slam_toolbox_node-1] [WARN] [1756906743.508558740] [slam]: minimum laser range setting (0.0 m) exceeds the capabilities of the used Lidar (0.1 m)
[rviz2-11] [INFO] [1756906743.538870266] [rviz2]: Trying to create a map of size 100 x 100 using 1 swatches
[planner_server-4] [INFO] [1756906743.621085378] [global_costmap.global_costmap]: start
[controller_server-2] [WARN] [1756906743.705044092] [local_costmap.local_costmap]: Can't update static costmap layer, no map received
[planner_server-4] [INFO] [1756906744.139095002] [global_costmap.global_costmap]: StaticLayer: Resizing costmap to 66 X 45 at 0.040000 m/pix
[controller_server-2] [INFO] [1756906744.139110126] [local_costmap.local_costmap]: StaticLayer: Resizing static layer to 66 X 45 at 0.040000 m/pix
[rviz2-11] [INFO] [1756906744.158624700] [rviz2]: Trying to create a map of size 66 x 45 using 1 swatches
[rviz2-11] [INFO] [1756906744.638879129] [rviz2]: Trying to create a map of size 66 x 45 using 1 swatches
[planner_server-4] [INFO] [1756906744.672811064] [planner_server]: Activating plugin GridBased of type NavfnPlanner
[planner_server-4] [INFO] [1756906744.674900215] [planner_server]: Creating bond (planner_server) to lifecycle manager.
[lifecycle_manager-9] [INFO] [1756906744.782034779] [lifecycle_manager_navigation]: Server planner_server connected with bond.
[lifecycle_manager-9] [INFO] [1756906744.782138584] [lifecycle_manager_navigation]: [34m[1mActivating behavior_server[0m[0m
[behavior_server-5] [INFO] [1756906744.782852633] [behavior_server]: Activating
[behavior_server-5] [INFO] [1756906744.782925072] [behavior_server]: Activating spin
[behavior_server-5] [INFO] [1756906744.782950333] [behavior_server]: Activating backup
[behavior_server-5] [INFO] [1756906744.782968655] [behavior_server]: Activating drive_on_heading
[behavior_server-5] [INFO] [1756906744.782986369] [behavior_server]: Activating wait
[behavior_server-5] [INFO] [1756906744.783004125] [behavior_server]: Activating assisted_teleop
[behavior_server-5] [INFO] [1756906744.783028448] [behavior_server]: Creating bond (behavior_server) to lifecycle manager.
[lifecycle_manager-9] [INFO] [1756906744.891220981] [lifecycle_manager_navigation]: Server behavior_server connected with bond.
[lifecycle_manager-9] [INFO] [1756906744.891328201] [lifecycle_manager_navigation]: [34m[1mActivating bt_navigator[0m[0m
[bt_navigator-6] [INFO] [1756906744.892078058] [bt_navigator]: Activating
[bt_navigator-6] [INFO] [1756906744.927408416] [bt_navigator]: Creating bond (bt_navigator) to lifecycle manager.
[lifecycle_manager-9] [INFO] [1756906745.029116459] [lifecycle_manager_navigation]: Server bt_navigator connected with bond.
[lifecycle_manager-9] [INFO] [1756906745.029248076] [lifecycle_manager_navigation]: [34m[1mActivating waypoint_follower[0m[0m
[waypoint_follower-7] [INFO] [1756906745.029850885] [waypoint_follower]: Activating
[waypoint_follower-7] [INFO] [1756906745.029924963] [waypoint_follower]: Creating bond (waypoint_follower) to lifecycle manager.
[lifecycle_manager-9] [INFO] [1756906745.137740118] [lifecycle_manager_navigation]: Server waypoint_follower connected with bond.
[lifecycle_manager-9] [INFO] [1756906745.137837912] [lifecycle_manager_navigation]: [34m[1mActivating velocity_smoother[0m[0m
[velocity_smoother-8] [INFO] [1756906745.138453308] [velocity_smoother]: Activating
[velocity_smoother-8] [INFO] [1756906745.138585050] [velocity_smoother]: Creating bond (velocity_smoother) to lifecycle manager.
[lifecycle_manager-9] [INFO] [1756906745.246509046] [lifecycle_manager_navigation]: Server velocity_smoother connected with bond.
[lifecycle_manager-9] [INFO] [1756906745.246597212] [lifecycle_manager_navigation]: [34m[1mManaged nodes are active[0m[0m
[lifecycle_manager-9] [INFO] [1756906745.246620059] [lifecycle_manager_navigation]: [34m[1mCreating bond timer...[0m[0m
[explore-10] [INFO] [1756906746.152050761] [explore_node]: Waiting to connect to move_base nav2 server
[explore-10] [INFO] [1756906746.152453184] [explore_node]: Connected to move_base nav2 server
[explore-10] [INFO] [1756906746.152469285] [explore_node]: Getting initial pose of the robot
[bt_navigator-6] [INFO] [1756906746.199175138] [bt_navigator]: Begin navigating from current location (0.21, -0.05) to (1.36, 0.20)
[controller_server-2] [INFO] [1756906746.219937574] [controller_server]: Received a goal, begin computing control effort.
[controller_server-2] [WARN] [1756906746.219997626] [controller_server]: No goal checker was specified in parameter 'current_goal_checker'. Server will use only plugin loaded goal_checker . This warning will appear once.
[controller_server-2] [INFO] [1756906747.320102759] [controller_server]: Passing new path to controller.
[controller_server-2] [WARN] [1756906747.522035485] [controller_server]: Control loop missed its desired rate of 10.0000Hz
[rviz2-11] [INFO] [1756906748.160732980] [rviz2]: Trying to create a map of size 101 x 88 using 1 swatches
[controller_server-2] [INFO] [1756906748.304229340] [local_costmap.local_costmap]: StaticLayer: Resizing static layer to 101 X 88 at 0.040000 m/pix
[controller_server-2] [INFO] [1756906748.320107605] [controller_server]: Passing new path to controller.
[planner_server-4] [INFO] [1756906748.621368820] [global_costmap.global_costmap]: StaticLayer: Resizing costmap to 101 X 88 at 0.040000 m/pix
[rviz2-11] [INFO] [1756906748.641209939] [rviz2]: Trying to create a map of size 101 x 88 using 1 swatches
[controller_server-2] [INFO] [1756906749.320093298] [controller_server]: Passing new path to controller.
[controller_server-2] [INFO] [1756906750.420111821] [controller_server]: Passing new path to controller.
[controller_server-2] [INFO] [1756906751.420103337] [controller_server]: Passing new path to controller.
[rviz2-11] [INFO] [1756906752.161020152] [rviz2]: Trying to create a map of size 104 x 106 using 1 swatches
[controller_server-2] [INFO] [1756906752.304211630] [local_costmap.local_costmap]: StaticLayer: Resizing static layer to 104 X 106 at 0.040000 m/pix
[controller_server-2] [INFO] [1756906752.420101114] [controller_server]: Passing new path to controller.
[planner_server-4] [INFO] [1756906752.621336782] [global_costmap.global_costmap]: StaticLayer: Resizing costmap to 104 X 106 at 0.040000 m/pix
[rviz2-11] [INFO] [1756906752.639894008] [rviz2]: Trying to create a map of size 104 x 106 using 1 swatches
[bt_navigator-6] [INFO] [1756906752.879473010] [bt_navigator]: Received goal preemption request
[bt_navigator-6] [INFO] [1756906752.879851442] [bt_navigator]: Begin navigating from current location (1.31, 0.14) to (0.97, 2.23)
[controller_server-2] [INFO] [1756906753.420086891] [controller_server]: Passing new path to controller.
[controller_server-2] [INFO] [1756906754.520184235] [controller_server]: Passing new path to controller.
[controller_server-2] [INFO] [1756906755.520114758] [controller_server]: Passing new path to controller.
[controller_server-2] [INFO] [1756906756.520089134] [controller_server]: Passing new path to controller.
[controller_server-2] [INFO] [1756906757.620104752] [controller_server]: Passing new path to controller.
[rviz2-11] [INFO] [1756906758.178939792] [rviz2]: Trying to create a map of size 105 x 107 using 1 swatches
[controller_server-2] [INFO] [1756906758.304289369] [local_costmap.local_costmap]: StaticLayer: Resizing static layer to 105 X 107 at 0.040000 m/pix
[controller_server-2] [INFO] [1756906758.620110995] [controller_server]: Passing new path to controller.
[planner_server-4] [INFO] [1756906758.621339297] [global_costmap.global_costmap]: StaticLayer: Resizing costmap to 105 X 107 at 0.040000 m/pix
[rviz2-11] [INFO] [1756906758.660794171] [rviz2]: Trying to create a map of size 105 x 107 using 1 swatches
[bt_navigator-6] [INFO] [1756906759.570174465] [bt_navigator]: Received goal preemption request
[bt_navigator-6] [INFO] [1756906759.570464175] [bt_navigator]: Begin navigating from current location (1.35, 1.48) to (2.72, 1.28)
[controller_server-2] [INFO] [1756906759.620104187] [controller_server]: Passing new path to controller.
[rviz2-11] [INFO] [1756906760.161389158] [rviz2]: Trying to create a map of size 105 x 109 using 1 swatches
[controller_server-2] [INFO] [1756906760.304293067] [local_costmap.local_costmap]: StaticLayer: Resizing static layer to 105 X 109 at 0.040000 m/pix
[controller_server-2] [INFO] [1756906760.620088316] [controller_server]: Passing new path to controller.
[planner_server-4] [INFO] [1756906760.621277982] [global_costmap.global_costmap]: StaticLayer: Resizing costmap to 105 X 109 at 0.040000 m/pix
[rviz2-11] [INFO] [1756906760.641106442] [rviz2]: Trying to create a map of size 105 x 109 using 1 swatches
[controller_server-2] [INFO] [1756906761.720108393] [controller_server]: Passing new path to controller.
[controller_server-2] [INFO] [1756906762.720100957] [controller_server]: Passing new path to controller.
[controller_server-2] [INFO] [1756906763.720093379] [controller_server]: Passing new path to controller.
[controller_server-2] [INFO] [1756906764.820086606] [controller_server]: Passing new path to controller.
[controller_server-2] [INFO] [1756906765.820120863] [controller_server]: Passing new path to controller.
[rviz2-11] [INFO] [1756906766.177818404] [rviz2]: Trying to create a map of size 105 x 111 using 1 swatches
[controller_server-2] [INFO] [1756906766.304288346] [local_costmap.local_costmap]: StaticLayer: Resizing static layer to 105 X 111 at 0.040000 m/pix
[explore-10] [ERROR] [1756906766.456847354] [explore_node]: Extrapolation Error looking up robot pose: Lookup would require extrapolation into the future.  Requested time 1756906766.151136 but the latest data is at time 1756906766.023533, when looking up transform from frame [base_link] to frame [map]
[explore-10] 
[bt_navigator-6] [INFO] [1756906766.469451233] [bt_navigator]: Received goal preemption request
[bt_navigator-6] [INFO] [1756906766.469662013] [bt_navigator]: Begin navigating from current location (1.53, 1.49) to (2.22, -0.26)
[planner_server-4] [INFO] [1756906766.621358690] [global_costmap.global_costmap]: StaticLayer: Resizing costmap to 105 X 111 at 0.040000 m/pix
[controller_server-2] [ERROR] [1756906766.621559839] [controller_server]: Exception in transformPose: Lookup would require extrapolation into the future.  Requested time 1756906766.470374 but the latest data is at time 1756906766.424399, when looking up transform from frame [odom] to frame [map]
[controller_server-2] [WARN] [1756906766.621711105] [controller_server]: Unable to transform robot pose into global plan's frame
[controller_server-2] [WARN] [1756906766.621937208] [controller_server]: Control loop missed its desired rate of 10.0000Hz
[rviz2-11] [INFO] [1756906766.657297210] [rviz2]: Trying to create a map of size 105 x 111 using 1 swatches
[controller_server-2] [ERROR] [1756906766.723085445] [controller_server]: Exception in transformPose: Lookup would require extrapolation into the future.  Requested time 1756906766.520657 but the latest data is at time 1756906766.424399, when looking up transform from frame [odom] to frame [map]
[controller_server-2] [WARN] [1756906766.723269299] [controller_server]: Unable to transform robot pose into global plan's frame
[controller_server-2] [WARN] [1756906766.723454844] [controller_server]: Control loop missed its desired rate of 10.0000Hz
[controller_server-2] [ERROR] [1756906766.827959322] [controller_server]: Exception in transformPose: Lookup would require extrapolation into the future.  Requested time 1756906766.520657 but the latest data is at time 1756906766.424399, when looking up transform from frame [odom] to frame [map]
[controller_server-2] [WARN] [1756906766.828082013] [controller_server]: Unable to transform robot pose into global plan's frame
[controller_server-2] [WARN] [1756906766.828269380] [controller_server]: Control loop missed its desired rate of 10.0000Hz
[controller_server-2] [INFO] [1756906766.828296480] [controller_server]: Passing new path to controller.
[controller_server-2] [ERROR] [1756906766.930307594] [controller_server]: Exception in transformPose: Lookup would require extrapolation into the future.  Requested time 1756906766.520657 but the latest data is at time 1756906766.424399, when looking up transform from frame [odom] to frame [map]
[controller_server-2] [WARN] [1756906766.930447523] [controller_server]: Unable to transform robot pose into global plan's frame
[controller_server-2] [WARN] [1756906766.930734560] [controller_server]: Control loop missed its desired rate of 10.0000Hz
[controller_server-2] [ERROR] [1756906767.034329419] [controller_server]: Exception in transformPose: Lookup would require extrapolation into the future.  Requested time 1756906766.520657 but the latest data is at time 1756906766.424399, when looking up transform from frame [odom] to frame [map]
[controller_server-2] [WARN] [1756906767.034462328] [controller_server]: Unable to transform robot pose into global plan's frame
[controller_server-2] [WARN] [1756906767.034648195] [controller_server]: Control loop missed its desired rate of 10.0000Hz
[controller_server-2] [ERROR] [1756906767.135745252] [controller_server]: Exception in transformPose: Lookup would require extrapolation into the future.  Requested time 1756906766.520657 but the latest data is at time 1756906766.424399, when looking up transform from frame [odom] to frame [map]
[controller_server-2] [WARN] [1756906767.135889610] [controller_server]: Unable to transform robot pose into global plan's frame
[controller_server-2] [WARN] [1756906767.136180802] [controller_server]: Control loop missed its desired rate of 10.0000Hz
[controller_server-2] [INFO] [1756906767.920175557] [controller_server]: Passing new path to controller.
[rviz2-11] [ERROR] [1756906768.418788128] [rviz2]: Lookup would require extrapolation into the future.  Requested time 1756906768.378361 but the latest data is at time 1756906768.370466, when looking up transform from frame [laser] to frame [map]
[controller_server-2] [INFO] [1756906768.920102876] [controller_server]: Passing new path to controller.
[controller_server-2] [ERROR] [1756906768.920440203] [controller_server]: Failed to make progress
[controller_server-2] [WARN] [1756906768.920523896] [controller_server]: [follow_path] [ActionServer] Aborting handle.
[controller_server-2] [INFO] [1756906768.949856320] [local_costmap.local_costmap]: Received request to clear entirely the local_costmap
[controller_server-2] [INFO] [1756906768.952854978] [controller_server]: Received a goal, begin computing control effort.
[controller_server-2] [WARN] [1756906769.114240390] [controller_server]: Control loop missed its desired rate of 10.0000Hz
[controller_server-2] [INFO] [1756906769.953067470] [controller_server]: Passing new path to controller.
[controller_server-2] [INFO] [1756906770.953046730] [controller_server]: Passing new path to controller.
[controller_server-2] [INFO] [1756906771.953062550] [controller_server]: Passing new path to controller.
[rviz2-11] [INFO] [1756906772.161442179] [rviz2]: Trying to create a map of size 107 x 111 using 1 swatches
[controller_server-2] [INFO] [1756906772.304219385] [local_costmap.local_costmap]: StaticLayer: Resizing static layer to 107 X 111 at 0.040000 m/pix
[planner_server-4] [INFO] [1756906772.621309090] [global_costmap.global_costmap]: StaticLayer: Resizing costmap to 107 X 111 at 0.040000 m/pix
[rviz2-11] [INFO] [1756906772.642145112] [rviz2]: Trying to create a map of size 107 x 111 using 1 swatches
[controller_server-2] [INFO] [1756906773.053073248] [controller_server]: Passing new path to controller.
[controller_server-2] [INFO] [1756906774.053057880] [controller_server]: Passing new path to controller.
[controller_server-2] [INFO] [1756906775.053066239] [controller_server]: Passing new path to controller.
[controller_server-2] [INFO] [1756906776.153050457] [controller_server]: Passing new path to controller.
[controller_server-2] [INFO] [1756906777.153064629] [controller_server]: Passing new path to controller.
[controller_server-2] [INFO] [1756906778.153062025] [controller_server]: Passing new path to controller.
[controller_server-2] [INFO] [1756906779.153067838] [controller_server]: Passing new path to controller.
[bt_navigator-6] [INFO] [1756906779.569405964] [bt_navigator]: Received goal preemption request
[bt_navigator-6] [INFO] [1756906779.569647842] [bt_navigator]: Begin navigating from current location (2.37, 0.00) to (2.83, 2.37)
[rviz2-11] [INFO] [1756906780.159415895] [rviz2]: Trying to create a map of size 109 x 111 using 1 swatches
[controller_server-2] [INFO] [1756906780.253084453] [controller_server]: Passing new path to controller.
[controller_server-2] [INFO] [1756906780.304295632] [local_costmap.local_costmap]: StaticLayer: Resizing static layer to 109 X 111 at 0.040000 m/pix
[planner_server-4] [INFO] [1756906780.621276204] [global_costmap.global_costmap]: StaticLayer: Resizing costmap to 109 X 111 at 0.040000 m/pix
[rviz2-11] [INFO] [1756906780.642934502] [rviz2]: Trying to create a map of size 109 x 111 using 1 swatches
[controller_server-2] [INFO] [1756906781.253057439] [controller_server]: Passing new path to controller.
[controller_server-2] [INFO] [1756906782.253061988] [controller_server]: Passing new path to controller.
[controller_server-2] [INFO] [1756906783.353077060] [controller_server]: Passing new path to controller.
[controller_server-2] [INFO] [1756906784.353080584] [controller_server]: Passing new path to controller.
[controller_server-2] [INFO] [1756906785.353056140] [controller_server]: Passing new path to controller.
[bt_navigator-6] [INFO] [1756906786.199489331] [bt_navigator]: Received goal preemption request
[bt_navigator-6] [INFO] [1756906786.199871119] [bt_navigator]: Begin navigating from current location (2.30, -0.13) to (1.51, 2.55)
[controller_server-2] [INFO] [1756906786.353060513] [controller_server]: Passing new path to controller.
[controller_server-2] [INFO] [1756906787.453078457] [controller_server]: Passing new path to controller.
[controller_server-2] [INFO] [1756906788.453104986] [controller_server]: Passing new path to controller.
[controller_server-2] [INFO] [1756906789.453047724] [controller_server]: Passing new path to controller.
[controller_server-2] [INFO] [1756906790.553061391] [controller_server]: Passing new path to controller.
[controller_server-2] [INFO] [1756906791.553093871] [controller_server]: Passing new path to controller.
[controller_server-2] [ERROR] [1756906792.153983450] [controller_server]: Exception in transformPose: Lookup would require extrapolation into the future.  Requested time 1756906791.970411 but the latest data is at time 1756906791.898337, when looking up transform from frame [odom] to frame [map]
[controller_server-2] [WARN] [1756906792.154130078] [controller_server]: Unable to transform robot pose into global plan's frame
[controller_server-2] [WARN] [1756906792.154326509] [controller_server]: Control loop missed its desired rate of 10.0000Hz
[controller_server-2] [ERROR] [1756906792.257821774] [controller_server]: Exception in transformPose: Lookup would require extrapolation into the future.  Requested time 1756906792.023225 but the latest data is at time 1756906791.898337, when looking up transform from frame [odom] to frame [map]
[controller_server-2] [WARN] [1756906792.257928664] [controller_server]: Unable to transform robot pose into global plan's frame
[controller_server-2] [WARN] [1756906792.258132926] [controller_server]: Control loop missed its desired rate of 10.0000Hz
[controller_server-2] [ERROR] [1756906792.359328211] [controller_server]: Exception in transformPose: Lookup would require extrapolation into the future.  Requested time 1756906792.023225 but the latest data is at time 1756906791.898337, when looking up transform from frame [odom] to frame [map]
[controller_server-2] [WARN] [1756906792.359437786] [controller_server]: Unable to transform robot pose into global plan's frame
[controller_server-2] [WARN] [1756906792.359621297] [controller_server]: Control loop missed its desired rate of 10.0000Hz
[controller_server-2] [ERROR] [1756906792.463036977] [controller_server]: Exception in transformPose: Lookup would require extrapolation into the future.  Requested time 1756906792.023225 but the latest data is at time 1756906791.898337, when looking up transform from frame [odom] to frame [map]
[controller_server-2] [WARN] [1756906792.463146644] [controller_server]: Unable to transform robot pose into global plan's frame
[controller_server-2] [WARN] [1756906792.463322906] [controller_server]: Control loop missed its desired rate of 10.0000Hz
[controller_server-2] [ERROR] [1756906792.564405738] [controller_server]: Exception in transformPose: Lookup would require extrapolation into the future.  Requested time 1756906792.023225 but the latest data is at time 1756906791.898337, when looking up transform from frame [odom] to frame [map]
[controller_server-2] [WARN] [1756906792.564442165] [controller_server]: Unable to transform robot pose into global plan's frame
[controller_server-2] [WARN] [1756906792.564486431] [controller_server]: Control loop missed its desired rate of 10.0000Hz
[controller_server-2] [INFO] [1756906792.564491669] [controller_server]: Passing new path to controller.
[controller_server-2] [INFO] [1756906793.653063348] [controller_server]: Passing new path to controller.
[controller_server-2] [INFO] [1756906794.653063038] [controller_server]: Passing new path to controller.
[controller_server-2] [INFO] [1756906795.653048885] [controller_server]: Passing new path to controller.
[controller_server-2] [INFO] [1756906796.653053375] [controller_server]: Passing new path to controller.
[controller_server-2] [INFO] [1756906797.753065846] [controller_server]: Passing new path to controller.
[controller_server-2] [INFO] [1756906798.753065557] [controller_server]: Passing new path to controller.
[explore-10] [WARN] [1756906799.572939553] [explore_node]: All frontiers traversed/tried out, stopping.
[explore-10] [INFO] [1756906799.573005564] [explore_node]: Exploration stopped.
[explore-10] [INFO] [1756906799.573130536] [explore_node]: Returning to initial pose.
[bt_navigator-6] [INFO] [1756906799.579471038] [bt_navigator]: Received goal preemption request
[bt_navigator-6] [INFO] [1756906799.579834375] [bt_navigator]: Begin navigating from current location (1.27, 2.46) to (0.21, -0.05)
[controller_server-2] [INFO] [1756906799.753022157] [controller_server]: Passing new path to controller.
[controller_server-2] [INFO] [1756906800.853062348] [controller_server]: Passing new path to controller.
[controller_server-2] [INFO] [1756906801.853073566] [controller_server]: Passing new path to controller.
[controller_server-2] [INFO] [1756906802.853053146] [controller_server]: Passing new path to controller.
[controller_server-2] [INFO] [1756906803.853053291] [controller_server]: Passing new path to controller.
[controller_server-2] [INFO] [1756906804.953059070] [controller_server]: Passing new path to controller.
[controller_server-2] [INFO] [1756906805.953057331] [controller_server]: Passing new path to controller.
[controller_server-2] [INFO] [1756906806.953067209] [controller_server]: Passing new path to controller.
[controller_server-2] [INFO] [1756906808.053093182] [controller_server]: Passing new path to controller.
[controller_server-2] [INFO] [1756906809.053062943] [controller_server]: Passing new path to controller.
[controller_server-2] [INFO] [1756906810.053148206] [controller_server]: Passing new path to controller.
[controller_server-2] [INFO] [1756906811.053088246] [controller_server]: Passing new path to controller.
[controller_server-2] [INFO] [1756906812.153173024] [controller_server]: Passing new path to controller.
[controller_server-2] [INFO] [1756906813.153172936] [controller_server]: Passing new path to controller.
[controller_server-2] [INFO] [1756906814.153053223] [controller_server]: Passing new path to controller.
[controller_server-2] [INFO] [1756906815.153064410] [controller_server]: Passing new path to controller.
[controller_server-2] [INFO] [1756906816.253063330] [controller_server]: Passing new path to controller.
[controller_server-2] [INFO] [1756906817.253057137] [controller_server]: Passing new path to controller.
[controller_server-2] [INFO] [1756906818.253068024] [controller_server]: Passing new path to controller.
[controller_server-2] [INFO] [1756906819.353063663] [controller_server]: Passing new path to controller.
[controller_server-2] [INFO] [1756906820.353069563] [controller_