[INFO] [launch]: All log files can be found below /home/robot/.ros/log/2025-09-03-21-54-25-414817-robot-pc04-106493
[INFO] [launch]: Default logging verbosity is set to INFO
[INFO] [async_slam_toolbox_node-1]: process started with pid [106498]
[INFO] [controller_server-2]: process started with pid [106500]
[INFO] [smoother_server-3]: process started with pid [106502]
[INFO] [planner_server-4]: process started with pid [106504]
[INFO] [behavior_server-5]: process started with pid [106506]
[INFO] [bt_navigator-6]: process started with pid [106508]
[INFO] [waypoint_follower-7]: process started with pid [106510]
[INFO] [velocity_smoother-8]: process started with pid [106512]
[INFO] [lifecycle_manager-9]: process started with pid [106514]
[INFO] [explore-10]: process started with pid [106516]
[INFO] [rviz2-11]: process started with pid [106518]
[async_slam_toolbox_node-1] [INFO] [1756929265.524808290] [slam]: Node using stack size 40000000
[planner_server-4] [INFO] [1756929265.527471502] [planner_server]: 
[planner_server-4] 	planner_server lifecycle node launched. 
[planner_server-4] 	Waiting on external lifecycle transitions to activate
[planner_server-4] 	See https://design.ros2.org/articles/node_lifecycle.html for more information.
[velocity_smoother-8] [INFO] [1756929265.527777842] [velocity_smoother]: 
[velocity_smoother-8] 	velocity_smoother lifecycle node launched. 
[velocity_smoother-8] 	Waiting on external lifecycle transitions to activate
[velocity_smoother-8] 	See https://design.ros2.org/articles/node_lifecycle.html for more information.
[planner_server-4] [INFO] [1756929265.528269154] [planner_server]: Creating
[waypoint_follower-7] [INFO] [1756929265.528829142] [waypoint_follower]: 
[waypoint_follower-7] 	waypoint_follower lifecycle node launched. 
[waypoint_follower-7] 	Waiting on external lifecycle transitions to activate
[waypoint_follower-7] 	See https://design.ros2.org/articles/node_lifecycle.html for more information.
[waypoint_follower-7] [INFO] [1756929265.529262458] [waypoint_follower]: Creating
[smoother_server-3] [INFO] [1756929265.529952502] [smoother_server]: 
[smoother_server-3] 	smoother_server lifecycle node launched. 
[smoother_server-3] 	Waiting on external lifecycle transitions to activate
[smoother_server-3] 	See https://design.ros2.org/articles/node_lifecycle.html for more information.
[lifecycle_manager-9] [INFO] [1756929265.530028427] [lifecycle_manager_navigation]: Creating
[behavior_server-5] [INFO] [1756929265.530122925] [behavior_server]: 
[behavior_server-5] 	behavior_server lifecycle node launched. 
[behavior_server-5] 	Waiting on external lifecycle transitions to activate
[behavior_server-5] 	See https://design.ros2.org/articles/node_lifecycle.html for more information.
[bt_navigator-6] [INFO] [1756929265.530257155] [bt_navigator]: 
[bt_navigator-6] 	bt_navigator lifecycle node launched. 
[bt_navigator-6] 	Waiting on external lifecycle transitions to activate
[bt_navigator-6] 	See https://design.ros2.org/articles/node_lifecycle.html for more information.
[bt_navigator-6] [INFO] [1756929265.530315128] [bt_navigator]: Creating
[smoother_server-3] [INFO] [1756929265.531196787] [smoother_server]: Creating smoother server
[controller_server-2] [INFO] [1756929265.532233248] [controller_server]: 
[controller_server-2] 	controller_server lifecycle node launched. 
[controller_server-2] 	Waiting on external lifecycle transitions to activate
[controller_server-2] 	See https://design.ros2.org/articles/node_lifecycle.html for more information.
[lifecycle_manager-9] [INFO] [1756929265.532523790] [lifecycle_manager_navigation]: [34m[1mCreating and initializing lifecycle service clients[0m[0m
[controller_server-2] [INFO] [1756929265.534064664] [controller_server]: Creating controller server
[explore-10] [INFO] [1756929265.535413704] [explore_node]: Waiting for costmap to become available, topic: map
[planner_server-4] [INFO] [1756929265.535699549] [global_costmap.global_costmap]: 
[planner_server-4] 	global_costmap lifecycle node launched. 
[planner_server-4] 	Waiting on external lifecycle transitions to activate
[planner_server-4] 	See https://design.ros2.org/articles/node_lifecycle.html for more information.
[planner_server-4] [INFO] [1756929265.536091254] [global_costmap.global_costmap]: Creating Costmap
[lifecycle_manager-9] [INFO] [1756929265.538122695] [lifecycle_manager_navigation]: [34m[1mStarting managed nodes bringup...[0m[0m
[lifecycle_manager-9] [INFO] [1756929265.538160878] [lifecycle_manager_navigation]: [34m[1mConfiguring controller_server[0m[0m
[controller_server-2] [INFO] [1756929265.539334335] [local_costmap.local_costmap]: 
[controller_server-2] 	local_costmap lifecycle node launched. 
[controller_server-2] 	Waiting on external lifecycle transitions to activate
[controller_server-2] 	See https://design.ros2.org/articles/node_lifecycle.html for more information.
[controller_server-2] [INFO] [1756929265.539579448] [local_costmap.local_costmap]: Creating Costmap
[controller_server-2] [INFO] [1756929265.540271338] [controller_server]: Configuring controller interface
[controller_server-2] [INFO] [1756929265.540323937] [controller_server]: getting goal checker plugins..
[controller_server-2] [INFO] [1756929265.540383753] [controller_server]: Controller frequency set to 10.0000Hz
[controller_server-2] [INFO] [1756929265.540401714] [local_costmap.local_costmap]: Configuring
[controller_server-2] [INFO] [1756929265.542351285] [local_costmap.local_costmap]: Using plugin "static_layer"
[controller_server-2] [INFO] [1756929265.543947443] [local_costmap.local_costmap]: Subscribing to the map topic (/map) with transient local durability
[controller_server-2] [INFO] [1756929265.544428063] [local_costmap.local_costmap]: Initialized plugin "static_layer"
[controller_server-2] [INFO] [1756929265.544440591] [local_costmap.local_costmap]: Using plugin "obstacle_layer"
[controller_server-2] [INFO] [1756929265.544685871] [local_costmap.local_costmap]: Subscribed to Topics: scan
[controller_server-2] [INFO] [1756929265.545638196] [local_costmap.local_costmap]: Initialized plugin "obstacle_layer"
[controller_server-2] [INFO] [1756929265.545650102] [local_costmap.local_costmap]: Using plugin "inflation_layer"
[controller_server-2] [INFO] [1756929265.546108475] [local_costmap.local_costmap]: Initialized plugin "inflation_layer"
[async_slam_toolbox_node-1] [INFO] [1756929265.547205873] [slam]: Using solver plugin solver_plugins::CeresSolver
[async_slam_toolbox_node-1] [INFO] [1756929265.547403151] [slam]: CeresSolver: Using SCHUR_JACOBI preconditioner.
[controller_server-2] [INFO] [1756929265.549239053] [controller_server]: Created progress_checker : progress_checker of type nav2_controller::SimpleProgressChecker
[controller_server-2] [INFO] [1756929265.549497277] [controller_server]: Created goal checker : goal_checker of type nav2_controller::SimpleGoalChecker
[controller_server-2] [INFO] [1756929265.549600828] [controller_server]: Controller Server has goal_checker  goal checkers available.
[controller_server-2] [INFO] [1756929265.549844413] [controller_server]: Created controller : FollowPath of type nav2_regulated_pure_pursuit_controller::RegulatedPurePursuitController
[controller_server-2] [INFO] [1756929265.551140256] [controller_server]: Controller Server has FollowPath  controllers available.
[lifecycle_manager-9] [INFO] [1756929265.553547506] [lifecycle_manager_navigation]: [34m[1mConfiguring smoother_server[0m[0m
[smoother_server-3] [INFO] [1756929265.553681828] [smoother_server]: Configuring smoother server
[smoother_server-3] [INFO] [1756929265.556840985] [smoother_server]: Created smoother : simple_smoother of type nav2_smoother::SimpleSmoother
[smoother_server-3] [INFO] [1756929265.556958238] [smoother_server]: Smoother Server has simple_smoother  smoothers available.
[lifecycle_manager-9] [INFO] [1756929265.558530704] [lifecycle_manager_navigation]: [34m[1mConfiguring planner_server[0m[0m
[planner_server-4] [INFO] [1756929265.558692035] [planner_server]: Configuring
[planner_server-4] [INFO] [1756929265.558731439] [global_costmap.global_costmap]: Configuring
[planner_server-4] [INFO] [1756929265.561815931] [global_costmap.global_costmap]: Using plugin "static_layer"
[planner_server-4] [INFO] [1756929265.564129562] [global_costmap.global_costmap]: Subscribing to the map topic (/map) with transient local durability
[planner_server-4] [INFO] [1756929265.564640532] [global_costmap.global_costmap]: Initialized plugin "static_layer"
[planner_server-4] [INFO] [1756929265.564651739] [global_costmap.global_costmap]: Using plugin "obstacle_layer"
[planner_server-4] [INFO] [1756929265.564790467] [global_costmap.global_costmap]: Subscribed to Topics: scan
[planner_server-4] [INFO] [1756929265.565920723] [global_costmap.global_costmap]: Initialized plugin "obstacle_layer"
[planner_server-4] [INFO] [1756929265.565931356] [global_costmap.global_costmap]: Using plugin "inflation_layer"
[planner_server-4] [INFO] [1756929265.566217049] [global_costmap.global_costmap]: Initialized plugin "inflation_layer"
[planner_server-4] [INFO] [1756929265.569787823] [planner_server]: Created global planner plugin GridBased of type nav2_navfn_planner/NavfnPlanner
[planner_server-4] [INFO] [1756929265.569808274] [planner_server]: Configuring plugin GridBased of type NavfnPlanner
[planner_server-4] [INFO] [1756929265.569965432] [planner_server]: Planner Server has GridBased  planners available.
[lifecycle_manager-9] [INFO] [1756929265.572312013] [lifecycle_manager_navigation]: [34m[1mConfiguring behavior_server[0m[0m
[behavior_server-5] [INFO] [1756929265.572453317] [behavior_server]: Configuring
[behavior_server-5] [INFO] [1756929265.575236514] [behavior_server]: Creating behavior plugin spin of type nav2_behaviors/Spin
[behavior_server-5] [INFO] [1756929265.575584056] [behavior_server]: Configuring spin
[behavior_server-5] [INFO] [1756929265.576955115] [behavior_server]: Creating behavior plugin backup of type nav2_behaviors/BackUp
[behavior_server-5] [INFO] [1756929265.577275988] [behavior_server]: Configuring backup
[behavior_server-5] [INFO] [1756929265.578298396] [behavior_server]: Creating behavior plugin drive_on_heading of type nav2_behaviors/DriveOnHeading
[behavior_server-5] [INFO] [1756929265.578604509] [behavior_server]: Configuring drive_on_heading
[behavior_server-5] [INFO] [1756929265.579634522] [behavior_server]: Creating behavior plugin wait of type nav2_behaviors/Wait
[behavior_server-5] [INFO] [1756929265.579931839] [behavior_server]: Configuring wait
[behavior_server-5] [INFO] [1756929265.580871874] [behavior_server]: Creating behavior plugin assisted_teleop of type nav2_behaviors/AssistedTeleop
[behavior_server-5] [INFO] [1756929265.581587229] [behavior_server]: Configuring assisted_teleop
[lifecycle_manager-9] [INFO] [1756929265.583173790] [lifecycle_manager_navigation]: [34m[1mConfiguring bt_navigator[0m[0m
[bt_navigator-6] [INFO] [1756929265.583308070] [bt_navigator]: Configuring
[lifecycle_manager-9] [INFO] [1756929265.616245302] [lifecycle_manager_navigation]: [34m[1mConfiguring waypoint_follower[0m[0m
[waypoint_follower-7] [INFO] [1756929265.616343705] [waypoint_follower]: Configuring
[waypoint_follower-7] [INFO] [1756929265.619934917] [waypoint_follower]: Created waypoint_task_executor : wait_at_waypoint of type nav2_waypoint_follower::WaitAtWaypoint
[lifecycle_manager-9] [INFO] [1756929265.620205857] [lifecycle_manager_navigation]: [34m[1mConfiguring velocity_smoother[0m[0m
[velocity_smoother-8] [INFO] [1756929265.620307411] [velocity_smoother]: Configuring velocity smoother
[lifecycle_manager-9] [INFO] [1756929265.621546070] [lifecycle_manager_navigation]: [34m[1mActivating controller_server[0m[0m
[controller_server-2] [INFO] [1756929265.621654765] [controller_server]: Activating
[controller_server-2] [INFO] [1756929265.621710067] [local_costmap.local_costmap]: Activating
[controller_server-2] [INFO] [1756929265.621734114] [local_costmap.local_costmap]: Checking transform
[controller_server-2] [INFO] [1756929265.621772852] [local_costmap.local_costmap]: Timed out waiting for transform from base_link to odom to become available, tf error: Invalid frame ID "odom" passed to canTransform argument target_frame - frame does not exist
[controller_server-2] [INFO] [1756929266.121824171] [local_costmap.local_costmap]: Timed out waiting for transform from base_link to odom to become available, tf error: Invalid frame ID "odom" passed to canTransform argument target_frame - frame does not exist
[rviz2-11] [INFO] [1756929266.122158379] [rviz2]: Stereo is NOT SUPPORTED
[rviz2-11] [INFO] [1756929266.122212151] [rviz2]: OpenGl version: 4.6 (GLSL 4.6)
[rviz2-11] [INFO] [1756929266.299073136] [rviz2]: Stereo is NOT SUPPORTED
[controller_server-2] [INFO] [1756929266.621852411] [local_costmap.local_costmap]: Timed out waiting for transform from base_link to odom to become available, tf error: Invalid frame ID "odom" passed to canTransform argument target_frame - frame does not exist
[controller_server-2] [INFO] [1756929267.121921779] [local_costmap.local_costmap]: Timed out waiting for transform from base_link to odom to become available, tf error: Invalid frame ID "odom" passed to canTransform argument target_frame - frame does not exist
[controller_server-2] [INFO] [1756929267.621826958] [local_costmap.local_costmap]: Timed out waiting for transform from base_link to odom to become available, tf error: Invalid frame ID "odom" passed to canTransform argument target_frame - frame does not exist
[controller_server-2] [INFO] [1756929268.121829820] [local_costmap.local_costmap]: Timed out waiting for transform from base_link to odom to become available, tf error: Invalid frame ID "odom" passed to canTransform argument target_frame - frame does not exist
[controller_server-2] [INFO] [1756929268.621849599] [local_costmap.local_costmap]: Timed out waiting for transform from base_link to odom to become available, tf error: Invalid frame ID "odom" passed to canTransform argument target_frame - frame does not exist
[controller_server-2] [INFO] [1756929269.121848265] [local_costmap.local_costmap]: Timed out waiting for transform from base_link to odom to become available, tf error: Invalid frame ID "odom" passed to canTransform argument target_frame - frame does not exist
[controller_server-2] [INFO] [1756929269.621920600] [local_costmap.local_costmap]: Timed out waiting for transform from base_link to odom to become available, tf error: Invalid frame ID "odom" passed to canTransform argument target_frame - frame does not exist
[controller_server-2] [INFO] [1756929270.121981357] [local_costmap.local_costmap]: start
[controller_server-2] [INFO] [1756929270.324132815] [controller_server]: Activating controller: FollowPath of type regulated_pure_pursuit_controller::RegulatedPurePursuitController
[controller_server-2] [INFO] [1756929270.324256088] [controller_server]: Creating bond (controller_server) to lifecycle manager.
[lifecycle_manager-9] [INFO] [1756929270.432655218] [lifecycle_manager_navigation]: Server controller_server connected with bond.
[lifecycle_manager-9] [INFO] [1756929270.432757547] [lifecycle_manager_navigation]: [34m[1mActivating smoother_server[0m[0m
[smoother_server-3] [INFO] [1756929270.433403842] [smoother_server]: Activating
[smoother_server-3] [INFO] [1756929270.433506016] [smoother_server]: Creating bond (smoother_server) to lifecycle manager.
[lifecycle_manager-9] [INFO] [1756929270.540888681] [lifecycle_manager_navigation]: Server smoother_server connected with bond.
[lifecycle_manager-9] [INFO] [1756929270.541001105] [lifecycle_manager_navigation]: [34m[1mActivating planner_server[0m[0m
[planner_server-4] [INFO] [1756929270.541543640] [planner_server]: Activating
[planner_server-4] [INFO] [1756929270.541640878] [global_costmap.global_costmap]: Activating
[planner_server-4] [INFO] [1756929270.541665586] [global_costmap.global_costmap]: Checking transform
[planner_server-4] [INFO] [1756929270.541709009] [global_costmap.global_costmap]: Timed out waiting for transform from base_link to map to become available, tf error: Invalid frame ID "map" passed to canTransform argument target_frame - frame does not exist
[planner_server-4] [INFO] [1756929271.041776535] [global_costmap.global_costmap]: Timed out waiting for transform from base_link to map to become available, tf error: Invalid frame ID "map" passed to canTransform argument target_frame - frame does not exist
[planner_server-4] [INFO] [1756929271.541771529] [global_costmap.global_costmap]: Timed out waiting for transform from base_link to map to become available, tf error: Invalid frame ID "map" passed to canTransform argument target_frame - frame does not exist
[planner_server-4] [INFO] [1756929272.041772627] [global_costmap.global_costmap]: Timed out waiting for transform from base_link to map to become available, tf error: Invalid frame ID "map" passed to canTransform argument target_frame - frame does not exist
[controller_server-2] [WARN] [1756929272.122205099] [local_costmap.local_costmap]: Can't update static costmap layer, no map received
[planner_server-4] [INFO] [1756929272.541764656] [global_costmap.global_costmap]: Timed out waiting for transform from base_link to map to become available, tf error: Invalid frame ID "map" passed to canTransform argument target_frame - frame does not exist
[planner_server-4] [INFO] [1756929273.041775684] [global_costmap.global_costmap]: Timed out waiting for transform from base_link to map to become available, tf error: Invalid frame ID "map" passed to canTransform argument target_frame - frame does not exist
[planner_server-4] [INFO] [1756929273.541765113] [global_costmap.global_costmap]: Timed out waiting for transform from base_link to map to become available, tf error: Invalid frame ID "map" passed to canTransform argument target_frame - frame does not exist
[planner_server-4] [INFO] [1756929274.041774641] [global_costmap.global_costmap]: Timed out waiting for transform from base_link to map to become available, tf error: Invalid frame ID "map" passed to canTransform argument target_frame - frame does not exist
[controller_server-2] [WARN] [1756929274.122193020] [local_costmap.local_costmap]: Can't update static costmap layer, no map received
[planner_server-4] [INFO] [1756929274.541763478] [global_costmap.global_costmap]: Timed out waiting for transform from base_link to map to become available, tf error: Invalid frame ID "map" passed to canTransform argument target_frame - frame does not exist
[planner_server-4] [INFO] [1756929275.041767209] [global_costmap.global_costmap]: Timed out waiting for transform from base_link to map to become available, tf error: Invalid frame ID "map" passed to canTransform argument target_frame - frame does not exist
[planner_server-4] [INFO] [1756929275.541767728] [global_costmap.global_costmap]: Timed out waiting for transform from base_link to map to become available, tf error: Invalid frame ID "map" passed to canTransform argument target_frame - frame does not exist
[planner_server-4] [INFO] [1756929276.041842087] [global_costmap.global_costmap]: Timed out waiting for transform from base_link to map to become available, tf error: Invalid frame ID "map" passed to canTransform argument target_frame - frame does not exist
[controller_server-2] [WARN] [1756929276.122285506] [local_costmap.local_costmap]: Can't update static costmap layer, no map received
[planner_server-4] [INFO] [1756929276.541768414] [global_costmap.global_costmap]: Timed out waiting for transform from base_link to map to become available, tf error: Invalid frame ID "map" passed to canTransform argument target_frame - frame does not exist
[async_slam_toolbox_node-1] [WARN] [1756929276.731944974] [slam]: minimum laser range setting (0.0 m) exceeds the capabilities of the used Lidar (0.1 m)
[rviz2-11] [INFO] [1756929276.958570261] [rviz2]: Trying to create a map of size 100 x 100 using 1 swatches
[planner_server-4] [INFO] [1756929277.041893267] [global_costmap.global_costmap]: start
[planner_server-4] [INFO] [1756929277.553457314] [global_costmap.global_costmap]: StaticLayer: Resizing costmap to 87 X 207 at 0.040000 m/pix
[controller_server-2] [INFO] [1756929277.553673651] [local_costmap.local_costmap]: StaticLayer: Resizing static layer to 87 X 207 at 0.040000 m/pix
[rviz2-11] [INFO] [1756929277.566237635] [rviz2]: Trying to create a map of size 87 x 207 using 1 swatches
[rviz2-11] [INFO] [1756929278.078985917] [rviz2]: Trying to create a map of size 87 x 207 using 1 swatches
[planner_server-4] [INFO] [1756929278.093484708] [planner_server]: Activating plugin GridBased of type NavfnPlanner
[planner_server-4] [INFO] [1756929278.095464141] [planner_server]: Creating bond (planner_server) to lifecycle manager.
[lifecycle_manager-9] [INFO] [1756929278.203645675] [lifecycle_manager_navigation]: Server planner_server connected with bond.
[lifecycle_manager-9] [INFO] [1756929278.203756901] [lifecycle_manager_navigation]: [34m[1mActivating behavior_server[0m[0m
[behavior_server-5] [INFO] [1756929278.204390562] [behavior_server]: Activating
[behavior_server-5] [INFO] [1756929278.204464391] [behavior_server]: Activating spin
[behavior_server-5] [INFO] [1756929278.204507763] [behavior_server]: Activating backup
[behavior_server-5] [INFO] [1756929278.204528147] [behavior_server]: Activating drive_on_heading
[behavior_server-5] [INFO] [1756929278.204546102] [behavior_server]: Activating wait
[behavior_server-5] [INFO] [1756929278.204563296] [behavior_server]: Activating assisted_teleop
[behavior_server-5] [INFO] [1756929278.204587747] [behavior_server]: Creating bond (behavior_server) to lifecycle manager.
[lifecycle_manager-9] [INFO] [1756929278.313195529] [lifecycle_manager_navigation]: Server behavior_server connected with bond.
[lifecycle_manager-9] [INFO] [1756929278.313298517] [lifecycle_manager_navigation]: [34m[1mActivating bt_navigator[0m[0m
[bt_navigator-6] [INFO] [1756929278.313827885] [bt_navigator]: Activating
[bt_navigator-6] [INFO] [1756929278.354870164] [bt_navigator]: Creating bond (bt_navigator) to lifecycle manager.
[lifecycle_manager-9] [INFO] [1756929278.456519988] [lifecycle_manager_navigation]: Server bt_navigator connected with bond.
[lifecycle_manager-9] [INFO] [1756929278.456617533] [lifecycle_manager_navigation]: [34m[1mActivating waypoint_follower[0m[0m
[waypoint_follower-7] [INFO] [1756929278.457290635] [waypoint_follower]: Activating
[waypoint_follower-7] [INFO] [1756929278.457398620] [waypoint_follower]: Creating bond (waypoint_follower) to lifecycle manager.
[lifecycle_manager-9] [INFO] [1756929278.566791314] [lifecycle_manager_navigation]: Server waypoint_follower connected with bond.
[lifecycle_manager-9] [INFO] [1756929278.566888519] [lifecycle_manager_navigation]: [34m[1mActivating velocity_smoother[0m[0m
[velocity_smoother-8] [INFO] [1756929278.567624886] [velocity_smoother]: Activating
[velocity_smoother-8] [INFO] [1756929278.567755813] [velocity_smoother]: Creating bond (velocity_smoother) to lifecycle manager.
[lifecycle_manager-9] [INFO] [1756929278.675887279] [lifecycle_manager_navigation]: Server velocity_smoother connected with bond.
[lifecycle_manager-9] [INFO] [1756929278.675937012] [lifecycle_manager_navigation]: [34m[1mManaged nodes are active[0m[0m
[lifecycle_manager-9] [INFO] [1756929278.675948705] [lifecycle_manager_navigation]: [34m[1mCreating bond timer...[0m[0m
[explore-10] [INFO] [1756929279.568535986] [explore_node]: Waiting to connect to move_base nav2 server
[explore-10] [INFO] [1756929279.569046247] [explore_node]: Connected to move_base nav2 server
[explore-10] [INFO] [1756929279.569068935] [explore_node]: Getting initial pose of the robot
[explore-10] [INFO] [1756929279.663448240] [explore_node]: [NAV] Remembered last goal (3.20, -0.19, yaw from quat).
[bt_navigator-6] [INFO] [1756929279.664013348] [bt_navigator]: Begin navigating from current location (2.41, 4.17) to (3.20, -0.19)
[controller_server-2] [INFO] [1756929279.685315846] [controller_server]: Received a goal, begin computing control effort.
[controller_server-2] [WARN] [1756929279.685404723] [controller_server]: No goal checker was specified in parameter 'current_goal_checker'. Server will use only plugin loaded goal_checker . This warning will appear once.
[controller_server-2] [INFO] [1756929280.785647764] [controller_server]: Passing new path to controller.
[controller_server-2] [INFO] [1756929281.785638390] [controller_server]: Passing new path to controller.
[controller_server-2] [ERROR] [1756929282.387215259] [controller_server]: Exception in transformPose: Lookup would require extrapolation into the future.  Requested time 1756929280.886731 but the latest data is at time 1756929280.825079, when looking up transform from frame [odom] to frame [map]
[controller_server-2] [WARN] [1756929282.387364721] [controller_server]: Unable to transform robot pose into global plan's frame
[controller_server-2] [WARN] [1756929282.387549216] [controller_server]: Control loop missed its desired rate of 10.0000Hz
[controller_server-2] [ERROR] [1756929282.490050640] [controller_server]: Exception in transformPose: Lookup would require extrapolation into the future.  Requested time 1756929282.332240 but the latest data is at time 1756929280.825079, when looking up transform from frame [odom] to frame [map]
[controller_server-2] [WARN] [1756929282.490171548] [controller_server]: Unable to transform robot pose into global plan's frame
[controller_server-2] [WARN] [1756929282.490390810] [controller_server]: Control loop missed its desired rate of 10.0000Hz
[controller_server-2] [INFO] [1756929282.785679458] [controller_server]: Passing new path to controller.
[controller_server-2] [ERROR] [1756929283.487797015] [controller_server]: Exception in transformPose: Lookup would require extrapolation into the future.  Requested time 1756929283.313949 but the latest data is at time 1756929282.851578, when looking up transform from frame [odom] to frame [map]
[controller_server-2] [WARN] [1756929283.487944070] [controller_server]: Unable to transform robot pose into global plan's frame
[controller_server-2] [WARN] [1756929283.488237760] [controller_server]: Control loop missed its desired rate of 10.0000Hz
[rviz2-11] [INFO] [1756929283.589190731] [rviz2]: Trying to create a map of size 99 x 209 using 1 swatches
[controller_server-2] [ERROR] [1756929283.590411010] [controller_server]: Exception in transformPose: Lookup would require extrapolation into the future.  Requested time 1756929283.413955 but the latest data is at time 1756929282.851578, when looking up transform from frame [odom] to frame [map]
[controller_server-2] [WARN] [1756929283.590524427] [controller_server]: Unable to transform robot pose into global plan's frame
[controller_server-2] [INFO] [1756929283.590610865] [local_costmap.local_costmap]: StaticLayer: Resizing static layer to 99 X 209 at 0.040000 m/pix
[controller_server-2] [WARN] [1756929283.590690155] [controller_server]: Control loop missed its desired rate of 10.0000Hz
[controller_server-2] [ERROR] [1756929283.693433896] [controller_server]: Exception in transformPose: Lookup would require extrapolation into the future.  Requested time 1756929283.413955 but the latest data is at time 1756929282.851578, when looking up transform from frame [odom] to frame [map]
[controller_server-2] [WARN] [1756929283.693545356] [controller_server]: Unable to transform robot pose into global plan's frame
[controller_server-2] [WARN] [1756929283.693721106] [controller_server]: Control loop missed its desired rate of 10.0000Hz
[controller_server-2] [ERROR] [1756929283.794773412] [controller_server]: Exception in transformPose: Lookup would require extrapolation into the future.  Requested time 1756929283.413955 but the latest data is at time 1756929282.851578, when looking up transform from frame [odom] to frame [map]
[controller_server-2] [WARN] [1756929283.794886544] [controller_server]: Unable to transform robot pose into global plan's frame
[controller_server-2] [WARN] [1756929283.795067832] [controller_server]: Control loop missed its desired rate of 10.0000Hz
[controller_server-2] [ERROR] [1756929283.898020708] [controller_server]: Exception in transformPose: Lookup would require extrapolation into the future.  Requested time 1756929283.413955 but the latest data is at time 1756929282.851578, when looking up transform from frame [odom] to frame [map]
[controller_server-2] [WARN] [1756929283.898137422] [controller_server]: Unable to transform robot pose into global plan's frame
[controller_server-2] [WARN] [1756929283.898333259] [controller_server]: Control loop missed its desired rate of 10.0000Hz
[controller_server-2] [INFO] [1756929283.898361579] [controller_server]: Passing new path to controller.
[controller_server-2] [ERROR] [1756929283.999951279] [controller_server]: Exception in transformPose: Lookup would require extrapolation into the future.  Requested time 1756929283.413955 but the latest data is at time 1756929282.851578, when looking up transform from frame [odom] to frame [map]
[controller_server-2] [WARN] [1756929284.000088850] [controller_server]: Unable to transform robot pose into global plan's frame
[controller_server-2] [WARN] [1756929284.000298362] [controller_server]: Control loop missed its desired rate of 10.0000Hz
[planner_server-4] [INFO] [1756929284.042134798] [global_costmap.global_costmap]: StaticLayer: Resizing costmap to 99 X 209 at 0.040000 m/pix
[rviz2-11] [INFO] [1756929284.068315524] [rviz2]: Trying to create a map of size 99 x 209 using 1 swatches
[controller_server-2] [ERROR] [1756929284.103605397] [controller_server]: Exception in transformPose: Lookup would require extrapolation into the future.  Requested time 1756929283.413955 but the latest data is at time 1756929282.851578, when looking up transform from frame [odom] to frame [map]
[controller_server-2] [WARN] [1756929284.103674638] [controller_server]: Unable to transform robot pose into global plan's frame
[controller_server-2] [WARN] [1756929284.103789439] [controller_server]: Control loop missed its desired rate of 10.0000Hz
[controller_server-2] [ERROR] [1756929284.204834535] [controller_server]: Exception in transformPose: Lookup would require extrapolation into the future.  Requested time 1756929283.413955 but the latest data is at time 1756929282.851578, when looking up transform from frame [odom] to frame [map]
[controller_server-2] [WARN] [1756929284.204931015] [controller_server]: Unable to transform robot pose into global plan's frame
[controller_server-2] [WARN] [1756929284.205082010] [controller_server]: Control loop missed its desired rate of 10.0000Hz
[controller_server-2] [ERROR] [1756929284.307567579] [controller_server]: Exception in transformPose: Lookup would require extrapolation into the future.  Requested time 1756929283.413955 but the latest data is at time 1756929282.851578, when looking up transform from frame [odom] to frame [map]
[controller_server-2] [WARN] [1756929284.307684523] [controller_server]: Unable to transform robot pose into global plan's frame
[controller_server-2] [WARN] [1756929284.307902657] [controller_server]: Control loop missed its desired rate of 10.0000Hz
[controller_server-2] [ERROR] [1756929284.409763374] [controller_server]: Exception in transformPose: Lookup would require extrapolation into the future.  Requested time 1756929283.413955 but the latest data is at time 1756929282.851578, when looking up transform from frame [odom] to frame [map]
[controller_server-2] [WARN] [1756929284.409885863] [controller_server]: Unable to transform robot pose into global plan's frame
[controller_server-2] [WARN] [1756929284.410082134] [controller_server]: Control loop missed its desired rate of 10.0000Hz
[controller_server-2] [ERROR] [1756929284.513553378] [controller_server]: Exception in transformPose: Lookup would require extrapolation into the future.  Requested time 1756929283.763929 but the latest data is at time 1756929282.851578, when looking up transform from frame [odom] to frame [map]
[controller_server-2] [WARN] [1756929284.513621106] [controller_server]: Unable to transform robot pose into global plan's frame
[controller_server-2] [WARN] [1756929284.513719680] [controller_server]: Control loop missed its desired rate of 10.0000Hz
[controller_server-2] [INFO] [1756929284.885637987] [controller_server]: Passing new path to controller.
[controller_server-2] [ERROR] [1756929285.586569102] [controller_server]: Exception in transformPose: Lookup would require extrapolation into the future.  Requested time 1756929285.363997 but the latest data is at time 1756929285.035368, when looking up transform from frame [odom] to frame [map]
[controller_server-2] [WARN] [1756929285.586692508] [controller_server]: Unable to transform robot pose into global plan's frame
[controller_server-2] [WARN] [1756929285.586882289] [controller_server]: Control loop missed its desired rate of 10.0000Hz
[controller_server-2] [ERROR] [1756929285.689952677] [controller_server]: Exception in transformPose: Lookup would require extrapolation into the future.  Requested time 1756929285.363997 but the latest data is at time 1756929285.035368, when looking up transform from frame [odom] to frame [map]
[controller_server-2] [WARN] [1756929285.689990786] [controller_server]: Unable to transform robot pose into global plan's frame
[controller_server-2] [WARN] [1756929285.690038658] [controller_server]: Control loop missed its desired rate of 10.0000Hz
[controller_server-2] [ERROR] [1756929285.791398707] [controller_server]: Exception in transformPose: Lookup would require extrapolation into the future.  Requested time 1756929285.363997 but the latest data is at time 1756929285.035368, when looking up transform from frame [odom] to frame [map]
[controller_server-2] [WARN] [1756929285.791513390] [controller_server]: Unable to transform robot pose into global plan's frame
[controller_server-2] [WARN] [1756929285.791700086] [controller_server]: Control loop missed its desired rate of 10.0000Hz
[controller_server-2] [ERROR] [1756929285.894583655] [controller_server]: Exception in transformPose: Lookup would require extrapolation into the future.  Requested time 1756929285.363997 but the latest data is at time 1756929285.035368, when looking up transform from frame [odom] to frame [map]
[controller_server-2] [WARN] [1756929285.894671228] [controller_server]: Unable to transform robot pose into global plan's frame
[controller_server-2] [WARN] [1756929285.894820636] [controller_server]: Control loop missed its desired rate of 10.0000Hz
[controller_server-2] [INFO] [1756929285.894843634] [controller_server]: Passing new path to controller.
[controller_server-2] [ERROR] [1756929285.995999694] [controller_server]: Exception in transformPose: Lookup would require extrapolation into the future.  Requested time 1756929285.363997 but the latest data is at time 1756929285.035368, when looking up transform from frame [odom] to frame [map]
[controller_server-2] [WARN] [1756929285.996117869] [controller_server]: Unable to transform robot pose into global plan's frame
[controller_server-2] [WARN] [1756929285.996303622] [controller_server]: Control loop missed its desired rate of 10.0000Hz
[controller_server-2] [ERROR] [1756929286.099676134] [controller_server]: Exception in transformPose: Lookup would require extrapolation into the future.  Requested time 1756929285.363997 but the latest data is at time 1756929285.035368, when looking up transform from frame [odom] to frame [map]
[controller_server-2] [WARN] [1756929286.099796232] [controller_server]: Unable to transform robot pose into global plan's frame
[controller_server-2] [WARN] [1756929286.100050991] [controller_server]: Control loop missed its desired rate of 10.0000Hz
[controller_server-2] [ERROR] [1756929286.201986158] [controller_server]: Exception in transformPose: Lookup would require extrapolation into the future.  Requested time 1756929285.363997 but the latest data is at time 1756929285.035368, when looking up transform from frame [odom] to frame [map]
[controller_server-2] [WARN] [1756929286.202103622] [controller_server]: Unable to transform robot pose into global plan's frame
[controller_server-2] [WARN] [1756929286.202289832] [controller_server]: Control loop missed its desired rate of 10.0000Hz
[controller_server-2] [ERROR] [1756929286.306007414] [controller_server]: Exception in transformPose: Lookup would require extrapolation into the future.  Requested time 1756929285.363997 but the latest data is at time 1756929285.035368, when looking up transform from frame [odom] to frame [map]
[controller_server-2] [WARN] [1756929286.306182253] [controller_server]: Unable to transform robot pose into global plan's frame
[controller_server-2] [WARN] [1756929286.306380806] [controller_server]: Control loop missed its desired rate of 10.0000Hz
[controller_server-2] [ERROR] [1756929286.486331479] [controller_server]: Exception in transformPose: Lookup would require extrapolation into the future.  Requested time 1756929286.313950 but the latest data is at time 1756929285.735651, when looking up transform from frame [odom] to frame [map]
[controller_server-2] [WARN] [1756929286.486448786] [controller_server]: Unable to transform robot pose into global plan's frame
[controller_server-2] [WARN] [1756929286.486630669] [controller_server]: Control loop missed its desired rate of 10.0000Hz
[explore-10] [ERROR] [1756929286.543414878] [explore_node]: Extrapolation Error looking up robot pose: Lookup would require extrapolation into the future.  Requested time 1756929286.235405 but the latest data is at time 1756929285.735651, when looking up transform from frame [base_link] to frame [map]
[explore-10] 
[explore-10] [ERROR] [1756929286.543508561] [explore_node]: [FrontierSearch] Robot out of costmap bounds, cannot search for frontiers
[explore-10] [WARN] [1756929286.543538527] [explore_node]: No frontiers found, stopping.
[controller_server-2] [ERROR] [1756929286.587535359] [controller_server]: Exception in transformPose: Lookup would require extrapolation into the future.  Requested time 1756929286.414553 but the latest data is at time 1756929285.735651, when looking up transform from frame [odom] to frame [map]
[controller_server-2] [WARN] [1756929286.587565208] [controller_server]: Unable to transform robot pose into global plan's frame
[controller_server-2] [WARN] [1756929286.587612271] [controller_server]: Control loop missed its desired rate of 10.0000Hz
[explore-10] [INFO] [1756929286.663022283] [map_saver]: 
[explore-10] 	map_saver lifecycle node launched. 
[explore-10] 	Waiting on external lifecycle transitions to activate
[explore-10] 	See https://design.ros2.org/articles/node_lifecycle.html for more information.
[explore-10] [INFO] [1756929286.663083118] [map_saver]: Creating
[explore-10] [INFO] [1756929286.663120451] [map_saver]: Configuring
[explore-10] [INFO] [1756929286.663726811] [map_saver]: Saving map from 'map' topic to '/home/robot/Documents/map' file
[explore-10] [WARN] [1756929286.663738742] [map_saver]: Free threshold unspecified. Setting it to default value: 0.250000
[explore-10] [WARN] [1756929286.663746391] [map_saver]: Occupied threshold unspecified. Setting it to default value: 0.650000
[controller_server-2] [INFO] [1756929286.985634036] [controller_server]: Passing new path to controller.
[explore-10] [WARN] [1756929287.304076959] [map_io]: Image format unspecified. Setting it to: pgm
[explore-10] [INFO] [1756929287.304246540] [map_io]: Received a 99 X 209 map @ 0.04 m/pix
[explore-10] [INFO] [1756929287.410012429] [map_io]: Writing map occupancy data to /home/robot/Documents/map.pgm
[explore-10] [INFO] [1756929287.411602012] [map_io]: Writing map metadata to /home/robot/Documents/map.yaml
[explore-10] [INFO] [1756929287.411682980] [map_io]: Map saved
[explore-10] [INFO] [1756929287.411689023] [map_saver]: Map saved successfully
[explore-10] [INFO] [1756929287.412494925] [map_saver]: Destroying
[explore-10] [INFO] [1756929287.543187899] [explore_node]: Map saved successfully.
[explore-10] [INFO] [1756929287.543235814] [explore_node]: Exploration stopped.
[explore-10] [INFO] [1756929287.543312099] [explore_node]: Returning to initial pose.
[bt_navigator-6] [ERROR] [1756929287.564593096] [bt_navigator_navigate_to_pose_rclcpp_node]: Failed to get result for follow_path in node halt!
[bt_navigator-6] [INFO] [1756929287.564691424] [bt_navigator]: [navigate_to_pose] [ActionServer] Client requested to cancel the goal. Cancelling.
[bt_navigator-6] [INFO] [1756929287.564863652] [bt_navigator]: [navigate_to_pose] [ActionServer] Client requested to cancel the goal. Cancelling.
[bt_navigator-6] [INFO] [1756929287.564903919] [bt_navigator]: Goal canceled
[controller_server-2] [INFO] [1756929287.585568911] [controller_server]: Goal was canceled. Stopping the robot.
[controller_server-2] [INFO] [1756929287.585660366] [controller_server]: [follow_path] [ActionServer] Client requested to cancel the goal. Cancelling.
[explore-10] [INFO] [1756929287.685287327] [explore_node]: [NAV] Remembered last goal (4.03, -0.25, yaw from quat).
[bt_navigator-6] [INFO] [1756929287.685702608] [bt_navigator]: Begin navigating from current location (2.73, 2.73) to (4.03, -0.25)
[controller_server-2] [INFO] [1756929287.707005512] [controller_server]: Received a goal, begin computing control effort.
[controller_server-2] [INFO] [1756929288.807250708] [controller_server]: Passing new path to controller.
[controller_server-2] [ERROR] [1756929289.708322364] [controller_server]: Exception in transformPose: Lookup would require extrapolation into the future.  Requested time 1756929288.613961 but the latest data is at time 1756929288.458476, when looking up transform from frame [odom] to frame [map]
[controller_server-2] [WARN] [1756929289.708456715] [controller_server]: Unable to transform robot pose into global plan's frame
[controller_server-2] [WARN] [1756929289.708703523] [controller_server]: Control loop missed its desired rate of 10.0000Hz
[controller_server-2] [ERROR] [1756929289.809733155] [controller_server]: Exception in transformPose: Lookup would require extrapolation into the future.  Requested time 1756929288.613961 but the latest data is at time 1756929288.538248, when looking up transform from frame [odom] to frame [map]
[controller_server-2] [WARN] [1756929289.809818946] [controller_server]: Unable to transform robot pose into global plan's frame
[controller_server-2] [WARN] [1756929289.809948345] [controller_server]: Control loop missed its desired rate of 10.0000Hz
[controller_server-2] [INFO] [1756929289.809967854] [controller_server]: Passing new path to controller.
[controller_server-2] [ERROR] [1756929289.912359823] [controller_server]: Exception in transformPose: Lookup would require extrapolation into the future.  Requested time 1756929289.713945 but the latest data is at time 1756929288.538248, when looking up transform from frame [odom] to frame [map]
[controller_server-2] [WARN] [1756929289.912491957] [controller_server]: Unable to transform robot pose into global plan's frame
[controller_server-2] [WARN] [1756929289.912684816] [controller_server]: Control loop missed its desired rate of 10.0000Hz
[controller_server-2] [ERROR] [1756929290.013868149] [controller_server]: Exception in transformPose: Lookup would require extrapolation into the future.  Requested time 1756929289.763947 but the latest data is at time 1756929288.538248, when looking up transform from frame [odom] to frame [map]
[controller_server-2] [WARN] [1756929290.014020320] [controller_server]: Unable to transform robot pose into global plan's frame
[controller_server-2] [WARN] [1756929290.014314760] [controller_server]: Control loop missed its desired rate of 10.0000Hz
[controller_server-2] [ERROR] [1756929290.118592708] [controller_server]: Exception in transformPose: Lookup would require extrapolation into the future.  Requested time 1756929289.763947 but the latest data is at time 1756929288.538248, when looking up transform from frame [odom] to frame [map]
[controller_server-2] [WARN] [1756929290.118801627] [controller_server]: Unable to transform robot pose into global plan's frame
[controller_server-2] [WARN] [1756929290.119106503] [controller_server]: Control loop missed its desired rate of 10.0000Hz
[controller_server-2] [ERROR] [1756929290.221422342] [controller_server]: Exception in transformPose: Lookup would require extrapolation into the future.  Requested time 1756929289.763947 but the latest data is at time 1756929288.538248, when looking up transform from frame [odom] to frame [map]
[controller_server-2] [WARN] [1756929290.221565147] [controller_server]: Unable to transform robot pose into global plan's frame
[controller_server-2] [WARN] [1756929290.221846902] [controller_server]: Control loop missed its desired rate of 10.0000Hz
[controller_server-2] [ERROR] [1756929290.325217798] [controller_server]: Exception in transformPose: Lookup would require extrapolation into the future.  Requested time 1756929289.763947 but the latest data is at time 1756929288.538248, when looking up transform from frame [odom] to frame [map]
[controller_server-2] [WARN] [1756929290.325265655] [controller_server]: Unable to transform robot pose into global plan's frame
[controller_server-2] [WARN] [1756929290.325352503] [controller_server]: Control loop missed its desired rate of 10.0000Hz
[controller_server-2] [ERROR] [1756929290.427544512] [controller_server]: Exception in transformPose: Lookup would require extrapolation into the future.  Requested time 1756929289.763947 but the latest data is at time 1756929288.538248, when looking up transform from frame [odom] to frame [map]
[controller_server-2] [WARN] [1756929290.427709795] [controller_server]: Unable to transform robot pose into global plan's frame
[controller_server-2] [WARN] [1756929290.428022981] [controller_server]: Control loop missed its desired rate of 10.0000Hz
[controller_server-2] [ERROR] [1756929290.530020904] [controller_server]: Exception in transformPose: Lookup would require extrapolation into the future.  Requested time 1756929289.763947 but the latest data is at time 1756929288.538248, when looking up transform from frame [odom] to frame [map]
[controller_server-2] [WARN] [1756929290.530169545] [controller_server]: Unable to transform robot pose into global plan's frame
[controller_server-2] [WARN] [1756929290.530401086] [controller_server]: Control loop missed its desired rate of 10.0000Hz
[controller_server-2] [ERROR] [1756929290.709018336] [controller_server]: Exception in transformPose: Lookup would require extrapolation into the future.  Requested time 1756929290.563983 but the latest data is at time 1756929290.030303, when looking up transform from frame [odom] to frame [map]
[controller_server-2] [WARN] [1756929290.709230492] [controller_server]: Unable to transform robot pose into global plan's frame
[controller_server-2] [WARN] [1756929290.709556509] [controller_server]: Control loop missed its desired rate of 10.0000Hz
[controller_server-2] [INFO] [1756929290.807264995] [controller_server]: Passing new path to controller.
[rviz2-11] [INFO] [1756929291.587647092] [rviz2]: Trying to create a map of size 99 x 212 using 1 swatches
[controller_server-2] [INFO] [1756929291.722182660] [local_costmap.local_costmap]: StaticLayer: Resizing static layer to 99 X 212 at 0.040000 m/pix
[controller_server-2] [INFO] [1756929291.907281166] [controller_server]: Passing new path to controller.
[planner_server-4] [INFO] [1756929292.042143637] [global_costmap.global_costmap]: StaticLayer: Resizing costmap to 99 X 212 at 0.040000 m/pix
[rviz2-11] [INFO] [1756929292.067269069] [rviz2]: Trying to create a map of size 99 x 212 using 1 swatches
[controller_server-2] [INFO] [1756929292.907197459] [controller_server]: Passing new path to controller.
[rviz2-11] [INFO] [1756929293.571722932] [rviz2]: Trying to create a map of size 126 x 221 using 1 swatches
[controller_server-2] [INFO] [1756929293.722190145] [local_costmap.local_costmap]: StaticLayer: Resizing static layer to 126 X 221 at 0.040000 m/pix
[controller_server-2] [INFO] [1756929293.907188508] [controller_server]: Passing new path to controller.
[planner_server-4] [INFO] [1756929294.042240328] [global_costmap.global_costmap]: StaticLayer: Resizing costmap to 126 X 221 at 0.040000 m/pix
[rviz2-11] [INFO] [1756929294.082512162] [rviz2]: Trying to create a map of size 126 x 221 using 1 swatches
[controller_server-2] [INFO] [1756929295.007195722] [controller_server]: Passing new path to controller.
[rviz2-11] [INFO] [1756929295.587360712] [rviz2]: Trying to create a map of size 269 x 247 using 1 swatches
[controller_server-2] [INFO] [1756929295.722214036] [local_costmap.local_costmap]: StaticLayer: Resizing static layer to 269 X 247 at 0.040000 m/pix
[controller_server-2] [INFO] [1756929296.007258403] [controller_server]: Passing new path to controller.
[planner_server-4] [INFO] [1756929296.042065638] [global_costmap.global_costmap]: StaticLayer: Resizing costmap to 269 X 247 at 0.040000 m/pix
[rviz2-11] [INFO] [1756929296.062888354] [rviz2]: Trying to create a map of size 269 x 247 using 1 swatches
[controller_server-2] [INFO] [1756929297.007203380] [controller_server]: Passing new path to controller.
[controller_server-2] [WARN] [1756929297.507906919] [controller_server]: RegulatedPurePursuitController detected collision ahead!
[controller_server-2] [WARN] [1756929297.607390600] [controller_server]: RegulatedPurePursuitController detected collision ahead!
[controller_server-2] [WARN] [1756929297.707603806] [controller_server]: RegulatedPurePursuitController detected collision ahead!
[controller_server-2] [WARN] [1756929297.807817205] [controller_server]: RegulatedPurePursuitController detected collision ahead!
[controller_server-2] [WARN] [1756929297.907881317] [controller_server]: RegulatedPurePursuitController detected collision ahead!
[controller_server-2] [INFO] [1756929298.007201399] [controller_server]: Passing new path to controller.
[controller_server-2] [INFO] [1756929299.107194641] [controller_server]: Passing new path to controller.
[controller_server-2] [INFO] [1756929300.107196373] [controller_server]: Passing new path to controller.
[controller_server-2] [ERROR] [1756929300.308532926] [controller_server]: Exception in transformPose: Lookup would require extrapolation into the future.  Requested time 1756929298.913962 but the latest data is at time 1756929298.721569, when looking up transform from frame [odom] to frame [map]
[controller_server-2] [WARN] [1756929300.308650828] [controller_server]: Unable to transform robot pose into global plan's frame
[controller_server-2] [WARN] [1756929300.308840018] [controller_server]: Control loop missed its desired rate of 10.0000Hz
[controller_server-2] [ERROR] [1756929300.410037177] [controller_server]: Exception in transformPose: Lookup would require extrapolation into the future.  Requested time 1756929300.263974 but the latest data is at time 1756929298.721569, when looking up transform from frame [odom] to frame [map]
[controller_server-2] [WARN] [1756929300.410154474] [controller_server]: Unable to transform robot pose into global plan's frame
[controller_server-2] [WARN] [1756929300.410334236] [controller_server]: Control loop missed its desired rate of 10.0000Hz
[controller_server-2] [ERROR] [1756929300.513820425] [controller_server]: Exception in transformPose: Lookup would require extrapolation into the future.  Requested time 1756929300.263974 but the latest data is at time 1756929298.721569, when looking up transform from frame [odom] to frame [map]
[controller_server-2] [WARN] [1756929300.513946913] [controller_server]: Unable to transform robot pose into global plan's frame
[controller_server-2] [WARN] [1756929300.514145311] [controller_server]: Control loop missed its desired rate of 10.0000Hz
[controller_server-2] [ERROR] [1756929300.615374709] [controller_server]: Exception in transformPose: Lookup would require extrapolation into the future.  Requested time 1756929300.263974 but the latest data is at time 1756929298.721569, when looking up transform from frame [odom] to frame [map]
[controller_server-2] [WARN] [1756929300.615503841] [controller_server]: Unable to transform robot pose into global plan's frame
[controller_server-2] [WARN] [1756929300.615697215] [controller_server]: Control loop missed its desired rate of 10.0000Hz
[controller_server-2] [ERROR] [1756929300.719236172] [controller_server]: Exception in transformPose: Lookup would require extrapolation into the future.  Requested time 1756929300.263974 but the latest data is at time 1756929298.721569, when looking up transform from frame [odom] to frame [map]
[controller_server-2] [WARN] [1756929300.719347033] [controller_server]: Unable to transform robot pose into global plan's frame
[controller_server-2] [WARN] [1756929300.719533900] [controller_server]: Control loop missed its desired rate of 10.0000Hz
[controller_server-2] [ERROR] [1756929300.820883623] [controller_server]: Exception in transformPose: Lookup would require extrapolation into the future.  Requested time 1756929300.263974 but the latest data is at time 1756929298.793743, when looking up transform from frame [odom] to frame [map]
[controller_server-2] [WARN] [1756929300.820934575] [controller_server]: Unable to transform robot pose into global plan's frame
[controller_server-2] [WARN] [1756929300.821014424] [controller_server]: Control loop missed its desired rate of 10.0000Hz
[controller_server-2] [WARN] [1756929301.007966832] [controller_server]: RegulatedPurePursuitController detected collision ahead!
[controller_server-2] [INFO] [1756929301.107334476] [controller_server]: Passing new path to controller.
[controller_server-2] [WARN] [1756929301.108468107] [controller_server]: RegulatedPurePursuitController detected collision ahead!
[controller_server-2] [WARN] [1756929301.207709499] [controller_server]: RegulatedPurePursuitController detected collision ahead!
[controller_server-2] [WARN] [1756929301.307695471] [controller_server]: RegulatedPurePursuitController detected collision ahead!
[controller_server-2] [WARN] [1756929301.407683796] [controller_server]: RegulatedPurePursuitController detected collision ahead!
[controller_server-2] [WARN] [1756929301.507525234] [controller_server]: RegulatedPurePursuitController detected collision ahead!
[rviz2-11] [INFO] [1756929301.567474053] [rviz2]: Trying to create a map of size 319 x 247 using 1 swatches
[controller_server-2] [WARN] [1756929301.607415375] [controller_server]: RegulatedPurePursuitController detected collision ahead!
[controller_server-2] [WARN] [1756929301.707778652] [controller_server]: RegulatedPurePursuitController detected collision ahead!
[controller_server-2] [INFO] [1756929301.722291014] [local_costmap.local_costmap]: StaticLayer: Resizing static layer to 319 X 247 at 0.040000 m/pix
[controller_server-2] [WARN] [1756929301.807773394] [controller_server]: RegulatedPurePursuitController detected collision ahead!
[controller_server-2] [WARN] [1756929301.907772950] [controller_server]: RegulatedPurePursuitController detected collision ahead!
[controller_server-2] [WARN] [1756929302.007781789] [controller_server]: RegulatedPurePursuitController detected collision ahead!
[planner_server-4] [INFO] [1756929302.042141521] [global_costmap.global_costmap]: StaticLayer: Resizing costmap to 319 X 247 at 0.040000 m/pix
[rviz2-11] [INFO] [1756929302.081685544] [rviz2]: Trying to create a map of size 319 x 247 using 1 swatches
[controller_server-2] [WARN] [1756929302.107700805] [controller_server]: RegulatedPurePursuitController detected collision ahead!
[controller_server-2] [INFO] [1756929302.207195202] [controller_server]: Passing new path to controller.
[controller_server-2] [WARN] [1756929302.207855095] [controller_server]: RegulatedPurePursuitController detected collision ahead!
[controller_server-2] [WARN] [1756929302.307780437] [controller_server]: RegulatedPurePursuitController detected collision ahead!
[controller_server-2] [WARN] [1756929302.407720077] [controller_server]: RegulatedPurePursuitController detected collision ahead!
[controller_server-2] [WARN] [1756929302.507789846] [controller_server]: RegulatedPurePursuitController detected collision ahead!
[controller_server-2] [WARN] [1756929302.607710340] [controller_server]: RegulatedPurePursuitController detected collision ahead!
[controller_server-2] [WARN] [1756929302.707678372] [controller_server]: RegulatedPurePursuitController detected collision ahead!
[controller_server-2] [WARN] [1756929302.807709229] [controller_server]: RegulatedPurePursuitController detected collision ahead!
[controller_server-2] [WARN] [1756929302.907702102] [controller_server]: RegulatedPurePursuitController detected collision ahead!
[controller_server-2] [WARN] [1756929303.007699250] [controller_server]: RegulatedPurePursuitController detected collision ahead!
[controller_server-2] [ERROR] [1756929303.007813616] [controller_server]: Controller patience exceeded
[controller_server-2] [WARN] [1756929303.007887490] [controller_server]: [follow_path] [ActionServer] Aborting handle.
[controller_server-2] [INFO] [1756929303.026210946] [local_costmap.local_costmap]: Received request to clear entirely the local_costmap
[controller_server-2] [INFO] [1756929303.028224895] [controller_server]: Received a goal, begin computing control effort.
[controller_server-2] [WARN] [1756929303.128470907] [controller_server]: RegulatedPurePursuitController detected collision ahead!
[controller_server-2] [WARN] [1756929303.128534268] [controller_server]: Control loop missed its desired rate of 10.0000Hz
[controller_server-2] [WARN] [1756929303.128624038] [controller_server]: RegulatedPurePursuitController detected collision ahead!
[controller_server-2] [INFO] [1756929303.228373028] [controller_server]: Passing new path to controller.
[controller_server-2] [WARN] [1756929303.229156699] [controller_server]: RegulatedPurePursuitController detected collision ahead!
[controller_server-2] [WARN] [1756929303.328869295] [controller_server]: RegulatedPurePursuitController detected collision ahead!
[controller_server-2] [WARN] [1756929303.428927183] [controller_server]: RegulatedPurePursuitController detected collision ahead!
[controller_server-2] [WARN] [1756929303.528885694] [controller_server]: RegulatedPurePursuitController detected collision ahead!
[controller_server-2] [WARN] [1756929303.629060349] [controller_server]: RegulatedPurePursuitController detected collision ahead!
[controller_server-2] [WARN] [1756929303.728908238] [controller_server]: RegulatedPurePursuitController detected collision ahead!
[controller_server-2] [WARN] [1756929303.828906171] [controller_server]: RegulatedPurePursuitController detected collision ahead!
[controller_server-2] [WARN] [1756929303.928888893] [controller_server]: RegulatedPurePursuitController detected collision ahead!
[controller_server-2] [WARN] [1756929304.028890296] [controller_server]: RegulatedPurePursuitController detected collision ahead!
[controller_server-2] [WARN] [1756929304.128830385] [controller_server]: RegulatedPurePursuitController detected collision ahead!
[controller_server-2] [INFO] [1756929304.228377039] [controller_server]: Passing new path to controller.
[controller_server-2] [ERROR] [1756929304.329980863] [controller_server]: Exception in transformPose: Lookup would require extrapolation into the future.  Requested time 1756929304.164625 but the latest data is at time 1756929303.472996, when looking up transform from frame [odom] to frame [map]
[controller_server-2] [WARN] [1756929304.330094376] [controller_server]: Unable to transform robot pose into global plan's frame
[controller_server-2] [WARN] [1756929304.330266399] [controller_server]: Control loop missed its desired rate of 10.0000Hz
[controller_server-2] [ERROR] [1756929304.433961572] [controller_server]: Exception in transformPose: Lookup would require extrapolation into the future.  Requested time 1756929304.214153 but the latest data is at time 1756929303.472996, when looking up transform from frame [odom] to frame [map]
[controller_server-2] [WARN] [1756929304.434194855] [controller_server]: Unable to transform robot pose into global plan's frame
[controller_server-2] [WARN] [1756929304.434448348] [controller_server]: Control loop missed its desired rate of 10.0000Hz
[controller_server-2] [ERROR] [1756929304.536360644] [controller_server]: Exception in transformPose: Lookup would require extrapolation into the future.  Requested time 1756929304.214153 but the latest data is at time 1756929303.472996, when looking up transform from frame [odom] to frame [map]
[controller_server-2] [WARN] [1756929304.536497564] [controller_server]: Unable to transform robot pose into global plan's frame
[controller_server-2] [WARN] [1756929304.536676439] [controller_server]: Control loop missed its desired rate of 10.0000Hz
[controller_server-2] [ERROR] [1756929304.641120764] [controller_server]: Exception in transformPose: Lookup would require extrapolation into the future.  Requested time 1756929304.214153 but the latest data is at time 1756929303.472996, when looking up transform from frame [odom] to frame [map]
[controller_server-2] [WARN] [1756929304.641263838] [controller_server]: Unable to transform robot pose into global plan's frame
[controller_server-2] [WARN] [1756929304.641556682] [controller_server]: Control loop missed its desired rate of 10.0000Hz
[controller_server-2] [ERROR] [1756929304.743937592] [controller_server]: Exception in transformPose: Lookup would require extrapolation into the future.  Requested time 1756929304.214153 but the latest data is at time 1756929303.472996, when looking up transform from frame [odom] to frame [map]
[controller_server-2] [WARN] [1756929304.744094387] [controller_server]: Unable to transform robot pose into global plan's frame
[controller_server-2] [WARN] [1756929304.744388651] [controller_server]: Control loop missed its desired rate of 10.0000Hz
[controller_server-2] [ERROR] [1756929304.848324888] [controller_server]: Exception in transformPose: Lookup would require extrapolation into the future.  Requested time 1756929304.214153 but the latest data is at time 1756929303.472996, when looking up transform from frame [odom] to frame [map]
[controller_server-2] [WARN] [1756929304.848496202] [controller_server]: Unable to transform robot pose into global plan's frame
[controller_server-2] [WARN] [1756929304.848920542] [controller_server]: Control loop missed its desired rate of 10.0000Hz
[controller_server-2] [ERROR] [1756929304.951144366] [controller_server]: Exception in transformPose: Lookup would require extrapolation into the future.  Requested time 1756929304.214153 but the latest data is at time 1756929303.472996, when looking up transform from frame [odom] to frame [map]
[controller_server-2] [WARN] [1756929304.951298041] [controller_server]: Unable to transform robot pose into global plan's frame
[controller_server-2] [WARN] [1756929304.951584041] [controller_server]: Control loop missed its desired rate of 10.0000Hz
[controller_server-2] [ERROR] [1756929305.056139267] [controller_server]: Exception in transformPose: Lookup would require extrapolation into the future.  Requested time 1756929304.214153 but the latest data is at time 1756929303.472996, when looking up transform from frame [odom] to frame [map]
[controller_server-2] [WARN] [1756929305.056354467] [controller_server]: Unable to transform robot pose into global plan's frame
[controller_server-2] [ERROR] [1756929305.056491446] [controller_server]: Controller patience exceeded
[controller_server-2] [WARN] [1756929305.056650158] [controller_server]: [follow_path] [ActionServer] Aborting handle.
[controller_server-2] [INFO] [1756929305.076173555] [local_costmap.local_costmap]: Received request to clear entirely the local_costmap
[planner_server-4] [INFO] [1756929305.078059081] [global_costmap.global_costmap]: Received request to clear entirely the global_costmap
[controller_server-2] [INFO] [1756929306.066018765] [controller_server]: Received a goal, begin computing control effort.
[controller_server-2] [WARN] [1756929306.066157382] [controller_server]: RegulatedPurePursuitController detected collision ahead!
[controller_server-2] [WARN] [1756929306.166625730] [controller_server]: RegulatedPurePursuitController detected collision ahead!
[controller_server-2] [WARN] [1756929306.266679267] [controller_server]: RegulatedPurePursuitController detected collision ahead!
[controller_server-2] [WARN] [1756929306.366662049] [controller_server]: RegulatedPurePursuitController detected collision ahead!
[controller_server-2] [WARN] [1756929306.467101546] [controller_server]: RegulatedPurePursuitController detected collision ahead!
[controller_server-2] [WARN] [1756929306.567051892] [controller_server]: RegulatedPurePursuitController detected collision ahead!
[controller_server-2] [WARN] [1756929306.667084332] [controller_server]: RegulatedPurePursuitController detected collision ahead!
[controller_server-2] [WARN] [1756929306.767099379] [controller_server]: RegulatedPure