[INFO] [launch]: All log files can be found below /home/robot/.ros/log/2025-09-05-21-46-23-586869-robot-pc04-88193
[INFO] [launch]: Default logging verbosity is set to INFO
[INFO] [async_slam_toolbox_node-1]: process started with pid [88206]
[INFO] [controller_server-2]: process started with pid [88208]
[INFO] [smoother_server-3]: process started with pid [88210]
[INFO] [planner_server-4]: process started with pid [88212]
[INFO] [behavior_server-5]: process started with pid [88214]
[INFO] [bt_navigator-6]: process started with pid [88216]
[INFO] [waypoint_follower-7]: process started with pid [88218]
[INFO] [velocity_smoother-8]: process started with pid [88220]
[INFO] [lifecycle_manager-9]: process started with pid [88222]
[INFO] [explore-10]: process started with pid [88224]
[INFO] [rviz2-11]: process started with pid [88226]
[async_slam_toolbox_node-1] [INFO] [1757101583.692137832] [slam]: Node using stack size 40000000
[lifecycle_manager-9] [INFO] [1757101583.696349068] [lifecycle_manager_navigation]: Creating
[waypoint_follower-7] [INFO] [1757101583.696568759] [waypoint_follower]: 
[waypoint_follower-7] 	waypoint_follower lifecycle node launched. 
[waypoint_follower-7] 	Waiting on external lifecycle transitions to activate
[waypoint_follower-7] 	See https://design.ros2.org/articles/node_lifecycle.html for more information.
[waypoint_follower-7] [INFO] [1757101583.697003348] [waypoint_follower]: Creating
[controller_server-2] [INFO] [1757101583.699166905] [controller_server]: 
[controller_server-2] 	controller_server lifecycle node launched. 
[controller_server-2] 	Waiting on external lifecycle transitions to activate
[controller_server-2] 	See https://design.ros2.org/articles/node_lifecycle.html for more information.
[smoother_server-3] [INFO] [1757101583.699199120] [smoother_server]: 
[smoother_server-3] 	smoother_server lifecycle node launched. 
[smoother_server-3] 	Waiting on external lifecycle transitions to activate
[smoother_server-3] 	See https://design.ros2.org/articles/node_lifecycle.html for more information.
[planner_server-4] [INFO] [1757101583.699201474] [planner_server]: 
[planner_server-4] 	planner_server lifecycle node launched. 
[planner_server-4] 	Waiting on external lifecycle transitions to activate
[planner_server-4] 	See https://design.ros2.org/articles/node_lifecycle.html for more information.
[smoother_server-3] [INFO] [1757101583.699923855] [smoother_server]: Creating smoother server
[planner_server-4] [INFO] [1757101583.700301457] [planner_server]: Creating
[lifecycle_manager-9] [INFO] [1757101583.700757931] [lifecycle_manager_navigation]: [34m[1mCreating and initializing lifecycle service clients[0m[0m
[controller_server-2] [INFO] [1757101583.702183144] [controller_server]: Creating controller server
[explore-10] [INFO] [1757101583.703974987] [explore_node]: Waiting for costmap to become available, topic: map
[velocity_smoother-8] [INFO] [1757101583.705168207] [velocity_smoother]: 
[velocity_smoother-8] 	velocity_smoother lifecycle node launched. 
[velocity_smoother-8] 	Waiting on external lifecycle transitions to activate
[velocity_smoother-8] 	See https://design.ros2.org/articles/node_lifecycle.html for more information.
[planner_server-4] [INFO] [1757101583.705610147] [global_costmap.global_costmap]: 
[planner_server-4] 	global_costmap lifecycle node launched. 
[planner_server-4] 	Waiting on external lifecycle transitions to activate
[planner_server-4] 	See https://design.ros2.org/articles/node_lifecycle.html for more information.
[bt_navigator-6] [INFO] [1757101583.705688176] [bt_navigator]: 
[bt_navigator-6] 	bt_navigator lifecycle node launched. 
[bt_navigator-6] 	Waiting on external lifecycle transitions to activate
[bt_navigator-6] 	See https://design.ros2.org/articles/node_lifecycle.html for more information.
[planner_server-4] [INFO] [1757101583.705826651] [global_costmap.global_costmap]: Creating Costmap
[bt_navigator-6] [INFO] [1757101583.705837940] [bt_navigator]: Creating
[lifecycle_manager-9] [INFO] [1757101583.707969315] [lifecycle_manager_navigation]: [34m[1mStarting managed nodes bringup...[0m[0m
[lifecycle_manager-9] [INFO] [1757101583.707990333] [lifecycle_manager_navigation]: [34m[1mConfiguring controller_server[0m[0m
[behavior_server-5] [INFO] [1757101583.708631529] [behavior_server]: 
[behavior_server-5] 	behavior_server lifecycle node launched. 
[behavior_server-5] 	Waiting on external lifecycle transitions to activate
[behavior_server-5] 	See https://design.ros2.org/articles/node_lifecycle.html for more information.
[controller_server-2] [INFO] [1757101583.709597159] [local_costmap.local_costmap]: 
[controller_server-2] 	local_costmap lifecycle node launched. 
[controller_server-2] 	Waiting on external lifecycle transitions to activate
[controller_server-2] 	See https://design.ros2.org/articles/node_lifecycle.html for more information.
[controller_server-2] [INFO] [1757101583.709879248] [local_costmap.local_costmap]: Creating Costmap
[controller_server-2] [INFO] [1757101583.710954202] [controller_server]: Configuring controller interface
[controller_server-2] [INFO] [1757101583.711044492] [controller_server]: getting goal checker plugins..
[controller_server-2] [INFO] [1757101583.711168655] [controller_server]: Controller frequency set to 10.0000Hz
[controller_server-2] [INFO] [1757101583.711188196] [local_costmap.local_costmap]: Configuring
[controller_server-2] [INFO] [1757101583.713394992] [local_costmap.local_costmap]: Using plugin "static_layer"
[async_slam_toolbox_node-1] [INFO] [1757101583.714203572] [slam]: Using solver plugin solver_plugins::CeresSolver
[async_slam_toolbox_node-1] [INFO] [1757101583.714281737] [slam]: CeresSolver: Using SCHUR_JACOBI preconditioner.
[controller_server-2] [INFO] [1757101583.715073153] [local_costmap.local_costmap]: Subscribing to the map topic (/map) with transient local durability
[controller_server-2] [INFO] [1757101583.715590272] [local_costmap.local_costmap]: Initialized plugin "static_layer"
[controller_server-2] [INFO] [1757101583.715603559] [local_costmap.local_costmap]: Using plugin "obstacle_layer"
[controller_server-2] [INFO] [1757101583.715767803] [local_costmap.local_costmap]: Subscribed to Topics: scan
[controller_server-2] [INFO] [1757101583.716726510] [local_costmap.local_costmap]: Initialized plugin "obstacle_layer"
[controller_server-2] [INFO] [1757101583.716739446] [local_costmap.local_costmap]: Using plugin "inflation_layer"
[controller_server-2] [INFO] [1757101583.717372593] [local_costmap.local_costmap]: Initialized plugin "inflation_layer"
[controller_server-2] [INFO] [1757101583.720125030] [controller_server]: Created progress_checker : progress_checker of type nav2_controller::SimpleProgressChecker
[controller_server-2] [INFO] [1757101583.720418963] [controller_server]: Created goal checker : goal_checker of type nav2_controller::SimpleGoalChecker
[controller_server-2] [INFO] [1757101583.720527792] [controller_server]: Controller Server has goal_checker  goal checkers available.
[controller_server-2] [INFO] [1757101583.720865356] [controller_server]: Created controller : FollowPath of type nav2_regulated_pure_pursuit_controller::RegulatedPurePursuitController
[controller_server-2] [INFO] [1757101583.721841512] [controller_server]: Controller Server has FollowPath  controllers available.
[lifecycle_manager-9] [INFO] [1757101583.723713021] [lifecycle_manager_navigation]: [34m[1mConfiguring smoother_server[0m[0m
[smoother_server-3] [INFO] [1757101583.723817011] [smoother_server]: Configuring smoother server
[smoother_server-3] [INFO] [1757101583.727586692] [smoother_server]: Created smoother : simple_smoother of type nav2_smoother::SimpleSmoother
[smoother_server-3] [INFO] [1757101583.727742366] [smoother_server]: Smoother Server has simple_smoother  smoothers available.
[lifecycle_manager-9] [INFO] [1757101583.729531895] [lifecycle_manager_navigation]: [34m[1mConfiguring planner_server[0m[0m
[planner_server-4] [INFO] [1757101583.729639830] [planner_server]: Configuring
[planner_server-4] [INFO] [1757101583.729671299] [global_costmap.global_costmap]: Configuring
[planner_server-4] [INFO] [1757101583.731402196] [global_costmap.global_costmap]: Using plugin "static_layer"
[planner_server-4] [INFO] [1757101583.732797175] [global_costmap.global_costmap]: Subscribing to the map topic (/map) with transient local durability
[planner_server-4] [INFO] [1757101583.733216368] [global_costmap.global_costmap]: Initialized plugin "static_layer"
[planner_server-4] [INFO] [1757101583.733225964] [global_costmap.global_costmap]: Using plugin "obstacle_layer"
[planner_server-4] [INFO] [1757101583.733362484] [global_costmap.global_costmap]: Subscribed to Topics: scan
[planner_server-4] [INFO] [1757101583.734523127] [global_costmap.global_costmap]: Initialized plugin "obstacle_layer"
[planner_server-4] [INFO] [1757101583.734534741] [global_costmap.global_costmap]: Using plugin "inflation_layer"
[planner_server-4] [INFO] [1757101583.734842341] [global_costmap.global_costmap]: Initialized plugin "inflation_layer"
[planner_server-4] [INFO] [1757101583.737396946] [planner_server]: Created global planner plugin GridBased of type nav2_navfn_planner/NavfnPlanner
[planner_server-4] [INFO] [1757101583.737411735] [planner_server]: Configuring plugin GridBased of type NavfnPlanner
[planner_server-4] [INFO] [1757101583.737545418] [planner_server]: Planner Server has GridBased  planners available.
[lifecycle_manager-9] [INFO] [1757101583.739988217] [lifecycle_manager_navigation]: [34m[1mConfiguring behavior_server[0m[0m
[behavior_server-5] [INFO] [1757101583.740119275] [behavior_server]: Configuring
[behavior_server-5] [INFO] [1757101583.743084116] [behavior_server]: Creating behavior plugin spin of type nav2_behaviors/Spin
[behavior_server-5] [INFO] [1757101583.743461836] [behavior_server]: Configuring spin
[behavior_server-5] [INFO] [1757101583.744811803] [behavior_server]: Creating behavior plugin backup of type nav2_behaviors/BackUp
[behavior_server-5] [INFO] [1757101583.745154242] [behavior_server]: Configuring backup
[behavior_server-5] [INFO] [1757101583.746267958] [behavior_server]: Creating behavior plugin drive_on_heading of type nav2_behaviors/DriveOnHeading
[behavior_server-5] [INFO] [1757101583.746580752] [behavior_server]: Configuring drive_on_heading
[behavior_server-5] [INFO] [1757101583.747678772] [behavior_server]: Creating behavior plugin wait of type nav2_behaviors/Wait
[behavior_server-5] [INFO] [1757101583.747980454] [behavior_server]: Configuring wait
[behavior_server-5] [INFO] [1757101583.748979132] [behavior_server]: Creating behavior plugin assisted_teleop of type nav2_behaviors/AssistedTeleop
[behavior_server-5] [INFO] [1757101583.749674965] [behavior_server]: Configuring assisted_teleop
[lifecycle_manager-9] [INFO] [1757101583.751240840] [lifecycle_manager_navigation]: [34m[1mConfiguring bt_navigator[0m[0m
[bt_navigator-6] [INFO] [1757101583.751367197] [bt_navigator]: Configuring
[lifecycle_manager-9] [INFO] [1757101583.791294627] [lifecycle_manager_navigation]: [34m[1mConfiguring waypoint_follower[0m[0m
[waypoint_follower-7] [INFO] [1757101583.791498080] [waypoint_follower]: Configuring
[waypoint_follower-7] [INFO] [1757101583.797698499] [waypoint_follower]: Created waypoint_task_executor : wait_at_waypoint of type nav2_waypoint_follower::WaitAtWaypoint
[lifecycle_manager-9] [INFO] [1757101583.798050259] [lifecycle_manager_navigation]: [34m[1mConfiguring velocity_smoother[0m[0m
[velocity_smoother-8] [INFO] [1757101583.798192655] [velocity_smoother]: Configuring velocity smoother
[lifecycle_manager-9] [INFO] [1757101583.800143423] [lifecycle_manager_navigation]: [34m[1mActivating controller_server[0m[0m
[controller_server-2] [INFO] [1757101583.800213608] [controller_server]: Activating
[controller_server-2] [INFO] [1757101583.800241922] [local_costmap.local_costmap]: Activating
[controller_server-2] [INFO] [1757101583.800251828] [local_costmap.local_costmap]: Checking transform
[controller_server-2] [INFO] [1757101583.800268280] [local_costmap.local_costmap]: Timed out waiting for transform from base_link to odom to become available, tf error: Invalid frame ID "odom" passed to canTransform argument target_frame - frame does not exist
[rviz2-11] [INFO] [1757101584.137838201] [rviz2]: Stereo is NOT SUPPORTED
[rviz2-11] [INFO] [1757101584.137896294] [rviz2]: OpenGl version: 4.6 (GLSL 4.6)
[rviz2-11] [INFO] [1757101584.172798951] [rviz2]: Stereo is NOT SUPPORTED
[controller_server-2] [INFO] [1757101584.300320841] [local_costmap.local_costmap]: Timed out waiting for transform from base_link to odom to become available, tf error: Invalid frame ID "odom" passed to canTransform argument target_frame - frame does not exist
[controller_server-2] [INFO] [1757101584.800338478] [local_costmap.local_costmap]: Timed out waiting for transform from base_link to odom to become available, tf error: Invalid frame ID "odom" passed to canTransform argument target_frame - frame does not exist
[controller_server-2] [INFO] [1757101585.300323372] [local_costmap.local_costmap]: Timed out waiting for transform from base_link to odom to become available, tf error: Invalid frame ID "odom" passed to canTransform argument target_frame - frame does not exist
[controller_server-2] [INFO] [1757101585.800318867] [local_costmap.local_costmap]: Timed out waiting for transform from base_link to odom to become available, tf error: Invalid frame ID "odom" passed to canTransform argument target_frame - frame does not exist
[controller_server-2] [INFO] [1757101586.300322572] [local_costmap.local_costmap]: Timed out waiting for transform from base_link to odom to become available, tf error: Invalid frame ID "odom" passed to canTransform argument target_frame - frame does not exist
[controller_server-2] [INFO] [1757101586.800332909] [local_costmap.local_costmap]: Timed out waiting for transform from base_link to odom to become available, tf error: Invalid frame ID "odom" passed to canTransform argument target_frame - frame does not exist
[controller_server-2] [INFO] [1757101587.300343328] [local_costmap.local_costmap]: Timed out waiting for transform from base_link to odom to become available, tf error: Invalid frame ID "odom" passed to canTransform argument target_frame - frame does not exist
[controller_server-2] [INFO] [1757101587.800357852] [local_costmap.local_costmap]: Timed out waiting for transform from base_link to odom to become available, tf error: Invalid frame ID "odom" passed to canTransform argument target_frame - frame does not exist
[controller_server-2] [INFO] [1757101588.300342695] [local_costmap.local_costmap]: Timed out waiting for transform from base_link to odom to become available, tf error: Invalid frame ID "odom" passed to canTransform argument target_frame - frame does not exist
[controller_server-2] [INFO] [1757101588.800409995] [local_costmap.local_costmap]: Timed out waiting for transform from base_link to odom to become available, tf error: Invalid frame ID "odom" passed to canTransform argument target_frame - frame does not exist
[controller_server-2] [INFO] [1757101589.300408477] [local_costmap.local_costmap]: Timed out waiting for transform from base_link to odom to become available, tf error: Invalid frame ID "odom" passed to canTransform argument target_frame - frame does not exist
[controller_server-2] [INFO] [1757101589.800417335] [local_costmap.local_costmap]: Timed out waiting for transform from base_link to odom to become available, tf error: Invalid frame ID "odom" passed to canTransform argument target_frame - frame does not exist
[controller_server-2] [INFO] [1757101590.300355117] [local_costmap.local_costmap]: Timed out waiting for transform from base_link to odom to become available, tf error: Invalid frame ID "odom" passed to canTransform argument target_frame - frame does not exist
[controller_server-2] [INFO] [1757101590.800345584] [local_costmap.local_costmap]: Timed out waiting for transform from base_link to odom to become available, tf error: Invalid frame ID "odom" passed to canTransform argument target_frame - frame does not exist
[controller_server-2] [INFO] [1757101591.300410085] [local_costmap.local_costmap]: Timed out waiting for transform from base_link to odom to become available, tf error: Invalid frame ID "odom" passed to canTransform argument target_frame - frame does not exist
[controller_server-2] [INFO] [1757101591.800408297] [local_costmap.local_costmap]: Timed out waiting for transform from base_link to odom to become available, tf error: Invalid frame ID "odom" passed to canTransform argument target_frame - frame does not exist
[controller_server-2] [INFO] [1757101592.300413366] [local_costmap.local_costmap]: Timed out waiting for transform from base_link to odom to become available, tf error: Invalid frame ID "odom" passed to canTransform argument target_frame - frame does not exist
[controller_server-2] [INFO] [1757101592.800408059] [local_costmap.local_costmap]: Timed out waiting for transform from base_link to odom to become available, tf error: Invalid frame ID "odom" passed to canTransform argument target_frame - frame does not exist
[controller_server-2] [INFO] [1757101593.300344815] [local_costmap.local_costmap]: Timed out waiting for transform from base_link to odom to become available, tf error: Invalid frame ID "odom" passed to canTransform argument target_frame - frame does not exist
[controller_server-2] [INFO] [1757101593.800340389] [local_costmap.local_costmap]: Timed out waiting for transform from base_link to odom to become available, tf error: Invalid frame ID "odom" passed to canTransform argument target_frame - frame does not exist
[controller_server-2] [INFO] [1757101594.300340221] [local_costmap.local_costmap]: Timed out waiting for transform from base_link to odom to become available, tf error: Invalid frame ID "odom" passed to canTransform argument target_frame - frame does not exist
[async_slam_toolbox_node-1] [WARN] [1757101594.787398954] [slam]: minimum laser range setting (0.0 m) exceeds the capabilities of the used Lidar (0.1 m)
[controller_server-2] [INFO] [1757101594.800624201] [local_costmap.local_costmap]: start
[rviz2-11] [ERROR] [1757101595.042289805] [rviz2]: Lookup would require extrapolation into the future.  Requested time 1757101595.014214 but the latest data is at time 1757101594.978862, when looking up transform from frame [laser] to frame [map]
[rviz2-11] [INFO] [1757101595.042561990] [rviz2]: Trying to create a map of size 100 x 100 using 1 swatches
[controller_server-2] [INFO] [1757101595.052377951] [controller_server]: Activating controller: FollowPath of type regulated_pure_pursuit_controller::RegulatedPurePursuitController
[controller_server-2] [INFO] [1757101595.052480892] [controller_server]: Creating bond (controller_server) to lifecycle manager.
[lifecycle_manager-9] [INFO] [1757101595.162668946] [lifecycle_manager_navigation]: Server controller_server connected with bond.
[lifecycle_manager-9] [INFO] [1757101595.162788607] [lifecycle_manager_navigation]: [34m[1mActivating smoother_server[0m[0m
[smoother_server-3] [INFO] [1757101595.163640214] [smoother_server]: Activating
[smoother_server-3] [INFO] [1757101595.163732784] [smoother_server]: Creating bond (smoother_server) to lifecycle manager.
[lifecycle_manager-9] [INFO] [1757101595.271362139] [lifecycle_manager_navigation]: Server smoother_server connected with bond.
[lifecycle_manager-9] [INFO] [1757101595.271460369] [lifecycle_manager_navigation]: [34m[1mActivating planner_server[0m[0m
[planner_server-4] [INFO] [1757101595.272067824] [planner_server]: Activating
[planner_server-4] [INFO] [1757101595.272173537] [global_costmap.global_costmap]: Activating
[planner_server-4] [INFO] [1757101595.272201967] [global_costmap.global_costmap]: Checking transform
[planner_server-4] [INFO] [1757101595.272369598] [global_costmap.global_costmap]: start
[controller_server-2] [INFO] [1757101595.718319635] [local_costmap.local_costmap]: StaticLayer: Resizing static layer to 126 X 76 at 0.040000 m/pix
[planner_server-4] [INFO] [1757101595.718374086] [global_costmap.global_costmap]: StaticLayer: Resizing costmap to 126 X 76 at 0.040000 m/pix
[rviz2-11] [INFO] [1757101595.742583982] [rviz2]: Trying to create a map of size 126 x 76 using 1 swatches
[rviz2-11] [INFO] [1757101596.287944081] [rviz2]: Trying to create a map of size 126 x 76 using 1 swatches
[planner_server-4] [INFO] [1757101596.323750602] [planner_server]: Activating plugin GridBased of type NavfnPlanner
[planner_server-4] [INFO] [1757101596.325083903] [planner_server]: Creating bond (planner_server) to lifecycle manager.
[lifecycle_manager-9] [INFO] [1757101596.429728374] [lifecycle_manager_navigation]: Server planner_server connected with bond.
[lifecycle_manager-9] [INFO] [1757101596.429779432] [lifecycle_manager_navigation]: [34m[1mActivating behavior_server[0m[0m
[behavior_server-5] [INFO] [1757101596.430285039] [behavior_server]: Activating
[behavior_server-5] [INFO] [1757101596.430326916] [behavior_server]: Activating spin
[behavior_server-5] [INFO] [1757101596.430349169] [behavior_server]: Activating backup
[behavior_server-5] [INFO] [1757101596.430366750] [behavior_server]: Activating drive_on_heading
[behavior_server-5] [INFO] [1757101596.430383237] [behavior_server]: Activating wait
[behavior_server-5] [INFO] [1757101596.430399662] [behavior_server]: Activating assisted_teleop
[behavior_server-5] [INFO] [1757101596.430420600] [behavior_server]: Creating bond (behavior_server) to lifecycle manager.
[lifecycle_manager-9] [INFO] [1757101596.535420269] [lifecycle_manager_navigation]: Server behavior_server connected with bond.
[lifecycle_manager-9] [INFO] [1757101596.535525113] [lifecycle_manager_navigation]: [34m[1mActivating bt_navigator[0m[0m
[bt_navigator-6] [INFO] [1757101596.536264129] [bt_navigator]: Activating
[bt_navigator-6] [INFO] [1757101596.571667440] [bt_navigator]: Creating bond (bt_navigator) to lifecycle manager.
[lifecycle_manager-9] [INFO] [1757101596.673390057] [lifecycle_manager_navigation]: Server bt_navigator connected with bond.
[lifecycle_manager-9] [INFO] [1757101596.673486559] [lifecycle_manager_navigation]: [34m[1mActivating waypoint_follower[0m[0m
[waypoint_follower-7] [INFO] [1757101596.674105889] [waypoint_follower]: Activating
[waypoint_follower-7] [INFO] [1757101596.674192183] [waypoint_follower]: Creating bond (waypoint_follower) to lifecycle manager.
[lifecycle_manager-9] [INFO] [1757101596.782437597] [lifecycle_manager_navigation]: Server waypoint_follower connected with bond.
[lifecycle_manager-9] [INFO] [1757101596.782530903] [lifecycle_manager_navigation]: [34m[1mActivating velocity_smoother[0m[0m
[velocity_smoother-8] [INFO] [1757101596.783119886] [velocity_smoother]: Activating
[velocity_smoother-8] [INFO] [1757101596.783252550] [velocity_smoother]: Creating bond (velocity_smoother) to lifecycle manager.
[lifecycle_manager-9] [INFO] [1757101596.891207731] [lifecycle_manager_navigation]: Server velocity_smoother connected with bond.
[lifecycle_manager-9] [INFO] [1757101596.891307083] [lifecycle_manager_navigation]: [34m[1mManaged nodes are active[0m[0m
[lifecycle_manager-9] [INFO] [1757101596.891330943] [lifecycle_manager_navigation]: [34m[1mCreating bond timer...[0m[0m
[explore-10] [INFO] [1757101597.717460923] [explore_node]: Waiting to connect to move_base nav2 server
[explore-10] [INFO] [1757101597.717632189] [explore_node]: Connected to move_base nav2 server
[explore-10] [INFO] [1757101597.717635654] [explore_node]: Getting initial pose of the robot
[explore-10] [ERROR] [1757101598.021586065] [explore_node]: Extrapolation Error looking up robot pose: Lookup would require extrapolation into the future.  Requested time 1757101597.717661 but the latest data is at time 1757101597.604355, when looking up transform from frame [base_link] to frame [map]
[explore-10] 
[explore-10] [INFO] [1757101598.031575017] [explore_node]: [NAV] Remembered last goal (-0.80, -0.90, yaw from quat).
[bt_navigator-6] [INFO] [1757101598.032563147] [bt_navigator]: Begin navigating from current location (0.00, 0.00) to (-0.80, -0.90)
[controller_server-2] [INFO] [1757101598.053169084] [controller_server]: Received a goal, begin computing control effort.
[controller_server-2] [WARN] [1757101598.053218932] [controller_server]: No goal checker was specified in parameter 'current_goal_checker'. Server will use only plugin loaded goal_checker . This warning will appear once.
[controller_server-2] [INFO] [1757101599.153320829] [controller_server]: Passing new path to controller.
[controller_server-2] [INFO] [1757101600.153323974] [controller_server]: Passing new path to controller.
[controller_server-2] [INFO] [1757101601.153332303] [controller_server]: Passing new path to controller.
[controller_server-2] [INFO] [1757101602.253311669] [controller_server]: Passing new path to controller.
[controller_server-2] [INFO] [1757101603.253331228] [controller_server]: Passing new path to controller.
[controller_server-2] [INFO] [1757101604.253390060] [controller_server]: Passing new path to controller.
[controller_server-2] [INFO] [1757101605.353322745] [controller_server]: Passing new path to controller.
[rviz2-11] [INFO] [1757101605.727398038] [rviz2]: Trying to create a map of size 126 x 79 using 1 swatches
[controller_server-2] [INFO] [1757101605.800866258] [local_costmap.local_costmap]: StaticLayer: Resizing static layer to 126 X 79 at 0.040000 m/pix
[planner_server-4] [INFO] [1757101606.272631370] [global_costmap.global_costmap]: StaticLayer: Resizing costmap to 126 X 79 at 0.040000 m/pix
[rviz2-11] [INFO] [1757101606.302077393] [rviz2]: Trying to create a map of size 126 x 79 using 1 swatches
[controller_server-2] [INFO] [1757101606.353395435] [controller_server]: Passing new path to controller.
[rviz2-11] [ERROR] [1757101606.846347023] [rviz2]: Lookup would require extrapolation into the future.  Requested time 1757101606.821915 but the latest data is at time 1757101606.821574, when looking up transform from frame [laser] to frame [map]
[controller_server-2] [WARN] [1757101606.853871695] [controller_server]: RegulatedPurePursuitController detected collision ahead!
[controller_server-2] [WARN] [1757101606.953738707] [controller_server]: RegulatedPurePursuitController detected collision ahead!
[controller_server-2] [INFO] [1757101607.353395510] [controller_server]: Passing new path to controller.
[controller_server-2] [WARN] [1757101607.684018446] [controller_server]: RegulatedPurePursuitController detected collision ahead!
[rviz2-11] [INFO] [1757101607.742937129] [rviz2]: Trying to create a map of size 127 x 84 using 1 swatches
[controller_server-2] [WARN] [1757101607.753455437] [controller_server]: RegulatedPurePursuitController detected collision ahead!
[controller_server-2] [INFO] [1757101607.800951392] [local_costmap.local_costmap]: StaticLayer: Resizing static layer to 127 X 84 at 0.040000 m/pix
[planner_server-4] [INFO] [1757101608.272632688] [global_costmap.global_costmap]: StaticLayer: Resizing costmap to 127 X 84 at 0.040000 m/pix
[rviz2-11] [INFO] [1757101608.286444683] [rviz2]: Trying to create a map of size 127 x 84 using 1 swatches
[controller_server-2] [INFO] [1757101608.353332115] [controller_server]: Passing new path to controller.
[controller_server-2] [INFO] [1757101609.453313953] [controller_server]: Passing new path to controller.
[controller_server-2] [INFO] [1757101610.453321565] [controller_server]: Passing new path to controller.
[explore-10] [INFO] [1757101611.102843115] [explore_node]: [NAV] Remembered last goal (-1.98, 0.18, yaw from quat).
[bt_navigator-6] [INFO] [1757101611.112792774] [bt_navigator]: Received goal preemption request
[bt_navigator-6] [INFO] [1757101611.113112740] [bt_navigator]: Begin navigating from current location (-0.78, -0.84) to (-1.98, 0.18)
[controller_server-2] [INFO] [1757101611.453324058] [controller_server]: Passing new path to controller.
[controller_server-2] [INFO] [1757101612.553332185] [controller_server]: Passing new path to controller.
[controller_server-2] [INFO] [1757101613.553416886] [controller_server]: Passing new path to controller.
[controller_server-2] [WARN] [1757101613.654386018] [controller_server]: RegulatedPurePursuitController detected collision ahead!
[controller_server-2] [WARN] [1757101613.754268550] [controller_server]: RegulatedPurePursuitController detected collision ahead!
[controller_server-2] [WARN] [1757101613.854216211] [controller_server]: RegulatedPurePursuitController detected collision ahead!
[controller_server-2] [WARN] [1757101613.954174318] [controller_server]: RegulatedPurePursuitController detected collision ahead!
[controller_server-2] [WARN] [1757101614.053493055] [controller_server]: RegulatedPurePursuitController detected collision ahead!
[controller_server-2] [WARN] [1757101614.153894913] [controller_server]: RegulatedPurePursuitController detected collision ahead!
[controller_server-2] [WARN] [1757101614.254351514] [controller_server]: RegulatedPurePursuitController detected collision ahead!
[controller_server-2] [WARN] [1757101614.354364004] [controller_server]: RegulatedPurePursuitController detected collision ahead!
[controller_server-2] [WARN] [1757101614.454368037] [controller_server]: RegulatedPurePursuitController detected collision ahead!
[controller_server-2] [INFO] [1757101614.553388245] [controller_server]: Passing new path to controller.
[controller_server-2] [WARN] [1757101614.554555664] [controller_server]: RegulatedPurePursuitController detected collision ahead!
[controller_server-2] [WARN] [1757101614.654282095] [controller_server]: RegulatedPurePursuitController detected collision ahead!
[controller_server-2] [WARN] [1757101614.754359533] [controller_server]: RegulatedPurePursuitController detected collision ahead!
[controller_server-2] [WARN] [1757101614.854250607] [controller_server]: RegulatedPurePursuitController detected collision ahead!
[controller_server-2] [WARN] [1757101614.954380177] [controller_server]: RegulatedPurePursuitController detected collision ahead!
[controller_server-2] [WARN] [1757101615.054371141] [controller_server]: RegulatedPurePursuitController detected collision ahead!
[controller_server-2] [WARN] [1757101615.154362633] [controller_server]: RegulatedPurePursuitController detected collision ahead!
[controller_server-2] [WARN] [1757101615.254295082] [controller_server]: RegulatedPurePursuitController detected collision ahead!
[controller_server-2] [WARN] [1757101615.354270567] [controller_server]: RegulatedPurePursuitController detected collision ahead!
[controller_server-2] [WARN] [1757101615.454346836] [controller_server]: RegulatedPurePursuitController detected collision ahead!
[controller_server-2] [WARN] [1757101615.554079503] [controller_server]: RegulatedPurePursuitController detected collision ahead!
[controller_server-2] [INFO] [1757101615.653318294] [controller_server]: Passing new path to controller.
[controller_server-2] [WARN] [1757101615.654070386] [controller_server]: RegulatedPurePursuitController detected collision ahead!
[controller_server-2] [ERROR] [1757101615.654117067] [controller_server]: Controller patience exceeded
[controller_server-2] [WARN] [1757101615.654151743] [controller_server]: [follow_path] [ActionServer] Aborting handle.
[controller_server-2] [INFO] [1757101615.683226157] [local_costmap.local_costmap]: Received request to clear entirely the local_costmap
[controller_server-2] [INFO] [1757101615.686498535] [controller_server]: Received a goal, begin computing control effort.
[controller_server-2] [WARN] [1757101615.807692920] [controller_server]: RegulatedPurePursuitController detected collision ahead!
[controller_server-2] [WARN] [1757101615.807909646] [controller_server]: Control loop missed its desired rate of 10.0000Hz
[controller_server-2] [WARN] [1757101615.808747138] [controller_server]: RegulatedPurePursuitController detected collision ahead!
[controller_server-2] [WARN] [1757101615.887686567] [controller_server]: RegulatedPurePursuitController detected collision ahead!
[controller_server-2] [WARN] [1757101615.987712916] [controller_server]: RegulatedPurePursuitController detected collision ahead!
[controller_server-2] [WARN] [1757101616.087678939] [controller_server]: RegulatedPurePursuitController detected collision ahead!
[controller_server-2] [WARN] [1757101616.187681270] [controller_server]: RegulatedPurePursuitController detected collision ahead!
[controller_server-2] [WARN] [1757101616.287515942] [controller_server]: RegulatedPurePursuitController detected collision ahead!
[controller_server-2] [WARN] [1757101616.386815838] [controller_server]: RegulatedPurePursuitController detected collision ahead!
[controller_server-2] [WARN] [1757101616.487616186] [controller_server]: RegulatedPurePursuitController detected collision ahead!
[controller_server-2] [WARN] [1757101616.587236385] [controller_server]: RegulatedPurePursuitController detected collision ahead!
[controller_server-2] [INFO] [1757101616.686663808] [controller_server]: Passing new path to controller.
[controller_server-2] [WARN] [1757101616.687812336] [controller_server]: RegulatedPurePursuitController detected collision ahead!
[controller_server-2] [WARN] [1757101616.787679583] [controller_server]: RegulatedPurePursuitController detected collision ahead!
[controller_server-2] [WARN] [1757101616.887687813] [controller_server]: RegulatedPurePursuitController detected collision ahead!
[controller_server-2] [WARN] [1757101616.987620129] [controller_server]: RegulatedPurePursuitController detected collision ahead!
[controller_server-2] [WARN] [1757101617.087691185] [controller_server]: RegulatedPurePursuitController detected collision ahead!
[controller_server-2] [WARN] [1757101617.187619821] [controller_server]: RegulatedPurePursuitController detected collision ahead!
[controller_server-2] [WARN] [1757101617.287256466] [controller_server]: RegulatedPurePursuitController detected collision ahead!
[controller_server-2] [WARN] [1757101617.387684035] [controller_server]: RegulatedPurePursuitController detected collision ahead!
[controller_server-2] [WARN] [1757101617.487702254] [controller_server]: RegulatedPurePursuitController detected collision ahead!
[controller_server-2] [WARN] [1757101617.587618269] [controller_server]: RegulatedPurePursuitController detected collision ahead!
[controller_server-2] [INFO] [1757101617.686737190] [controller_server]: Passing new path to controller.
[controller_server-2] [WARN] [1757101617.687906096] [controller_server]: RegulatedPurePursuitController detected collision ahead!
[controller_server-2] [ERROR] [1757101617.687956786] [controller_server]: Controller patience exceeded
[controller_server-2] [WARN] [1757101617.688007520] [controller_server]: [follow_path] [ActionServer] Aborting handle.
[controller_server-2] [INFO] [1757101617.713201158] [local_costmap.local_costmap]: Received request to clear entirely the local_costmap
[planner_server-4] [INFO] [1757101617.715882669] [global_costmap.global_costmap]: Received request to clear entirely the global_costmap
[controller_server-2] [INFO] [1757101618.293543165] [controller_server]: Received a goal, begin computing control effort.
[controller_server-2] [WARN] [1757101618.294671867] [controller_server]: RegulatedPurePursuitController detected collision ahead!
[controller_server-2] [WARN] [1757101618.394808702] [controller_server]: RegulatedPurePursuitController detected collision ahead!
[controller_server-2] [WARN] [1757101618.494682300] [controller_server]: RegulatedPurePursuitController detected collision ahead!
[controller_server-2] [WARN] [1757101618.594399866] [controller_server]: RegulatedPurePursuitController detected collision ahead!
[controller_server-2] [WARN] [1757101618.694333242] [controller_server]: RegulatedPurePursuitController detected collision ahead!
[controller_server-2] [WARN] [1757101618.794789116] [controller_server]: RegulatedPurePursuitController detected collision ahead!
[controller_server-2] [WARN] [1757101618.894723308] [controller_server]: RegulatedPurePursuitController detected collision ahead!
[controller_server-2] [WARN] [1757101618.994133056] [controller_server]: RegulatedPurePursuitController detected collision ahead!
[controller_server-2] [WARN] [1757101619.093935747] [controller_server]: RegulatedPurePursuitController detected collision ahead!
[controller_server-2] [WARN] [1757101619.193973873] [controller_server]: RegulatedPurePursuitController detected collision ahead!
[controller_server-2] [WARN] [1757101619.294842841] [controller_server]: RegulatedPurePursuitController detected collision ahead!
[controller_serv