[INFO] [launch]: All log files can be found below /home/robot/.ros/log/2025-09-03-15-55-41-359394-robot-pc04-28638
[INFO] [launch]: Default logging verbosity is set to INFO
[INFO] [async_slam_toolbox_node-1]: process started with pid [28650]
[INFO] [controller_server-2]: process started with pid [28652]
[INFO] [smoother_server-3]: process started with pid [28654]
[INFO] [planner_server-4]: process started with pid [28656]
[INFO] [behavior_server-5]: process started with pid [28658]
[INFO] [bt_navigator-6]: process started with pid [28660]
[INFO] [waypoint_follower-7]: process started with pid [28662]
[INFO] [velocity_smoother-8]: process started with pid [28664]
[INFO] [lifecycle_manager-9]: process started with pid [28666]
[INFO] [explore-10]: process started with pid [28668]
[INFO] [rviz2-11]: process started with pid [28670]
[async_slam_toolbox_node-1] [INFO] [1756907741.464714581] [slam]: Node using stack size 40000000
[controller_server-2] [INFO] [1756907741.466387888] [controller_server]: 
[controller_server-2] 	controller_server lifecycle node launched. 
[controller_server-2] 	Waiting on external lifecycle transitions to activate
[controller_server-2] 	See https://design.ros2.org/articles/node_lifecycle.html for more information.
[smoother_server-3] [INFO] [1756907741.467988475] [smoother_server]: 
[smoother_server-3] 	smoother_server lifecycle node launched. 
[smoother_server-3] 	Waiting on external lifecycle transitions to activate
[smoother_server-3] 	See https://design.ros2.org/articles/node_lifecycle.html for more information.
[controller_server-2] [INFO] [1756907741.468481108] [controller_server]: Creating controller server
[explore-10] [INFO] [1756907741.468939110] [explore_node]: Waiting for costmap to become available, topic: map
[smoother_server-3] [INFO] [1756907741.469220046] [smoother_server]: Creating smoother server
[velocity_smoother-8] [INFO] [1756907741.469430565] [velocity_smoother]: 
[velocity_smoother-8] 	velocity_smoother lifecycle node launched. 
[velocity_smoother-8] 	Waiting on external lifecycle transitions to activate
[velocity_smoother-8] 	See https://design.ros2.org/articles/node_lifecycle.html for more information.
[planner_server-4] [INFO] [1756907741.469887467] [planner_server]: 
[planner_server-4] 	planner_server lifecycle node launched. 
[planner_server-4] 	Waiting on external lifecycle transitions to activate
[planner_server-4] 	See https://design.ros2.org/articles/node_lifecycle.html for more information.
[waypoint_follower-7] [INFO] [1756907741.469895324] [waypoint_follower]: 
[waypoint_follower-7] 	waypoint_follower lifecycle node launched. 
[waypoint_follower-7] 	Waiting on external lifecycle transitions to activate
[waypoint_follower-7] 	See https://design.ros2.org/articles/node_lifecycle.html for more information.
[waypoint_follower-7] [INFO] [1756907741.470185601] [waypoint_follower]: Creating
[planner_server-4] [INFO] [1756907741.470638322] [planner_server]: Creating
[lifecycle_manager-9] [INFO] [1756907741.471459041] [lifecycle_manager_navigation]: Creating
[behavior_server-5] [INFO] [1756907741.471492515] [behavior_server]: 
[behavior_server-5] 	behavior_server lifecycle node launched. 
[behavior_server-5] 	Waiting on external lifecycle transitions to activate
[behavior_server-5] 	See https://design.ros2.org/articles/node_lifecycle.html for more information.
[bt_navigator-6] [INFO] [1756907741.473234133] [bt_navigator]: 
[bt_navigator-6] 	bt_navigator lifecycle node launched. 
[bt_navigator-6] 	Waiting on external lifecycle transitions to activate
[bt_navigator-6] 	See https://design.ros2.org/articles/node_lifecycle.html for more information.
[bt_navigator-6] [INFO] [1756907741.473311883] [bt_navigator]: Creating
[lifecycle_manager-9] [INFO] [1756907741.473742017] [lifecycle_manager_navigation]: [34m[1mCreating and initializing lifecycle service clients[0m[0m
[planner_server-4] [INFO] [1756907741.474555051] [global_costmap.global_costmap]: 
[planner_server-4] 	global_costmap lifecycle node launched. 
[planner_server-4] 	Waiting on external lifecycle transitions to activate
[planner_server-4] 	See https://design.ros2.org/articles/node_lifecycle.html for more information.
[planner_server-4] [INFO] [1756907741.474780429] [global_costmap.global_costmap]: Creating Costmap
[controller_server-2] [INFO] [1756907741.474794406] [local_costmap.local_costmap]: 
[controller_server-2] 	local_costmap lifecycle node launched. 
[controller_server-2] 	Waiting on external lifecycle transitions to activate
[controller_server-2] 	See https://design.ros2.org/articles/node_lifecycle.html for more information.
[controller_server-2] [INFO] [1756907741.475186811] [local_costmap.local_costmap]: Creating Costmap
[lifecycle_manager-9] [INFO] [1756907741.480005331] [lifecycle_manager_navigation]: [34m[1mStarting managed nodes bringup...[0m[0m
[lifecycle_manager-9] [INFO] [1756907741.480029988] [lifecycle_manager_navigation]: [34m[1mConfiguring controller_server[0m[0m
[controller_server-2] [INFO] [1756907741.480262080] [controller_server]: Configuring controller interface
[controller_server-2] [INFO] [1756907741.480380339] [controller_server]: getting goal checker plugins..
[controller_server-2] [INFO] [1756907741.480479318] [controller_server]: Controller frequency set to 10.0000Hz
[controller_server-2] [INFO] [1756907741.480516451] [local_costmap.local_costmap]: Configuring
[async_slam_toolbox_node-1] [INFO] [1756907741.480933461] [slam]: Using solver plugin solver_plugins::CeresSolver
[async_slam_toolbox_node-1] [INFO] [1756907741.481028715] [slam]: CeresSolver: Using SCHUR_JACOBI preconditioner.
[controller_server-2] [INFO] [1756907741.483449142] [local_costmap.local_costmap]: Using plugin "static_layer"
[controller_server-2] [INFO] [1756907741.486328107] [local_costmap.local_costmap]: Subscribing to the map topic (/map) with transient local durability
[controller_server-2] [INFO] [1756907741.487629997] [local_costmap.local_costmap]: Initialized plugin "static_layer"
[controller_server-2] [INFO] [1756907741.487649369] [local_costmap.local_costmap]: Using plugin "obstacle_layer"
[controller_server-2] [INFO] [1756907741.487870679] [local_costmap.local_costmap]: Subscribed to Topics: scan
[controller_server-2] [INFO] [1756907741.489760114] [local_costmap.local_costmap]: Initialized plugin "obstacle_layer"
[controller_server-2] [INFO] [1756907741.489779230] [local_costmap.local_costmap]: Using plugin "inflation_layer"
[controller_server-2] [INFO] [1756907741.490485179] [local_costmap.local_costmap]: Initialized plugin "inflation_layer"
[controller_server-2] [INFO] [1756907741.494309918] [controller_server]: Created progress_checker : progress_checker of type nav2_controller::SimpleProgressChecker
[controller_server-2] [INFO] [1756907741.494551532] [controller_server]: Created goal checker : goal_checker of type nav2_controller::SimpleGoalChecker
[controller_server-2] [INFO] [1756907741.494634350] [controller_server]: Controller Server has goal_checker  goal checkers available.
[controller_server-2] [INFO] [1756907741.494855486] [controller_server]: Created controller : FollowPath of type nav2_regulated_pure_pursuit_controller::RegulatedPurePursuitController
[controller_server-2] [INFO] [1756907741.496098616] [controller_server]: Controller Server has FollowPath  controllers available.
[lifecycle_manager-9] [INFO] [1756907741.499478775] [lifecycle_manager_navigation]: [34m[1mConfiguring smoother_server[0m[0m
[smoother_server-3] [INFO] [1756907741.499650909] [smoother_server]: Configuring smoother server
[smoother_server-3] [INFO] [1756907741.504522215] [smoother_server]: Created smoother : simple_smoother of type nav2_smoother::SimpleSmoother
[smoother_server-3] [INFO] [1756907741.504736485] [smoother_server]: Smoother Server has simple_smoother  smoothers available.
[lifecycle_manager-9] [INFO] [1756907741.507417717] [lifecycle_manager_navigation]: [34m[1mConfiguring planner_server[0m[0m
[planner_server-4] [INFO] [1756907741.507515216] [planner_server]: Configuring
[planner_server-4] [INFO] [1756907741.507539570] [global_costmap.global_costmap]: Configuring
[planner_server-4] [INFO] [1756907741.509536650] [global_costmap.global_costmap]: Using plugin "static_layer"
[planner_server-4] [INFO] [1756907741.510941218] [global_costmap.global_costmap]: Subscribing to the map topic (/map) with transient local durability
[planner_server-4] [INFO] [1756907741.511384191] [global_costmap.global_costmap]: Initialized plugin "static_layer"
[planner_server-4] [INFO] [1756907741.511394897] [global_costmap.global_costmap]: Using plugin "obstacle_layer"
[planner_server-4] [INFO] [1756907741.511507822] [global_costmap.global_costmap]: Subscribed to Topics: scan
[planner_server-4] [INFO] [1756907741.512767248] [global_costmap.global_costmap]: Initialized plugin "obstacle_layer"
[planner_server-4] [INFO] [1756907741.512780654] [global_costmap.global_costmap]: Using plugin "inflation_layer"
[planner_server-4] [INFO] [1756907741.513177492] [global_costmap.global_costmap]: Initialized plugin "inflation_layer"
[planner_server-4] [INFO] [1756907741.516319261] [planner_server]: Created global planner plugin GridBased of type nav2_navfn_planner/NavfnPlanner
[planner_server-4] [INFO] [1756907741.516338866] [planner_server]: Configuring plugin GridBased of type NavfnPlanner
[planner_server-4] [INFO] [1756907741.516512838] [planner_server]: Planner Server has GridBased  planners available.
[lifecycle_manager-9] [INFO] [1756907741.519876457] [lifecycle_manager_navigation]: [34m[1mConfiguring behavior_server[0m[0m
[behavior_server-5] [INFO] [1756907741.520105289] [behavior_server]: Configuring
[behavior_server-5] [INFO] [1756907741.525025227] [behavior_server]: Creating behavior plugin spin of type nav2_behaviors/Spin
[behavior_server-5] [INFO] [1756907741.525532711] [behavior_server]: Configuring spin
[behavior_server-5] [INFO] [1756907741.527758752] [behavior_server]: Creating behavior plugin backup of type nav2_behaviors/BackUp
[behavior_server-5] [INFO] [1756907741.528264413] [behavior_server]: Configuring backup
[behavior_server-5] [INFO] [1756907741.531014773] [behavior_server]: Creating behavior plugin drive_on_heading of type nav2_behaviors/DriveOnHeading
[behavior_server-5] [INFO] [1756907741.531639832] [behavior_server]: Configuring drive_on_heading
[behavior_server-5] [INFO] [1756907741.534515357] [behavior_server]: Creating behavior plugin wait of type nav2_behaviors/Wait
[behavior_server-5] [INFO] [1756907741.535037101] [behavior_server]: Configuring wait
[behavior_server-5] [INFO] [1756907741.537225795] [behavior_server]: Creating behavior plugin assisted_teleop of type nav2_behaviors/AssistedTeleop
[behavior_server-5] [INFO] [1756907741.538431979] [behavior_server]: Configuring assisted_teleop
[lifecycle_manager-9] [INFO] [1756907741.541359178] [lifecycle_manager_navigation]: [34m[1mConfiguring bt_navigator[0m[0m
[bt_navigator-6] [INFO] [1756907741.541478688] [bt_navigator]: Configuring
[lifecycle_manager-9] [INFO] [1756907741.570660848] [lifecycle_manager_navigation]: [34m[1mConfiguring waypoint_follower[0m[0m
[waypoint_follower-7] [INFO] [1756907741.570790045] [waypoint_follower]: Configuring
[waypoint_follower-7] [INFO] [1756907741.574274163] [waypoint_follower]: Created waypoint_task_executor : wait_at_waypoint of type nav2_waypoint_follower::WaitAtWaypoint
[lifecycle_manager-9] [INFO] [1756907741.574553551] [lifecycle_manager_navigation]: [34m[1mConfiguring velocity_smoother[0m[0m
[velocity_smoother-8] [INFO] [1756907741.574678353] [velocity_smoother]: Configuring velocity smoother
[lifecycle_manager-9] [INFO] [1756907741.575757141] [lifecycle_manager_navigation]: [34m[1mActivating controller_server[0m[0m
[controller_server-2] [INFO] [1756907741.575829590] [controller_server]: Activating
[controller_server-2] [INFO] [1756907741.575852725] [local_costmap.local_costmap]: Activating
[controller_server-2] [INFO] [1756907741.575859232] [local_costmap.local_costmap]: Checking transform
[controller_server-2] [INFO] [1756907741.575871776] [local_costmap.local_costmap]: Timed out waiting for transform from base_link to odom to become available, tf error: Invalid frame ID "odom" passed to canTransform argument target_frame - frame does not exist
[rviz2-11] [INFO] [1756907741.936245980] [rviz2]: Stereo is NOT SUPPORTED
[rviz2-11] [INFO] [1756907741.936300252] [rviz2]: OpenGl version: 4.6 (GLSL 4.6)
[rviz2-11] [INFO] [1756907741.978311479] [rviz2]: Stereo is NOT SUPPORTED
[controller_server-2] [INFO] [1756907742.075925825] [local_costmap.local_costmap]: Timed out waiting for transform from base_link to odom to become available, tf error: Invalid frame ID "odom" passed to canTransform argument target_frame - frame does not exist
[controller_server-2] [INFO] [1756907742.575924176] [local_costmap.local_costmap]: Timed out waiting for transform from base_link to odom to become available, tf error: Invalid frame ID "odom" passed to canTransform argument target_frame - frame does not exist
[controller_server-2] [INFO] [1756907743.075928743] [local_costmap.local_costmap]: Timed out waiting for transform from base_link to odom to become available, tf error: Invalid frame ID "odom" passed to canTransform argument target_frame - frame does not exist
[controller_server-2] [INFO] [1756907743.576160626] [local_costmap.local_costmap]: start
[controller_server-2] [INFO] [1756907743.777739269] [controller_server]: Activating controller: FollowPath of type regulated_pure_pursuit_controller::RegulatedPurePursuitController
[controller_server-2] [INFO] [1756907743.777842417] [controller_server]: Creating bond (controller_server) to lifecycle manager.
[lifecycle_manager-9] [INFO] [1756907743.886238567] [lifecycle_manager_navigation]: Server controller_server connected with bond.
[lifecycle_manager-9] [INFO] [1756907743.886272488] [lifecycle_manager_navigation]: [34m[1mActivating smoother_server[0m[0m
[smoother_server-3] [INFO] [1756907743.886495712] [smoother_server]: Activating
[smoother_server-3] [INFO] [1756907743.886543166] [smoother_server]: Creating bond (smoother_server) to lifecycle manager.
[lifecycle_manager-9] [INFO] [1756907743.989688038] [lifecycle_manager_navigation]: Server smoother_server connected with bond.
[lifecycle_manager-9] [INFO] [1756907743.989810187] [lifecycle_manager_navigation]: [34m[1mActivating planner_server[0m[0m
[planner_server-4] [INFO] [1756907743.990409290] [planner_server]: Activating
[planner_server-4] [INFO] [1756907743.990506688] [global_costmap.global_costmap]: Activating
[planner_server-4] [INFO] [1756907743.990534776] [global_costmap.global_costmap]: Checking transform
[planner_server-4] [INFO] [1756907743.990595944] [global_costmap.global_costmap]: Timed out waiting for transform from base_link to map to become available, tf error: Invalid frame ID "map" passed to canTransform argument target_frame - frame does not exist
[planner_server-4] [INFO] [1756907744.490660336] [global_costmap.global_costmap]: Timed out waiting for transform from base_link to map to become available, tf error: Invalid frame ID "map" passed to canTransform argument target_frame - frame does not exist
[planner_server-4] [INFO] [1756907744.990645518] [global_costmap.global_costmap]: Timed out waiting for transform from base_link to map to become available, tf error: Invalid frame ID "map" passed to canTransform argument target_frame - frame does not exist
[planner_server-4] [INFO] [1756907745.490644925] [global_costmap.global_costmap]: Timed out waiting for transform from base_link to map to become available, tf error: Invalid frame ID "map" passed to canTransform argument target_frame - frame does not exist
[controller_server-2] [WARN] [1756907745.577027896] [local_costmap.local_costmap]: Can't update static costmap layer, no map received
[planner_server-4] [INFO] [1756907745.990644044] [global_costmap.global_costmap]: Timed out waiting for transform from base_link to map to become available, tf error: Invalid frame ID "map" passed to canTransform argument target_frame - frame does not exist
[planner_server-4] [INFO] [1756907746.490640189] [global_costmap.global_costmap]: Timed out waiting for transform from base_link to map to become available, tf error: Invalid frame ID "map" passed to canTransform argument target_frame - frame does not exist
[async_slam_toolbox_node-1] [WARN] [1756907746.667048234] [slam]: minimum laser range setting (0.0 m) exceeds the capabilities of the used Lidar (0.1 m)
[rviz2-11] [INFO] [1756907746.809796109] [rviz2]: Trying to create a map of size 100 x 100 using 1 swatches
[planner_server-4] [INFO] [1756907746.990855841] [global_costmap.global_costmap]: start
[planner_server-4] [INFO] [1756907747.485231989] [global_costmap.global_costmap]: StaticLayer: Resizing costmap to 65 X 47 at 0.040000 m/pix
[controller_server-2] [INFO] [1756907747.485251639] [local_costmap.local_costmap]: StaticLayer: Resizing static layer to 65 X 47 at 0.040000 m/pix
[rviz2-11] [INFO] [1756907747.509174564] [rviz2]: Trying to create a map of size 65 x 47 using 1 swatches
[rviz2-11] [INFO] [1756907748.023930504] [rviz2]: Trying to create a map of size 65 x 47 using 1 swatches
[planner_server-4] [INFO] [1756907748.042539282] [planner_server]: Activating plugin GridBased of type NavfnPlanner
[planner_server-4] [INFO] [1756907748.045090102] [planner_server]: Creating bond (planner_server) to lifecycle manager.
[lifecycle_manager-9] [INFO] [1756907748.152301896] [lifecycle_manager_navigation]: Server planner_server connected with bond.
[lifecycle_manager-9] [INFO] [1756907748.152399398] [lifecycle_manager_navigation]: [34m[1mActivating behavior_server[0m[0m
[behavior_server-5] [INFO] [1756907748.153066219] [behavior_server]: Activating
[behavior_server-5] [INFO] [1756907748.153143390] [behavior_server]: Activating spin
[behavior_server-5] [INFO] [1756907748.153171564] [behavior_server]: Activating backup
[behavior_server-5] [INFO] [1756907748.153191174] [behavior_server]: Activating drive_on_heading
[behavior_server-5] [INFO] [1756907748.153210138] [behavior_server]: Activating wait
[behavior_server-5] [INFO] [1756907748.153228680] [behavior_server]: Activating assisted_teleop
[behavior_server-5] [INFO] [1756907748.153252957] [behavior_server]: Creating bond (behavior_server) to lifecycle manager.
[lifecycle_manager-9] [INFO] [1756907748.260806905] [lifecycle_manager_navigation]: Server behavior_server connected with bond.
[lifecycle_manager-9] [INFO] [1756907748.260906632] [lifecycle_manager_navigation]: [34m[1mActivating bt_navigator[0m[0m
[bt_navigator-6] [INFO] [1756907748.261499381] [bt_navigator]: Activating
[bt_navigator-6] [INFO] [1756907748.304097860] [bt_navigator]: Creating bond (bt_navigator) to lifecycle manager.
[lifecycle_manager-9] [INFO] [1756907748.405785354] [lifecycle_manager_navigation]: Server bt_navigator connected with bond.
[lifecycle_manager-9] [INFO] [1756907748.405875259] [lifecycle_manager_navigation]: [34m[1mActivating waypoint_follower[0m[0m
[waypoint_follower-7] [INFO] [1756907748.406490172] [waypoint_follower]: Activating
[waypoint_follower-7] [INFO] [1756907748.406603462] [waypoint_follower]: Creating bond (waypoint_follower) to lifecycle manager.
[lifecycle_manager-9] [INFO] [1756907748.515090204] [lifecycle_manager_navigation]: Server waypoint_follower connected with bond.
[lifecycle_manager-9] [INFO] [1756907748.515188109] [lifecycle_manager_navigation]: [34m[1mActivating velocity_smoother[0m[0m
[velocity_smoother-8] [INFO] [1756907748.515830820] [velocity_smoother]: Activating
[velocity_smoother-8] [INFO] [1756907748.515955893] [velocity_smoother]: Creating bond (velocity_smoother) to lifecycle manager.
[lifecycle_manager-9] [INFO] [1756907748.624708139] [lifecycle_manager_navigation]: Server velocity_smoother connected with bond.
[lifecycle_manager-9] [INFO] [1756907748.624816612] [lifecycle_manager_navigation]: [34m[1mManaged nodes are active[0m[0m
[lifecycle_manager-9] [INFO] [1756907748.624841043] [lifecycle_manager_navigation]: [34m[1mCreating bond timer...[0m[0m
[explore-10] [INFO] [1756907749.491902912] [explore_node]: Waiting to connect to move_base nav2 server
[explore-10] [INFO] [1756907749.492355968] [explore_node]: Connected to move_base nav2 server
[explore-10] [INFO] [1756907749.492379050] [explore_node]: Getting initial pose of the robot
[bt_navigator-6] [INFO] [1756907749.559988291] [bt_navigator]: Begin navigating from current location (0.24, 0.00) to (1.44, 0.06)
[controller_server-2] [INFO] [1756907749.581192377] [controller_server]: Received a goal, begin computing control effort.
[controller_server-2] [WARN] [1756907749.581285872] [controller_server]: No goal checker was specified in parameter 'current_goal_checker'. Server will use only plugin loaded goal_checker . This warning will appear once.
[controller_server-2] [INFO] [1756907750.681417745] [controller_server]: Passing new path to controller.
[controller_server-2] [INFO] [1756907751.681498254] [controller_server]: Passing new path to controller.
[controller_server-2] [INFO] [1756907752.681493814] [controller_server]: Passing new path to controller.
[rviz2-11] [INFO] [1756907753.496592322] [rviz2]: Trying to create a map of size 110 x 105 using 1 swatches
[controller_server-2] [INFO] [1756907753.576351192] [local_costmap.local_costmap]: StaticLayer: Resizing static layer to 110 X 105 at 0.040000 m/pix
[controller_server-2] [INFO] [1756907753.781525609] [controller_server]: Passing new path to controller.
[planner_server-4] [INFO] [1756907753.991039193] [global_costmap.global_costmap]: StaticLayer: Resizing costmap to 110 X 105 at 0.040000 m/pix
[rviz2-11] [INFO] [1756907754.010060495] [rviz2]: Trying to create a map of size 110 x 105 using 1 swatches
[controller_server-2] [INFO] [1756907754.781404675] [controller_server]: Passing new path to controller.
[controller_server-2] [INFO] [1756907755.576432110] [local_costmap.local_costmap]: StaticLayer: Resizing static layer to 110 X 105 at 0.040000 m/pix
[controller_server-2] [INFO] [1756907755.781420601] [controller_server]: Passing new path to controller.
[planner_server-4] [INFO] [1756907755.991039241] [global_costmap.global_costmap]: StaticLayer: Resizing costmap to 110 X 105 at 0.040000 m/pix
[bt_navigator-6] [INFO] [1756907756.200208371] [bt_navigator]: Received goal preemption request
[bt_navigator-6] [INFO] [1756907756.200589706] [bt_navigator]: Begin navigating from current location (1.40, 0.02) to (1.16, 2.16)
[controller_server-2] [INFO] [1756907756.781794440] [controller_server]: Reached the goal!
[controller_server-2] [INFO] [1756907756.790869961] [controller_server]: Received a goal, begin computing control effort.
[controller_server-2] [INFO] [1756907757.891078900] [controller_server]: Passing new path to controller.
[controller_server-2] [INFO] [1756907758.891041283] [controller_server]: Passing new path to controller.
[controller_server-2] [WARN] [1756907759.492419905] [controller_server]: Control loop missed its desired rate of 10.0000Hz
[controller_server-2] [INFO] [1756907759.891059003] [controller_server]: Passing new path to controller.
[controller_server-2] [INFO] [1756907760.991031050] [controller_server]: Passing new path to controller.
[rviz2-11] [INFO] [1756907761.496915630] [rviz2]: Trying to create a map of size 110 x 109 using 1 swatches
[controller_server-2] [INFO] [1756907761.576395521] [local_costmap.local_costmap]: StaticLayer: Resizing static layer to 110 X 109 at 0.040000 m/pix
[controller_server-2] [INFO] [1756907761.991032883] [controller_server]: Passing new path to controller.
[planner_server-4] [INFO] [1756907761.991036259] [global_costmap.global_costmap]: StaticLayer: Resizing costmap to 110 X 109 at 0.040000 m/pix
[rviz2-11] [INFO] [1756907762.010643520] [rviz2]: Trying to create a map of size 110 x 109 using 1 swatches
[bt_navigator-6] [INFO] [1756907762.900344432] [bt_navigator]: Received goal preemption request
[bt_navigator-6] [INFO] [1756907762.900638041] [bt_navigator]: Begin navigating from current location (1.71, 1.16) to (3.31, 2.07)
[controller_server-2] [INFO] [1756907762.991033226] [controller_server]: Passing new path to controller.
[controller_server-2] [INFO] [1756907763.991026412] [controller_server]: Passing new path to controller.
[controller_server-2] [INFO] [1756907765.091094433] [controller_server]: Passing new path to controller.
[controller_server-2] [INFO] [1756907766.091043611] [controller_server]: Passing new path to controller.
[controller_server-2] [INFO] [1756907767.091037063] [controller_server]: Passing new path to controller.
[controller_server-2] [INFO] [1756907768.191038001] [controller_server]: Passing new path to controller.
[controller_server-2] [INFO] [1756907769.191042545] [controller_server]: Passing new path to controller.
[controller_server-2] [INFO] [1756907770.191037807] [controller_server]: Passing new path to controller.
[controller_server-2] [INFO] [1756907771.291029186] [controller_server]: Passing new path to controller.
[rviz2-11] [INFO] [1756907771.513166335] [rviz2]: Trying to create a map of size 112 x 109 using 1 swatches
[controller_server-2] [INFO] [1756907771.576348648] [local_costmap.local_costmap]: StaticLayer: Resizing static layer to 112 X 109 at 0.040000 m/pix
[planner_server-4] [INFO] [1756907771.991003492] [global_costmap.global_costmap]: StaticLayer: Resizing costmap to 112 X 109 at 0.040000 m/pix
[rviz2-11] [INFO] [1756907772.025040380] [rviz2]: Trying to create a map of size 112 x 109 using 1 swatches
[controller_server-2] [INFO] [1756907772.291036879] [controller_server]: Passing new path to controller.
[controller_server-2] [INFO] [1756907773.291034226] [controller_server]: Passing new path to controller.
[rviz2-11] [INFO] [1756907773.527768648] [rviz2]: Trying to create a map of size 113 x 109 using 1 swatches
[controller_server-2] [INFO] [1756907773.576427892] [local_costmap.local_costmap]: StaticLayer: Resizing static layer to 113 X 109 at 0.040000 m/pix
[planner_server-4] [INFO] [1756907773.991026760] [global_costmap.global_costmap]: StaticLayer: Resizing costmap to 113 X 109 at 0.040000 m/pix
[rviz2-11] [INFO] [1756907774.008178261] [rviz2]: Trying to create a map of size 113 x 109 using 1 swatches
[controller_server-2] [INFO] [1756907774.291039901] [controller_server]: Passing new path to controller.
[controller_server-2] [INFO] [1756907775.272648361] [controller_server]: Reached the goal!
[bt_navigator-6] [INFO] [1756907775.310344802] [bt_navigator]: Goal succeeded
[bt_navigator-6] [INFO] [1756907775.385840937] [bt_navigator]: Begin navigating from current location (3.27, 2.01) to (1.82, 2.45)
[controller_server-2] [INFO] [1756907775.406884220] [controller_server]: Received a goal, begin computing control effort.
[controller_server-2] [INFO] [1756907776.507107468] [controller_server]: Passing new path to controller.
[controller_server-2] [INFO] [1756907777.507121812] [controller_server]: Passing new path to controller.
[controller_server-2] [INFO] [1756907778.507117207] [controller_server]: Passing new path to controller.
[controller_server-2] [INFO] [1756907779.607118846] [controller_server]: Passing new path to controller.
[controller_server-2] [WARN] [1756907780.212735645] [controller_server]: Control loop missed its desired rate of 10.0000Hz
[controller_server-2] [INFO] [1756907780.607117440] [controller_server]: Passing new path to controller.
[controller_server-2] [INFO] [1756907781.607098781] [controller_server]: Passing new path to controller.
[controller_server-2] [INFO] [1756907782.707109712] [controller_server]: Passing new path to controller.
[controller_server-2] [INFO] [1756907783.707103687] [controller_server]: Passing new path to controller.
[controller_server-2] [INFO] [1756907784.707104032] [controller_server]: Passing new path to controller.
[rviz2-11] [INFO] [1756907785.529290571] [rviz2]: Trying to create a map of size 113 x 111 using 1 swatches
[controller_server-2] [INFO] [1756907785.576423983] [local_costmap.local_costmap]: StaticLayer: Resizing static layer to 113 X 111 at 0.040000 m/pix
[controller_server-2] [INFO] [1756907785.707109994] [controller_server]: Passing new path to controller.
[planner_server-4] [INFO] [1756907785.991010612] [global_costmap.global_costmap]: StaticLayer: Resizing costmap to 113 X 111 at 0.040000 m/pix
[rviz2-11] [INFO] [1756907786.010098436] [rviz2]: Trying to create a map of size 113 x 111 using 1 swatches
[controller_server-2] [INFO] [1756907786.807114614] [controller_server]: Passing new path to controller.
[controller_server-2] [INFO] [1756907787.807117548] [controller_server]: Passing new path to controller.
[controller_server-2] [INFO] [1756907788.807098751] [controller_server]: Passing new path to controller.
[bt_navigator-6] [INFO] [1756907789.576156624] [bt_navigator]: Received goal preemption request
[bt_navigator-6] [INFO] [1756907789.576400739] [bt_navigator]: Begin navigating from current location (1.64, 2.36) to (1.84, 2.43)
[controller_server-2] [INFO] [1756907789.907114032] [controller_server]: Passing new path to controller.
[controller_server-2] [INFO] [1756907790.907118965] [controller_server]: Passing new path to controller.
[controller_server-2] [INFO] [1756907790.988531220] [controller_server]: Reached the goal!
[bt_navigator-6] [INFO] [1756907791.026131264] [bt_navigator]: Goal succeeded
[explore-10] [WARN] [1756907791.102378372] [explore_node]: No frontiers found, stopping.
[explore-10] [INFO] [1756907791.213376357] [map_saver]: 
[explore-10] 	map_saver lifecycle node launched. 
[explore-10] 	Waiting on external lifecycle transitions to activate
[explore-10] 	See https://design.ros2.org/articles/node_lifecycle.html for more information.
[explore-10] [INFO] [1756907791.213452270] [map_saver]: Creating
[explore-10] [INFO] [1756907791.213512510] [map_saver]: Configuring
[explore-10] [INFO] [1756907791.214082618] [map_saver]: Saving map from 'map' topic to '/home/robot/Documents/map' file
[explore-10] [WARN] [1756907791.214097293] [map_saver]: Free threshold unspecified. Setting it to default value: 0.250000
[explore-10] [WARN] [1756907791.214104719] [map_saver]: Occupied threshold unspecified. Setting it to default value: 0.650000
[explore-10] [WARN] [1756907792.225261104] [map_io]: Image format unspecified. Setting it to: pgm
[explore-10] [INFO] [1756907792.225407697] [map_io]: Received a 113 X 111 map @ 0.04 m/pix
[explore-10] [INFO] [1756907792.312152911] [map_io]: Writing map occupancy data to /home/robot/Documents/map.pgm
[explore-10] [INFO] [1756907792.312845712] [map_io]: Writing map metadata to /home/robot/Documents/map.yaml
[explore-10] [INFO] [1756907792.313269086] [map_io]: Map saved
[explore-10] [INFO] [1756907792.313479349] [map_saver]: Map saved successfully
[explore-10] [INFO] [1756907792.314814102] [map_saver]: Destroying
[rviz2-11] [ERROR] [1756907792.375399890] [rviz2]: Lookup would require extrapolation into the future.  Requested time 1756907792.330994 but the latest data is at time 1756907792.320479, when looking up transform from frame [laser] to frame [map]
[explore-10] [INFO] [1756907792.451526839] [explore_node]: Map saved successfully.
[explore-10] [INFO] [1756907792.451564148] [explore_node]: Exploration stopped.
[explore-10] [INFO] [1756907792.451610325] [explore_node]: Returning to initial pose.
[bt_navigator-6] [INFO] [1756907792.451787130] [bt_navigator]: Begin navigating from current location (1.83, 2.43) to (0.24, 0.00)
[controller_server-2] [INFO] [1756907792.472655095] [controller_server]: Received a goal, begin computing control effort.
[controller_server-2] [INFO] [1756907793.572880349] [controller_server]: Passing new path to controller.
[controller_server-2] [INFO] [1756907794.572878096] [controller_server]: Passing new path to controller.
[controller_server-2] [INFO] [1756907795.572883838] [controller_server]: Passing new path to controller.
[controller_server-2] [INFO] [1756907796.672875700] [controller_server]: Passing new path to controller.
[controller_server-2] [INFO] [1756907797.672875486] [controller_server]: Passing new path to controller.
[controller_server-2] [INFO] [1756907798.672908325] [controller_server]: Passing new path to controller.
[rviz2-11] [ERROR] [1756907798.908091690] [rviz2]: Lookup would require extrapolation into the future.  Requested time 1756907798.886002 but the latest data is at time 1756907798.870456, when looking up transform from frame [laser] to frame [map]
[controller_server-2] [INFO] [1756907799.672902238] [controller_server]: Passing new path to controller.
[controller_server-2] [INFO] [1756907800.772870439] [controller_server]: Passing new path to controller.
[rviz2-11] [INFO] [1756907801.531214617] [rviz2]: Trying to create a map of size 113 x 113 using 1 swatches
[controller_server-2] [INFO] [1756907801.576387404] [local_costmap.local_costmap]: StaticLayer: Resizing static layer to 113 X 113 at 0.040000 m/pix
[controller_server-2] [INFO] [1756907801.772888409] [controller_server]: Passing new path to controller.
[planner_server-4] [INFO] [1756907801.991112243] [global_costmap.global_costmap]: StaticLayer: Resizing costmap to 113 X 113 at 0.040000 m/pix
[controller_server-2] [INFO] [1756907802.772902035] [controller_server]: Passing new path to controller.
[rviz2-11] [INFO] [1756907803.002026917] [rviz2]: Trying to create a map of size 113 x 113 using 1 swatches
[rviz2-11] [INFO] [1756907803.515836777] [rviz2]: Trying to create a map of size 113 x 114 using 1 swatches
[controller_server-2] [INFO] [1756907803.576407783] [local_costmap.local_costmap]: StaticLayer: Resizing static layer to 113 X 114 at 0.040000 m/pix
[controller_server-2] [INFO] [1756907803.872867126] [controller_server]: Passing new path to controller.
[planner_server-4] [INFO] [1756907803.991047855] [global_costmap.global_costmap]: StaticLayer: Resizing costmap to 113 X 114 at 0.040000 m/pix
[rviz2-11] [INFO] [1756907804.026084688] [rviz2]: Trying to create a map of size 113 x 114 using 1 swatches
[controller_server-2] [INFO] [1756907804.872894923] [controller_server]: Passing new path to controller.
[rviz2-11] [INFO] [1756907805.529950386] [rviz2]: Trying to create a map of size 113 x 115 using 1 swatches
[controller_server-2] [INFO] [1756907805.576329874] [local_costmap.local_costmap]: StaticLayer: Resizing static layer to 113 X 115 at 0.040000 m/pix
[controller_server-2] [INFO] [1756907805.872889165] [controller_server]: Passing new path to controller.
[planner_server-4] [INFO] [1756907805.991018559] [global_costmap.global_costmap]: StaticLayer: Resizing costmap to 113 X 115 at 0.040000 m/pix
[rviz2-11] [INFO] [1756907806.009116622] [rviz2]: Trying to create a map of size 113 x 115 using 1 swatches
[controller_server-2] [INFO] [1756907806.972911086] [controller_server]: Passing new path to controller.
[controller_server-2] [INFO] [1756907807.972889272] [controller_server]: Passing new path to controller.
[controller_server-2] [INFO] [1756907808.972890088] [controller_server]: Passing new path to controller.
[controller_server-2] [INFO] [1756907809.972874648] [controller_server]: Passing new path to controller.
[controller_server-2] [INFO] [1756907811.072897771] [controller_server]: Passing new path to controller.
[controller_server-2] [INFO] [1756907812.072876296] [controller_server]: Passing new path to controller.
[controller_server-2] [INFO] [1756907813.072885406] [controller_server]: Passing new path to controller.
[controller_server-2] [INFO] [1756907814.172893371] [controller_server]: Passing new path to controller.
[controller_server-2] [INFO] [1756907815.172879908] [controller_server]: Passing new path to controller.
[controller_server-2] [ERROR] [1756907815.974287461] [controller_server]: Exception in transformPose: Lookup would require extrapolation into the future.  Requested time 1756907815.770442 but the latest data is at time 1756907815.563938, when looking up transform from frame [odom] to frame [map]
[controller_server-2] [WARN] [1756907815.974452632] [controller_server]: Unable to transform robot pose into global plan's frame
[controller_server-2] [WARN] [1756907815.974657468] [controller_server]: Control loop missed its desired rate of 10.0000Hz
[controller_server-2] [ERROR] [1756907816.075928825] [controller_server]: Exception in transformPose: Lookup would require extrapolation into the future.  Requested time 1756907815.770442 but the latest data is at time 1756907815.563938, when looking up transform from frame [odom] to frame [map]
[controller_server-2] [WARN] [1756907816.076061238] [controller_server]: Unable to transform robot pose into global plan's frame
[controller_server-2] [WARN] [1756907816.076284961] [controller_server]: Control loop missed its desired rate