[INFO] [launch]: All log files can be found below /home/robot/.ros/log/2025-09-03-22-00-05-231706-robot-pc04-108922
[INFO] [launch]: Default logging verbosity is set to INFO
[INFO] [async_slam_toolbox_node-1]: process started with pid [108934]
[INFO] [controller_server-2]: process started with pid [108936]
[INFO] [smoother_server-3]: process started with pid [108938]
[INFO] [planner_server-4]: process started with pid [108940]
[INFO] [behavior_server-5]: process started with pid [108942]
[INFO] [bt_navigator-6]: process started with pid [108944]
[INFO] [waypoint_follower-7]: process started with pid [108946]
[INFO] [velocity_smoother-8]: process started with pid [108948]
[INFO] [lifecycle_manager-9]: process started with pid [108950]
[INFO] [explore-10]: process started with pid [108952]
[INFO] [rviz2-11]: process started with pid [108954]
[controller_server-2] [INFO] [1756929605.354958104] [controller_server]: 
[controller_server-2] 	controller_server lifecycle node launched. 
[controller_server-2] 	Waiting on external lifecycle transitions to activate
[controller_server-2] 	See https://design.ros2.org/articles/node_lifecycle.html for more information.
[waypoint_follower-7] [INFO] [1756929605.356452671] [waypoint_follower]: 
[waypoint_follower-7] 	waypoint_follower lifecycle node launched. 
[waypoint_follower-7] 	Waiting on external lifecycle transitions to activate
[waypoint_follower-7] 	See https://design.ros2.org/articles/node_lifecycle.html for more information.
[async_slam_toolbox_node-1] [INFO] [1756929605.356543887] [slam]: Node using stack size 40000000
[waypoint_follower-7] [INFO] [1756929605.356835646] [waypoint_follower]: Creating
[controller_server-2] [INFO] [1756929605.357218482] [controller_server]: Creating controller server
[bt_navigator-6] [INFO] [1756929605.358313755] [bt_navigator]: 
[bt_navigator-6] 	bt_navigator lifecycle node launched. 
[bt_navigator-6] 	Waiting on external lifecycle transitions to activate
[bt_navigator-6] 	See https://design.ros2.org/articles/node_lifecycle.html for more information.
[bt_navigator-6] [INFO] [1756929605.358381331] [bt_navigator]: Creating
[behavior_server-5] [INFO] [1756929605.360716149] [behavior_server]: 
[behavior_server-5] 	behavior_server lifecycle node launched. 
[behavior_server-5] 	Waiting on external lifecycle transitions to activate
[behavior_server-5] 	See https://design.ros2.org/articles/node_lifecycle.html for more information.
[velocity_smoother-8] [INFO] [1756929605.360886624] [velocity_smoother]: 
[velocity_smoother-8] 	velocity_smoother lifecycle node launched. 
[velocity_smoother-8] 	Waiting on external lifecycle transitions to activate
[velocity_smoother-8] 	See https://design.ros2.org/articles/node_lifecycle.html for more information.
[smoother_server-3] [INFO] [1756929605.361205904] [smoother_server]: 
[smoother_server-3] 	smoother_server lifecycle node launched. 
[smoother_server-3] 	Waiting on external lifecycle transitions to activate
[smoother_server-3] 	See https://design.ros2.org/articles/node_lifecycle.html for more information.
[lifecycle_manager-9] [INFO] [1756929605.361557645] [lifecycle_manager_navigation]: Creating
[smoother_server-3] [INFO] [1756929605.362023789] [smoother_server]: Creating smoother server
[lifecycle_manager-9] [INFO] [1756929605.363291086] [lifecycle_manager_navigation]: [34m[1mCreating and initializing lifecycle service clients[0m[0m
[planner_server-4] [INFO] [1756929605.363609777] [planner_server]: 
[planner_server-4] 	planner_server lifecycle node launched. 
[planner_server-4] 	Waiting on external lifecycle transitions to activate
[planner_server-4] 	See https://design.ros2.org/articles/node_lifecycle.html for more information.
[controller_server-2] [INFO] [1756929605.364346848] [local_costmap.local_costmap]: 
[controller_server-2] 	local_costmap lifecycle node launched. 
[controller_server-2] 	Waiting on external lifecycle transitions to activate
[controller_server-2] 	See https://design.ros2.org/articles/node_lifecycle.html for more information.
[planner_server-4] [INFO] [1756929605.364484631] [planner_server]: Creating
[explore-10] [INFO] [1756929605.364591390] [explore_node]: Waiting for costmap to become available, topic: map
[controller_server-2] [INFO] [1756929605.364621578] [local_costmap.local_costmap]: Creating Costmap
[planner_server-4] [INFO] [1756929605.371186277] [global_costmap.global_costmap]: 
[planner_server-4] 	global_costmap lifecycle node launched. 
[planner_server-4] 	Waiting on external lifecycle transitions to activate
[planner_server-4] 	See https://design.ros2.org/articles/node_lifecycle.html for more information.
[planner_server-4] [INFO] [1756929605.371484629] [global_costmap.global_costmap]: Creating Costmap
[async_slam_toolbox_node-1] [INFO] [1756929605.376674161] [slam]: Using solver plugin solver_plugins::CeresSolver
[async_slam_toolbox_node-1] [INFO] [1756929605.376855509] [slam]: CeresSolver: Using SCHUR_JACOBI preconditioner.
[lifecycle_manager-9] [INFO] [1756929605.426689826] [lifecycle_manager_navigation]: [34m[1mStarting managed nodes bringup...[0m[0m
[lifecycle_manager-9] [INFO] [1756929605.426722168] [lifecycle_manager_navigation]: [34m[1mConfiguring controller_server[0m[0m
[controller_server-2] [INFO] [1756929605.426881617] [controller_server]: Configuring controller interface
[controller_server-2] [INFO] [1756929605.426989583] [controller_server]: getting goal checker plugins..
[controller_server-2] [INFO] [1756929605.427091672] [controller_server]: Controller frequency set to 10.0000Hz
[controller_server-2] [INFO] [1756929605.427125432] [local_costmap.local_costmap]: Configuring
[controller_server-2] [INFO] [1756929605.429475496] [local_costmap.local_costmap]: Using plugin "static_layer"
[controller_server-2] [INFO] [1756929605.430947985] [local_costmap.local_costmap]: Subscribing to the map topic (/map) with transient local durability
[controller_server-2] [INFO] [1756929605.431434894] [local_costmap.local_costmap]: Initialized plugin "static_layer"
[controller_server-2] [INFO] [1756929605.431445667] [local_costmap.local_costmap]: Using plugin "obstacle_layer"
[controller_server-2] [INFO] [1756929605.431579348] [local_costmap.local_costmap]: Subscribed to Topics: scan
[controller_server-2] [INFO] [1756929605.432522224] [local_costmap.local_costmap]: Initialized plugin "obstacle_layer"
[controller_server-2] [INFO] [1756929605.432534192] [local_costmap.local_costmap]: Using plugin "inflation_layer"
[controller_server-2] [INFO] [1756929605.432982209] [local_costmap.local_costmap]: Initialized plugin "inflation_layer"
[controller_server-2] [INFO] [1756929605.435851571] [controller_server]: Created progress_checker : progress_checker of type nav2_controller::SimpleProgressChecker
[controller_server-2] [INFO] [1756929605.436046327] [controller_server]: Created goal checker : goal_checker of type nav2_controller::SimpleGoalChecker
[controller_server-2] [INFO] [1756929605.436111950] [controller_server]: Controller Server has goal_checker  goal checkers available.
[controller_server-2] [INFO] [1756929605.436327128] [controller_server]: Created controller : FollowPath of type nav2_regulated_pure_pursuit_controller::RegulatedPurePursuitController
[controller_server-2] [INFO] [1756929605.437605685] [controller_server]: Controller Server has FollowPath  controllers available.
[lifecycle_manager-9] [INFO] [1756929605.439705419] [lifecycle_manager_navigation]: [34m[1mConfiguring smoother_server[0m[0m
[smoother_server-3] [INFO] [1756929605.439810718] [smoother_server]: Configuring smoother server
[smoother_server-3] [INFO] [1756929605.443298361] [smoother_server]: Created smoother : simple_smoother of type nav2_smoother::SimpleSmoother
[smoother_server-3] [INFO] [1756929605.443444926] [smoother_server]: Smoother Server has simple_smoother  smoothers available.
[lifecycle_manager-9] [INFO] [1756929605.445353722] [lifecycle_manager_navigation]: [34m[1mConfiguring planner_server[0m[0m
[planner_server-4] [INFO] [1756929605.445463111] [planner_server]: Configuring
[planner_server-4] [INFO] [1756929605.445487513] [global_costmap.global_costmap]: Configuring
[planner_server-4] [INFO] [1756929605.447553735] [global_costmap.global_costmap]: Using plugin "static_layer"
[planner_server-4] [INFO] [1756929605.449031107] [global_costmap.global_costmap]: Subscribing to the map topic (/map) with transient local durability
[planner_server-4] [INFO] [1756929605.449481652] [global_costmap.global_costmap]: Initialized plugin "static_layer"
[planner_server-4] [INFO] [1756929605.449490987] [global_costmap.global_costmap]: Using plugin "obstacle_layer"
[planner_server-4] [INFO] [1756929605.449612720] [global_costmap.global_costmap]: Subscribed to Topics: scan
[planner_server-4] [INFO] [1756929605.450694251] [global_costmap.global_costmap]: Initialized plugin "obstacle_layer"
[planner_server-4] [INFO] [1756929605.450703329] [global_costmap.global_costmap]: Using plugin "inflation_layer"
[planner_server-4] [INFO] [1756929605.451047503] [global_costmap.global_costmap]: Initialized plugin "inflation_layer"
[planner_server-4] [INFO] [1756929605.453923943] [planner_server]: Created global planner plugin GridBased of type nav2_navfn_planner/NavfnPlanner
[planner_server-4] [INFO] [1756929605.453951539] [planner_server]: Configuring plugin GridBased of type NavfnPlanner
[planner_server-4] [INFO] [1756929605.454180147] [planner_server]: Planner Server has GridBased  planners available.
[lifecycle_manager-9] [INFO] [1756929605.458035242] [lifecycle_manager_navigation]: [34m[1mConfiguring behavior_server[0m[0m
[behavior_server-5] [INFO] [1756929605.458301987] [behavior_server]: Configuring
[behavior_server-5] [INFO] [1756929605.462199559] [behavior_server]: Creating behavior plugin spin of type nav2_behaviors/Spin
[behavior_server-5] [INFO] [1756929605.462576655] [behavior_server]: Configuring spin
[behavior_server-5] [INFO] [1756929605.464019811] [behavior_server]: Creating behavior plugin backup of type nav2_behaviors/BackUp
[behavior_server-5] [INFO] [1756929605.464359566] [behavior_server]: Configuring backup
[behavior_server-5] [INFO] [1756929605.468173228] [behavior_server]: Creating behavior plugin drive_on_heading of type nav2_behaviors/DriveOnHeading
[behavior_server-5] [INFO] [1756929605.469022616] [behavior_server]: Configuring drive_on_heading
[behavior_server-5] [INFO] [1756929605.474199464] [behavior_server]: Creating behavior plugin wait of type nav2_behaviors/Wait
[behavior_server-5] [INFO] [1756929605.475207994] [behavior_server]: Configuring wait
[behavior_server-5] [INFO] [1756929605.477964418] [behavior_server]: Creating behavior plugin assisted_teleop of type nav2_behaviors/AssistedTeleop
[behavior_server-5] [INFO] [1756929605.478826390] [behavior_server]: Configuring assisted_teleop
[lifecycle_manager-9] [INFO] [1756929605.480985971] [lifecycle_manager_navigation]: [34m[1mConfiguring bt_navigator[0m[0m
[bt_navigator-6] [INFO] [1756929605.481121888] [bt_navigator]: Configuring
[lifecycle_manager-9] [INFO] [1756929605.497623988] [lifecycle_manager_navigation]: [34m[1mConfiguring waypoint_follower[0m[0m
[waypoint_follower-7] [INFO] [1756929605.497753861] [waypoint_follower]: Configuring
[waypoint_follower-7] [INFO] [1756929605.504802798] [waypoint_follower]: Created waypoint_task_executor : wait_at_waypoint of type nav2_waypoint_follower::WaitAtWaypoint
[lifecycle_manager-9] [INFO] [1756929605.505040834] [lifecycle_manager_navigation]: [34m[1mConfiguring velocity_smoother[0m[0m
[velocity_smoother-8] [INFO] [1756929605.505130201] [velocity_smoother]: Configuring velocity smoother
[lifecycle_manager-9] [INFO] [1756929605.506917419] [lifecycle_manager_navigation]: [34m[1mActivating controller_server[0m[0m
[controller_server-2] [INFO] [1756929605.507048374] [controller_server]: Activating
[controller_server-2] [INFO] [1756929605.507089162] [local_costmap.local_costmap]: Activating
[controller_server-2] [INFO] [1756929605.507102155] [local_costmap.local_costmap]: Checking transform
[controller_server-2] [INFO] [1756929605.507126167] [local_costmap.local_costmap]: Timed out waiting for transform from base_link to odom to become available, tf error: Invalid frame ID "odom" passed to canTransform argument target_frame - frame does not exist
[rviz2-11] [INFO] [1756929605.962317168] [rviz2]: Stereo is NOT SUPPORTED
[rviz2-11] [INFO] [1756929605.962373283] [rviz2]: OpenGl version: 4.6 (GLSL 4.6)
[controller_server-2] [INFO] [1756929606.007237432] [local_costmap.local_costmap]: Timed out waiting for transform from base_link to odom to become available, tf error: Invalid frame ID "odom" passed to canTransform argument target_frame - frame does not exist
[rviz2-11] [INFO] [1756929606.105448225] [rviz2]: Stereo is NOT SUPPORTED
[controller_server-2] [INFO] [1756929606.507175638] [local_costmap.local_costmap]: Timed out waiting for transform from base_link to odom to become available, tf error: Invalid frame ID "odom" passed to canTransform argument target_frame - frame does not exist
[controller_server-2] [INFO] [1756929607.007208890] [local_costmap.local_costmap]: Timed out waiting for transform from base_link to odom to become available, tf error: Invalid frame ID "odom" passed to canTransform argument target_frame - frame does not exist
[controller_server-2] [INFO] [1756929607.507211629] [local_costmap.local_costmap]: Timed out waiting for transform from base_link to odom to become available, tf error: Invalid frame ID "odom" passed to canTransform argument target_frame - frame does not exist
[controller_server-2] [INFO] [1756929608.007209748] [local_costmap.local_costmap]: Timed out waiting for transform from base_link to odom to become available, tf error: Invalid frame ID "odom" passed to canTransform argument target_frame - frame does not exist
[controller_server-2] [INFO] [1756929608.507206641] [local_costmap.local_costmap]: Timed out waiting for transform from base_link to odom to become available, tf error: Invalid frame ID "odom" passed to canTransform argument target_frame - frame does not exist
[controller_server-2] [INFO] [1756929609.007197238] [local_costmap.local_costmap]: Timed out waiting for transform from base_link to odom to become available, tf error: Invalid frame ID "odom" passed to canTransform argument target_frame - frame does not exist
[controller_server-2] [INFO] [1756929609.507192849] [local_costmap.local_costmap]: Timed out waiting for transform from base_link to odom to become available, tf error: Invalid frame ID "odom" passed to canTransform argument target_frame - frame does not exist
[controller_server-2] [INFO] [1756929610.007271330] [local_costmap.local_costmap]: Timed out waiting for transform from base_link to odom to become available, tf error: Invalid frame ID "odom" passed to canTransform argument target_frame - frame does not exist
[controller_server-2] [INFO] [1756929610.507208974] [local_costmap.local_costmap]: Timed out waiting for transform from base_link to odom to become available, tf error: Invalid frame ID "odom" passed to canTransform argument target_frame - frame does not exist
[controller_server-2] [INFO] [1756929611.007349602] [local_costmap.local_costmap]: start
[async_slam_toolbox_node-1] [WARN] [1756929611.200350410] [slam]: minimum laser range setting (0.0 m) exceeds the capabilities of the used Lidar (0.1 m)
[controller_server-2] [INFO] [1756929611.208946661] [controller_server]: Activating controller: FollowPath of type regulated_pure_pursuit_controller::RegulatedPurePursuitController
[controller_server-2] [INFO] [1756929611.209039749] [controller_server]: Creating bond (controller_server) to lifecycle manager.
[lifecycle_manager-9] [INFO] [1756929611.317147550] [lifecycle_manager_navigation]: Server controller_server connected with bond.
[lifecycle_manager-9] [INFO] [1756929611.317245026] [lifecycle_manager_navigation]: [34m[1mActivating smoother_server[0m[0m
[smoother_server-3] [INFO] [1756929611.317840253] [smoother_server]: Activating
[smoother_server-3] [INFO] [1756929611.317924105] [smoother_server]: Creating bond (smoother_server) to lifecycle manager.
[controller_server-2] [INFO] [1756929611.381415217] [local_costmap.local_costmap]: StaticLayer: Resizing static layer to 48 X 78 at 0.040000 m/pix
[planner_server-4] [INFO] [1756929611.381542332] [global_costmap.global_costmap]: StaticLayer: Resizing costmap to 48 X 78 at 0.040000 m/pix
[rviz2-11] [INFO] [1756929611.389708681] [rviz2]: Trying to create a map of size 48 x 78 using 1 swatches
[lifecycle_manager-9] [INFO] [1756929611.424862696] [lifecycle_manager_navigation]: Server smoother_server connected with bond.
[lifecycle_manager-9] [INFO] [1756929611.424941865] [lifecycle_manager_navigation]: [34m[1mActivating planner_server[0m[0m
[planner_server-4] [INFO] [1756929611.425454955] [planner_server]: Activating
[planner_server-4] [INFO] [1756929611.425529614] [global_costmap.global_costmap]: Activating
[planner_server-4] [INFO] [1756929611.425548910] [global_costmap.global_costmap]: Checking transform
[planner_server-4] [INFO] [1756929611.425584350] [global_costmap.global_costmap]: Timed out waiting for transform from base_link to map to become available, tf error: Invalid frame ID "map" passed to canTransform argument target_frame - frame does not exist
[planner_server-4] [INFO] [1756929611.925722542] [global_costmap.global_costmap]: Timed out waiting for transform from base_link to map to become available, tf error: Invalid frame ID "map" passed to canTransform argument target_frame - frame does not exist
[planner_server-4] [INFO] [1756929612.425712556] [global_costmap.global_costmap]: Timed out waiting for transform from base_link to map to become available, tf error: Invalid frame ID "map" passed to canTransform argument target_frame - frame does not exist
[planner_server-4] [INFO] [1756929612.925648967] [global_costmap.global_costmap]: Timed out waiting for transform from base_link to map to become available, tf error: Invalid frame ID "map" passed to canTransform argument target_frame - frame does not exist
[rviz2-11] [INFO] [1756929613.200384140] [rviz2]: Trying to create a map of size 100 x 100 using 1 swatches
[explore-10] [INFO] [1756929613.386025306] [explore_node]: Waiting to connect to move_base nav2 server
[explore-10] [INFO] [1756929613.386222720] [explore_node]: Connected to move_base nav2 server
[explore-10] [INFO] [1756929613.386228492] [explore_node]: Getting initial pose of the robot
[planner_server-4] [INFO] [1756929613.425797447] [global_costmap.global_costmap]: start
[explore-10] [INFO] [1756929613.451198259] [explore_node]: [NAV] Remembered last goal (0.42, -0.94, yaw from quat).
[rviz2-11] [INFO] [1756929614.465229687] [rviz2]: Trying to create a map of size 48 x 78 using 1 swatches
[planner_server-4] [INFO] [1756929614.477273013] [planner_server]: Activating plugin GridBased of type NavfnPlanner
[planner_server-4] [INFO] [1756929614.478956947] [planner_server]: Creating bond (planner_server) to lifecycle manager.
[lifecycle_manager-9] [INFO] [1756929614.585811467] [lifecycle_manager_navigation]: Server planner_server connected with bond.
[lifecycle_manager-9] [INFO] [1756929614.585912186] [lifecycle_manager_navigation]: [34m[1mActivating behavior_server[0m[0m
[behavior_server-5] [INFO] [1756929614.586639632] [behavior_server]: Activating
[behavior_server-5] [INFO] [1756929614.586724555] [behavior_server]: Activating spin
[behavior_server-5] [INFO] [1756929614.586769694] [behavior_server]: Activating backup
[behavior_server-5] [INFO] [1756929614.586805515] [behavior_server]: Activating drive_on_heading
[behavior_server-5] [INFO] [1756929614.586838932] [behavior_server]: Activating wait
[behavior_server-5] [INFO] [1756929614.586871354] [behavior_server]: Activating assisted_teleop
[behavior_server-5] [INFO] [1756929614.586914301] [behavior_server]: Creating bond (behavior_server) to lifecycle manager.
[lifecycle_manager-9] [INFO] [1756929614.695379525] [lifecycle_manager_navigation]: Server behavior_server connected with bond.
[lifecycle_manager-9] [INFO] [1756929614.695480542] [lifecycle_manager_navigation]: [34m[1mActivating bt_navigator[0m[0m
[bt_navigator-6] [INFO] [1756929614.696077688] [bt_navigator]: Activating
[bt_navigator-6] [INFO] [1756929614.729690297] [bt_navigator]: Creating bond (bt_navigator) to lifecycle manager.
[rviz2-11] [ERROR] [1756929614.783344867] [rviz2]: