[INFO] [launch]: All log files can be found below /home/robot/.ros/log/2025-09-05-20-55-17-764072-robot-pc04-56048
[INFO] [launch]: Default logging verbosity is set to INFO
[INFO] [async_slam_toolbox_node-1]: process started with pid [56060]
[INFO] [controller_server-2]: process started with pid [56062]
[INFO] [smoother_server-3]: process started with pid [56064]
[INFO] [planner_server-4]: process started with pid [56066]
[INFO] [behavior_server-5]: process started with pid [56068]
[INFO] [bt_navigator-6]: process started with pid [56070]
[INFO] [waypoint_follower-7]: process started with pid [56072]
[INFO] [velocity_smoother-8]: process started with pid [56074]
[INFO] [lifecycle_manager-9]: process started with pid [56076]
[INFO] [explore-10]: process started with pid [56078]
[INFO] [rviz2-11]: process started with pid [56080]
[async_slam_toolbox_node-1] [INFO] [1757098517.871964592] [slam]: Node using stack size 40000000
[planner_server-4] [INFO] [1757098517.872113066] [planner_server]: 
[planner_server-4] 	planner_server lifecycle node launched. 
[planner_server-4] 	Waiting on external lifecycle transitions to activate
[planner_server-4] 	See https://design.ros2.org/articles/node_lifecycle.html for more information.
[planner_server-4] [INFO] [1757098517.872727234] [planner_server]: Creating
[smoother_server-3] [INFO] [1757098517.872761171] [smoother_server]: 
[smoother_server-3] 	smoother_server lifecycle node launched. 
[smoother_server-3] 	Waiting on external lifecycle transitions to activate
[smoother_server-3] 	See https://design.ros2.org/articles/node_lifecycle.html for more information.
[behavior_server-5] [INFO] [1757098517.873056078] [behavior_server]: 
[behavior_server-5] 	behavior_server lifecycle node launched. 
[behavior_server-5] 	Waiting on external lifecycle transitions to activate
[behavior_server-5] 	See https://design.ros2.org/articles/node_lifecycle.html for more information.
[controller_server-2] [INFO] [1757098517.873103297] [controller_server]: 
[controller_server-2] 	controller_server lifecycle node launched. 
[controller_server-2] 	Waiting on external lifecycle transitions to activate
[controller_server-2] 	See https://design.ros2.org/articles/node_lifecycle.html for more information.
[controller_server-2] [INFO] [1757098517.875317730] [controller_server]: Creating controller server
[smoother_server-3] [INFO] [1757098517.873386674] [smoother_server]: Creating smoother server
[lifecycle_manager-9] [INFO] [1757098517.874478367] [lifecycle_manager_navigation]: Creating
[lifecycle_manager-9] [INFO] [1757098517.876214439] [lifecycle_manager_navigation]: [34m[1mCreating and initializing lifecycle service clients[0m[0m
[velocity_smoother-8] [INFO] [1757098517.875121796] [velocity_smoother]: 
[velocity_smoother-8] 	velocity_smoother lifecycle node launched. 
[velocity_smoother-8] 	Waiting on external lifecycle transitions to activate
[velocity_smoother-8] 	See https://design.ros2.org/articles/node_lifecycle.html for more information.
[bt_navigator-6] [INFO] [1757098517.877935187] [bt_navigator]: 
[bt_navigator-6] 	bt_navigator lifecycle node launched. 
[bt_navigator-6] 	Waiting on external lifecycle transitions to activate
[bt_navigator-6] 	See https://design.ros2.org/articles/node_lifecycle.html for more information.
[bt_navigator-6] [INFO] [1757098517.878042955] [bt_navigator]: Creating
[waypoint_follower-7] [INFO] [1757098517.878806996] [waypoint_follower]: 
[waypoint_follower-7] 	waypoint_follower lifecycle node launched. 
[waypoint_follower-7] 	Waiting on external lifecycle transitions to activate
[waypoint_follower-7] 	See https://design.ros2.org/articles/node_lifecycle.html for more information.
[waypoint_follower-7] [INFO] [1757098517.879082656] [waypoint_follower]: Creating
[planner_server-4] [INFO] [1757098517.879928190] [global_costmap.global_costmap]: 
[planner_server-4] 	global_costmap lifecycle node launched. 
[planner_server-4] 	Waiting on external lifecycle transitions to activate
[planner_server-4] 	See https://design.ros2.org/articles/node_lifecycle.html for more information.
[planner_server-4] [INFO] [1757098517.880172119] [global_costmap.global_costmap]: Creating Costmap
[controller_server-2] [INFO] [1757098517.880970702] [local_costmap.local_costmap]: 
[controller_server-2] 	local_costmap lifecycle node launched. 
[controller_server-2] 	Waiting on external lifecycle transitions to activate
[controller_server-2] 	See https://design.ros2.org/articles/node_lifecycle.html for more information.
[controller_server-2] [INFO] [1757098517.881199270] [local_costmap.local_costmap]: Creating Costmap
[explore-10] [INFO] [1757098517.886220844] [explore_node]: Waiting for costmap to become available, topic: map
[async_slam_toolbox_node-1] [INFO] [1757098517.892172843] [slam]: Using solver plugin solver_plugins::CeresSolver
[async_slam_toolbox_node-1] [INFO] [1757098517.892285432] [slam]: CeresSolver: Using SCHUR_JACOBI preconditioner.
[lifecycle_manager-9] [INFO] [1757098517.934589376] [lifecycle_manager_navigation]: [34m[1mStarting managed nodes bringup...[0m[0m
[lifecycle_manager-9] [INFO] [1757098517.934642705] [lifecycle_manager_navigation]: [34m[1mConfiguring controller_server[0m[0m
[controller_server-2] [INFO] [1757098517.934873785] [controller_server]: Configuring controller interface
[controller_server-2] [INFO] [1757098517.935038441] [controller_server]: getting goal checker plugins..
[controller_server-2] [INFO] [1757098517.935142542] [controller_server]: Controller frequency set to 10.0000Hz
[controller_server-2] [INFO] [1757098517.935176589] [local_costmap.local_costmap]: Configuring
[controller_server-2] [INFO] [1757098517.939267490] [local_costmap.local_costmap]: Using plugin "static_layer"
[controller_server-2] [INFO] [1757098517.941488318] [local_costmap.local_costmap]: Subscribing to the map topic (/map) with transient local durability
[controller_server-2] [INFO] [1757098517.942058620] [local_costmap.local_costmap]: Initialized plugin "static_layer"
[controller_server-2] [INFO] [1757098517.942071598] [local_costmap.local_costmap]: Using plugin "obstacle_layer"
[controller_server-2] [INFO] [1757098517.942238759] [local_costmap.local_costmap]: Subscribed to Topics: scan
[controller_server-2] [INFO] [1757098517.943552280] [local_costmap.local_costmap]: Initialized plugin "obstacle_layer"
[controller_server-2] [INFO] [1757098517.943565385] [local_costmap.local_costmap]: Using plugin "inflation_layer"
[controller_server-2] [ERROR] [1757098517.943703195] [local_costmap.local_costmap]: Caught exception in callback for transition 10
[controller_server-2] [ERROR] [1757098517.943711499] [local_costmap.local_costmap]: Original error: parameter 'inflation_layer.cost_scaling_factor' has invalid type: Wrong parameter type, parameter {inflation_layer.cost_scaling_factor} is of type {double}, setting it to {integer} is not allowed.
[controller_server-2] [WARN] [1757098517.943725987] [local_costmap.local_costmap]: Error occurred while doing error handling.
[controller_server-2] [FATAL] [1757098517.943733093] [local_costmap.local_costmap]: Lifecycle node local_costmap does not have error state implemented
[controller_server-2] [INFO] [1757098517.943993753] [controller_server]: Created progress_checker : progress_checker of type nav2_controller::SimpleProgressChecker
[controller_server-2] [INFO] [1757098517.944252540] [controller_server]: Created goal checker : goal_checker of type nav2_controller::SimpleGoalChecker
[controller_server-2] [INFO] [1757098517.944351605] [controller_server]: Controller Server has goal_checker  goal checkers available.
[controller_server-2] [INFO] [1757098517.944644286] [controller_server]: Created controller : FollowPath of type nav2_regulated_pure_pursuit_controller::RegulatedPurePursuitController
[controller_server-2] [INFO] [1757098517.946700801] [controller_server]: Controller Server has FollowPath  controllers available.
[lifecycle_manager-9] [INFO] [1757098517.949769020] [lifecycle_manager_navigation]: [34m[1mConfiguring smoother_server[0m[0m
[smoother_server-3] [INFO] [1757098517.949856977] [smoother_server]: Configuring smoother server
[smoother_server-3] [INFO] [1757098517.952743683] [smoother_server]: Created smoother : simple_smoother of type nav2_smoother::SimpleSmoother
[smoother_server-3] [INFO] [1757098517.952881919] [smoother_server]: Smoother Server has simple_smoother  smoothers available.
[lifecycle_manager-9] [INFO] [1757098517.954568191] [lifecycle_manager_navigation]: [34m[1mConfiguring planner_server[0m[0m
[planner_server-4] [INFO] [1757098517.954678434] [planner_server]: Configuring
[planner_server-4] [INFO] [1757098517.954698903] [global_costmap.global_costmap]: Configuring
[planner_server-4] [INFO] [1757098517.956496796] [global_costmap.global_costmap]: Using plugin "static_layer"
[planner_server-4] [INFO] [1757098517.957927898] [global_costmap.global_costmap]: Subscribing to the map topic (/map) with transient local durability
[planner_server-4] [INFO] [1757098517.958380968] [global_costmap.global_costmap]: Initialized plugin "static_layer"
[planner_server-4] [INFO] [1757098517.958392316] [global_costmap.global_costmap]: Using plugin "obstacle_layer"
[planner_server-4] [INFO] [1757098517.958545464] [global_costmap.global_costmap]: Subscribed to Topics: scan
[planner_server-4] [INFO] [1757098517.959540440] [global_costmap.global_costmap]: Initialized plugin "obstacle_layer"
[planner_server-4] [INFO] [1757098517.959549945] [global_costmap.global_costmap]: Using plugin "inflation_layer"
[planner_server-4] [ERROR] [1757098517.959675626] [global_costmap.global_costmap]: Caught exception in callback for transition 10
[planner_server-4] [ERROR] [1757098517.959681887] [global_costmap.global_costmap]: Original error: parameter 'inflation_layer.cost_scaling_factor' has invalid type: Wrong parameter type, parameter {inflation_layer.cost_scaling_factor} is of type {double}, setting it to {integer} is not allowed.
[planner_server-4] [WARN] [1757098517.959692691] [global_costmap.global_costmap]: Error occurred while doing error handling.
[planner_server-4] [FATAL] [1757098517.959698016] [global_costmap.global_costmap]: Lifecycle node global_costmap does not have error state implemented
[planner_server-4] [INFO] [1757098517.959938458] [planner_server]: Created global planner plugin GridBased of type nav2_navfn_planner/NavfnPlanner
[planner_server-4] [INFO] [1757098517.959947814] [planner_server]: Configuring plugin GridBased of type NavfnPlanner
[planner_server-4] [INFO] [1757098517.960080843] [planner_server]: Planner Server has GridBased  planners available.
[lifecycle_manager-9] [INFO] [1757098517.963185756] [lifecycle_manager_navigation]: [34m[1mConfiguring behavior_server[0m[0m
[behavior_server-5] [INFO] [1757098517.963375132] [behavior_server]: Configuring
[behavior_server-5] [INFO] [1757098517.968100273] [behavior_server]: Creating behavior plugin spin of type nav2_behaviors/Spin
[behavior_server-5] [INFO] [1757098517.968691320] [behavior_server]: Configuring spin
[behavior_server-5] [INFO] [1757098517.970696088] [behavior_server]: Creating behavior plugin backup of type nav2_behaviors/BackUp
[behavior_server-5] [INFO] [1757098517.971007647] [behavior_server]: Configuring backup
[behavior_server-5] [INFO] [1757098517.971979354] [behavior_server]: Creating behavior plugin drive_on_heading of type nav2_behaviors/DriveOnHeading
[behavior_server-5] [INFO] [1757098517.972286201] [behavior_server]: Configuring drive_on_heading
[behavior_server-5] [INFO] [1757098517.973293723] [behavior_server]: Creating behavior plugin wait of type nav2_behaviors/Wait
[behavior_server-5] [INFO] [1757098517.973577183] [behavior_server]: Configuring wait
[behavior_server-5] [INFO] [1757098517.974581640] [behavior_server]: Creating behavior plugin assisted_teleop of type nav2_behaviors/AssistedTeleop
[behavior_server-5] [INFO] [1757098517.975298327] [behavior_server]: Configuring assisted_teleop
[lifecycle_manager-9] [INFO] [1757098517.976919315] [lifecycle_manager_navigation]: [34m[1mConfiguring bt_navigator[0m[0m
[bt_navigator-6] [INFO] [1757098517.977035608] [bt_navigator]: Configuring
[lifecycle_manager-9] [INFO] [1757098517.992794276] [lifecycle_manager_navigation]: [34m[1mConfiguring waypoint_follower[0m[0m
[waypoint_follower-7] [INFO] [1757098517.992916004] [waypoint_follower]: Configuring
[waypoint_follower-7] [INFO] [1757098517.996163481] [waypoint_follower]: Created waypoint_task_executor : wait_at_waypoint of type nav2_waypoint_follower::WaitAtWaypoint
[lifecycle_manager-9] [INFO] [1757098517.996360682] [lifecycle_manager_navigation]: [34m[1mConfiguring velocity_smoother[0m[0m
[velocity_smoother-8] [INFO] [1757098517.996447685] [velocity_smoother]: Configuring velocity smoother
[lifecycle_manager-9] [INFO] [1757098517.997480365] [lifecycle_manager_navigation]: [34m[1mActivating controller_server[0m[0m
[controller_server-2] [INFO] [1757098517.997550355] [controller_server]: Activating
[controller_server-2] [WARN] [1757098517.997577352] [rcl_lifecycle]: No transition matching 3 found for current state unconfigured
[controller_server-2] [INFO] [1757098517.997587725] [controller_server]: Activating controller: FollowPath of type regulated_pure_pursuit_controller::RegulatedPurePursuitController
[controller_server-2] [INFO] [1757098517.997606331] [controller_server]: Creating bond (controller_server) to lifecycle manager.
[lifecycle_manager-9] [INFO] [1757098518.099431315] [lifecycle_manager_navigation]: Server controller_server connected with bond.
[lifecycle_manager-9] [INFO] [1757098518.099470108] [lifecycle_manager_navigation]: [34m[1mActivating smoother_server[0m[0m
[smoother_server-3] [INFO] [1757098518.099638935] [smoother_server]: Activating
[smoother_server-3] [INFO] [1757098518.099668760] [smoother_server]: Creating bond (smoother_server) to lifecycle manager.
[lifecycle_manager-9] [INFO] [1757098518.201745728] [lifecycle_manager_navigation]: Server smoother_server connected with bond.
[lifecycle_manager-9] [INFO] [1757098518.201779720] [lifecycle_manager_navigation]: [34m[1mActivating planner_server[0m[0m
[planner_server-4] [INFO] [1757098518.201952767] [planner_server]: Activating
[planner_server-4] [WARN] [1757098518.201980202] [rcl_lifecycle]: No transition matching 3 found for current state unconfigured
[planner_server-4] [INFO] [1757098518.201984836] [planner_server]: Activating plugin GridBased of type NavfnPlanner
[planner_server-4] [INFO] [1757098518.202413650] [planner_server]: Creating bond (planner_server) to lifecycle manager.
[lifecycle_manager-9] [INFO] [1757098518.304092868] [lifecycle_manager_navigation]: Server planner_server connected with bond.
[lifecycle_manager-9] [INFO] [1757098518.304127328] [lifecycle_manager_navigation]: [34m[1mActivating behavior_server[0m[0m
[behavior_server-5] [INFO] [1757098518.304295791] [behavior_server]: Activating
[behavior_server-5] [INFO] [1757098518.304315468] [behavior_server]: Activating spin
[behavior_server-5] [INFO] [1757098518.304322805] [behavior_server]: Activating backup
[behavior_server-5] [INFO] [1757098518.304327078] [behavior_server]: Activating drive_on_heading
[behavior_server-5] [INFO] [1757098518.304331357] [behavior_server]: Activating wait
[behavior_server-5] [INFO] [1757098518.304336301] [behavior_server]: Activating assisted_teleop
[behavior_server-5] [INFO] [1757098518.304343338] [behavior_server]: Creating bond (behavior_server) to lifecycle manager.
[rviz2-11] [INFO] [1757098518.317773740] [rviz2]: Stereo is NOT SUPPORTED
[rviz2-11] [INFO] [1757098518.317831705] [rviz2]: OpenGl version: 4.6 (GLSL 4.6)
[rviz2-11] [INFO] [1757098518.349664119] [rviz2]: Stereo is NOT SUPPORTED
[lifecycle_manager-9] [INFO] [1757098518.406219531] [lifecycle_manager_navigation]: Server behavior_server connected with bond.
[lifecycle_manager-9] [INFO] [1757098518.406255021] [lifecycle_manager_navigation]: [34m[1mActivating bt_navigator[0m[0m
[bt_navigator-6] [INFO] [1757098518.406451109] [bt_navigator]: Activating
[bt_navigator-6] [ERROR] [1757098519.409234664] [bt_navigator_navigate_through_poses_rclcpp_node]: "global_costmap/clear_entirely_global_costmap" service server not available after waiting for 1.00s
[bt_navigator-6] [ERROR] [1757098519.435388863] [bt_navigator]: Exception when loading BT: basic_string::_M_create
[bt_navigator-6] [ERROR] [1757098519.435439435] [bt_navigator]: Error loading XML file: /opt/ros/humble/share/nav2_bt_navigator/behavior_trees/navigate_through_poses_w_replanning_and_recovery.xml
[lifecycle_manager-9] [ERROR] [1757098519.435723079] [lifecycle_manager_navigation]: Failed to change state for node: bt_navigator
[lifecycle_manager-9] [ERROR] [1757098519.435755792] [lifecycle_manager_navigation]: Failed to bring up all requested nodes. Aborting bringup.
[async_slam_toolbox_node-1] [WARN] [1757098527.380527766] [slam]: minimum laser range setting (0.0 m) exceeds the capabilities of the used Lidar (0.1 m)
[controller_server-2] [INFO] [1757098527.896891121] [local_costmap.local_costmap]: StaticLayer: Resizing static layer to 92 X 61 at 0.040000 m/pix
[planner_server-4] [INFO] [1757098527.897063810] [global_costmap.global_costmap]: StaticLayer: Resizing costmap to 92 X 61 at 0.040000 m/pix
[rviz2-11] [INFO] [1757098527.913100319] [rviz2]: Trying to create a map of size 92 x 61 using 1 swatches
[explore-10] [INFO] [1757098529.914225374] [explore_node]: Waiting to connect to move_base nav2 server
[explore-10] [INFO] [1757098529.914723830] [explore_node]: Connected to move_base nav2 server
[explore-10] [INFO] [1757098529.914750188] [explore_node]: Getting initial pose of the robot
[explore-10] [ERROR] [1757098570.217146825] [explore_node]: Extrapolation Error looking up robot pose: Lookup would require extrapolation into the future.  Requested time 1757098569.911648 but the latest data is at time 1757098565.569260, when looking up transform from frame [base_link] to frame [map]
[explore-10] 
[explore-10] [ERROR] [1757098576.883651109] [explore_node]: Extrapolation Error looking up robot pose: Lookup would require extrapolation into the future.  Requested time 1757098576.577828 but the latest data is at time 1757098575.340943, when looking up transform from frame [base_link] to frame [map]
[explore-10] 
[explore-10] [ERROR] [1757098583.549595118] [explore_node]: Extrapolation Error looking up robot pose: Lookup would require extrapolation into the future.  Requested time 1757098583.243923 but the latest data is at time 1757098575.340943, when looking up transform from frame [base_link] to frame [map]
[explore-10] 
[explore-10] [ERROR] [1757098590.215952291] [explore_node]: Extrapolation Error looking up robot pose: Lookup would require extrapolation into the future.  Requested time 1757098589.910071 but the latest data is at time 1757098575.340943, when looking up transform from frame [base_link] to frame [map]
[explore-10] 
[explore-10] [ERROR] [1757098596.881820011] [explore_node]: Extrapolation Error looking up robot pose: Lookup would require extrapolation into the future.  Requested time 1757098596.576101 but the latest data is at time 1757098575.340943, when looking up transform from frame [base_link] to frame [map]
[explore-10] 
[explore-10] [ERROR] [1757098603.548549469] [explore_node]: Extrapolation Error looking up robot pose: Lookup would require extrapolation into the future.  Requested time 1757098603.242219 but the latest data is at time 1757098575.340943, when looking up transform from frame [base_link] to frame [map]
[explore-10] 
[explore-10] [ERROR] [1757098610.211744008] [explore_node]: Extrapolation Error looking up robot pose: Lookup would require extrapolation into the future.  Requested time 1757098609.908323 but the latest data is at time 1757098575.340943, when looking up transform from frame [base_link] to frame [map]
[explore-10] 
[explore-10] [ERROR] [1757098616.881531582] [explore_node]: Extrapolation Error looking up robot pose: Lookup would require extrapolation into the future.  Requested time 1757098616.574446 but the latest data is at time 1757098575.340943, when looking up transform from frame [base_link] to frame [map]
[explore-10] 
[explore-10] [ERROR] [1757098623.545974025] [explore_node]: Extrapolation Error looking up robot pose: Lookup would require extrapolation into the future.  Requested time 1757098623.240628 but the latest data is at time 175709857