[INFO] [launch]: All log files can be found below /home/robot/.ros/log/2025-09-05-21-06-19-633185-robot-pc04-64325
[INFO] [launch]: Default logging verbosity is set to INFO
[INFO] [async_slam_toolbox_node-1]: process started with pid [64336]
[INFO] [controller_server-2]: process started with pid [64338]
[INFO] [smoother_server-3]: process started with pid [64340]
[INFO] [planner_server-4]: process started with pid [64342]
[INFO] [behavior_server-5]: process started with pid [64344]
[INFO] [bt_navigator-6]: process started with pid [64346]
[INFO] [waypoint_follower-7]: process started with pid [64348]
[INFO] [velocity_smoother-8]: process started with pid [64350]
[INFO] [lifecycle_manager-9]: process started with pid [64352]
[INFO] [explore-10]: process started with pid [64354]
[INFO] [rviz2-11]: process started with pid [64356]
[async_slam_toolbox_node-1] [INFO] [1757099180.075885595] [slam]: Node using stack size 40000000
[planner_server-4] [INFO] [1757099180.079598778] [planner_server]: 
[planner_server-4] 	planner_server lifecycle node launched. 
[planner_server-4] 	Waiting on external lifecycle transitions to activate
[planner_server-4] 	See https://design.ros2.org/articles/node_lifecycle.html for more information.
[smoother_server-3] [INFO] [1757099180.080179228] [smoother_server]: 
[smoother_server-3] 	smoother_server lifecycle node launched. 
[smoother_server-3] 	Waiting on external lifecycle transitions to activate
[smoother_server-3] 	See https://design.ros2.org/articles/node_lifecycle.html for more information.
[controller_server-2] [INFO] [1757099180.080255712] [controller_server]: 
[controller_server-2] 	controller_server lifecycle node launched. 
[controller_server-2] 	Waiting on external lifecycle transitions to activate
[controller_server-2] 	See https://design.ros2.org/articles/node_lifecycle.html for more information.
[planner_server-4] [INFO] [1757099180.080396281] [planner_server]: Creating
[waypoint_follower-7] [INFO] [1757099180.081107362] [waypoint_follower]: 
[waypoint_follower-7] 	waypoint_follower lifecycle node launched. 
[waypoint_follower-7] 	Waiting on external lifecycle transitions to activate
[waypoint_follower-7] 	See https://design.ros2.org/articles/node_lifecycle.html for more information.
[lifecycle_manager-9] [INFO] [1757099180.081245077] [lifecycle_manager_navigation]: Creating
[smoother_server-3] [INFO] [1757099180.081372679] [smoother_server]: Creating smoother server
[waypoint_follower-7] [INFO] [1757099180.081387719] [waypoint_follower]: Creating
[bt_navigator-6] [INFO] [1757099180.081772627] [bt_navigator]: 
[bt_navigator-6] 	bt_navigator lifecycle node launched. 
[bt_navigator-6] 	Waiting on external lifecycle transitions to activate
[bt_navigator-6] 	See https://design.ros2.org/articles/node_lifecycle.html for more information.
[bt_navigator-6] [INFO] [1757099180.081831088] [bt_navigator]: Creating
[velocity_smoother-8] [INFO] [1757099180.082145479] [velocity_smoother]: 
[velocity_smoother-8] 	velocity_smoother lifecycle node launched. 
[velocity_smoother-8] 	Waiting on external lifecycle transitions to activate
[velocity_smoother-8] 	See https://design.ros2.org/articles/node_lifecycle.html for more information.
[lifecycle_manager-9] [INFO] [1757099180.082351787] [lifecycle_manager_navigation]: [34m[1mCreating and initializing lifecycle service clients[0m[0m
[controller_server-2] [INFO] [1757099180.082411257] [controller_server]: Creating controller server
[behavior_server-5] [INFO] [1757099180.082952081] [behavior_server]: 
[behavior_server-5] 	behavior_server lifecycle node launched. 
[behavior_server-5] 	Waiting on external lifecycle transitions to activate
[behavior_server-5] 	See https://design.ros2.org/articles/node_lifecycle.html for more information.
[explore-10] [INFO] [1757099180.084237330] [explore_node]: Waiting for costmap to become available, topic: map
[planner_server-4] [INFO] [1757099180.084258570] [global_costmap.global_costmap]: 
[planner_server-4] 	global_costmap lifecycle node launched. 
[planner_server-4] 	Waiting on external lifecycle transitions to activate
[planner_server-4] 	See https://design.ros2.org/articles/node_lifecycle.html for more information.
[planner_server-4] [INFO] [1757099180.084491452] [global_costmap.global_costmap]: Creating Costmap
[controller_server-2] [INFO] [1757099180.089054942] [local_costmap.local_costmap]: 
[controller_server-2] 	local_costmap lifecycle node launched. 
[controller_server-2] 	Waiting on external lifecycle transitions to activate
[controller_server-2] 	See https://design.ros2.org/articles/node_lifecycle.html for more information.
[controller_server-2] [INFO] [1757099180.089706913] [local_costmap.local_costmap]: Creating Costmap
[lifecycle_manager-9] [INFO] [1757099180.105118951] [lifecycle_manager_navigation]: [34m[1mStarting managed nodes bringup...[0m[0m
[lifecycle_manager-9] [INFO] [1757099180.105175884] [lifecycle_manager_navigation]: [34m[1mConfiguring controller_server[0m[0m
[async_slam_toolbox_node-1] [INFO] [1757099180.114022798] [slam]: Using solver plugin solver_plugins::CeresSolver
[async_slam_toolbox_node-1] [INFO] [1757099180.114323571] [slam]: CeresSolver: Using SCHUR_JACOBI preconditioner.
[controller_server-2] [INFO] [1757099180.226529840] [controller_server]: Configuring controller interface
[controller_server-2] [INFO] [1757099180.226632626] [controller_server]: getting goal checker plugins..
[controller_server-2] [INFO] [1757099180.226704956] [controller_server]: Controller frequency set to 10.0000Hz
[controller_server-2] [INFO] [1757099180.226727209] [local_costmap.local_costmap]: Configuring
[controller_server-2] [INFO] [1757099180.228817868] [local_costmap.local_costmap]: Using plugin "static_layer"
[controller_server-2] [INFO] [1757099180.230491363] [local_costmap.local_costmap]: Subscribing to the map topic (/map) with transient local durability
[controller_server-2] [INFO] [1757099180.230960779] [local_costmap.local_costmap]: Initialized plugin "static_layer"
[controller_server-2] [INFO] [1757099180.230970569] [local_costmap.local_costmap]: Using plugin "obstacle_layer"
[controller_server-2] [INFO] [1757099180.231147029] [local_costmap.local_costmap]: Subscribed to Topics: scan
[controller_server-2] [INFO] [1757099180.232555953] [local_costmap.local_costmap]: Initialized plugin "obstacle_layer"
[controller_server-2] [INFO] [1757099180.232566659] [local_costmap.local_costmap]: Using plugin "inflation_layer"
[controller_server-2] [INFO] [1757099180.233116964] [local_costmap.local_costmap]: Initialized plugin "inflation_layer"
[controller_server-2] [INFO] [1757099180.235938535] [controller_server]: Created progress_checker : progress_checker of type nav2_controller::SimpleProgressChecker
[controller_server-2] [INFO] [1757099180.236149033] [controller_server]: Created goal checker : goal_checker of type nav2_controller::SimpleGoalChecker
[controller_server-2] [INFO] [1757099180.236229219] [controller_server]: Controller Server has goal_checker  goal checkers available.
[controller_server-2] [INFO] [1757099180.236431951] [controller_server]: Created controller : FollowPath of type nav2_regulated_pure_pursuit_controller::RegulatedPurePursuitController
[controller_server-2] [INFO] [1757099180.237756042] [controller_server]: Controller Server has FollowPath  controllers available.
[lifecycle_manager-9] [INFO] [1757099180.239983641] [lifecycle_manager_navigation]: [34m[1mConfiguring smoother_server[0m[0m
[smoother_server-3] [INFO] [1757099180.240070356] [smoother_server]: Configuring smoother server
[smoother_server-3] [INFO] [1757099180.243181078] [smoother_server]: Created smoother : simple_smoother of type nav2_smoother::SimpleSmoother
[smoother_server-3] [INFO] [1757099180.243309774] [smoother_server]: Smoother Server has simple_smoother  smoothers available.
[lifecycle_manager-9] [INFO] [1757099180.245011384] [lifecycle_manager_navigation]: [34m[1mConfiguring planner_server[0m[0m
[planner_server-4] [INFO] [1757099180.245094530] [planner_server]: Configuring
[planner_server-4] [INFO] [1757099180.245113896] [global_costmap.global_costmap]: Configuring
[planner_server-4] [INFO] [1757099180.246972986] [global_costmap.global_costmap]: Using plugin "static_layer"
[planner_server-4] [INFO] [1757099180.248359519] [global_costmap.global_costmap]: Subscribing to the map topic (/map) with transient local durability
[planner_server-4] [INFO] [1757099180.248792437] [global_costmap.global_costmap]: Initialized plugin "static_layer"
[planner_server-4] [INFO] [1757099180.248801694] [global_costmap.global_costmap]: Using plugin "obstacle_layer"
[planner_server-4] [INFO] [1757099180.248937776] [global_costmap.global_costmap]: Subscribed to Topics: scan
[planner_server-4] [INFO] [1757099180.250092997] [global_costmap.global_costmap]: Initialized plugin "obstacle_layer"
[planner_server-4] [INFO] [1757099180.250106063] [global_costmap.global_costmap]: Using plugin "inflation_layer"
[planner_server-4] [INFO] [1757099180.250393473] [global_costmap.global_costmap]: Initialized plugin "inflation_layer"
[planner_server-4] [INFO] [1757099180.253083725] [planner_server]: Created global planner plugin GridBased of type nav2_navfn_planner/NavfnPlanner
[planner_server-4] [INFO] [1757099180.253097890] [planner_server]: Configuring plugin GridBased of type NavfnPlanner
[planner_server-4] [INFO] [1757099180.253240637] [planner_server]: Planner Server has GridBased  planners available.
[lifecycle_manager-9] [INFO] [1757099180.255736190] [lifecycle_manager_navigation]: [34m[1mConfiguring behavior_server[0m[0m
[behavior_server-5] [INFO] [1757099180.255842534] [behavior_server]: Configuring
[behavior_server-5] [INFO] [1757099180.258922989] [behavior_server]: Creating behavior plugin spin of type nav2_behaviors/Spin
[behavior_server-5] [INFO] [1757099180.259275565] [behavior_server]: Configuring spin
[behavior_server-5] [INFO] [1757099180.261064816] [behavior_server]: Creating behavior plugin backup of type nav2_behaviors/BackUp
[behavior_server-5] [INFO] [1757099180.261405705] [behavior_server]: Configuring backup
[behavior_server-5] [INFO] [1757099180.262593275] [behavior_server]: Creating behavior plugin drive_on_heading of type nav2_behaviors/DriveOnHeading
[behavior_server-5] [INFO] [1757099180.262916372] [behavior_server]: Configuring drive_on_heading
[behavior_server-5] [INFO] [1757099180.264046062] [behavior_server]: Creating behavior plugin wait of type nav2_behaviors/Wait
[behavior_server-5] [INFO] [1757099180.264335805] [behavior_server]: Configuring wait
[behavior_server-5] [INFO] [1757099180.265457151] [behavior_server]: Creating behavior plugin assisted_teleop of type nav2_behaviors/AssistedTeleop
[behavior_server-5] [INFO] [1757099180.266173900] [behavior_server]: Configuring assisted_teleop
[lifecycle_manager-9] [INFO] [1757099180.267872863] [lifecycle_manager_navigation]: [34m[1mConfiguring bt_navigator[0m[0m
[bt_navigator-6] [INFO] [1757099180.267970389] [bt_navigator]: Configuring
[lifecycle_manager-9] [INFO] [1757099180.283306788] [lifecycle_manager_navigation]: [34m[1mConfiguring waypoint_follower[0m[0m
[waypoint_follower-7] [INFO] [1757099180.283424343] [waypoint_follower]: Configuring
[waypoint_follower-7] [INFO] [1757099180.287753657] [waypoint_follower]: Created waypoint_task_executor : wait_at_waypoint of type nav2_waypoint_follower::WaitAtWaypoint
[lifecycle_manager-9] [INFO] [1757099180.288006256] [lifecycle_manager_navigation]: [34m[1mConfiguring velocity_smoother[0m[0m
[velocity_smoother-8] [INFO] [1757099180.288098547] [velocity_smoother]: Configuring velocity smoother
[lifecycle_manager-9] [INFO] [1757099180.289165559] [lifecycle_manager_navigation]: [34m[1mActivating controller_server[0m[0m
[controller_server-2] [INFO] [1757099180.289220878] [controller_server]: Activating
[controller_server-2] [INFO] [1757099180.289240664] [local_costmap.local_costmap]: Activating
[controller_server-2] [INFO] [1757099180.289246745] [local_costmap.local_costmap]: Checking transform
[controller_server-2] [INFO] [1757099180.289257637] [local_costmap.local_costmap]: Timed out waiting for transform from base_link to odom to become available, tf error: Invalid frame ID "odom" passed to canTransform argument target_frame - frame does not exist
[rviz2-11] [INFO] [1757099180.377742958] [rviz2]: Stereo is NOT SUPPORTED
[rviz2-11] [INFO] [1757099180.377801939] [rviz2]: OpenGl version: 4.6 (GLSL 4.6)
[rviz2-11] [INFO] [1757099180.409987897] [rviz2]: Stereo is NOT SUPPORTED
[controller_server-2] [INFO] [1757099180.789338127] [local_costmap.local_costmap]: Timed out waiting for transform from base_link to odom to become available, tf error: Invalid frame ID "odom" passed to canTransform argument target_frame - frame does not exist
[controller_server-2] [INFO] [1757099181.289337077] [local_costmap.local_costmap]: Timed out waiting for transform from base_link to odom to become available, tf error: Invalid frame ID "odom" passed to canTransform argument target_frame - frame does not exist
[controller_server-2] [INFO] [1757099181.789343456] [local_costmap.local_costmap]: Timed out waiting for transform from base_link to odom to become available, tf error: Invalid frame ID "odom" passed to canTransform argument target_frame - frame does not exist
[controller_server-2] [INFO] [1757099182.289340920] [local_costmap.local_costmap]: Timed out waiting for transform from base_link to odom to become available, tf error: Invalid frame ID "odom" passed to canTransform argument target_frame - frame does not exist
[controller_server-2] [INFO] [1757099182.789316022] [local_costmap.local_costmap]: Timed out waiting for transform from base_link to odom to become available, tf error: Invalid frame ID "odom" passed to canTransform argument target_frame - frame does not exist
[controller_server-2] [INFO] [1757099183.289326176] [local_costmap.local_costmap]: Timed out waiting for transform from base_link to odom to become available, tf error: Invalid frame ID "odom" passed to canTransform argument target_frame - frame does not exist
[controller_server-2] [INFO] [1757099183.789474303] [local_costmap.local_costmap]: start
[controller_server-2] [INFO] [1757099183.990978975] [controller_server]: Activating controller: FollowPath of type regulated_pure_pursuit_controller::RegulatedPurePursuitController
[controller_server-2] [INFO] [1757099183.991099866] [controller_server]: Creating bond (controller_server) to lifecycle manager.
[lifecycle_manager-9] [INFO] [1757099184.099652257] [lifecycle_manager_navigation]: Server controller_server connected with bond.
[lifecycle_manager-9] [INFO] [1757099184.099744434] [lifecycle_manager_navigation]: [34m[1mActivating smoother_server[0m[0m
[smoother_server-3] [INFO] [1757099184.100281143] [smoother_server]: Activating
[smoother_server-3] [INFO] [1757099184.100393020] [smoother_server]: Creating bond (smoother_server) to lifecycle manager.
[lifecycle_manager-9] [INFO] [1757099184.207332059] [lifecycle_manager_navigation]: Server smoother_server connected with bond.
[lifecycle_manager-9] [INFO] [1757099184.207427656] [lifecycle_manager_navigation]: [34m[1mActivating planner_server[0m[0m
[planner_server-4] [INFO] [1757099184.207982661] [planner_server]: Activating
[planner_server-4] [INFO] [1757099184.208114029] [global_costmap.global_costmap]: Activating
[planner_server-4] [INFO] [1757099184.208162895] [global_costmap.global_costmap]: Checking transform
[planner_server-4] [INFO] [1757099184.208232949] [global_costmap.global_costmap]: Timed out waiting for transform from base_link to map to become available, tf error: Invalid frame ID "map" passed to canTransform argument target_frame - frame does not exist
[planner_server-4] [INFO] [1757099184.708396498] [global_costmap.global_costmap]: Timed out waiting for transform from base_link to map to become available, tf error: Invalid frame ID "map" passed to canTransform argument target_frame - frame does not exist
[planner_server-4] [INFO] [1757099185.208393257] [global_costmap.global_costmap]: Timed out waiting for transform from base_link to map to become available, tf error: Invalid frame ID "map" passed to canTransform argument target_frame - frame does not exist
[planner_server-4] [INFO] [1757099185.708392899] [global_costmap.global_costmap]: Timed out waiting for transform from base_link to map to become available, tf error: Invalid frame ID "map" passed to canTransform argument target_frame - frame does not exist
[controller_server-2] [WARN] [1757099185.789678291] [local_costmap.local_costmap]: Can't update static costmap layer, no map received
[planner_server-4] [INFO] [1757099186.208352765] [global_costmap.global_costmap]: Timed out waiting for transform from base_link to map to become available, tf error: Invalid frame ID "map" passed to canTransform argument target_frame - frame does not exist
[planner_server-4] [INFO] [1757099186.708393168] [global_costmap.global_costmap]: Timed out waiting for transform from base_link to map to become available, tf error: Invalid frame ID "map" passed to canTransform argument target_frame - frame does not exist
[planner_server-4] [INFO] [1757099187.208400413] [global_costmap.global_costmap]: Timed out waiting for transform from base_link to map to become available, tf error: Invalid frame ID "map" passed to canTransform argument target_frame - frame does not exist
[planner_server-4] [INFO] [1757099187.708396731] [global_costmap.global_costmap]: Timed out waiting for transform from base_link to map to become available, tf error: Invalid frame ID "map" passed to canTransform argument target_frame - frame does not exist
[controller_server-2] [WARN] [1757099187.789761125] [local_costmap.local_costmap]: Can't update static costmap layer, no map received
[planner_server-4] [INFO] [1757099188.208405436] [global_costmap.global_costmap]: Timed out waiting for transform from base_link to map to become available, tf error: Invalid frame ID "map" passed to canTransform argument target_frame - frame does not exist
[planner_server-4] [INFO] [1757099188.708396333] [global_costmap.global_costmap]: Timed out waiting for transform from base_link to map to become available, tf error: Invalid frame ID "map" passed to canTransform argument target_frame - frame does not exist
[planner_server-4] [INFO] [1757099189.208390505] [global_costmap.global_costmap]: Timed out waiting for transform from base_link to map to become available, tf error: Invalid frame ID "map" passed to canTransform argument target_frame - frame does not exist
[planner_server-4] [INFO] [1757099189.708410033] [global_costmap.global_costmap]: Timed out waiting for transform from base_link to map to become available, tf error: Invalid frame ID "map" passed to canTransform argument target_frame - frame does not exist
[controller_server-2] [WARN] [1757099189.789691330] [local_costmap.local_costmap]: Can't update static costmap layer, no map received
[async_slam_toolbox_node-1] [WARN] [1757099189.952589243] [slam]: minimum laser range setting (0.0 m) exceeds the capabilities of the used Lidar (0.1 m)
[planner_server-4] [INFO] [1757099190.121109718] [global_costmap.global_costmap]: StaticLayer: Resizing costmap to 109 X 96 at 0.040000 m/pix
[controller_server-2] [INFO] [1757099190.121278707] [local_costmap.local_costmap]: StaticLayer: Resizing static layer to 109 X 96 at 0.040000 m/pix
[rviz2-11] [INFO] [1757099190.132582692] [rviz2]: Trying to create a map of size 109 x 96 using 1 swatches
[planner_server-4] [INFO] [1757099190.208348050] [global_costmap.global_costmap]: Timed out waiting for transform from base_link to map to become available, tf error: Invalid frame ID "map" passed to canTransform argument target_frame - frame does not exist
[controller_server-2] [ERROR] [1757099190.492584938] [local_costmap.local_costmap]: StaticLayer: "map" passed to lookupTransform argument target_frame does not exist. 
[planner_server-4] [INFO] [1757099190.708384975] [global_costmap.global_costmap]: Timed out waiting for transform from base_link to map to become available, tf error: Invalid frame ID "map" passed to canTransform argument target_frame - frame does not exist
[controller_server-2] [ERROR] [1757099190.795642797] [local_costmap.local_costmap]: StaticLayer: "map" passed to lookupTransform argument target_frame does not exist. 
[controller_server-2] [ERROR] [1757099191.099169431] [local_costmap.local_costmap]: StaticLayer: "map" passed to lookupTransform argument target_frame does not exist. 
[planner_server-4] [INFO] [1757099191.208299526] [global_costmap.global_costmap]: Timed out waiting for transform from base_link to map to become available, tf error: Invalid frame ID "map" passed to canTransform argument target_frame - frame does not exist
[controller_server-2] [ERROR] [1757099191.498503060] [local_costmap.local_costmap]: StaticLayer: "map" passed to lookupTransform argument target_frame does not exist. 
[planner_server-4] [INFO] [1757099191.708295527] [global_costmap.global_costmap]: Timed out waiting for transform from base_link to map to become available, tf error: Invalid frame ID "map" passed to canTransform argument target_frame - frame does not exist
[controller_server-2] [ERROR] [1757099191.803690003] [local_costmap.local_costmap]: StaticLayer: "map" passed to lookupTransform argument target_frame does not exist. 
[rviz2-11] [INFO] [1757099191.819970418] [rviz2]: Trying to create a map of size 100 x 100 using 1 swatches
[controller_server-2] [ERROR] [1757099192.108690040] [local_costmap.local_costmap]: StaticLayer: "map" passed to lookupTransform argument target_frame does not exist. 
[explore-10] [INFO] [1757099192.112423608] [explore_node]: Waiting to connect to move_base nav2 server
[explore-10] [INFO] [1757099192.112652135] [explore_node]: Connected to move_base nav2 server
[explore-10] [INFO] [1757099192.112661307] [explore_node]: Getting initial pose of the robot
[planner_server-4] [INFO] [1757099192.208297963] [global_costmap.global_costmap]: Timed out waiting for transform from base_link to map to become available, tf error: Invalid frame ID "map" passed to canTransform argument target_frame - frame does not exist
[explore-10] [ERROR] [1757099192.416918547] [explore_node]: Extrapolation Error looking up robot pose: Lookup would require extrapolation into the future.  Requested time 1757099192.112721 but the latest data is at time 1757099191.879171, when looking up transform from frame [base_link] to frame [map]
[explore-10] 
[explore-10] [INFO] [1757099192.426975699] [explore_node]: [NAV] Remembered last goal (2.19, 2.03, yaw from quat).
[planner_server-4] [INFO] [1757099192.708352579] [global_costmap.global_costmap]: Timed out waiting for transform from base_link to map to become available, tf error: Invalid frame ID "map" passed to canTransform argument target_frame - frame does not exist
[planner_server-4] [INFO] [1757099193.208380006] [global_costmap.global_costmap]: Timed out waiting for transform from base_link to map to become available, tf error: Lookup would require extrapolation at time 1757099188.563801, but only time 1757099189.625571 is in the buffer, when looking up transform from frame [base_link] to frame [map]
[planner_server-4] [INFO] [1757099193.708335373] [global_costmap.global_costmap]: Timed out waiting for transform from base_link to map to become available, tf error: Lookup would require extrapolation at time 1757099188.563801, but only time 1757099189.625571 is in the buffer, when looking up transform from frame [base_link] to frame [map]
[planner_server-4] [INFO] [1757099194.208345188] [global_costmap.global_costmap]: Timed out waiting for transform from base_link to map to become available, tf error: Lookup would require extrapolation into the past.  Requested time 1757099188.563801 but the earliest data is at time 1757099189.625571, when looking up transform from frame [base_link] to frame [map]
[planner_server-4] [INFO] [1757099194.708478048] [global_costmap.global_costmap]: start
[rviz2-11] [INFO] [1757099195.732479440] [rviz2]: Trying to create a map of size 109 x 96 using 1 swatches
[planner_server-4] [INFO] [1757099195.760439333] [planner_server]: Activating plugin GridBased of type NavfnPlanner
[planner_server-4] [INFO] [1757099195.762006164] [planner_server]: Creating bond (planner_server) to lifecycle manager.
[lifecycle_manager-9] [INFO] [1757099195.868347633] [lifecycle_manager_navigation]: Server planner_server connected with bond.
[lifecycle_manager-9] [INFO] [1757099195.868467966] [lifecycle_manager_navigation]: [34m[1mActivating behavior_server[0m[0m
[behavior_server-5] [INFO] [1757099195.869217199] [behavior_server]: Activating
[behavior_server-5] [INFO] [1757099195.869288878] [behavior_server]: Activating spin
[behavior_server-5] [INFO] [1757099195.869316541] [behavior_server]: Activating backup
[behavior_server-5] [INFO] [1757099195.869335813] [behavior_server]: Activating drive_on_heading
[behavior_server-5] [INFO] [1757099195.869354024] [behavior_server]: Activating wait
[behavior_server-5] [INFO] [1757099195.869370643] [behavior_server]: Activating assisted_teleop
[behavior_server-5] [INFO] [1757099195.869394727] [behavior_server]: Creating bond (behavior_server) to lifecycle manager.
[lifecycle_manager-9] [INFO] [1757099195.977652754] [lifecycle_manager_navigation]: Server behavior_server connected with bond.
[lifecycle_manager-9] [INFO] [1757099195.977773778] [lifecycle_manager_navigation]: [34m[1mActivating bt_navigator[0m[0m
[bt_navigator-6] [INFO] [1757099195.978394306] [bt_navigator]: Activating
[bt_navigator-6] [INFO] [1757099196.027047224] [bt_navigator]: Creating bond (bt_navigator) to lifecycle manager.
[lifecycle_manager-9] [INFO] [1757099196.128724918] [lifecycle_manager_navigation]: Server bt_navigator connected with bond.
[lifecycle_manager-9] [INFO] [1757099196.128809673] [lifecycle_manager_navigation]: [34m[1mActivating waypoint_follower[0m[0m
[waypoint_follower-7] [INFO] [1757099196.129363681] [waypoint_follower]: Activating
[waypoint_follower-7] [INFO] [1757099196.129449002] [waypoint_follower]: Creating bond (waypoint_follower) to lifecycle manager.
[lifecycle_manager-9] [INFO] [1757099196.236429697] [lifecycle_manager_navigation]: Server waypoint_follower connected with bond.
[lifecycle_manager-9] [INFO] [1757099196.236518576] [lifecycle_manager_navigation]: [34m[1mActivating velocity_smoother[0m[0m
[velocity_smoother-8] [INFO] [1757099196.237082505] [velocity_smoother]: Activating
[velocity_smoother-8] [INFO] [1757099196.237181448] [velocity_smoother]: Creating bond (velocity_smoother) to lifecycle manager.
[lifecycle_manager-9] [INFO] [1757099196.344085642] [lifecycle_manager_navigation]: Server velocity_smoother connected with bond.
[lifecycle_manager-9] [INFO] [1757099196.344174940] [lifecycle_manager_navigation]: [34m[1mManaged nodes are active[0m[0m
[lifecycle_manager-9] [INFO] [1757099196.344198453] [lifecycle_manager_navigation]: [34m[1mCreating bond timer...[0m[0m
[explore-10] [ERROR] [1757099199.082376502] [explore_node]: Extrapolation Error looking up robot pose: Lookup would require extrapolation into the future.  Requested time 1757099198.778961 but the latest data is at time 1757099198.718964, when looking up transform from frame [base_link] to frame [map]
[explore-10] 
[explore-10] [ERROR] [1757099240.820546255] [explore_node]: Extrapolation Error looking up robot pose: Lookup would require extrapolation into the future.  Requested time 1757099240.515774 but the latest data is at time 1757099240.463847, when looking up transform from frame [base_link] to frame [map]
[explore-10] 
[explore-10] [ERROR] [1757099253.445228764] [explore_node]: Extrapolation Error looking up robot pose: Lookup would require extrapolation into the future.  Requested time 1757099253.139478 but the latest data is at time 1757099253.113833, when looking up transform from frame [base_link] to frame [map]
[explore-10] 
[explore-10] [ERROR] [1757099257.713504769] [explore_node]: Extrapolation Error looking up robot pose: Lookup would require extrapolation into the future.  Requested time 1757099257.408905 but the latest data is at time 1757099257.363842, when looking up transform from frame [base_link] to frame [map]
[explore-10] 
[explore-10] [ERROR] [1757099265.757979950] [explore_node]: Extrapolation Error looking up robot pose: Lookup would require extrapolation into the future.  Requested time 1757099265.452298 but the latest data is at time 1757099265.415133, when looking up transform from frame [base_link] to frame [map]
[explore-10