[INFO] [launch]: All log files can be found below /home/robot/.ros/log/2025-09-02-17-27-10-349243-robot-pc04-37613
[INFO] [launch]: Default logging verbosity is set to INFO
[INFO] [async_slam_toolbox_node-1]: process started with pid [37626]
[INFO] [controller_server-2]: process started with pid [37628]
[INFO] [smoother_server-3]: process started with pid [37630]
[INFO] [planner_server-4]: process started with pid [37632]
[INFO] [behavior_server-5]: process started with pid [37634]
[INFO] [bt_navigator-6]: process started with pid [37636]
[INFO] [waypoint_follower-7]: process started with pid [37638]
[INFO] [velocity_smoother-8]: process started with pid [37640]
[INFO] [lifecycle_manager-9]: process started with pid [37642]
[INFO] [explore-10]: process started with pid [37644]
[INFO] [rviz2-11]: process started with pid [37646]
[smoother_server-3] [INFO] [1756826830.460339472] [smoother_server]: 
[smoother_server-3] 	smoother_server lifecycle node launched. 
[smoother_server-3] 	Waiting on external lifecycle transitions to activate
[smoother_server-3] 	See https://design.ros2.org/articles/node_lifecycle.html for more information.
[planner_server-4] [INFO] [1756826830.460372737] [planner_server]: 
[planner_server-4] 	planner_server lifecycle node launched. 
[planner_server-4] 	Waiting on external lifecycle transitions to activate
[planner_server-4] 	See https://design.ros2.org/articles/node_lifecycle.html for more information.
[waypoint_follower-7] [INFO] [1756826830.460632526] [waypoint_follower]: 
[waypoint_follower-7] 	waypoint_follower lifecycle node launched. 
[waypoint_follower-7] 	Waiting on external lifecycle transitions to activate
[waypoint_follower-7] 	See https://design.ros2.org/articles/node_lifecycle.html for more information.
[waypoint_follower-7] [INFO] [1756826830.461022547] [waypoint_follower]: Creating
[planner_server-4] [INFO] [1756826830.461268871] [planner_server]: Creating
[async_slam_toolbox_node-1] [INFO] [1756826830.461413228] [slam]: Node using stack size 40000000
[smoother_server-3] [INFO] [1756826830.461510463] [smoother_server]: Creating smoother server
[controller_server-2] [INFO] [1756826830.461862193] [controller_server]: 
[controller_server-2] 	controller_server lifecycle node launched. 
[controller_server-2] 	Waiting on external lifecycle transitions to activate
[controller_server-2] 	See https://design.ros2.org/articles/node_lifecycle.html for more information.
[velocity_smoother-8] [INFO] [1756826830.461914495] [velocity_smoother]: 
[velocity_smoother-8] 	velocity_smoother lifecycle node launched. 
[velocity_smoother-8] 	Waiting on external lifecycle transitions to activate
[velocity_smoother-8] 	See https://design.ros2.org/articles/node_lifecycle.html for more information.
[bt_navigator-6] [INFO] [1756826830.462521178] [bt_navigator]: 
[bt_navigator-6] 	bt_navigator lifecycle node launched. 
[bt_navigator-6] 	Waiting on external lifecycle transitions to activate
[bt_navigator-6] 	See https://design.ros2.org/articles/node_lifecycle.html for more information.
[bt_navigator-6] [INFO] [1756826830.462586023] [bt_navigator]: Creating
[lifecycle_manager-9] [INFO] [1756826830.462758760] [lifecycle_manager_navigation]: Creating
[controller_server-2] [INFO] [1756826830.464199044] [controller_server]: Creating controller server
[lifecycle_manager-9] [INFO] [1756826830.464234267] [lifecycle_manager_navigation]: [34m[1mCreating and initializing lifecycle service clients[0m[0m
[behavior_server-5] [INFO] [1756826830.464745079] [behavior_server]: 
[behavior_server-5] 	behavior_server lifecycle node launched. 
[behavior_server-5] 	Waiting on external lifecycle transitions to activate
[behavior_server-5] 	See https://design.ros2.org/articles/node_lifecycle.html for more information.
[explore-10] [INFO] [1756826830.465858167] [explore_node]: Waiting for costmap to become available, topic: map
[planner_server-4] [INFO] [1756826830.467203414] [global_costmap.global_costmap]: 
[planner_server-4] 	global_costmap lifecycle node launched. 
[planner_server-4] 	Waiting on external lifecycle transitions to activate
[planner_server-4] 	See https://design.ros2.org/articles/node_lifecycle.html for more information.
[planner_server-4] [INFO] [1756826830.467553595] [global_costmap.global_costmap]: Creating Costmap
[controller_server-2] [INFO] [1756826830.468707395] [local_costmap.local_costmap]: 
[controller_server-2] 	local_costmap lifecycle node launched. 
[controller_server-2] 	Waiting on external lifecycle transitions to activate
[controller_server-2] 	See https://design.ros2.org/articles/node_lifecycle.html for more information.
[controller_server-2] [INFO] [1756826830.468948725] [local_costmap.local_costmap]: Creating Costmap
[lifecycle_manager-9] [INFO] [1756826830.473376782] [lifecycle_manager_navigation]: [34m[1mStarting managed nodes bringup...[0m[0m
[lifecycle_manager-9] [INFO] [1756826830.473407928] [lifecycle_manager_navigation]: [34m[1mConfiguring controller_server[0m[0m
[controller_server-2] [INFO] [1756826830.473540810] [controller_server]: Configuring controller interface
[controller_server-2] [INFO] [1756826830.473629493] [controller_server]: getting goal checker plugins..
[controller_server-2] [INFO] [1756826830.473699581] [controller_server]: Controller frequency set to 10.0000Hz
[controller_server-2] [INFO] [1756826830.473717688] [local_costmap.local_costmap]: Configuring
[controller_server-2] [INFO] [1756826830.475978150] [local_costmap.local_costmap]: Using plugin "static_layer"
[controller_server-2] [INFO] [1756826830.477930174] [local_costmap.local_costmap]: Subscribing to the map topic (/map) with transient local durability
[controller_server-2] [INFO] [1756826830.478511951] [local_costmap.local_costmap]: Initialized plugin "static_layer"
[controller_server-2] [INFO] [1756826830.478524852] [local_costmap.local_costmap]: Using plugin "obstacle_layer"
[controller_server-2] [INFO] [1756826830.478692005] [local_costmap.local_costmap]: Subscribed to Topics: scan
[controller_server-2] [INFO] [1756826830.479841811] [local_costmap.local_costmap]: Initialized plugin "obstacle_layer"
[controller_server-2] [INFO] [1756826830.479856443] [local_costmap.local_costmap]: Using plugin "inflation_layer"
[controller_server-2] [INFO] [1756826830.480063212] [local_costmap.local_costmap]: Initialized plugin "inflation_layer"
[controller_server-2] [ERROR] [1756826830.481943065] [local_costmap.local_costmap]: The configured inflation radius (0.150) is smaller than the computed inscribed radius (0.171) of your footprint, it is highly recommended to set inflation radius to be at least as big as the inscribed radius to avoid collisions
[async_slam_toolbox_node-1] [INFO] [1756826830.482625128] [slam]: Using solver plugin solver_plugins::CeresSolver
[controller_server-2] [INFO] [1756826830.482690954] [controller_server]: Created progress_checker : progress_checker of type nav2_controller::SimpleProgressChecker
[controller_server-2] [INFO] [1756826830.482881338] [controller_server]: Created goal checker : goal_checker of type nav2_controller::SimpleGoalChecker
[async_slam_toolbox_node-1] [INFO] [1756826830.482909719] [slam]: CeresSolver: Using SCHUR_JACOBI preconditioner.
[controller_server-2] [INFO] [1756826830.482956921] [controller_server]: Controller Server has goal_checker  goal checkers available.
[controller_server-2] [INFO] [1756826830.483170705] [controller_server]: Created controller : FollowPath of type nav2_regulated_pure_pursuit_controller::RegulatedPurePursuitController
[controller_server-2] [INFO] [1756826830.484179191] [controller_server]: Controller Server has FollowPath  controllers available.
[lifecycle_manager-9] [INFO] [1756826830.486217329] [lifecycle_manager_navigation]: [34m[1mConfiguring smoother_server[0m[0m
[smoother_server-3] [INFO] [1756826830.486323742] [smoother_server]: Configuring smoother server
[smoother_server-3] [INFO] [1756826830.489477480] [smoother_server]: Created smoother : simple_smoother of type nav2_smoother::SimpleSmoother
[smoother_server-3] [INFO] [1756826830.489618078] [smoother_server]: Smoother Server has simple_smoother  smoothers available.
[lifecycle_manager-9] [INFO] [1756826830.491382436] [lifecycle_manager_navigation]: [34m[1mConfiguring planner_server[0m[0m
[planner_server-4] [INFO] [1756826830.491517089] [planner_server]: Configuring
[planner_server-4] [INFO] [1756826830.491556133] [global_costmap.global_costmap]: Configuring
[planner_server-4] [INFO] [1756826830.494397573] [global_costmap.global_costmap]: Using plugin "static_layer"
[planner_server-4] [INFO] [1756826830.496701688] [global_costmap.global_costmap]: Subscribing to the map topic (/map) with transient local durability
[planner_server-4] [INFO] [1756826830.497463106] [global_costmap.global_costmap]: Initialized plugin "static_layer"
[planner_server-4] [INFO] [1756826830.497481778] [global_costmap.global_costmap]: Using plugin "obstacle_layer"
[planner_server-4] [INFO] [1756826830.497734722] [global_costmap.global_costmap]: Subscribed to Topics: scan
[planner_server-4] [INFO] [1756826830.499586007] [global_costmap.global_costmap]: Initialized plugin "obstacle_layer"
[planner_server-4] [INFO] [1756826830.499605011] [global_costmap.global_costmap]: Using plugin "inflation_layer"
[planner_server-4] [INFO] [1756826830.499867598] [global_costmap.global_costmap]: Initialized plugin "inflation_layer"
[planner_server-4] [ERROR] [1756826830.502959804] [global_costmap.global_costmap]: The configured inflation radius (0.150) is smaller than the computed inscribed radius (0.171) of your footprint, it is highly recommended to set inflation radius to be at least as big as the inscribed radius to avoid collisions
[planner_server-4] [INFO] [1756826830.504606725] [planner_server]: Created global planner plugin GridBased of type nav2_navfn_planner/NavfnPlanner
[planner_server-4] [INFO] [1756826830.504632605] [planner_server]: Configuring plugin GridBased of type NavfnPlanner
[planner_server-4] [INFO] [1756826830.504868004] [planner_server]: Planner Server has GridBased  planners available.
[lifecycle_manager-9] [INFO] [1756826830.509349593] [lifecycle_manager_navigation]: [34m[1mConfiguring behavior_server[0m[0m
[behavior_server-5] [INFO] [1756826830.509477020] [behavior_server]: Configuring
[behavior_server-5] [INFO] [1756826830.512290598] [behavior_server]: Creating behavior plugin spin of type nav2_behaviors/Spin
[behavior_server-5] [INFO] [1756826830.512648728] [behavior_server]: Configuring spin
[behavior_server-5] [INFO] [1756826830.513990984] [behavior_server]: Creating behavior plugin backup of type nav2_behaviors/BackUp
[behavior_server-5] [INFO] [1756826830.514288305] [behavior_server]: Configuring backup
[behavior_server-5] [INFO] [1756826830.515331134] [behavior_server]: Creating behavior plugin drive_on_heading of type nav2_behaviors/DriveOnHeading
[behavior_server-5] [INFO] [1756826830.515630045] [behavior_server]: Configuring drive_on_heading
[behavior_server-5] [INFO] [1756826830.516699343] [behavior_server]: Creating behavior plugin wait of type nav2_behaviors/Wait
[behavior_server-5] [INFO] [1756826830.516982229] [behavior_server]: Configuring wait
[behavior_server-5] [INFO] [1756826830.518039670] [behavior_server]: Creating behavior plugin assisted_teleop of type nav2_behaviors/AssistedTeleop
[behavior_server-5] [INFO] [1756826830.518756245] [behavior_server]: Configuring assisted_teleop
[lifecycle_manager-9] [INFO] [1756826830.520341434] [lifecycle_manager_navigation]: [34m[1mConfiguring bt_navigator[0m[0m
[bt_navigator-6] [INFO] [1756826830.520433487] [bt_navigator]: Configuring
[lifecycle_manager-9] [INFO] [1756826830.534478347] [lifecycle_manager_navigation]: [34m[1mConfiguring waypoint_follower[0m[0m
[waypoint_follower-7] [INFO] [1756826830.534578920] [waypoint_follower]: Configuring
[waypoint_follower-7] [INFO] [1756826830.538347106] [waypoint_follower]: Created waypoint_task_executor : wait_at_waypoint of type nav2_waypoint_follower::WaitAtWaypoint
[lifecycle_manager-9] [INFO] [1756826830.538835674] [lifecycle_manager_navigation]: [34m[1mConfiguring velocity_smoother[0m[0m
[velocity_smoother-8] [INFO] [1756826830.538993777] [velocity_smoother]: Configuring velocity smoother
[lifecycle_manager-9] [INFO] [1756826830.541747968] [lifecycle_manager_navigation]: [34m[1mActivating controller_server[0m[0m
[controller_server-2] [INFO] [1756826830.541861641] [controller_server]: Activating
[controller_server-2] [INFO] [1756826830.541886309] [local_costmap.local_costmap]: Activating
[controller_server-2] [INFO] [1756826830.541893967] [local_costmap.local_costmap]: Checking transform
[controller_server-2] [INFO] [1756826830.541908692] [local_costmap.local_costmap]: Timed out waiting for transform from base_link to odom to become available, tf error: Invalid frame ID "odom" passed to canTransform argument target_frame - frame does not exist
[rviz2-11] [INFO] [1756826830.708039212] [rviz2]: Stereo is NOT SUPPORTED
[rviz2-11] [INFO] [1756826830.708086703] [rviz2]: OpenGl version: 4.6 (GLSL 4.6)
[rviz2-11] [INFO] [1756826830.853673253] [rviz2]: Stereo is NOT SUPPORTED
[controller_server-2] [INFO] [1756826831.041960522] [local_costmap.local_costmap]: Timed out waiting for transform from base_link to odom to become available, tf error: Invalid frame ID "odom" passed to canTransform argument target_frame - frame does not exist
[controller_server-2] [INFO] [1756826831.541995494] [local_costmap.local_costmap]: Timed out waiting for transform from base_link to odom to become available, tf error: Invalid frame ID "odom" passed to canTransform argument target_frame - frame does not exist
[controller_server-2] [INFO] [1756826832.041989533] [local_costmap.local_costmap]: Timed out waiting for transform from base_link to odom to become available, tf error: Invalid frame ID "odom" passed to canTransform argument target_frame - frame does not exist
[controller_server-2] [INFO] [1756826832.541989271] [local_costmap.local_costmap]: Timed out waiting for transform from base_link to odom to become available, tf error: Invalid frame ID "odom" passed to canTransform argument target_frame - frame does not exist
[controller_server-2] [INFO] [1756826833.041975101] [local_costmap.local_costmap]: Timed out waiting for transform from base_link to odom to become available, tf error: Invalid frame ID "odom" passed to canTransform argument target_frame - frame does not exist
[controller_server-2] [INFO] [1756826833.541963471] [local_costmap.local_costmap]: Timed out waiting for transform from base_link to odom to become available, tf error: Invalid frame ID "odom" passed to canTransform argument target_frame - frame does not exist
[controller_server-2] [INFO] [1756826834.041980309] [local_costmap.local_costmap]: Timed out waiting for transform from base_link to odom to become available, tf error: Invalid frame ID "odom" passed to canTransform argument target_frame - frame does not exist
[controller_server-2] [INFO] [1756826834.542134690] [local_costmap.local_costmap]: start
[controller_server-2] [INFO] [1756826834.743671877] [controller_server]: Activating controller: FollowPath of type regulated_pure_pursuit_controller::RegulatedPurePursuitController
[controller_server-2] [INFO] [1756826834.743767764] [controller_server]: Creating bond (controller_server) to lifecycle manager.
[lifecycle_manager-9] [INFO] [1756826834.851824017] [lifecycle_manager_navigation]: Server controller_server connected with bond.
[lifecycle_manager-9] [INFO] [1756826834.851926518] [lifecycle_manager_navigation]: [34m[1mActivating smoother_server[0m[0m
[smoother_server-3] [INFO] [1756826834.852486328] [smoother_server]: Activating
[smoother_server-3] [INFO] [1756826834.852568551] [smoother_server]: Creating bond (smoother_server) to lifecycle manager.
[lifecycle_manager-9] [INFO] [1756826834.958965588] [lifecycle_manager_navigation]: Server smoother_server connected with bond.
[lifecycle_manager-9] [INFO] [1756826834.959057035] [lifecycle_manager_navigation]: [34m[1mActivating planner_server[0m[0m
[planner_server-4] [INFO] [1756826834.959758773] [planner_server]: Activating
[planner_server-4] [INFO] [1756826834.959851265] [global_costmap.global_costmap]: Activating
[planner_server-4] [INFO] [1756826834.959873974] [global_costmap.global_costmap]: Checking transform
[planner_server-4] [INFO] [1756826834.959915070] [global_costmap.global_costmap]: Timed out waiting for transform from base_link to map to become available, tf error: Invalid frame ID "map" passed to canTransform argument target_frame - frame does not exist
[planner_server-4] [INFO] [1756826835.459979926] [global_costmap.global_costmap]: Timed out waiting for transform from base_link to map to become available, tf error: Invalid frame ID "map" passed to canTransform argument target_frame - frame does not exist
[planner_server-4] [INFO] [1756826835.959957641] [global_costmap.global_costmap]: Timed out waiting for transform from base_link to map to become available, tf error: Invalid frame ID "map" passed to canTransform argument target_frame - frame does not exist
[async_slam_toolbox_node-1] [WARN] [1756826836.263244506] [slam]: minimum laser range setting (0.0 m) exceeds the capabilities of the used Lidar (0.1 m)
[planner_server-4] [INFO] [1756826836.460239827] [global_costmap.global_costmap]: start
[controller_server-2] [INFO] [1756826836.490268718] [local_costmap.local_costmap]: StaticLayer: Resizing static layer to 63 X 39 at 0.040000 m/pix
[planner_server-4] [INFO] [1756826836.490279869] [global_costmap.global_costmap]: StaticLayer: Resizing costmap to 63 X 39 at 0.040000 m/pix
[rviz2-11] [INFO] [1756826836.514510461] [rviz2]: Trying to create a map of size 63 x 39 using 1 swatches
[rviz2-11] [ERROR] [1756826836.515345686] [rviz2]: Lookup would require extrapolation into the future.  Requested time 1756826836.468732 but the latest data is at time 1756826836.443021, when looking up transform from frame [laser] to frame [map]
[rviz2-11] [INFO] [1756826836.580429916] [rviz2]: Trying to create a map of size 100 x 100 using 1 swatches
[planner_server-4] [INFO] [1756826837.461954098] [planner_server]: Activating plugin GridBased of type NavfnPlanner
[planner_server-4] [INFO] [1756826837.463735355] [planner_server]: Creating bond (planner_server) to lifecycle manager.
[rviz2-11] [INFO] [1756826837.475011003] [rviz2]: Trying to create a map of size 63 x 39 using 1 swatches
[lifecycle_manager-9] [INFO] [1756826837.570857352] [lifecycle_manager_navigation]: Server planner_server connected with bond.
[lifecycle_manager-9] [INFO] [1756826837.570961299] [lifecycle_manager_navigation]: [34m[1mActivating behavior_server[0m[0m
[behavior_server-5] [INFO] [1756826837.571700621] [behavior_server]: Activating
[behavior_server-5] [INFO] [1756826837.571770367] [behavior_server]: Activating spin
[behavior_server-5] [INFO] [1756826837.571797967] [behavior_server]: Activating backup
[behavior_server-5] [INFO] [1756826837.571818037] [behavior_server]: Activating drive_on_heading
[behavior_server-5] [INFO] [1756826837.571835479] [behavior_server]: Activating wait
[behavior_server-5] [INFO] [1756826837.571853176] [behavior_server]: Activating assisted_teleop
[behavior_server-5] [INFO] [1756826837.571877747] [behavior_server]: Creating bond (behavior_server) to lifecycle manager.
[lifecycle_manager-9] [INFO] [1756826837.679054177] [lifecycle_manager_navigation]: Server behavior_server connected with bond.
[lifecycle_manager-9] [INFO] [1756826837.679178394] [lifecycle_manager_navigation]: [34m[1mActivating bt_navigator[0m[0m
[bt_navigator-6] [INFO] [1756826837.679747673] [bt_navigator]: Activating
[bt_navigator-6] [INFO] [1756826837.714083183] [bt_navigator]: Creating bond (bt_navigator) to lifecycle manager.
[lifecycle_manager-9] [INFO] [1756826837.815860742] [lifecycle_manager_navigation]: Server bt_navigator connected with bond.
[lifecycle_manager-9] [INFO] [1756826837.816008916] [lifecycle_manager_navigation]: [34m[1mActivating waypoint_follower[0m[0m
[waypoint_follower-7] [INFO] [1756826837.816675524] [waypoint_follower]: Activating
[waypoint_follower-7] [INFO] [1756826837.816757337] [waypoint_follower]: Creating bond (waypoint_follower) to lifecycle manager.
[lifecycle_manager-9] [INFO] [1756826837.924501999] [lifecycle_manager_navigation]: Server waypoint_follower connected with bond.
[lifecycle_manager-9] [INFO] [1756826837.