[INFO] [launch]: All log files can be found below /home/robot/.ros/log/2025-09-05-21-04-07-671714-robot-pc04-62725
[INFO] [launch]: Default logging verbosity is set to INFO
[INFO] [async_slam_toolbox_node-1]: process started with pid [62736]
[INFO] [controller_server-2]: process started with pid [62738]
[INFO] [smoother_server-3]: process started with pid [62740]
[INFO] [planner_server-4]: process started with pid [62742]
[INFO] [behavior_server-5]: process started with pid [62744]
[INFO] [bt_navigator-6]: process started with pid [62746]
[INFO] [waypoint_follower-7]: process started with pid [62748]
[INFO] [velocity_smoother-8]: process started with pid [62750]
[INFO] [lifecycle_manager-9]: process started with pid [62752]
[INFO] [explore-10]: process started with pid [62754]
[INFO] [rviz2-11]: process started with pid [62756]
[async_slam_toolbox_node-1] [INFO] [1757099047.777879972] [slam]: Node using stack size 40000000
[waypoint_follower-7] [INFO] [1757099047.779835203] [waypoint_follower]: 
[waypoint_follower-7] 	waypoint_follower lifecycle node launched. 
[waypoint_follower-7] 	Waiting on external lifecycle transitions to activate
[waypoint_follower-7] 	See https://design.ros2.org/articles/node_lifecycle.html for more information.
[smoother_server-3] [INFO] [1757099047.779997715] [smoother_server]: 
[smoother_server-3] 	smoother_server lifecycle node launched. 
[smoother_server-3] 	Waiting on external lifecycle transitions to activate
[smoother_server-3] 	See https://design.ros2.org/articles/node_lifecycle.html for more information.
[waypoint_follower-7] [INFO] [1757099047.780279500] [waypoint_follower]: Creating
[lifecycle_manager-9] [INFO] [1757099047.780594980] [lifecycle_manager_navigation]: Creating
[controller_server-2] [INFO] [1757099047.780683383] [controller_server]: 
[controller_server-2] 	controller_server lifecycle node launched. 
[controller_server-2] 	Waiting on external lifecycle transitions to activate
[controller_server-2] 	See https://design.ros2.org/articles/node_lifecycle.html for more information.
[smoother_server-3] [INFO] [1757099047.781189129] [smoother_server]: Creating smoother server
[behavior_server-5] [INFO] [1757099047.781380762] [behavior_server]: 
[behavior_server-5] 	behavior_server lifecycle node launched. 
[behavior_server-5] 	Waiting on external lifecycle transitions to activate
[behavior_server-5] 	See https://design.ros2.org/articles/node_lifecycle.html for more information.
[lifecycle_manager-9] [INFO] [1757099047.781489004] [lifecycle_manager_navigation]: [34m[1mCreating and initializing lifecycle service clients[0m[0m
[planner_server-4] [INFO] [1757099047.781746358] [planner_server]: 
[planner_server-4] 	planner_server lifecycle node launched. 
[planner_server-4] 	Waiting on external lifecycle transitions to activate
[planner_server-4] 	See https://design.ros2.org/articles/node_lifecycle.html for more information.
[planner_server-4] [INFO] [1757099047.782394160] [planner_server]: Creating
[velocity_smoother-8] [INFO] [1757099047.783309495] [velocity_smoother]: 
[velocity_smoother-8] 	velocity_smoother lifecycle node launched. 
[velocity_smoother-8] 	Waiting on external lifecycle transitions to activate
[velocity_smoother-8] 	See https://design.ros2.org/articles/node_lifecycle.html for more information.
[controller_server-2] [INFO] [1757099047.783684657] [controller_server]: Creating controller server
[bt_navigator-6] [INFO] [1757099047.784222007] [bt_navigator]: 
[bt_navigator-6] 	bt_navigator lifecycle node launched. 
[bt_navigator-6] 	Waiting on external lifecycle transitions to activate
[bt_navigator-6] 	See https://design.ros2.org/articles/node_lifecycle.html for more information.
[bt_navigator-6] [INFO] [1757099047.784292822] [bt_navigator]: Creating
[explore-10] [INFO] [1757099047.785848596] [explore_node]: Waiting for costmap to become available, topic: map
[controller_server-2] [INFO] [1757099047.789088765] [local_costmap.local_costmap]: 
[controller_server-2] 	local_costmap lifecycle node launched. 
[controller_server-2] 	Waiting on external lifecycle transitions to activate
[controller_server-2] 	See https://design.ros2.org/articles/node_lifecycle.html for more information.
[planner_server-4] [INFO] [1757099047.789226861] [global_costmap.global_costmap]: 
[planner_server-4] 	global_costmap lifecycle node launched. 
[planner_server-4] 	Waiting on external lifecycle transitions to activate
[planner_server-4] 	See https://design.ros2.org/articles/node_lifecycle.html for more information.
[controller_server-2] [INFO] [1757099047.789354726] [local_costmap.local_costmap]: Creating Costmap
[planner_server-4] [INFO] [1757099047.789449702] [global_costmap.global_costmap]: Creating Costmap
[async_slam_toolbox_node-1] [INFO] [1757099047.797036982] [slam]: Using solver plugin solver_plugins::CeresSolver
[async_slam_toolbox_node-1] [INFO] [1757099047.797210339] [slam]: CeresSolver: Using SCHUR_JACOBI preconditioner.
[lifecycle_manager-9] [INFO] [1757099047.892389299] [lifecycle_manager_navigation]: [34m[1mStarting managed nodes bringup...[0m[0m
[lifecycle_manager-9] [INFO] [1757099047.892429355] [lifecycle_manager_navigation]: [34m[1mConfiguring controller_server[0m[0m
[controller_server-2] [INFO] [1757099047.892603974] [controller_server]: Configuring controller interface
[controller_server-2] [INFO] [1757099047.892709192] [controller_server]: getting goal checker plugins..
[controller_server-2] [INFO] [1757099047.892767561] [controller_server]: Controller frequency set to 10.0000Hz
[controller_server-2] [INFO] [1757099047.892786829] [local_costmap.local_costmap]: Configuring
[controller_server-2] [INFO] [1757099047.895077138] [local_costmap.local_costmap]: Using plugin "static_layer"
[controller_server-2] [INFO] [1757099047.896995547] [local_costmap.local_costmap]: Subscribing to the map topic (/map) with transient local durability
[controller_server-2] [INFO] [1757099047.897416670] [local_costmap.local_costmap]: Initialized plugin "static_layer"
[controller_server-2] [INFO] [1757099047.897427214] [local_costmap.local_costmap]: Using plugin "obstacle_layer"
[controller_server-2] [INFO] [1757099047.897543644] [local_costmap.local_costmap]: Subscribed to Topics: scan
[controller_server-2] [INFO] [1757099047.898606522] [local_costmap.local_costmap]: Initialized plugin "obstacle_layer"
[controller_server-2] [INFO] [1757099047.898616112] [local_costmap.local_costmap]: Using plugin "inflation_layer"
[controller_server-2] [INFO] [1757099047.899089745] [local_costmap.local_costmap]: Initialized plugin "inflation_layer"
[controller_server-2] [INFO] [1757099047.903244099] [controller_server]: Created progress_checker : progress_checker of type nav2_controller::SimpleProgressChecker
[controller_server-2] [INFO] [1757099047.903517185] [controller_server]: Created goal checker : goal_checker of type nav2_controller::SimpleGoalChecker
[controller_server-2] [INFO] [1757099047.903698399] [controller_server]: Controller Server has goal_checker  goal checkers available.
[controller_server-2] [INFO] [1757099047.904126607] [controller_server]: Created controller : FollowPath of type nav2_regulated_pure_pursuit_controller::RegulatedPurePursuitController
[controller_server-2] [INFO] [1757099047.906522252] [controller_server]: Controller Server has FollowPath  controllers available.
[lifecycle_manager-9] [INFO] [1757099047.909330772] [lifecycle_manager_navigation]: [34m[1mConfiguring smoother_server[0m[0m
[smoother_server-3] [INFO] [1757099047.909419741] [smoother_server]: Configuring smoother server
[smoother_server-3] [INFO] [1757099047.912281248] [smoother_server]: Created smoother : simple_smoother of type nav2_smoother::SimpleSmoother
[smoother_server-3] [INFO] [1757099047.912391857] [smoother_server]: Smoother Server has simple_smoother  smoothers available.
[lifecycle_manager-9] [INFO] [1757099047.913963075] [lifecycle_manager_navigation]: [34m[1mConfiguring planner_server[0m[0m
[planner_server-4] [INFO] [1757099047.914048311] [planner_server]: Configuring
[planner_server-4] [INFO] [1757099047.914067815] [global_costmap.global_costmap]: Configuring
[planner_server-4] [INFO] [1757099047.915818005] [global_costmap.global_costmap]: Using plugin "static_layer"
[planner_server-4] [INFO] [1757099047.917232862] [global_costmap.global_costmap]: Subscribing to the map topic (/map) with transient local durability
[planner_server-4] [INFO] [1757099047.917676221] [global_costmap.global_costmap]: Initialized plugin "static_layer"
[planner_server-4] [INFO] [1757099047.917685736] [global_costmap.global_costmap]: Using plugin "obstacle_layer"
[planner_server-4] [INFO] [1757099047.917812612] [global_costmap.global_costmap]: Subscribed to Topics: scan
[planner_server-4] [INFO] [1757099047.919084870] [global_costmap.global_costmap]: Initialized plugin "obstacle_layer"
[planner_server-4] [INFO] [1757099047.919095940] [global_costmap.global_costmap]: Using plugin "inflation_layer"
[planner_server-4] [INFO] [1757099047.919403597] [global_costmap.global_costmap]: Initialized plugin "inflation_layer"
[planner_server-4] [INFO] [1757099047.922232917] [planner_server]: Created global planner plugin GridBased of type nav2_navfn_planner/NavfnPlanner
[planner_server-4] [INFO] [1757099047.922249981] [planner_server]: Configuring plugin GridBased of type NavfnPlanner
[planner_server-4] [INFO] [1757099047.922400195] [planner_server]: Planner Server has GridBased  planners available.
[lifecycle_manager-9] [INFO] [1757099047.926054239] [lifecycle_manager_navigation]: [34m[1mConfiguring behavior_server[0m[0m
[behavior_server-5] [INFO] [1757099047.926257814] [behavior_server]: Configuring
[behavior_server-5] [INFO] [1757099047.929629459] [behavior_server]: Creating behavior plugin spin of type nav2_behaviors/Spin
[behavior_server-5] [INFO] [1757099047.930011342] [behavior_server]: Configuring spin
[behavior_server-5] [INFO] [1757099047.931500948] [behavior_server]: Creating behavior plugin backup of type nav2_behaviors/BackUp
[behavior_server-5] [INFO] [1757099047.931820277] [behavior_server]: Configuring backup
[behavior_server-5] [INFO] [1757099047.932832222] [behavior_server]: Creating behavior plugin drive_on_heading of type nav2_behaviors/DriveOnHeading
[behavior_server-5] [INFO] [1757099047.933139221] [behavior_server]: Configuring drive_on_heading
[behavior_server-5] [INFO] [1757099047.934160017] [behavior_server]: Creating behavior plugin wait of type nav2_behaviors/Wait
[behavior_server-5] [INFO] [1757099047.934439794] [behavior_server]: Configuring wait
[behavior_server-5] [INFO] [1757099047.935472954] [behavior_server]: Creating behavior plugin assisted_teleop of type nav2_behaviors/AssistedTeleop
[behavior_server-5] [INFO] [1757099047.936174663] [behavior_server]: Configuring assisted_teleop
[lifecycle_manager-9] [INFO] [1757099047.938061495] [lifecycle_manager_navigation]: [34m[1mConfiguring bt_navigator[0m[0m
[bt_navigator-6] [INFO] [1757099047.938221438] [bt_navigator]: Configuring
[lifecycle_manager-9] [INFO] [1757099047.960250719] [lifecycle_manager_navigation]: [34m[1mConfiguring waypoint_follower[0m[0m
[waypoint_follower-7] [INFO] [1757099047.960491812] [waypoint_follower]: Configuring
[waypoint_follower-7] [INFO] [1757099047.968264428] [waypoint_follower]: Created waypoint_task_executor : wait_at_waypoint of type nav2_waypoint_follower::WaitAtWaypoint
[lifecycle_manager-9] [INFO] [1757099047.968934967] [lifecycle_manager_navigation]: [34m[1mConfiguring velocity_smoother[0m[0m
[velocity_smoother-8] [INFO] [1757099047.969196741] [velocity_smoother]: Configuring velocity smoother
[lifecycle_manager-9] [INFO] [1757099047.972345514] [lifecycle_manager_navigation]: [34m[1mActivating controller_server[0m[0m
[controller_server-2] [INFO] [1757099047.972503522] [controller_server]: Activating
[controller_server-2] [INFO] [1757099047.972537776] [local_costmap.local_costmap]: Activating
[controller_server-2] [INFO] [1757099047.972546091] [local_costmap.local_costmap]: Checking transform
[controller_server-2] [INFO] [1757099047.972563609] [local_costmap.local_costmap]: Timed out waiting for transform from base_link to odom to become available, tf error: Invalid frame ID "odom" passed to canTransform argument target_frame - frame does not exist
[rviz2-11] [INFO] [1757099048.175130383] [rviz2]: Stereo is NOT SUPPORTED
[rviz2-11] [INFO] [1757099048.175188689] [rviz2]: OpenGl version: 4.6 (GLSL 4.6)
[rviz2-11] [INFO] [1757099048.200707950] [rviz2]: Stereo is NOT SUPPORTED
[controller_server-2] [INFO] [1757099048.472630012] [local_costmap.local_costmap]: Timed out waiting for transform from base_link to odom to become available, tf error: Invalid frame ID "odom" passed to canTransform argument target_frame - frame does not exist
[controller_server-2] [INFO] [1757099048.972649126] [local_costmap.local_costmap]: Timed out waiting for transform from base_link to odom to become available, tf error: Invalid frame ID "odom" passed to canTransform argument target_frame - frame does not exist
[controller_server-2] [INFO] [1757099049.472596508] [local_costmap.local_costmap]: Timed out waiting for transform from base_link to odom to become available, tf error: Invalid frame ID "odom" passed to canTransform argument target_frame - frame does not exist
[controller_server-2] [INFO] [1757099049.972643444] [local_costmap.local_costmap]: Timed out waiting for transform from base_link to odom to become available, tf error: Invalid frame ID "odom" passed to canTransform argument target_frame - frame does not exist
[controller_server-2] [INFO] [1757099050.472644203] [local_costmap.local_costmap]: Timed out waiting for transform from base_link to odom to become available, tf error: Invalid frame ID "odom" passed to canTransform argument target_frame - frame does not exist
[controller_server-2] [INFO] [1757099050.972638071] [local_costmap.local_costmap]: Timed out waiting for transform from base_link to odom to become available, tf error: Invalid frame ID "odom" passed to canTransform argument target_frame - frame does not exist
[controller_server-2] [INFO] [1757099051.472657202] [local_costmap.local_costmap]: Timed out waiting for transform from base_link to odom to become available, tf error: Invalid frame ID "odom" passed to canTransform argument target_frame - frame does not exist
[controller_server-2] [INFO] [1757099051.972711562] [local_costmap.local_costmap]: Timed out waiting for transform from base_link to odom to become available, tf error: Invalid frame ID "odom" passed to canTransform argument target_frame - frame does not exist
[controller_server-2] [INFO] [1757099052.472762330] [local_costmap.local_costmap]: start
[controller_server-2] [INFO] [1757099052.674329927] [controller_server]: Activating controller: FollowPath of type regulated_pure_pursuit_controller::RegulatedPurePursuitController
[controller_server-2] [INFO] [1757099052.674437858] [controller_server]: Creating bond (controller_server) to lifecycle manager.
[async_slam_toolbox_node-1] [WARN] [1757099052.731981634] [slam]: minimum laser range setting (0.0 m) exceeds the capabilities of the used Lidar (0.1 m)
[rviz2-11] [INFO] [1757099052.781008100] [rviz2]: Trying to create a map of size 100 x 100 using 1 swatches
[lifecycle_manager-9] [INFO] [1757099052.782021508] [lifecycle_manager_navigation]: Server controller_server connected with bond.
[lifecycle_manager-9] [INFO] [1757099052.782130907] [lifecycle_manager_navigation]: [34m[1mActivating smoother_server[0m[0m
[smoother_server-3] [INFO] [1757099052.782745280] [smoother_server]: Activating
[smoother_server-3] [INFO] [1757099052.782850594] [smoother_server]: Creating bond (smoother_server) to lifecycle manager.
[rviz2-11] [ERROR] [1757099052.806908347] [rviz2]: Lookup would require extrapolation into the future.  Requested time 1757099052.766421 but the latest data is at time 1757099052.713870, when looking up transform from frame [laser] to frame [map]
[lifecycle_manager-9] [INFO] [1757099052.890507337] [lifecycle_manager_navigation]: Server smoother_server connected with bond.
[lifecycle_manager-9] [INFO] [1757099052.890605094] [lifecycle_manager_navigation]: [34m[1mActivating planner_server[0m[0m
[planner_server-4] [INFO] [1757099052.891244784] [planner_server]: Activating
[planner_server-4] [INFO] [1757099052.891334506] [global_costmap.global_costmap]: Activating
[planner_server-4] [INFO] [1757099052.891358400] [global_costmap.global_costmap]: Checking transform
[planner_server-4] [INFO] [1757099052.891515144] [global_costmap.global_costmap]: start
[controller_server-2] [INFO] [1757099053.801613239] [local_costmap.local_costmap]: StaticLayer: Resizing static layer to 96 X 57 at 0.040000 m/pix
[planner_server-4] [INFO] [1757099053.801774645] [global_costmap.global_costmap]: StaticLayer: Resizing costmap to 96 X 57 at 0.040000 m/pix
[rviz2-11] [INFO] [1757099053.828688498] [rviz2]: Trying to create a map of size 96 x 57 using 1 swatches
[rviz2-11] [INFO] [1757099053.925355102] [rviz2]: Trying to create a map of size 96 x 57 using 1 swatches
[planner_server-4] [INFO] [1757099053.942916446] [planner_server]: Activating plugin GridBased of type NavfnPlanner
[planner_server-4] [INFO] [1757099053.944709034] [planner_server]: Creating bond (planner_server) to lifecycle manager.
[lifecycle_manager-9] [INFO] [1757099054.052285096] [lifecycle_manager_navigation]: Server planner_server connected with bond.
[lifecycle_manager-9] [INFO] [1757099054.052417018] [lifecycle_manager_navigation]: [34m[1mActivating behavior_server[0m[0m
[behavior_server-5] [INFO] [1757099054.053120018] [behavior_server]: Activating
[behavior_server-5] [INFO] [1757099054.053189960] [behavior_server]: Activating spin
[behavior_server-5] [INFO] [1757099054.053216795] [behavior_server]: Activating backup
[behavior_server-5] [INFO] [1757099054.053235747] [behavior_server]: Activating drive_on_heading
[behavior_server-5] [INFO] [1757099054.053253456] [behavior_server]: Activating wait
[behavior_server-5] [INFO] [1757099054.053270347] [behavior_server]: Activating assisted_teleop
[behavior_server-5] [INFO] [1757099054.053294292] [behavior_server]: Creating bond (behavior_server) to lifecycle manager.
[lifecycle_manager-9] [INFO] [1757099054.160750870] [lifecycle_manager_navigation]: Server behavior_server connected with bond.
[lifecycle_manager-9] [INFO] [1757099054.160848260] [lifecycle_manager_navigation]: [34m[1mActivating bt_navigator[0m[0m
[bt_navigator-6] [INFO] [1757099054.161472494] [bt_navigator]: Activating
[bt_navigator-6] [INFO] [1757099054.183206972] [bt_navigator]: Creating bond (bt_navigator) to lifecycle manager.
[lifecycle_manager-9] [INFO] [1757099054.284916842] [lifecycle_manager_navigation]: Server bt_navigator connected with bond.
[lifecycle_manager-9] [INFO] [1757099054.285014939] [lifecycle_manager_navigation]: [34m[1mActivating waypoint_follower[0m[0m
[waypoint_follower-7] [INFO] [1757099054.285620235] [waypoint_follower]: Activating
[waypoint_follower-7] [INFO] [1757099054.285736487] [waypoint_follower]: Creating bond (waypoint_follower) to lifecycle manager.
[lifecycle_manager-9] [INFO] [1757099054.393742710] [lifecycle_manager_navigation]: Server waypoint_follower connected with bond.
[lifecycle_manager-9] [INFO] [1757099054.393837411] [lifecycle_manager_navigation]: [34m[1mActivating velocity_smoother[0m[0m
[velocity_smoother-8] [INFO] [1757099054.394470659] [velocity_smoother]: Activating
[velocity_smoother-8] [INFO] [1757099054.394598870] [velocity_smoother]: Creating bond (velocity_smoother) to lifecycle manager.
[lifecycle_manager-9] [INFO] [1757099054.502818182] [lifecycle_manager_navigation]: Server velocity_smoother connected with bond.
[lifecycle_manager-9] [INFO] [1757099054.502910899] [lifecycle_manager_navigation]: [34m[1mManaged nodes are active[0m[0m
[lifecycle_manager-9] [INFO] [1757099054.502935030] [lifecycle_manager_navigation]: [34m[1mCreating bond timer...[0m[0m
[explore-10] [INFO] [1757099055.812336385] [explore_node]: Waiting to connect to move_base nav2 server
[explore-10] [INFO] [1757099055.812796392] [explore_node]: Connected to move_base nav2 server
[explore-10] [INFO] [1757099055.812816477] [explore_node]: Getting initial pose of the robot
[explore-10] [INFO] [1757099056.011892904] [explore_node]: [NAV] Remembered last goal (0.99, 0.69, yaw from quat).
[bt_navigator-6] [INFO] [1757099056.013112313] [bt_navigator]: Begin navigating from current location (-0.03, 0.06) to (0.99, 0.69)
[controller_server-2] [INFO] [1757099056.034089304] [controller_server]: Received a goal, begin computing control effort.
[controller_server-2] [WARN] [1757099056.034162421] [controller_server]: No goal checker was specified in parameter 'current_goal_checker'. Server will use only plugin loaded goal_checker . This warning will appear once.
[controller_server-2] [INFO] [1757099057.134277180] [controller_server]: Passing new path to controller.
[controller_server-2] [INFO] [1757099058.134266000] [controller_server]: Passing new path to controller.
[controller_server-2] [INFO] [1757099059.134272544] [controller_server]: Passing new path to controller.
[rviz2-11] [INFO] [1757099059.814589429] [rviz2]: Trying to create a map of size 99 x 98 using 1 swatches
[controller_server-2] [INFO] [1757099059.872971222] [local_costmap.local_costmap]: StaticLayer: Resizing static layer to 99 X 98 at 0.040000 m/pix
[planner_server-4] [INFO] [1757099059.891783222] [global_costmap.global_costmap]: StaticLayer: Resizing costmap to 99 X 98 at 0.040000 m/pix
[rviz2-11] [INFO] [1757099059.909842863] [rviz2]: Trying to create a map of size 99 x 98 using 1 swatches
[controller_server-2] [INFO] [1757099060.234278376] [controller_server]: Passing new path to controller.
[rviz2-11] [ERROR] [1757099060.837068763] [rviz2]: Lookup would require extrapolation into the future.  Requested time 1757099060.816170 but the latest data is at time 1757099060.813960, when looking up transform from frame [laser] to frame [map]
[controller_server-2] [INFO] [1757099061.234281977] [controller_server]: Passing new path to controller.
[rviz2-11] [INFO] [1757099061.829748870] [rviz2]: Trying to create a map of size 102 x 99 using 1 swatches
[controller_server-2] [INFO] [1757099061.872902165] [local_costmap.local_costmap]: StaticLayer: Resizing static layer to 102 X 99 at 0.040000 m/pix
[planner_server-4] [INFO] [1757099061.891706183] [global_costmap.global_costmap]: StaticLayer: Resizing costmap to 102 X 99 at 0.040000 m/pix
[rviz2-11] [INFO] [1757099061.925713091] [rviz2]: Trying to create a map of size 102 x 99 using 1 swatches
[controller_server-2] [INFO] [1757099062.234278853] [controller_server]: Passing new path to controller.
[explore-10] [INFO] [1757099062.548991475] [explore_node]: [NAV] Remembered last goal (2.41, 2.39, yaw from quat).
[bt_navigator-6] [INFO] [1757099062.553320803] [bt_navigator]: Received goal preemption request
[bt_navigator-6] [INFO] [1757099062.553751968] [bt_navigator]: Begin navigating from current location (0.98, 0.51) to (2.41, 2.39)
[controller_server-2] [INFO] [1757099063.234282805] [controller_server]: Passing new path to controller.
[controller_server-2] [INFO] [1757099064.334279137] [controller_server]: Passing new path to controller.
[controller_server-2] [INFO] [1757099065.334267693] [controller_server]: Passing new path to controller.
[rviz2-11] [INFO] [1757099065.831921101] [rviz2]: Trying to create a map of size 104 x 101 using 1 swatches
[controller_server-2] [INFO] [1757099065.873016005] [local_costmap.local_costmap]: StaticLayer: Resizing static layer to 104 X 101 at 0.040000 m/pix
[planner_server-4] [INFO] [1757099065.891773076] [global_costmap.global_costmap]: StaticLayer: Resizing costmap to 104 X 101 at 0.040000 m/pix
[rviz2-11] [INFO] [1757099065.924486462] [rviz2]: Trying to create a map of size 104 x 101 using 1 swatches
[controller_server-2] [INFO] [1757099066.334278543] [controller_server]: Passing new path to controller.
[controller_server-2] [INFO] [1757099067.434275233] [controller_server]: Passing new path to controller.
[controller_server-2] [INFO] [1757099068.434269952] [controller_server]: Passing new path to controller.
[explore-10] [INFO] [1757099069.205994505] [explore_node]: [NAV] Remembered last goal (0.10, 1.42, yaw from quat).
[bt_navigator-6] [INFO] [1757099069.213459061] [bt_navigator]: Received goal preemption request
[bt_navigator-6] [INFO] [1757099069.213839579] [bt_navigator]: Begin navigating from current location (1.84, 1.59) to (0.10, 1.42)
[controller_server-2] [INFO] [1757099069.434391406] [controller_server]: Passing new path to controller.
[controller_server-2] [INFO] [1757099070.434293606] [controller_server]: Passing new path to controller.
[controller_server-2] [INFO] [1757099071.534292917] [controller_server]: Passing new path to controller.
[controller_server-2] [INFO] [1757099072.534276812] [controller_server]: Passing new path to controller.
[controller_server-2] [INFO] [1757099073.534292197] [controller_server]: Passing new path to controller.
[controller_server-2] [INFO] [1757099074.534393485] [controller_server]: Passing new path to controller.
[controller_server-2] [INFO] [1757099075.634273978] [controller_server]: Passing new path to controller.
[explore-10] [INFO] [1757099075.838518462] [explore_node]: [NAV] Remembered last goal (0.04, 1.08, yaw from quat).
[bt_navigator-6] [INFO] [1757099075.843348137] [bt_navigator]: Received goal preemption request
[bt_navigator-6] [INFO] [1757099075.843599613] [bt_navigator]: Begin navigating from current location (1.60, 1.70) to (0.04, 1.08)
[explore-10] [ERROR] [1757099076.148807658] [explore_node]: Extrapolation Error looking up robot pose: Lookup would require extrapolation into the future.  Requested time 1757099075.844229 but the latest data is at time 1757099075.813883, when looking up transform from frame [base_link] to frame [map]
[explore-10] 
[controller_server-2] [INFO] [1757099076.634295970] [controller_server]: Passing new path to controller.
[controller_server-2] [INFO] [1757099077.634275384] [controller_server]: Passing new path to controller.
[rviz2-11] [INFO] [1757099077.832494903] [rviz2]: Trying to create a map of size 106 x 101 using 1 swatches
[controller_server-2] [INFO] [1757099077.872957496] [local_costmap.local_costmap]: StaticLayer: Resizing static layer to 106 X 101 at 0.040000 m/pix
[planner_server-4] [INFO] [1757099077.891848641] [global_costmap.global_costmap]: StaticLayer: Resizing costmap to 106 X 101 at 0.040000 m/pix
[rviz2-11] [ERROR] [1757099077.894160247] [rviz2]: Lookup would require extrapolation into the future.  Requested time 1757099077.834070 but the latest data is at time 1757099077.814322, when looking up transform from frame [laser] to frame [map]
[rviz2-11] [INFO] [1757099077.926352082] [rviz2]: Trying to create a map of size 106 x 101 using 1 swatches
[controller_server-2] [INFO] [1757099078.734280492] [controller_server]: Passing new path to controller.
[controller_server-2] [INFO] [1757099079.734312084] [controller_server]: Passing new path to controller.
[rviz2-11] [INFO] [1757099079.813347559] [rviz2]: Trying to create a map of size 107 x 101 using 1 swatches
[controller_server-2] [INFO] [1757099079.872964147] [local_costmap.local_costmap]: StaticLayer: Resizing static layer to 107 X 101 at 0.040000 m/pix
[planner_server-4] [INFO] [1757099079.891774360] [global_costmap.global_costmap]: StaticLayer: Resizing costmap to 107 X 101 at 0.040000 m/pix
[rviz2-11] [INFO] [1757099079.911973980] [rviz2]: Trying to create a map of size 107 x 101 using 1 swatches
[controller_server-2] [INFO] [1757099080.734352454] [controller_server]: Passing new path to controller.
[controller_server-2] [INFO] [1757099081.734310519] [controller_server]: Passing new path to controller.
[explore-10] [INFO] [1757099082.546000610] [explore_node]: [NAV] Remembered last goal (2.06, 2.55, yaw from quat).
[bt_navigator-6] [INFO] [1757099082.553298954] [bt_navigator]: Received goal preemption request
[bt_navigator-6] [INFO] [1757099082.553529077] [bt_navigator]: Begin navigating from current location (0.11, 1.13) to (2.06, 2.55)
[controller_server-2] [INFO] [1757099082.834294448] [controller_server]: Passing new path to controller.
[controller_server-2] [INFO] [1757099083.834275519] [controller_server]: Passing new path to controller.
[controller_server-2] [INFO] [1757099084.834273875] [controller_server]: Passing new path to controller.
[controller_server-2] [INFO] [1757099085.934268324] [controller_server]: Passing new path to controller.
[controller_server-2] [INFO] [1757099086.934264343] [controller_server]: Passing new path to controller.
[controller_server-2] [INFO] [1757099087.934277923] [controller_server]: Passing new path to controller.
[controller_server-2] [INFO] [1757099089.034261553] [controller_server]: Passing new path to controller.
[controller_server-2] [ERROR] [1757099089.934363834] [controller_server]: Failed to make progress
[controller_server-2] [WARN] [1757099089.934461257] [controller_server]: [follow_path] [ActionServer] Aborting handle.
[controller_server-2] [INFO] [1757099089.954145594] [local_costmap.local_costmap]: Received request to clear entirely the local_costmap
[controller_server-2] [INFO] [1757099089.957427384] [controller_server]: Received a goal, begin computing control effort.
[controller_server-2] [INFO] [1757099090.077690671] [controller_server]: Passing new path to controller.
[controller_server-2] [WARN] [1757099090.079101799] [controller_server]: Control loop missed its desired rate of 10.0000Hz
[controller_server-2] [INFO] [1757099091.057698370] [controller_server]: Passing new path to controller.
[controller_server-2] [INFO] [1757099092.057612721] [controller_server]: Passing new path to controller.
[controller_server-2] [INFO] [1757099093.057701012] [controller_server]: Passing new path to controller.
[controller_server-2] [INFO] [1757099094.157656659] [controller_server]: Passing new path to controller.
[controller_server-2] [INFO] [1757099095.157683963] [controller_server]: Passing new path to controller.
[rviz2-11] [INFO] [1757099095.845989877] [rviz2]: Trying to create a map of size 107 x 104 using 1 swatches
[controller_server-2] [INFO] [1757099095.872955655] [local_costmap.local_costmap]: StaticLayer: Resizing static layer to 107 X 104 at 0.040000 m/pix
[planner_server-4] [INFO] [1757099095.891770967] [global_costmap.global_costmap]: StaticLayer: Resizing costmap to 107 X 104 at 0.040000 m/pix
[rviz2-11] [INFO] [1757099095.910701536] [rviz2]: Trying to create a map of size 107 x 104 using 1 swatches
[controller_server-2] [INFO] [1757099096.157697989] [controller_server]: Passing new path to controller.
[controller_server-2] [INFO] [1757099097.257696262] [controller_server]: Passing new path to controller.
[controller_server-2] [INFO] [1757099098.257630849] [controller_server]: Passing new path to controller.
[controller_server-2] [INFO] [1757099099.257685451] [controller_server]: Passing new path to controller.
[controller_server-2] [INFO] [1757099100.357634470] [controller_server]: Passing new path to controller.
[controller_server-2] [INFO] [1757099101.357711093] [controller_server]: Passing new path to controller.
[controller_server-2] [INFO] [1757099102.357693787] [controller_server]: Passing new path to controller.
[explore-10] [WARN] [1757099102.550724818] [explore_node]: No frontiers found, stopping.
[explore-10] [INFO] [1757099102.662904147] [map_saver]: 
[explore-10] 	map_saver lifecycle node launched. 
[explore-10] 	Waiting on external lifecycle transitions to activate
[explore-10] 	See https://design.ros2.org/articles/node_lifecycle.html for more information.
[explore-10] [INFO] [1757099102.662968149] [map_saver]: Creating
[explore-10] [INFO] [1757099102.663006979] [map_saver]: Configuring
[explore-10] [INFO] [1757099102.663509186] [map_saver]: Saving map from 'map' topic to '/home/robot/Documents/map' file
[explore-10] [WARN] [1757099102.663520734] [map_saver]: Free threshold unspecified. Setting it to default value: 0.250000
[explore-10] [WARN] [1757099102.663525912] [map_saver]: Occupied threshold unspecified. Setting it to default value: 0.650000
[explore-10] [WARN] [1757099102.867008492] [map_io]: Image format unspecified. Setting it to: pgm
[explore-10] [INFO] [1757099102.867084119] [map_io]: Received a 107 X 104 map @ 0.04 m/pix
[explore-10] [INFO] [1757099102.877438592] [map_io]: Writing map occupancy data to /home/robot/Documents/map.pgm
[explore-10] [INFO] [1757099102.878202285] [map_io]: Writing map metadata to /home/robot/Documents/map.yaml
[explore-10] [INFO] [1757099102.878522190] [map_io]: Map saved
[explore-10] [INFO] [1757099102.880786661] [map_saver]: Map saved successfully
[explore-10] [INFO] [1757099102.881583500] [map_saver]: Destroying
[explore-10] [INFO] [1757099103.013864611] [explore_node]: Map saved successfully.
[explore-10] [INFO] [1757099103.013898700] [explore_node]: Exploration stopped.
[explore-10] [INFO] [1757099103.013968341] [explore_node]: Returning to initial pose.
[bt_navigator-6] [ERROR] [1757099103.043589716] [bt_navigator_navigate_to_pose_rclcpp_node]: Failed to get result for follow_path in node halt!
[bt_navigator-6] [INFO] [1757099103.043700321] [bt_navigator]: [navigate_to_pose] [ActionServer] Client requested to cancel the goal. Cancelling.
[bt_navigator-6] [INFO] [1757099103.043877680] [bt_navigator]: [navigate_to_pose] [ActionServer] Client requested to cancel the goal. Cancelling.
[bt_navigator-6] [INFO] [1757099103.043980963] [bt_navigator]: Goal canceled
[controller_server-2] [INFO] [1757099103.057615722] [controller_server]: Goal was canceled. Stopping the robot.
[controller_server-2] [INFO] [1757099103.057690467] [controller_server]: [follow_path] [ActionServer] Client requested to cancel the goal. Cancelling.
[explore-10] [WARN] [1757099103.116294898] [explore_node]: No frontiers found, stopping.
[explore-10] [INFO] [1757099103.219553981] [map_saver]: 
[explore-10] 	map_saver lifecycle node launched. 
[explore-10] 	Waiting on external lifecycle transitions to activate
[explore-10] 	See https://design.ros2.org/articles/node_lifecycle.html for more information.
[explore-10] [INFO] [1757099103.219610800] [map_saver]: Creating
[explore-10] [INFO] [1757099103.219644303] [map_saver]: Configuring
[explore-10] [INFO] [1757099103.220102869] [map_saver]: Saving map from 'map' topic to '/home/robot/Documents/map' file
[explore-10] [WARN] [1757099103.220115383] [map_saver]: Free threshold unspecified. Setting it to default value: 0.250000
[explore-10] [WARN] [1757099103.220120796] [map_saver]: Occupied threshold unspecified. Setting it to default value: 0.650000
[explore-10] [WARN] [1757099103.439729233] [map_io]: Image format unspecified. Setting it to: pgm
[explore-10] [INFO] [1757099103.439840291] [map_io]: Received a 107 X 104 map @ 0.04 m/pix
[explore-10] [INFO] [1757099103.520516886] [map_io]: Writing map occupancy data to /home/robot/Documents/map.pgm
[explore-10] [INFO] [1757099103.521406394] [map_io]: Writing map metadata to /home/robot/Documents/map.yaml
[explore-10] [INFO] [1757099103.521744592] [map_io]: Map saved
[explore-10] [INFO] [1757099103.521930196] [map_saver]: Map saved successfully
[explore-10] [INFO] [1757099103.523820224] [map_saver]: Destroying
[explore-10] [INFO] [1757099103.654029437] [explore_node]: Map saved successfully.
[explore-10] [INFO] [1757099103.654060124] [explore_node]: Exploration stopped.
[explore-10] [INFO] [1757099103.654090477] [explore_node]: Returning to initial pose.
[bt_navigator-6] [INFO] [1757099103.654370200] [bt_navigator]: Begin navigating from current location (2.10, 2.50) to (-0.03, 0.06)
[controller_server-2] [INFO] [1757099103.675393633] [controller_server]: Received a goal, begin computing control effort.
[controller_server-2] [INFO] [1757099104.775671698] [controller_server]: Passing new path to controller.
[controller_server-2] [INFO] [1757099105.775602586] [controller_server]: Passing new path to controller.
[controller_server-2] [INFO] [1757099106.775615702] [controller_server]: Passing new path to controller.
[controller_server-2] [INFO] [1757099107.875621814] [controller_server]: Passing new path to controller.
[controller_server-2] [INFO] [1757099108.875610843] [controller_server]: Passing new path to controller.
[controller_server-2] [INFO] [1757099109.875645446] [controller_server]: Passing new path to controller.
[controller_server-2] [INFO] [1757099110.975615802] [controller_server]: Passing new path to controller.
[controller_server-2] [INFO] [1757099111.975678676] [controller_server]: Passing new path to controller.
[controller_server-2] [INFO] [1757099112.975599917] [controller_server]: Passing new path to contr