[INFO] [launch]: All log files can be found below /home/robot/.ros/log/2025-09-05-18-00-10-577012-robot-pc04-23173
[INFO] [launch]: Default logging verbosity is set to INFO
[INFO] [async_slam_toolbox_node-1]: process started with pid [23177]
[INFO] [controller_server-2]: process started with pid [23179]
[INFO] [smoother_server-3]: process started with pid [23181]
[INFO] [planner_server-4]: process started with pid [23183]
[INFO] [behavior_server-5]: process started with pid [23185]
[INFO] [bt_navigator-6]: process started with pid [23187]
[INFO] [waypoint_follower-7]: process started with pid [23189]
[INFO] [velocity_smoother-8]: process started with pid [23191]
[INFO] [lifecycle_manager-9]: process started with pid [23193]
[INFO] [explore-10]: process started with pid [23195]
[INFO] [rviz2-11]: process started with pid [23197]
[async_slam_toolbox_node-1] [INFO] [1757088010.681129727] [slam]: Node using stack size 40000000
[planner_server-4] [INFO] [1757088010.685122076] [planner_server]: 
[planner_server-4] 	planner_server lifecycle node launched. 
[planner_server-4] 	Waiting on external lifecycle transitions to activate
[planner_server-4] 	See https://design.ros2.org/articles/node_lifecycle.html for more information.
[smoother_server-3] [INFO] [1757088010.685587167] [smoother_server]: 
[smoother_server-3] 	smoother_server lifecycle node launched. 
[smoother_server-3] 	Waiting on external lifecycle transitions to activate
[smoother_server-3] 	See https://design.ros2.org/articles/node_lifecycle.html for more information.
[planner_server-4] [INFO] [1757088010.685933152] [planner_server]: Creating
[behavior_server-5] [INFO] [1757088010.686034232] [behavior_server]: 
[behavior_server-5] 	behavior_server lifecycle node launched. 
[behavior_server-5] 	Waiting on external lifecycle transitions to activate
[behavior_server-5] 	See https://design.ros2.org/articles/node_lifecycle.html for more information.
[smoother_server-3] [INFO] [1757088010.686395599] [smoother_server]: Creating smoother server
[waypoint_follower-7] [INFO] [1757088010.686468774] [waypoint_follower]: 
[waypoint_follower-7] 	waypoint_follower lifecycle node launched. 
[waypoint_follower-7] 	Waiting on external lifecycle transitions to activate
[waypoint_follower-7] 	See https://design.ros2.org/articles/node_lifecycle.html for more information.
[waypoint_follower-7] [INFO] [1757088010.686747222] [waypoint_follower]: Creating
[controller_server-2] [INFO] [1757088010.686834748] [controller_server]: 
[controller_server-2] 	controller_server lifecycle node launched. 
[controller_server-2] 	Waiting on external lifecycle transitions to activate
[controller_server-2] 	See https://design.ros2.org/articles/node_lifecycle.html for more information.
[bt_navigator-6] [INFO] [1757088010.687188341] [bt_navigator]: 
[bt_navigator-6] 	bt_navigator lifecycle node launched. 
[bt_navigator-6] 	Waiting on external lifecycle transitions to activate
[bt_navigator-6] 	See https://design.ros2.org/articles/node_lifecycle.html for more information.
[bt_navigator-6] [INFO] [1757088010.687246191] [bt_navigator]: Creating
[velocity_smoother-8] [INFO] [1757088010.687584736] [velocity_smoother]: 
[velocity_smoother-8] 	velocity_smoother lifecycle node launched. 
[velocity_smoother-8] 	Waiting on external lifecycle transitions to activate
[velocity_smoother-8] 	See https://design.ros2.org/articles/node_lifecycle.html for more information.
[lifecycle_manager-9] [INFO] [1757088010.687837530] [lifecycle_manager_navigation]: Creating
[controller_server-2] [INFO] [1757088010.688542411] [controller_server]: Creating controller server
[lifecycle_manager-9] [INFO] [1757088010.690704666] [lifecycle_manager_navigation]: [34m[1mCreating and initializing lifecycle service clients[0m[0m
[explore-10] [INFO] [1757088010.691090416] [explore_node]: Waiting for costmap to become available, topic: map
[planner_server-4] [INFO] [1757088010.691537539] [global_costmap.global_costmap]: 
[planner_server-4] 	global_costmap lifecycle node launched. 
[planner_server-4] 	Waiting on external lifecycle transitions to activate
[planner_server-4] 	See https://design.ros2.org/articles/node_lifecycle.html for more information.
[planner_server-4] [INFO] [1757088010.691837616] [global_costmap.global_costmap]: Creating Costmap
[controller_server-2] [INFO] [1757088010.694258262] [local_costmap.local_costmap]: 
[controller_server-2] 	local_costmap lifecycle node launched. 
[controller_server-2] 	Waiting on external lifecycle transitions to activate
[controller_server-2] 	See https://design.ros2.org/articles/node_lifecycle.html for more information.
[controller_server-2] [INFO] [1757088010.694456563] [local_costmap.local_costmap]: Creating Costmap
[async_slam_toolbox_node-1] [INFO] [1757088010.698438085] [slam]: Using solver plugin solver_plugins::CeresSolver
[async_slam_toolbox_node-1] [INFO] [1757088010.698611729] [slam]: CeresSolver: Using SCHUR_JACOBI preconditioner.
[lifecycle_manager-9] [INFO] [1757088010.743221441] [lifecycle_manager_navigation]: [34m[1mStarting managed nodes bringup...[0m[0m
[lifecycle_manager-9] [INFO] [1757088010.743255209] [lifecycle_manager_navigation]: [34m[1mConfiguring controller_server[0m[0m
[controller_server-2] [INFO] [1757088010.743432440] [controller_server]: Configuring controller interface
[controller_server-2] [INFO] [1757088010.743712830] [controller_server]: getting goal checker plugins..
[controller_server-2] [INFO] [1757088010.743829314] [controller_server]: Controller frequency set to 10.0000Hz
[controller_server-2] [INFO] [1757088010.743858688] [local_costmap.local_costmap]: Configuring
[controller_server-2] [INFO] [1757088010.746840475] [local_costmap.local_costmap]: Using plugin "static_layer"
[controller_server-2] [INFO] [1757088010.748373367] [local_costmap.local_costmap]: Subscribing to the map topic (/map) with transient local durability
[controller_server-2] [INFO] [1757088010.748848437] [local_costmap.local_costmap]: Initialized plugin "static_layer"
[controller_server-2] [INFO] [1757088010.748862115] [local_costmap.local_costmap]: Using plugin "obstacle_layer"
[controller_server-2] [INFO] [1757088010.749040407] [local_costmap.local_costmap]: Subscribed to Topics: scan
[controller_server-2] [INFO] [1757088010.750193045] [local_costmap.local_costmap]: Initialized plugin "obstacle_layer"
[controller_server-2] [INFO] [1757088010.750205134] [local_costmap.local_costmap]: Using plugin "inflation_layer"
[controller_server-2] [INFO] [1757088010.750677046] [local_costmap.local_costmap]: Initialized plugin "inflation_layer"
[controller_server-2] [INFO] [1757088010.753771999] [controller_server]: Created progress_checker : progress_checker of type nav2_controller::SimpleProgressChecker
[controller_server-2] [INFO] [1757088010.754033014] [controller_server]: Created goal checker : goal_checker of type nav2_controller::SimpleGoalChecker
[controller_server-2] [INFO] [1757088010.754144212] [controller_server]: Controller Server has goal_checker  goal checkers available.
[controller_server-2] [INFO] [1757088010.754370748] [controller_server]: Created controller : FollowPath of type nav2_regulated_pure_pursuit_controller::RegulatedPurePursuitController
[controller_server-2] [INFO] [1757088010.755589601] [controller_server]: Controller Server has FollowPath  controllers available.
[lifecycle_manager-9] [INFO] [1757088010.757877205] [lifecycle_manager_navigation]: [34m[1mConfiguring smoother_server[0m[0m
[smoother_server-3] [INFO] [1757088010.757976069] [smoother_server]: Configuring smoother server
[smoother_server-3] [INFO] [1757088010.763058771] [smoother_server]: Created smoother : simple_smoother of type nav2_smoother::SimpleSmoother
[smoother_server-3] [INFO] [1757088010.763238827] [smoother_server]: Smoother Server has simple_smoother  smoothers available.
[lifecycle_manager-9] [INFO] [1757088010.765639303] [lifecycle_manager_navigation]: [34m[1mConfiguring planner_server[0m[0m
[planner_server-4] [INFO] [1757088010.765749092] [planner_server]: Configuring
[planner_server-4] [INFO] [1757088010.765773072] [global_costmap.global_costmap]: Configuring
[planner_server-4] [INFO] [1757088010.768246707] [global_costmap.global_costmap]: Using plugin "static_layer"
[planner_server-4] [INFO] [1757088010.769874958] [global_costmap.global_costmap]: Subscribing to the map topic (/map) with transient local durability
[planner_server-4] [INFO] [1757088010.770426937] [global_costmap.global_costmap]: Initialized plugin "static_layer"
[planner_server-4] [INFO] [1757088010.770439073] [global_costmap.global_costmap]: Using plugin "obstacle_layer"
[planner_server-4] [INFO] [1757088010.770725078] [global_costmap.global_costmap]: Subscribed to Topics: scan
[planner_server-4] [INFO] [1757088010.772113970] [global_costmap.global_costmap]: Initialized plugin "obstacle_layer"
[planner_server-4] [INFO] [1757088010.772128186] [global_costmap.global_costmap]: Using plugin "inflation_layer"
[planner_server-4] [INFO] [1757088010.772528971] [global_costmap.global_costmap]: Initialized plugin "inflation_layer"
[planner_server-4] [INFO] [1757088010.776856862] [planner_server]: Created global planner plugin GridBased of type nav2_navfn_planner/NavfnPlanner
[planner_server-4] [INFO] [1757088010.776893632] [planner_server]: Configuring plugin GridBased of type NavfnPlanner
[planner_server-4] [INFO] [1757088010.777671599] [planner_server]: Planner Server has GridBased  planners available.
[lifecycle_manager-9] [INFO] [1757088010.784161041] [lifecycle_manager_navigation]: [34m[1mConfiguring behavior_server[0m[0m
[behavior_server-5] [INFO] [1757088010.784291551] [behavior_server]: Configuring
[behavior_server-5] [INFO] [1757088010.788130639] [behavior_server]: Creating behavior plugin spin of type nav2_behaviors/Spin
[behavior_server-5] [INFO] [1757088010.788499899] [behavior_server]: Configuring spin
[behavior_server-5] [INFO] [1757088010.790242281] [behavior_server]: Creating behavior plugin backup of type nav2_behaviors/BackUp
[behavior_server-5] [INFO] [1757088010.790583600] [behavior_server]: Configuring backup
[behavior_server-5] [INFO] [1757088010.792079744] [behavior_server]: Creating behavior plugin drive_on_heading of type nav2_behaviors/DriveOnHeading
[behavior_server-5] [INFO] [1757088010.792418619] [behavior_server]: Configuring drive_on_heading
[behavior_server-5] [INFO] [1757088010.793827510] [behavior_server]: Creating behavior plugin wait of type nav2_behaviors/Wait
[behavior_server-5] [INFO] [1757088010.794161132] [behavior_server]: Configuring wait
[behavior_server-5] [INFO] [1757088010.796259406] [behavior_server]: Creating behavior plugin assisted_teleop of type nav2_behaviors/AssistedTeleop
[behavior_server-5] [INFO] [1757088010.797006539] [behavior_server]: Configuring assisted_teleop
[lifecycle_manager-9] [INFO] [1757088010.800336988] [lifecycle_manager_navigation]: [34m[1mConfiguring bt_navigator[0m[0m
[bt_navigator-6] [INFO] [1757088010.800520172] [bt_navigator]: Configuring
[lifecycle_manager-9] [INFO] [1757088010.834269028] [lifecycle_manager_navigation]: [34m[1mConfiguring waypoint_follower[0m[0m
[waypoint_follower-7] [INFO] [1757088010.834428585] [waypoint_follower]: Configuring
[waypoint_follower-7] [INFO] [1757088010.840144061] [waypoint_follower]: Created waypoint_task_executor : wait_at_waypoint of type nav2_waypoint_follower::WaitAtWaypoint
[lifecycle_manager-9] [INFO] [1757088010.840525863] [lifecycle_manager_navigation]: [34m[1mConfiguring velocity_smoother[0m[0m
[velocity_smoother-8] [INFO] [1757088010.840673858] [velocity_smoother]: Configuring velocity smoother
[lifecycle_manager-9] [INFO] [1757088010.842517240] [lifecycle_manager_navigation]: [34m[1mActivating controller_server[0m[0m
[controller_server-2] [INFO] [1757088010.842687029] [controller_server]: Activating
[controller_server-2] [INFO] [1757088010.842721562] [local_costmap.local_costmap]: Activating
[controller_server-2] [INFO] [1757088010.842736293] [local_costmap.local_costmap]: Checking transform
[controller_server-2] [INFO] [1757088010.842758118] [local_costmap.local_costmap]: Timed out waiting for transform from base_link to odom to become available, tf error: Invalid frame ID "odom" passed to canTransform argument target_frame - frame does not exist
[rviz2-11] [INFO] [1757088011.123856401] [rviz2]: Stereo is NOT SUPPORTED
[rviz2-11] [INFO] [1757088011.123921150] [rviz2]: OpenGl version: 4.6 (GLSL 4.6)
[rviz2-11] [INFO] [1757088011.149795810] [rviz2]: Stereo is NOT SUPPORTED
[controller_server-2] [INFO] [1757088011.342887892] [local_costmap.local_costmap]: start
[controller_server-2] [INFO] [1757088011.593723240] [controller_server]: Activating controller: FollowPath of type regulated_pure_pursuit_controller::RegulatedPurePursuitController
[controller_server-2] [INFO] [1757088011.593856278] [controller_server]: Creating bond (controller_server) to lifecycle manager.
[lifecycle_manager-9] [INFO] [1757088011.703063702] [lifecycle_manager_navigation]: Server controller_server connected with bond.
[lifecycle_manager-9] [INFO] [1757088011.703106638] [lifecycle_manager_navigation]: [34m[1mActivating smoother_server[0m[0m
[smoother_server-3] [INFO] [1757088011.703323081] [smoother_server]: Activating
[smoother_server-3] [INFO] [1757088011.703354566] [smoother_server]: Creating bond (smoother_server) to lifecycle manager.
[lifecycle_manager-9] [INFO] [1757088011.805880967] [lifecycle_manager_navigation]: Server smoother_server connected with bond.
[lifecycle_manager-9] [INFO] [1757088011.806013122] [lifecycle_manager_navigation]: [34m[1mActivating planner_server[0m[0m
[planner_server-4] [INFO] [1757088011.806316061] [planner_server]: Activating
[planner_server-4] [INFO] [1757088011.806372089] [global_costmap.global_costmap]: Activating
[planner_server-4] [INFO] [1757088011.806386091] [global_costmap.global_costmap]: Checking transform
[planner_server-4] [INFO] [1757088011.806414250] [global_costmap.global_costmap]: Timed out waiting for transform from base_link to map to become available, tf error: Invalid frame ID "map" passed to canTransform argument target_frame - frame does not exist
[planner_server-4] [INFO] [1757088012.306559775] [global_costmap.global_costmap]: Timed out waiting for transform from base_link to map to become available, tf error: Invalid frame ID "map" passed to canTransform argument target_frame - frame does not exist
[planner_server-4] [INFO] [1757088012.806464274] [global_costmap.global_costmap]: Timed out waiting for transform from base_link to map to become available, tf error: Invalid frame ID "map" passed to canTransform argument target_frame - frame does not exist
[planner_server-4] [INFO] [1757088013.306484039] [global_costmap.global_costmap]: Timed out waiting for transform from base_link to map to become available, tf error: Invalid frame ID "map" passed to canTransform argument target_frame - frame does not exist
[controller_server-2] [WARN] [1757088013.343105896] [local_costmap.local_costmap]: Can't update static costmap layer, no map received
[planner_server-4] [INFO] [1757088013.806457473] [global_costmap.global_costmap]: Timed out waiting for transform from base_link to map to become available, tf error: Invalid frame ID "map" passed to canTransform argument target_frame - frame does not exist
[planner_server-4] [INFO] [1757088014.306480126] [global_costmap.global_costmap]: Timed out waiting for transform from base_link to map to become available, tf error: Invalid frame ID "map" passed to canTransform argument target_frame - frame does not exist
[planner_server-4] [INFO] [1757088014.806493720] [global_costmap.global_costmap]: Timed out waiting for transform from base_link to map to become available, tf error: Invalid frame ID "map" passed to canTransform argument target_frame - frame does not exist
[async_slam_toolbox_node-1] [WARN] [1757088014.908797973] [slam]: minimum laser range setting (0.0 m) exceeds the capabilities of the used Lidar (0.1 m)
[rviz2-11] [INFO] [1757088015.183417654] [rviz2]: Trying to create a map of size 100 x 100 using 1 swatches
[planner_server-4] [INFO] [1757088015.306714829] [global_costmap.global_costmap]: start
[controller_server-2] [WARN] [1757088015.343280197] [local_costmap.local_costmap]: Can't update static costmap layer, no map received
[planner_server-4] [INFO] [1757088016.307908132] [planner_server]: Activating plugin GridBased of type NavfnPlanner
[planner_server-4] [INFO] [1757088016.308724355] [planner_server]: Creating bond (planner_server) to lifecycle manager.
[rviz2-11] [INFO] [1757088016.330501603] [rviz2]: Trying to create a map of size 100 x 100 using 1 swatches
[lifecycle_manager-9] [INFO] [1757088016.410343958] [lifecycle_manager_navigation]: Server planner_server connected with bond.
[lifecycle_manager-9] [INFO] [1757088016.410392545] [lifecycle_manager_navigation]: [34m[1mActivating behavior_server[0m[0m
[behavior_server-5] [INFO] [1757088016.410761687] [behavior_server]: Activating
[behavior_server-5] [INFO] [1757088016.410793894] [behavior_server]: Activating spin
[behavior_server-5] [INFO] [1757088016.410803213] [behavior_server]: Activating backup
[behavior_server-5] [INFO] [1757088016.410810647] [behavior_server]: Activating drive_on_heading
[behavior_server-5] [INFO] [1757088016.410817261] [behavior_server]: Activating wait
[behavior_server-5] [INFO] [1757088016.410823950] [behavior_server]: Activating assisted_teleop
[behavior_server-5] [INFO] [1757088016.410833438] [behavior_server]: Creating bond (behavior_server) to lifecycle manager.
[lifecycle_manager-9] [INFO] [1757088016.514087907] [lifecycle_manager_navigation]: Server behavior_server connected with bond.
[lifecycle_manager-9] [INFO] [1757088016.514160001] [lifecycle_manager_navigation]: [34m[1mActivating bt_navigator[0m[0m
[bt_navigator-6] [INFO] [1757088016.514686404] [bt_navigator]: Activating
[bt_navigator-6] [INFO] [1757088016.565367358] [bt_navigator]: Creating bond (bt_navigator) to lifecycle manager.
[lifecycle_manager-9] [INFO] [1757088016.668558168] [lifecycle_manager_navigation]: Server bt_navigator connected with bond.
[lifecycle_manager-9] [INFO] [1757088016.668599462] [lifecycle_manager_navigation]: [34m[1mActivating waypoint_follower[0m[0m
[waypoint_follower-7] [INFO] [1757088016.668961654] [waypoint_follower]: Activating
[waypoint_follower-7] [INFO] [1757088016.669001084] [waypoint_follower]: Creating bond (waypoint_follower) to lifecycle manager.
[planner_server-4] [INFO] [1757088016.702011627] [global_costmap.global_costmap]: StaticLayer: Resizing costmap to 36 X 61 at 0.040000 m/pix
[controller_server-2] [INFO] [1757088016.702042159] [local_costmap.local_costmap]: StaticLayer: Resizing static layer to 36 X 61 at 0.040000 m/pix
[rviz2-11] [INFO] [1757088016.714979854] [rviz2]: Trying to create a map of size 36 x 61 using 1 swatches
[lifecycle_manager-9] [INFO] [1757088016.771810779] [lifecycle_manager_navigation]: Server waypoint_follower connected with bond.
[lifecycle_manager-9] [INFO] [1757088016.771862979] [lifecycle_manager_navigation]: [34m[1mActivating velocity_smoother[0m[0m
[velocity_smoother-8] [INFO] [1757088016.772306420] [velocity_smoother]: Activating
[velocity_smoother-8] [INFO] [1757088016.772408787] [velocity_smoother]: Creating bond (velocity_smoother) to lifecycle manager.
[lifecycle_manager-9] [INFO] [1757088016.877550879] [lifecycle_manager_navigation]: Server velocity_smoother connected with bond.
[lifecycle_manager-9] [INFO] [1757088016.877617417] [lifecycle_manager_navigation]: [34m[1mManaged nodes are active[0m[0m
[lifecycle_manager-9] [INFO] [1757088016.877634705] [lifecycle_manager_navigation]: [34m[1mCreating bond timer...[0m[0m
[rviz2-11] [INFO] [1757088018.315881972] [rviz2]: Trying to create a map of size 36 x 61 using 1 swatches
[explore-10] [INFO] [1757088018.723211765] [explore_node]: Waiting to connect to move_base nav2 server
[explore-10] [INFO] [1757088018.723739713] [explore_node]: Connected to move_base nav2 server
[explore-10] [INFO] [1757088018.723767417] [explore_node]: Getting initial pose of the robot
[explore-10] [INFO] [1757088018.798363166] [explore_node]: [NAV] Remembered last goal (0.37, 1.19, yaw from quat).
[bt_navigator-6] [INFO] [1757088018.799933205] [bt_navigator]: Begin navigating from current location (0.00, 0.00) to (0.37, 1.19)
[controller_server-2] [INFO] [1757088018.821681473] [controller_server]: Received a goal, begin computing control effort.
[controller_server-2] [WARN] [1757088018.821846306] [controller_server]: No goal checker was specified in parameter 'current_goal_checker'. Server will use only plugin loaded goal_checker . This warning will appear once.
[controller_server-2] [INFO] [1757088019.922027826] [controller_server]: Passing new path to controller.
[rviz2-11] [INFO] [1757088020.718276684] [rviz2]: Trying to create a map of size 40 x 95 using 1 swatches
[controller_server-2] [INFO] [1757088020.742992389] [local_costmap.local_costmap]: StaticLayer: Resizing static layer to 40 X 95 at 0.040000 m/pix
[controller_server-2] [INFO] [1757088020.922019263] [controller_server]: Passing new path to controller.
[planner_server-4] [INFO] [1757088021.306968191] [global_costmap.global_costmap]: StaticLayer: Resizing costmap to 40 X 95 at 0.040000 m/pix
[rviz2-11] [INFO] [1757088021.327957377] [rviz2]: Trying to create a map of size 40 x 95 using 1 swatches
[controller_server-2] [INFO] [1757088021.922021025] [controller_server]: Passing new path to controller.
[rviz2-11] [INFO] [1757088022.734906629] [rviz2]: Trying to create a map of size 100 x 97 using 1 swatches
[controller_server-2] [INFO] [1757088022.743007413] [local_costmap.local_costmap]: StaticLayer: Resizing static layer to 100 X 97 at 0.040000 m/pix
[controller_server-2] [INFO] [1757088023.022049049] [controller_server]: Passing new path to controller.
[planner_server-4] [INFO] [1757088023.306962840] [global_costmap.global_costmap]: StaticLayer: Resizing costmap to 100 X 97 at 0.040000 m/pix
[rviz2-11] [INFO] [1757088023.312186879] [rviz2]: Trying to create a map of size 100 x 97 using 1 swatches
[controller_server-2] [INFO] [1757088024.022051439] [controller_server]: Passing new path to controller.
[rviz2-11] [INFO] [1757088024.723932193] [rviz2]: Trying to create a map of size 101 x 97 using 1 swatches
[controller_server-2] [INFO] [1757088024.743090042] [local_costmap.local_costmap]: StaticLayer: Resizing static layer to 101 X 97 at 0.040000 m/pix
[controller_server-2] [INFO] [1757088025.022036915] [controller_server]: Passing new path to controller.
[planner_server-4] [INFO] [1757088025.306979476] [global_costmap.global_costmap]: StaticLayer: Resizing costmap to 101 X 97 at 0.040000 m/pix
[explore-10] [ERROR] [1757088025.694469505] [explore_node]: Extrapolation Error looking up robot pose: Lookup would require extrapolation into the future.  Requested time 1757088025.390152 but the latest data is at time 1757088025.321260, when looking up transform from frame [base_link] to frame [map]
[explore-10] 
[explore-10] [INFO] [1757088025.696568842] [explore_node]: [NAV] Remembered last goal (-2.29, 2.68, yaw from quat).
[bt_navigator-6] [INFO] [1757088025.700167923] [bt_navigator]: Received goal preemption request
[bt_navigator-6] [INFO] [1757088025.700297834] [bt_navigator]: Begin navigating from current location (0.39, 1.10) to (-2.29, 2.68)
[controller_server-2] [INFO] [1757088026.122085944] [controller_server]: Passing new path to controller.
[rviz2-11] [INFO] [1757088026.327473630] [rviz2]: Trying to create a map of size 101 x 97 using 1 swatches
[controller_server-2] [INFO] [1757088027.122058531] [controller_server]: Passing new path to controller.
[controller_server-2] [INFO] [1757088028.122037199] [controller_server]: Passing new path to controller.
[controller_server-2] [INFO] [1757088029.122060993] [controller_server]: Passing new path to controller.
[controller_server-2] [INFO] [1757088030.222016906] [controller_server]: Passing new path to controller.
[controller_server-2] [INFO] [1757088031.222072407] [controller_server]: Passing new path to controller.
[controller_server-2] [ERROR] [1757088031.423887976] [controller_server]: Exception in transformPose: Lookup would require extrapolation into the future.  Requested time 1757088031.271315 but the latest data is at time 1757088031.207248, when looking up transform from frame [odom] to frame [map]
[controller_server-2] [WARN] [1757088031.424015908] [controller_server]: Unable to transform robot pose into global plan's frame
[controller_server-2] [WARN] [1757088031.424157648] [controller_server]: Control loop missed its desired rate of 10.0000Hz
[controller_server-2] [ERROR] [1757088031.527870738] [controller_server]: Exception in transformPose: Lookup would require extrapolation into the future.  Requested time 1757088031.271315 but the latest data is at time 1757088031.207248, when looking up transform from frame [odom] to frame [map]
[controller_server-2] [WARN] [1757088031.527953372] [controller_server]: Unable to transform robot pose into global plan's frame
[controller_server-2] [WARN] [1757088031.528098617] [controller_server]: Control loop missed its desired rate of 10.0000Hz
[controller_server-2] [ERROR] [1757088031.629772080] [controller_server]: Exception in transformPose: Lookup would require extrapolation into the future.  Requested time 1757088031.271315 but the latest data is at time 1757088031.207248, when looking up transform from frame [odom] to frame [map]
[controller_server-2] [WARN] [1757088031.629977441] [controller_server]: Unable to transform robot pose into global plan's frame
[controller_server-2] [WARN] [1757088031.630277567] [controller_server]: Control loop missed its desired rate of 10.0000Hz
[controller_server-2] [ERROR] [1757088031.734096658] [controller_server]: Exception in transformPose: Lookup would require extrapolation into the future.  Requested time 1757088031.271315 but the latest data is at time 1757088031.207248, when looking up transform from frame [odom] to frame [map]
[controller_server-2] [WARN] [1757088031.734159751] [controller_server]: Unable to transform robot pose into global plan's frame
[controller_server-2] [WARN] [1757088031.734247112] [controller_server]: Control loop missed its desired rate of 10.0000Hz
[controller_server-2] [ERROR] [1757088031.836059658] [controller_server]: Exception in transformPose: Lookup would require extrapolation into the future.  Requested time 1757088031.271315 but the latest data is at time 1757088031.207248, when looking up transform from frame [odom] to frame [map]
[controller_server-2] [WARN] [1757088031.836174492] [controller_server]: Unable to transform robot pose into global plan's frame
[controller_server-2] [WARN] [1757088031.836317962] [controller_server]: Control loop missed its desired rate of 10.0000Hz
[controller_server-2] [ERROR] [1757088031.939668059] [controller_server]: Exception in transformPose: Lookup would require extrapolation into the future.  Requested time 1757088031.271315 but the latest data is at time 1757088031.207248, when looking up transform from frame [odom] to frame [map]
[controller_server-2] [WARN] [1757088031.939767544] [controller_server]: Unable to transform robot pose into global plan's frame
[controller_server-2] [WARN] [1757088031.939970792] [controller_server]: Control loop missed its desired rate of 10.0000Hz
[controller_server-2] [ERROR] [1757088032.041431876] [controller_server]: Exception in transformPose: Lookup would require extrapolation into the future.  Requested time 1757088031.271315 but the latest data is at time 1757088031.207248, when looking up transform from frame [odom] to frame [map]
[controller_server-2] [WARN] [1757088032.041522369] [controller_server]: Unable to transform robot pose into global plan's frame
[controller_server-2] [WARN] [1757088032.041641517] [controller_server]: Control loop missed its desired rate of 10.0000Hz
[controller_server-2] [ERROR] [1757088032.143404097] [controller_server]: Exception in transformPose: Lookup would require extrapolation into the future.  Requested time 1757088031.271315 but the latest data is at time 1757088031.207248, when looking up transform from frame [odom] to frame [map]
[controller_server-2] [WARN] [1757088032.143485917] [controller_server]: Unable to transform robot pose into global plan's frame
[controller_server-2] [WARN] [1757088032.143644847] [controller_server]: Control loop missed its desired rate of 10.0000Hz
[controller_server-2] [ERROR] [1757088032.244663248] [controller_server]: Exception in transformPose: Lookup would require extrapolation into the future.  Requested time 1757088031.271315 but the latest data is at time 1757088031.207248, when looking up transform from frame [odom] to frame [map]
[controller_server-2] [WARN] [1757088032.244712740] [controller_server]: Unable to transform robot pose into global plan's frame
[controller_server-2] [WARN] [1757088032.244786635] [controller_server]: Control loop missed its desired rate of 10.0000Hz
[controller_server-2] [INFO] [1757088032.244796883] [controller_server]: Passing new path to controller.
[controller_server-2] [ERROR] [1757088032.346260531] [controller_server]: Exception in transformPose: Lookup would require extrapolation into the future.  Requested time 1757088031.271315 but the latest data is at time 1757088031.207248, when looking up transform from frame [odom] to frame [map]
[controller_server-2] [WARN] [1757088032.346302728] [controller_server]: Unable to transform robot pose into global plan's frame
[controller_server-2] [WARN] [1757088032.346365882] [controller_server]: Control loop missed its desired rate of 10.0000Hz
[explore-10] [ERROR] [1757088032.360318333] [explore_node]: Extrapolation Error looking up robot pose: Lookup would require extrapolation into the future.  Requested time 1757088032.056296 but the latest data is at time 1757088031.271315, when looking up transform from frame [base_link] to frame [map]
[explore-10] 
[controller_server-2] [ERROR] [1757088032.447953651] [controller_server]: Exception in transformPose: Lookup would require extrapolation into the future.  Requested time 1757088031.271315 but the latest data is at time 1757088031.207248, when looking up transform from frame [odom] to frame [map]
[controller_server-2] [WARN] [1757088032.448016274] [controller_server]: Unable to transform robot pose into global plan's frame
[controller_server-2] [WARN] [1757088032.448129261] [controller_server]: Control loop missed its desired rate of 10.0000Hz
[controller_server-2] [ERROR] [1757088032.549406590] [controller_server]: Exception in transformPose: Lookup would require extrapolation into the future.  Requested time 1757088031.271315 but the latest data is at time 1757088031.207248, when looking up transform from frame [odom] to frame [map]
[controller_server-2] [WARN] [1757088032.549531994] [controller_server]: Unable to transform robot pose into global plan's frame
[controller_server-2] [WARN] [1757088032.549715674] [controller_server]: Control loop missed its desired rate of 10.0000Hz
[controller_server-2] [ERROR] [1757088032.653495843] [controller_server]: Exception in transformPose: Lookup would require extrapolation into the future.  Requested time 1757088031.271315 but the latest data is at time 1757088031.207248, when looking up transform from frame [odom] to frame [map]
[controller_server-2] [WARN] [1757088032.653673148] [controller_server]: Unable to transform robot pose into global plan's frame
[controller_server-2] [WARN] [1757088032.654064484] [controller_server]: Control loop missed its desired rate of 10.0000Hz
[rviz2-11] [INFO] [1757088032.722696849] [rviz2]: Trying to create a map of size 102 x 97 using 1 swatches
[controller_server-2] [ERROR] [1757088032.756084726] [controller_server]: Exception in transformPose: Lookup would require extrapolation into the future.  Requested time 1757088031.271315 but the latest data is at time 1757088031.207248, when looking up transform from frame [odom] to frame [map]
[controller_server-2] [WARN] [1757088032.756267131] [controller_server]: Unable to transform robot pose into global plan's frame
[controller_server-2] [INFO] [1757088032.756355370] [local_costmap.local_costmap]: StaticLayer: Resizing static layer to 102 X 97 at 0.040000 m/pix
[controller_server-2] [WARN] [1757088032.756654486] [controller_server]: Control loop missed its desired rate of 10.0000Hz
[controller_server-2] [ERROR] [1757088032.860840627] [controller_server]: Exception in transformPose: Lookup would require extrapolation into the future.  Requested time 1757088031.271315 but the latest data is at time 1757088031.207248, when looking up transform from frame [odom] to frame [map]
[controller_server-2] [WARN] [1757088032.860975098] [controller_server]: Unable to transform robot pose into global plan's frame
[controller_server-2] [WARN] [1757088032.861203961] [controller_server]: Control loop missed its desired rate of 10.0000Hz
[controller_server-2] [ERROR] [1757088032.962566212] [controller_server]: Exception in transformPose: Lookup would require extrapolation into the future.  Requested time 1757088031.271315 but the latest data is at time 1757088031.207248, when looking up transform from frame [odom] to frame [map]
[controller_server-2] [WARN] [1757088032.962607497] [controller_server]: Unable to transform robot pose into global plan's frame
[controller_server-2] [WARN] [1757088032.962665873] [controller_server]: Control loop missed its desired rate of 10.0000Hz
[controller_server-2] [ERROR] [1757088033.064235425] [controller_server]: Exception in transformPose: Lookup would require extrapolation into the future.  Requested time 1757088031.271315 but the latest data is at time 1757088031.207248, when looking up transform from frame [odom] to frame [map]
[controller_server-2] [WARN] [1757088033.064282641] [controller_server]: Unable to transform robot pose into global plan's frame
[controller_server-2] [WARN] [1757088033.064351473] [controller_server]: Control loop missed its desired rate of 10.0000Hz
[controller_server-2] [ERROR] [1757088033.165932326] [controller_server]: Exception in transformPose: Lookup would require extrapolation into the future.  Requested time 1757088031.271315 but the latest data is at time 1757088031.207248, when looking up transform from frame [odom] to frame [map]
[controller_server-2] [WARN] [1757088033.166117204] [controller_server]: Unable to transform robot pose into global plan's frame
[controller_server-2] [WARN] [1757088033.166414864] [controller_server]: Control loop missed its desired rate of 10.0000Hz
[controller_server-2] [ERROR] [1757088033.270740473] [controller_server]: Exception in transformPose: Lookup would require extrapolation into the future.  Requested time 1757088031.271315 but the latest data is at time 1757088031.207248, when looking up transform from frame [odom] to frame [map]
[controller_server-2] [WARN] [1757088033.270831258] [controller_server]: Unable to transform robot pose into global plan's frame
[controller_server-2] [ERROR] [1757088033.270870295] [controller_server]: Controller patience exceeded
[controller_server-2] [WARN] [1757088033.270926127] [controller_server]: [follow_path] [ActionServer] Aborting handle.
[controller_server-2] [INFO] [1757088033.271068189] [controller_server]: Received a goal, begin computing control effort.
[planner_server-4] [INFO] [1757088033.306916561] [global_costmap.global_costmap]: StaticLayer: Resizing costmap to 102 X 97 at 0.040000 m/pix
[rviz2-11] [INFO] [1757088033.327281884] [rviz2]: Trying to create a map of size 102 x 97 using 1 swatches
[controller_server-2] [ERROR] [1757088033.372398224] [controller_server]: Exception in transformPose: Lookup would require extrapolation into the future.  Requested time 1757088031.271315 but the latest data is at time 1757088031.207248, when looking up transform from frame [odom] to frame [map]
[controller_server-2] [WARN] [1757088033.372464007] [controller_server]: Unable to transform robot pose into global plan's frame
[controller_server-2] [WARN] [1757088033.372538776] [controller_server]: Control loop missed its desired rate of 10.0000Hz
[controller_server-2] [ERROR] [1757088033.474503027] [controller_server]: Exception in transformPose: Lookup would require extrapolation into the future.  Requested time 1757088031.271315 but the latest data is at time 1757088031.207248, when looking up transform from frame [odom] to frame [map]
[controller_server-2] [WARN] [1757088033.474673557] [controller_server]: Unable to transform robot pose into global plan's frame
[controller_server-2] [WARN] [1757088033.474960606] [controller_server]: Control loop missed its desired rate of 10.0000Hz
[controller_server-2] [ERROR] [1757088033.576546735] [controller_server]: Exception in transformPose: Lookup would require extrapolation into the future.  Requested time 1757088031.271315 but the latest data is at time 1757088031.207248, when looking up transform from frame [odom] to frame [map]
[controller_server-2] [WARN] [1757088033.576657495] [controller_server]: Unable to transform robot pose into global plan's frame
[controller_server-2] [WARN] [1757088033.576870409] [controller_server]: Control loop missed its desired rate of 10.0000Hz
[controller_server-2] [ERROR] [1757088033.679268366] [controller_server]: Exception in transformPose: Lookup would require extrapolation into the future.  Requested time 1757088031.271315 but the latest data is at time 1757088031.207248, when looking up transform from frame [odom] to frame [map]
[controller_server-2] [WARN] [1757088033.679308956] [controller_server]: Unable to transform robot pose into global plan's frame
[controller_server-2] [WARN] [1757088033.679362808] [controller_server]: Control loop missed its desired rate of 10.0000Hz
[controller_server-2] [ERROR] [1757088033.780729979] [controller_server]: Exception in transformPose: Lookup would require extrapolation into the future.  Requested time 1757088033.571298 but the latest data is at time 1757088031.207248, when looking up transform from frame [odom] to frame [map]
[controller_server-2] [WARN] [1757088033.780801875] [controller_server]: Unable to transform robot pose into global plan's frame
[controller_server-2] [WARN] [1757088033.780903151] [controller_server]: Control loop missed its desired rate of 10.0000Hz
[controller_server-2] [ERROR] [1757088033.883221778] [controller_server]: Exception in transformPose: Lookup would require extrapolation into the future.  Requested time 1757088033.571298 but the latest data is at time 1757088031.207248, when looking up transform from frame [odom] to frame [map]
[controller_server-2] [WARN] [1757088033.883359136] [controller_server]: Unable to transform robot pose into global plan's frame
[controller_server-2] [WARN] [1757088033.883531120] [controller_server]: Control loop missed its desired rate of 10.0000Hz
[controller_server-2] [ERROR] [1757088033.985588587] [controller_server]: Exception in transformPose: Lookup would require extrapolation into the future.  Requested time 1757088033.571298 but the latest data is at time 1757088031.207248, when looking up transform from frame [odom] to frame [map]
[controller_server-2] [WARN] [1757088033.985740323] [controller_server]: Unable to transform robot pose into global plan's frame
[controller_server-2] [WARN] [1757088033.986050463] [controller_server]: Control loop missed its desired rate of 10.0000Hz
[controller_server-2] [ERROR] [1757088034.089242536] [controller_server]: Exception in transformPose: Lookup would require extrapolation into the future.  Requested time 1757088033.571298 but the latest data is at time 1757088031.207248, when looking up transform from frame [odom] to frame [map]
[controller_server-2] [WARN] [1757088034.089374111] [controller_server]: Unable to transform robot pose into global plan's frame
[controller_server-2] [WARN] [1757088034.089596809] [controller_server]: Control loop missed its desired rate of 10.0000Hz
[controller_server-2] [ERROR] [1757088034.190912871] [controller_server]: Exception in transformPose: Lookup would require extrapolation into the future.  Requested time 1757088033.571298 but the latest data is at time 1757088031.207248, when looking up transform from frame [odom] to frame [map]
[controller_server-2] [WARN] [1757088034.190969197] [controller_server]: Unable to transform robot pose into global plan's frame
[controller_server-2] [WARN] [1757088034.191061479] [controller_server]: Control loop missed its desired rate of 10.0000Hz
[controller_server-2] [ERROR] [1757088034.292626224] [controller_server]: Exception in transformPose: Lookup would require extrapolation into the future.  Requested time 1757088033.571298 but the latest data is at time 1757088031.207248, when looking up transform from frame [odom] to frame [map]
[controller_server-2] [WARN] [1757088034.292693914] [controller_server]: Unable to transform robot pose into global plan's frame
[controller_server-2] [WARN] [1757088034.292795977] [controller_server]: Control loop missed its desired rate of 10.0000Hz
[controller_server-2] [INFO] [1757088034.292809735] [controller_server]: Passing new path to controller.
[controller_server-2] [ERROR] [1757088034.394206557] [controller_server]: Exception in transformPose: Lookup would require extrapolation into the future.  Requested time 1757088033.571298 but the latest data is at time 1757088031.207248, when looking up transform from frame [odom] to frame [map]
[controller_server-2] [WARN] [1757088034.394307956] [controller_server]: Unable to transform robot pose into global plan's frame
[controller_server-2] [WARN] [1757088034.394465673] [controller_server]: Control loop missed its desired rate of 10.0000Hz
[controller_server-2] [ERROR] [1757088034.496945659] [controller_server]: Exception in transformPose: Lookup would require extrapolation into the future.  Requested time 1757088033.571298 but the latest data is at time 1757088031.207248, when looking up transform from frame [odom] to frame [map]
[controller_server-2] [WARN] [1757088034.497154008] [controller_server]: Unable to transform robot pose into global plan's frame
[controller_server-2] [WARN] [1757088034.497353165] [controller_server]: Control loop missed its desired rate of 10.0000Hz
[controller_server-2] [ERROR] [1757088034.599183180] [controller_server]: Exception in transformPose: Lookup would require extrapolation into the future.  Requested time 1757088033.571298 but the latest data is at time 1757088031.207248, when looking up transform from frame [odom] to frame [map]
[controller_server-2] [WARN] [1757088034.599308493] [controller_server]: Unable to transform robot pose into global plan's frame
[controller_server-2] [WARN] [1757088034.599462555] [controller_server]: Control loop missed its desired rate of 10.0000Hz
[controller_server-2] [ERROR] [1757088034.703156289] [controller_server]: Exception in transformPose: Lookup would require extrapolation into the future.  Requested time 1757088033.571298 but the latest data is at time 1757088031.532842, when looking up transform from frame [odom] to frame [map]
[controller_server-2] [WARN] [1757088034.703236267] [controller_server]: Unable to transform robot pose into global plan's frame
[controller_server-2] [WARN] [1757088034.703352865] [controller_server]: Control loop missed its desired rate of 10.0000Hz
[controller_server-2] [INFO] [1757088035.371260465] [controller_server]: Passing new path to controller.
[controller_server-2] [INFO] [1757088036.371254263] [controller_server]: Passing new path to controller.
[rviz2-11] [INFO] [1757088036.720821381] [rviz2]: Trying to create a map of size 103 x 97 using 1 swatches
[controller_server-2] [INFO] [1757088036.743123347] [local_costmap.local_costmap]: StaticLayer: Resizing static layer to 103 X 97 at 0.040000 m/pix
[planner_server-4] [INFO] [1757088037.307004202] [global_costmap.global_costmap]: StaticLayer: Resizing costmap to 103 X 97 at 0.040000 m/pix
[rviz2-11] [INFO] [1757088037.330379707] [rviz2]: Trying to create a map of size 103 x 97 using 1 swatches
[controller_server-2] [INFO] [1757088037.371188159] [controller_server]: Passing new path to controller.
[controller_server-2] [INFO] [1757088038.471254434] [controller_server]: Passing new path to controller.
[explore-10] [ERROR] [1757088039.027114585] [explore_node]: Extrapolation Error looking up robot pose: Lookup would require extrapolation into the future.  Requested time 1757088038.722348 but the latest data is at time 1757088036.471281, when looking up transform from frame [base_link] to frame [map]
[explore-10] 
[explore-10] [INFO] [1757088039.034472849] [explore_node]: [NAV] Remembered last goal (-1.81, 2.46, yaw from quat).
[bt_navigator-6] [INFO] [1757088039.040285695] [bt_navigator]: Received goal preemption request
[bt_navigator-6] [INFO] [1757088039.040574987] [bt_navigator]: Begin navigating from current location (-0.65, 1.45) to (-1.81, 2.46)
[controller_server-2] [INFO] [1757088039.471231340] [controller_server]: Passing new path to controller.
[controller_server-2] [INFO] [1757088040.471193738] [controller_server]: Passing new path to controller.
[controller_server-2] [INFO] [1757088041.471211024] [controller_server]: Passing new path to controller.
[controller_server-2] [INFO] [1757088042.571224884] [controller_server]: Passing new path to controller.
[controller_server-2] [INFO] [1757088043.571258670] [controller_server]: Passing new path to controller.
[controller_server-2] [INFO] [1757088044.571245269] [controller_server]: Passing new path to controller.
[controller_server-2] [ERROR] [1757088045.172328979] [controller_server]: Exception in transformPose: Lookup would require extrapolation into the future.  Requested time 1757088037.971252 but the latest data is at time 1757088036.603979, when looking up transform from frame [odom] to frame [map]
[controller_server-2] [WARN] [1757088045.172373808] [controller_server]: Unable to transform robot pose into global plan's frame
[controller_server-2] [WARN] [1757088045.172442548] [controller_server]: Control loop missed its desired rate of 10.0000Hz
[controller_server-2] [ERROR] [1757088045.274076223] [controller_server]: Exception in transformPose: Lookup would require extrapolation into the future.  Requested time 1757088045.121232 but the latest data is at time 1757088036.603979, when looking up transform from frame [odom] to frame [map]
[controller_server-2] [WARN] [1757088045.274237269] [controller_server]: Unable to transform robot pose into global plan's frame
[controller_server-2] [WARN] [1757088045.274537264] [controller_server]: Control loop missed its desired rate of 10.0000Hz
[controller_server-2] [WARN] [1757088045.371260855] [controller_server]: RegulatedPurePursuitController detected collision ahead!
[explore-10] [INFO] [1757088045.463964159] [explore_node]: [NAV] Remembered last goal (-1.79, 2.45, yaw from quat).
[bt_navigator-6] [INFO] [1757088045.470181203] [bt_navigator]: Received goal preemption request
[bt_navigator-6] [INFO] [1757088045.470276411] [bt_navigator]: Begin navigating from current location (-1.73, 0.61) to (-1.79, 2.45)
[controller_server-2] [WARN] [1757088045.471303252] [controller_server]: RegulatedPurePursuitController detected collision ahead!
[planner_server-4] [WARN] [1757088045.570600739] [planner_server]: GridBased: failed to create plan with tolerance 0.20.
[planner_server-4] [WARN] [1757088045.570662581] [planner_server]: Planning algorithm GridBased failed to generate a valid path to (-1.79, 2.45)
[planner_server-4] [WARN] [1757088045.570673476] [planner_server]: [compute_path_to_pose] [ActionServer] Aborting handle.
[controller_server-2] [WARN] [1757088045.571308073] [controller_server]: RegulatedPurePursuitController detected collision ahead!
[planner_server-4] [INFO] [1757088045.590488063] [global_costmap.global_costmap]: Received request to clear entirely the global_costmap
[controller_server-2] [INFO] [1757088045.671163797] [controller_server]: Passing new path to controller.
[controller_server-2] [ERROR] [1757088045.671319050] [controller_server]: Invalid path, Path is empty.
[controller_server-2] [WARN] [1757088045.671348057] [controller_server]: [follow_path] [ActionServer] Aborting handle.
[controller_server-2] [INFO] [1757088045.700277164] [local_costmap.local_costmap]: Received request to clear entirely the local_costmap
[controller_server-2] [INFO] [1757088045.701006350] [controller_server]: Received a goal, begin computing control effort.
[controller_server-2] [ERROR] [1757088045.701047661] [controller_server]: Invalid path, Path is empty.
[controller_server-2] [WARN] [1757088045.701102644] [controller_server]: [follow_path] [ActionServer] Aborting handle.
[bt_navigator-6] [ERROR] [1757088045.740758235] [bt_navigator_navigate_to_pose_rclcpp_node]: Failed to get result for compute_path_to_pose in node halt!
[controller_server-2] [INFO] [1757088045.741209647] [local_costmap.local_costmap]: Received request to clear entirely the local_costmap
[planner_server-4] [INFO] [1757088045.741880401] [global_costmap.global_costmap]: Received request to clear entirely the global_costmap
[bt_navigator-6] [WARN] [1757088045.742660028] [BehaviorTreeEngine]: Behavior Tree tick rate 100.00 was exceeded!
[planner_server-4] [WARN] [1757088046.311869989] [planner_server]: GridBased: failed to create plan with tolerance 0.20.
[planner_server-4] [WARN] [1757088046.311979306] [planner_server]: Planning algorithm GridBased failed to generate a valid path to (-1.79, 2.45)
[planner_server-4] [WARN] [1757088046.312005467] [planner_server]: [compute_path_to_pose] [ActionServer] Aborting handle.
[planner_server-4] [INFO] [1757088046.332966999] [global_costmap.global_costmap]: Received request to clear entirely the global_costmap
[rviz2-11] [INFO] [1757088046.736483220] [rviz2]: Trying to create a map of size 114 x 106 using 1 swatches
[controller_server-2] [INFO] [1757088046.743160489] [local_costmap.local_costmap]: StaticLayer: Resizing static layer to 114 X 106 at 0.040000 m/pix
[planner_server-4] [INFO] [1757088047.306939942] [global_costmap.global_costmap]: StaticLayer: Resizing costmap to 114 X 106 at 0.040000 m/pix
[planner_server-4] [WARN] [1757088047.314494837] [planner_server]: GridBased: failed to create plan with tolerance 0.20.
[planner_server-4] [WARN] [1757088047.314526444] [planner_server]: Planning algorithm GridBased failed to generate a valid path to (-1.79, 2.45)
[planner_server-4] [WARN] [1757088047.314538938] [planner_server]: [compute_path_to_pose] [ActionServer] Aborting handle.
[behavior_server-5] [INFO] [1757088047.333078571] [behavior_server]: Running spin
[behavior_server-5] [INFO] [1757088047.333196690] [behavior_server]: Turning 1.57 for spin behavior.
[rviz2-11] [INFO] [1757088048.336489600] [rviz2]: Trying to create a map of size 114 x 106 using 1 swatches
[behavior_server-5] [INFO] [1757088049.433359615] [behavior_server]: spin completed successfully
[planner_server-4] [WARN] [1757088049.463370165] [planner_server]: GridBased: failed to create plan with tolerance 0.20.
[planner_server-4] [WARN] [1757088049.463416132] [planner_server]: Planning algorithm GridBased failed to generate a valid path to (-1.79, 2.45)
[planner_server-4] [WARN] [1757088049.463425158] [planner_server]: [compute_path_to_pose] [ActionServer] Aborting handle.
[planner_server-4] [INFO] [1757088049.482856294] [global_costmap.global_costmap]: Received request to clear entirely the global_costmap
[planner_server-4] [WARN] [1757088050.313979528] [planner_server]: GridBased: failed to create plan with tolerance 0.20.
[planner_server-4] [WARN] [1757088050.314062357] [planner_server]: Planning algorithm GridBased failed to generate a valid path to (-1.79, 2.45)
[planner_server-4] [WARN] [1757088050.314092725] [planner_server]: [compute_path_to_pose] [ActionServer] Aborting handle.
[behavior_server-5] [INFO] [1757088050.333103987] [behavior_server]: Running wait
[explore-10] [INFO] [1757088052.104932466] [explore_node]: [NAV] Remembered last goal (-2.42, -0.26, yaw from quat).
[bt_navigator-6] [INFO] [1757088052.112800691] [bt_navigator]: Received goal preemption request
[bt_navigator-6] [INFO] [1757088052.113088424] [bt_navigator]: Begin navigating from current location (-1.75, 0.63) to (-2.42, -0.26)
[behavior_server-5] [INFO] [1757088055.333335412] [behavior_server]: wait completed successfully
[planner_server-4] [WARN] [1757088055.363352336] [planner_server]: GridBased: failed to create plan with tolerance 0.20.
[planner_server-4] [WARN] [1757088055.363406755] [planner_server]: Planning algorithm GridBased failed to generate a valid path to (-2.42, -0.26)
[planner_server-4] [WARN] [1757088055.363419015] [planner_server]: [compute_path_to_pose] [ActionServer] Aborting handle.
[planner_server-4] [INFO] [1757088055.382970516] [global_costmap.global_costmap]: Received request to clear entirely the global_costmap
[planner_server-4] [WARN] [1757088056.314087952] [planner_server]: GridBased: failed to create plan with tolerance 0.20.
[planner_server-4] [WARN] [1757088056.314118540] [planner_server]: Planning algorithm GridBased failed to generate a valid path to (-2.42, -0.26)
[planner_server-4] [WARN] [1757088056.314126113] [planner_server]: [compute_path_to_pose] [ActionServer] Aborting handle.
[behavior_server-5] [INFO] [1757088056.332972503] [behavior_server]: Running backup
[behavior_server-5] [INFO] [1757088056.333076120] [behavior_server]: DriveOnHeading: no acceleration or deceleration limits set
[rviz2-11] [INFO] [1757088062.739778958] [rviz2]: Trying to create a map of size 120 x 108 using 1 swatches
[controller_server-2] [INFO] [1757088062.743122413] [local_costmap.local_costmap]: StaticLayer: Resizing static layer to 120 X 108 at 0.040000 m/pix
[planner_server-4] [INFO] [1757088063.306978714] [global_costmap.global_costmap]: StaticLayer: Resizing costmap to 120 X 108 at 0.040000 m/pix
[behavior_server-5] [INFO] [1757088063.333183028] [behavior_server]: backup completed successfully
[rviz2-11] [INFO] [1757088063.343856753] [rviz2]: Trying to create a map of size 120 x 108 using 1 swatches
[planner_server-4] [WARN] [1757088063.363595218] [planner_server]: GridBased: failed to create plan with tolerance 0.20.
[planner_server-4] [WARN] [1757088063.363692110] [planner_server]: Planning algorithm GridBased failed to generate a valid path to (-2.42, -0.26)
[planner_server-4] [WARN] [1757088063.363711002] [planner_server]: [compute_path_to_pose] [ActionServer] Aborting handle.
[planner_server-4] [INFO] [1757088063.383334124] [global_costmap.global_costmap]: Received request to clear entirely the global_costmap
[planner_server-4] [WARN] [1757088064.315635491] [planner_server]: GridBased: failed to create plan with tolerance 0.20.
[planner_server-4] [WARN] [1757088064.315718457] [planner_server]: Planning algorithm GridBased failed to generate a valid path to (-2.42, -0.26)
[planner_server-4] [WARN] [1757088064.315749773] [planner_server]: [compute_path_to_pose] [ActionServer] Aborting handle.
[controller_server-2] [INFO] [1757088064.333176945] [local_costmap.local_costmap]: Received request to clear entirely the local_costmap
[planner_server-4] [INFO] [1757088064.334168306] [global_costmap.global_costmap]: Received request to clear entirely the global_costmap
[planner_server-4] [WARN] [1757088065.316041696] [planner_server]: GridBased: failed to create plan with tolerance 0.20.
[planner_server-4] [WARN] [1757088065.316185906] [planner_server]: Planning algorithm GridBased failed to generate a valid path to (-2.42, -0.26)
[planner_server-4] [WARN] [1757088065.316245016] [planner_server]: [compute_path_to_pose] [ActionServer] Aborting handle.
[planner_server-4] [INFO] [1757088065.333065788] [global_costmap.global_costmap]: Received request to clear entirely the global_costmap
[explore-10] [INFO] [1757088065.458060591] [explore_node]: [NAV] Remembered last goal (-3.07, -0.54, yaw from quat).
[bt_navigator-6] [INFO] [1757088065.462847361] [bt_navigator]: Received goal preemption request
[bt_navigator-6] [INFO] [1757088065.463363705] [bt_navigator]: Begin navigating from current location (-1.49, 0.42) to (-3.07, -0.54)
[planner_server-4] [WARN] [1757088066.314366588] [planner_server]: GridBased: failed to create plan with tolerance 0.20.
[planner_server-4] [WARN] [1757088066.314453498] [planner_server]: Planning algorithm GridBased failed to generate a valid path to (-2.42, -0.26)
[planner_server-4] [WARN] [1757088066.314475610] [planner_server]: [compute_path_to_pose] [ActionServer] Aborting handle.
[behavior_server-5] [INFO] [1757088066.333608529] [behavior_server]: Running spin
[behavior_server-5] [INFO] [1757088066.333832864] [behavior_server]: Turning 1.57 for spin behavior.
[behavior_server-5] [INFO] [1757088068.834053631] [behavior_server]: spin completed successfully
[planner_server-4] [WARN] [1757088068.863284894] [planner_server]: GridBased: failed to create plan with tolerance 0.20.
[planner_server-4] [WARN] [1757088068.863339209] [planner_server]: Planning algorithm GridBased failed to generate a valid path to (-3.07, -0.54)
[planner_s