[INFO] [launch]: All log files can be found below /home/robot/.ros/log/2025-09-03-19-04-39-474058-robot-pc04-67251
[INFO] [launch]: Default logging verbosity is set to INFO
[INFO] [async_slam_toolbox_node-1]: process started with pid [67264]
[INFO] [controller_server-2]: process started with pid [67266]
[INFO] [smoother_server-3]: process started with pid [67268]
[INFO] [planner_server-4]: process started with pid [67270]
[INFO] [behavior_server-5]: process started with pid [67272]
[INFO] [bt_navigator-6]: process started with pid [67274]
[INFO] [waypoint_follower-7]: process started with pid [67276]
[INFO] [velocity_smoother-8]: process started with pid [67278]
[INFO] [lifecycle_manager-9]: process started with pid [67280]
[INFO] [explore-10]: process started with pid [67282]
[INFO] [rviz2-11]: process started with pid [67284]
[lifecycle_manager-9] [INFO] [1756919079.919581333] [lifecycle_manager_navigation]: Creating
[async_slam_toolbox_node-1] [INFO] [1756919079.924325997] [slam]: Node using stack size 40000000
[velocity_smoother-8] [INFO] [1756919079.924556258] [velocity_smoother]: 
[velocity_smoother-8] 	velocity_smoother lifecycle node launched. 
[velocity_smoother-8] 	Waiting on external lifecycle transitions to activate
[velocity_smoother-8] 	See https://design.ros2.org/articles/node_lifecycle.html for more information.
[behavior_server-5] [INFO] [1756919079.928618163] [behavior_server]: 
[behavior_server-5] 	behavior_server lifecycle node launched. 
[behavior_server-5] 	Waiting on external lifecycle transitions to activate
[behavior_server-5] 	See https://design.ros2.org/articles/node_lifecycle.html for more information.
[bt_navigator-6] [INFO] [1756919079.929487916] [bt_navigator]: 
[bt_navigator-6] 	bt_navigator lifecycle node launched. 
[bt_navigator-6] 	Waiting on external lifecycle transitions to activate
[bt_navigator-6] 	See https://design.ros2.org/articles/node_lifecycle.html for more information.
[bt_navigator-6] [INFO] [1756919079.929800768] [bt_navigator]: Creating
[smoother_server-3] [INFO] [1756919079.931765451] [smoother_server]: 
[smoother_server-3] 	smoother_server lifecycle node launched. 
[smoother_server-3] 	Waiting on external lifecycle transitions to activate
[smoother_server-3] 	See https://design.ros2.org/articles/node_lifecycle.html for more information.
[smoother_server-3] [INFO] [1756919079.936153254] [smoother_server]: Creating smoother server
[waypoint_follower-7] [INFO] [1756919079.939342391] [waypoint_follower]: 
[waypoint_follower-7] 	waypoint_follower lifecycle node launched. 
[waypoint_follower-7] 	Waiting on external lifecycle transitions to activate
[waypoint_follower-7] 	See https://design.ros2.org/articles/node_lifecycle.html for more information.
[lifecycle_manager-9] [INFO] [1756919079.939724561] [lifecycle_manager_navigation]: [34m[1mCreating and initializing lifecycle service clients[0m[0m
[waypoint_follower-7] [INFO] [1756919079.941104379] [waypoint_follower]: Creating
[controller_server-2] [INFO] [1756919079.942206045] [controller_server]: 
[controller_server-2] 	controller_server lifecycle node launched. 
[controller_server-2] 	Waiting on external lifecycle transitions to activate
[controller_server-2] 	See https://design.ros2.org/articles/node_lifecycle.html for more information.
[planner_server-4] [INFO] [1756919079.943622553] [planner_server]: 
[planner_server-4] 	planner_server lifecycle node launched. 
[planner_server-4] 	Waiting on external lifecycle transitions to activate
[planner_server-4] 	See https://design.ros2.org/articles/node_lifecycle.html for more information.
[planner_server-4] [INFO] [1756919079.947840359] [planner_server]: Creating
[explore-10] [INFO] [1756919079.949324554] [explore_node]: Waiting for costmap to become available, topic: map
[controller_server-2] [INFO] [1756919079.953816360] [controller_server]: Creating controller server
[planner_server-4] [INFO] [1756919079.968619939] [global_costmap.global_costmap]: 
[planner_server-4] 	global_costmap lifecycle node launched. 
[planner_server-4] 	Waiting on external lifecycle transitions to activate
[planner_server-4] 	See https://design.ros2.org/articles/node_lifecycle.html for more information.
[planner_server-4] [INFO] [1756919079.969363001] [global_costmap.global_costmap]: Creating Costmap
[controller_server-2] [INFO] [1756919079.979566322] [local_costmap.local_costmap]: 
[controller_server-2] 	local_costmap lifecycle node launched. 
[controller_server-2] 	Waiting on external lifecycle transitions to activate
[controller_server-2] 	See https://design.ros2.org/articles/node_lifecycle.html for more information.
[controller_server-2] [INFO] [1756919079.980738118] [local_costmap.local_costmap]: Creating Costmap
[async_slam_toolbox_node-1] [INFO] [1756919079.995219251] [slam]: Using solver plugin solver_plugins::CeresSolver
[async_slam_toolbox_node-1] [INFO] [1756919079.995629055] [slam]: CeresSolver: Using SCHUR_JACOBI preconditioner.
[lifecycle_manager-9] [INFO] [1756919080.095426334] [lifecycle_manager_navigation]: [34m[1mStarting managed nodes bringup...[0m[0m
[lifecycle_manager-9] [INFO] [1756919080.095454982] [lifecycle_manager_navigation]: [34m[1mConfiguring controller_server[0m[0m
[controller_server-2] [INFO] [1756919080.095570671] [controller_server]: Configuring controller interface
[controller_server-2] [INFO] [1756919080.095649416] [controller_server]: getting goal checker plugins..
[controller_server-2] [INFO] [1756919080.095695235] [controller_server]: Controller frequency set to 10.0000Hz
[controller_server-2] [INFO] [1756919080.095712110] [local_costmap.local_costmap]: Configuring
[controller_server-2] [INFO] [1756919080.097506198] [local_costmap.local_costmap]: Using plugin "static_layer"
[controller_server-2] [INFO] [1756919080.098945604] [local_costmap.local_costmap]: Subscribing to the map topic (/map) with transient local durability
[controller_server-2] [INFO] [1756919080.099349533] [local_costmap.local_costmap]: Initialized plugin "static_layer"
[controller_server-2] [INFO] [1756919080.099359267] [local_costmap.local_costmap]: Using plugin "obstacle_layer"
[controller_server-2] [INFO] [1756919080.099490331] [local_costmap.local_costmap]: Subscribed to Topics: scan
[controller_server-2] [INFO] [1756919080.100512303] [local_costmap.local_costmap]: Initialized plugin "obstacle_layer"
[controller_server-2] [INFO] [1756919080.100523649] [local_costmap.local_costmap]: Using plugin "inflation_layer"
[controller_server-2] [INFO] [1756919080.100976956] [local_costmap.local_costmap]: Initialized plugin "inflation_layer"
[controller_server-2] [INFO] [1756919080.103589607] [controller_server]: Created progress_checker : progress_checker of type nav2_controller::SimpleProgressChecker
[controller_server-2] [INFO] [1756919080.103835278] [controller_server]: Created goal checker : goal_checker of type nav2_controller::SimpleGoalChecker
[controller_server-2] [INFO] [1756919080.103920898] [controller_server]: Controller Server has goal_checker  goal checkers available.
[controller_server-2] [INFO] [1756919080.104128712] [controller_server]: Created controller : FollowPath of type nav2_regulated_pure_pursuit_controller::RegulatedPurePursuitController
[controller_server-2] [INFO] [1756919080.105387776] [controller_server]: Controller Server has FollowPath  controllers available.
[lifecycle_manager-9] [INFO] [1756919080.107311055] [lifecycle_manager_navigation]: [34m[1mConfiguring smoother_server[0m[0m
[smoother_server-3] [INFO] [1756919080.107432456] [smoother_server]: Configuring smoother server
[smoother_server-3] [INFO] [1756919080.110233467] [smoother_server]: Created smoother : simple_smoother of type nav2_smoother::SimpleSmoother
[smoother_server-3] [INFO] [1756919080.110378095] [smoother_server]: Smoother Server has simple_smoother  smoothers available.
[lifecycle_manager-9] [INFO] [1756919080.111884102] [lifecycle_manager_navigation]: [34m[1mConfiguring planner_server[0m[0m
[planner_server-4] [INFO] [1756919080.112001846] [planner_server]: Configuring
[planner_server-4] [INFO] [1756919080.112034233] [global_costmap.global_costmap]: Configuring
[planner_server-4] [INFO] [1756919080.114937261] [global_costmap.global_costmap]: Using plugin "static_layer"
[planner_server-4] [INFO] [1756919080.116991241] [global_costmap.global_costmap]: Subscribing to the map topic (/map) with transient local durability
[planner_server-4] [INFO] [1756919080.117431789] [global_costmap.global_costmap]: Initialized plugin "static_layer"
[planner_server-4] [INFO] [1756919080.117441979] [global_costmap.global_costmap]: Using plugin "obstacle_layer"
[planner_server-4] [INFO] [1756919080.117592999] [global_costmap.global_costmap]: Subscribed to Topics: scan
[planner_server-4] [INFO] [1756919080.118549703] [global_costmap.global_costmap]: Initialized plugin "obstacle_layer"
[planner_server-4] [INFO] [1756919080.118560415] [global_costmap.global_costmap]: Using plugin "inflation_layer"
[planner_server-4] [INFO] [1756919080.118832335] [global_costmap.global_costmap]: Initialized plugin "inflation_layer"
[planner_server-4] [INFO] [1756919080.121465617] [planner_server]: Created global planner plugin GridBased of type nav2_navfn_planner/NavfnPlanner
[planner_server-4] [INFO] [1756919080.121480187] [planner_server]: Configuring plugin GridBased of type NavfnPlanner
[planner_server-4] [INFO] [1756919080.121630419] [planner_server]: Planner Server has GridBased  planners available.
[lifecycle_manager-9] [INFO] [1756919080.216483710] [lifecycle_manager_navigation]: [34m[1mConfiguring behavior_server[0m[0m
[behavior_server-5] [INFO] [1756919080.216677782] [behavior_server]: Configuring
[behavior_server-5] [INFO] [1756919080.219774486] [behavior_server]: Creating behavior plugin spin of type nav2_behaviors/Spin
[behavior_server-5] [INFO] [1756919080.220171525] [behavior_server]: Configuring spin
[behavior_server-5] [INFO] [1756919080.221728592] [behavior_server]: Creating behavior plugin backup of type nav2_behaviors/BackUp
[behavior_server-5] [INFO] [1756919080.222053071] [behavior_server]: Configuring backup
[behavior_server-5] [INFO] [1756919080.223259196] [behavior_server]: Creating behavior plugin drive_on_heading of type nav2_behaviors/DriveOnHeading
[behavior_server-5] [INFO] [1756919080.223665797] [behavior_server]: Configuring drive_on_heading
[behavior_server-5] [INFO] [1756919080.226031733] [behavior_server]: Creating behavior plugin wait of type nav2_behaviors/Wait
[behavior_server-5] [INFO] [1756919080.226546392] [behavior_server]: Configuring wait
[behavior_server-5] [INFO] [1756919080.228573585] [behavior_server]: Creating behavior plugin assisted_teleop of type nav2_behaviors/AssistedTeleop
[behavior_server-5] [INFO] [1756919080.229732728] [behavior_server]: Configuring assisted_teleop
[lifecycle_manager-9] [INFO] [1756919080.232567553] [lifecycle_manager_navigation]: [34m[1mConfiguring bt_navigator[0m[0m
[bt_navigator-6] [INFO] [1756919080.232681551] [bt_navigator]: Configuring
[lifecycle_manager-9] [INFO] [1756919080.247657062] [lifecycle_manager_navigation]: [34m[1mConfiguring waypoint_follower[0m[0m
[waypoint_follower-7] [INFO] [1756919080.247769350] [waypoint_follower]: Configuring
[waypoint_follower-7] [INFO] [1756919080.250800569] [waypoint_follower]: Created waypoint_task_executor : wait_at_waypoint of type nav2_waypoint_follower::WaitAtWaypoint
[lifecycle_manager-9] [INFO] [1756919080.251017798] [lifecycle_manager_navigation]: [34m[1mConfiguring velocity_smoother[0m[0m
[velocity_smoother-8] [INFO] [1756919080.251112078] [velocity_smoother]: Configuring velocity smoother
[lifecycle_manager-9] [INFO] [1756919080.252146245] [lifecycle_manager_navigation]: [34m[1mActivating controller_server[0m[0m
[controller_server-2] [INFO] [1756919080.252210722] [controller_server]: Activating
[controller_server-2] [INFO] [1756919080.252230542] [local_costmap.local_costmap]: Activating
[controller_server-2] [INFO] [1756919080.252236775] [local_costmap.local_costmap]: Checking transform
[controller_server-2] [INFO] [1756919080.252248363] [local_costmap.local_costmap]: Timed out waiting for transform from base_link to odom to become available, tf error: Invalid frame ID "odom" passed to canTransform argument target_frame - frame does not exist
[rviz2-11] [INFO] [1756919080.252630649] [rviz2]: Stereo is NOT SUPPORTED
[rviz2-11] [INFO] [1756919080.252679088] [rviz2]: OpenGl version: 4.6 (GLSL 4.6)
[rviz2-11] [INFO] [1756919080.318586114] [rviz2]: Stereo is NOT SUPPORTED
[controller_server-2] [INFO] [1756919080.752497338] [local_costmap.local_costmap]: start
[controller_server-2] [INFO] [1756919080.953888692] [controller_server]: Activating controller: FollowPath of type regulated_pure_pursuit_controller::RegulatedPurePursuitController
[controller_server-2] [INFO] [1756919080.954013004] [controller_server]: Creating bond (controller_server) to lifecycle manager.
[lifecycle_manager-9] [INFO] [1756919081.061585291] [lifecycle_manager_navigation]: Server controller_server connected with bond.
[lifecycle_manager-9] [INFO] [1756919081.061703222] [lifecycle_manager_navigation]: [34m[1mActivating smoother_server[0m[0m
[smoother_server-3] [INFO] [1756919081.062330052] [smoother_server]: Activating
[smoother_server-3] [INFO] [1756919081.062441608] [smoother_server]: Creating bond (smoother_server) to lifecycle manager.
[lifecycle_manager-9] [INFO] [1756919081.276788103] [lifecycle_manager_navigation]: Server smoother_server connected with bond.
[lifecycle_manager-9] [INFO] [1756919081.276886699] [lifecycle_manager_navigation]: [34m[1mActivating planner_server[0m[0m
[planner_server-4] [INFO] [1756919081.277533098] [planner_server]: Activating
[planner_server-4] [INFO] [1756919081.277657738] [global_costmap.global_costmap]: Activating
[planner_server-4] [INFO] [1756919081.277706174] [global_costmap.global_costmap]: Checking transform
[planner_server-4] [INFO] [1756919081.277776490] [global_costmap.global_costmap]: Timed out waiting for transform from base_link to map to become available, tf error: Invalid frame ID "map" passed to canTransform argument target_frame - frame does not exist
[planner_server-4] [INFO] [1756919081.777938243] [global_costmap.global_costmap]: Timed out waiting for transform from base_link to map to become available, tf error: Invalid frame ID "map" passed to canTransform argument target_frame - frame does not exist
[planner_server-4] [INFO] [1756919082.277937723] [global_costmap.global_costmap]: Timed out waiting for transform from base_link to map to become available, tf error: Invalid frame ID "map" passed to canTransform argument target_frame - frame does not exist
[controller_server-2] [WARN] [1756919082.752721359] [local_costmap.local_costmap]: Can't update static costmap layer, no map received
[planner_server-4] [INFO] [1756919082.777930858] [global_costmap.global_costmap]: Timed out waiting for transform from base_link to map to become available, tf error: Invalid frame ID "map" passed to canTransform argument target_frame - frame does not exist
[planner_server-4] [INFO] [1756919083.277904137] [global_costmap.global_costmap]: Timed out waiting for transform from base_link to map to become available, tf error: Invalid frame ID "map" passed to canTransform argument target_frame - frame does not exist
[async_slam_toolbox_node-1] [WARN] [1756919083.569300256] [slam]: minimum laser range setting (0.0 m) exceeds the capabilities of the used Lidar (0.1 m)
[planner_server-4] [INFO] [1756919083.778037721] [global_costmap.global_costmap]: start
[rviz2-11] [ERROR] [1756919083.917177715] [rviz2]: Lookup would require extrapolation into the future.  Requested time 1756919083.879201 but the latest data is at time 1756919083.872936, when looking up transform from frame [laser] to frame [map]
[rviz2-11] [INFO] [1756919083.979015121] [rviz2]: Trying to create a map of size 100 x 100 using 1 swatches
[planner_server-4] [INFO] [1756919084.006806536] [global_costmap.global_costmap]: StaticLayer: Resizing costmap to 288 X 293 at 0.040000 m/pix
[controller_server-2] [INFO] [1756919084.006980292] [local_costmap.local_costmap]: StaticLayer: Resizing static layer to 288 X 293 at 0.040000 m/pix
[rviz2-11] [INFO] [1756919084.011403384] [rviz2]: Trying to create a map of size 288 x 293 using 1 swatches
[rviz2-11] [INFO] [1756919084.810446913] [rviz2]: Trying to create a map of size 288 x 293 using 1 swatches
[planner_server-4] [INFO] [1756919084.830263112] [planner_server]: Activating plugin GridBased of type NavfnPlanner
[planner_server-4] [INFO] [1756919084.832194013] [planner_server]: Creating bond (planner_server) to lifecycle manager.
[lifecycle_manager-9] [INFO] [1756919084.938857620] [lifecycle_manager_navigation]: Server planner_server connected with bond.
[lifecycle_manager-9] [INFO] [1756919084.938962476] [lifecycle_manager_navigation]: [34m[1mActivating behavior_server[0m[0m
[behavior_server-5] [INFO] [1756919084.939645443] [behavior_server]: Activating
[behavior_server-5] [INFO] [1756919084.939726429] [behavior_server]: Activating spin
[behavior_server-5] [INFO] [1756919084.939767007] [behavior_server]: Activating backup
[behavior_server-5] [INFO] [1756919084.939796248] [behavior_server]: Activating drive_on_heading
[behavior_server-5] [INFO] [1756919084.939823514] [behavior_server]: Activating wait
[behavior_server-5] [INFO] [1756919084.939849390] [behavior_server]: Activating assisted_teleop
[behavior_server-5] [INFO] [1756919084.939882765] [behavior_server]: Creating bond (behavior_server) to lifecycle manager.
[lifecycle_manager-9] [INFO] [1756919085.048279609] [lifecycle_manager_navigation]: Server behavior_server connected with bond.
[lifecycle_manager-9] [INFO] [1756919085.048368842] [lifecycle_manager_navigation]: [34m[1mActivating bt_navigator[0m[0m
[bt_navigator-6] [INFO] [1756919085.049034799] [bt_navigator]: Activating
[bt_navigator-6] [INFO] [1756919085.082881770] [bt_navigator]: Creating bond (bt_navigator) to lifecycle manager.
[lifecycle_manager-9] [INFO] [1756919085.184396190] [lifecycle_manager_navigation]: Server bt_navigator connected with bond.
[lifecycle_manager-9] [INFO] [1756919085.184550722] [lifecycle_manager_navigation]: [34m[1mActivating waypoint_follower[0m[0m
[waypoint_follower-7] [INFO] [1756919085.185236017] [waypoint_follower]: Activating
[waypoint_follower-7] [INFO] [1756919085.185324869] [waypoint_follower]: Creating bond (waypoint_follower) to lifecycle manager.
[lifecycle_manager-9] [INFO] [1756919085.293232660] [lifecycle_manager_navigation]: Server waypoint_follower connected with bond.
[lifecycle_manager-9] [INFO] [1756919085.293329644] [lifecycle_manager_navigation]: [34m[1mActivating velocity_smoother[0m[0m
[velocity_smoother-8] [INFO] [1756919085.293908267] [velocity_smoother]: Activating
[velocity_smoother-8] [INFO] [1756919085.294043004] [velocity_smoother]: Creating bond (velocity_smoother) to lifecycle manager.
[lifecycle_manager-9] [INFO] [1756919085.402221778] [lifecycle_manager_navigation]: Server velocity_smoother connected with bond.
[lifecycle_manager-9] [INFO] [1756919085.402318295] [lifecycle_manager_navigation]: [34m[1mManaged nodes are active[0m[0m
[lifecycle_manager-9] [INFO] [1756919085.402342799] [lifecycle_manager_navigation]: [34m[1mCreating bond timer...[0m[0m
[explore-10] [INFO] [1756919085.976459933] [explore_node]: Waiting to connect to move_base nav2 server
[explore-10] [INFO] [1756919085.976800691] [explore_node]: Connected to move_base nav2 server
[explore-10] [INFO] [1756919085.976819233] [explore_node]: Getting initial pose of the robot
[explore-10] [ERROR] [1756919086.282594729] [explore_node]: Extrapolation Error looking up robot pose: Lookup would require extrapolation into the future.  Requested time 1756919085.976915 but the latest data is at time 1756919085.722952, when looking up transform from frame [base_link] to frame [map]
[explore-10] 
[bt_navigator-6] [INFO] [1756919086.319872470] [bt_navigator]: Begin navigating from current location (0.00, 0.00) to (-3.42, 0.23)
[controller_server-2] [INFO] [1756919086.340532720] [controller_server]: Received a goal, begin computing control effort.
[controller_server-2] [WARN] [1756919086.340584960] [controller_server]: No goal checker was specified in parameter 'current_goal_checker'. Server will use only plugin loaded goal_checker . This warning will appear once.
[controller_server-2] [INFO]