[INFO] [launch]: All log files can be found below /home/robot/.ros/log/2025-09-02-17-28-55-153320-robot-pc04-39271
[INFO] [launch]: Default logging verbosity is set to INFO
[INFO] [async_slam_toolbox_node-1]: process started with pid [39282]
[INFO] [controller_server-2]: process started with pid [39284]
[INFO] [smoother_server-3]: process started with pid [39286]
[INFO] [planner_server-4]: process started with pid [39288]
[INFO] [behavior_server-5]: process started with pid [39290]
[INFO] [bt_navigator-6]: process started with pid [39292]
[INFO] [waypoint_follower-7]: process started with pid [39294]
[INFO] [velocity_smoother-8]: process started with pid [39296]
[INFO] [lifecycle_manager-9]: process started with pid [39298]
[INFO] [explore-10]: process started with pid [39300]
[INFO] [rviz2-11]: process started with pid [39302]
[async_slam_toolbox_node-1] [INFO] [1756826935.259149447] [slam]: Node using stack size 40000000
[velocity_smoother-8] [INFO] [1756826935.262954031] [velocity_smoother]: 
[velocity_smoother-8] 	velocity_smoother lifecycle node launched. 
[velocity_smoother-8] 	Waiting on external lifecycle transitions to activate
[velocity_smoother-8] 	See https://design.ros2.org/articles/node_lifecycle.html for more information.
[waypoint_follower-7] [INFO] [1756826935.263755754] [waypoint_follower]: 
[waypoint_follower-7] 	waypoint_follower lifecycle node launched. 
[waypoint_follower-7] 	Waiting on external lifecycle transitions to activate
[waypoint_follower-7] 	See https://design.ros2.org/articles/node_lifecycle.html for more information.
[planner_server-4] [INFO] [1756826935.263918248] [planner_server]: 
[planner_server-4] 	planner_server lifecycle node launched. 
[planner_server-4] 	Waiting on external lifecycle transitions to activate
[planner_server-4] 	See https://design.ros2.org/articles/node_lifecycle.html for more information.
[controller_server-2] [INFO] [1756826935.263971802] [controller_server]: 
[controller_server-2] 	controller_server lifecycle node launched. 
[controller_server-2] 	Waiting on external lifecycle transitions to activate
[controller_server-2] 	See https://design.ros2.org/articles/node_lifecycle.html for more information.
[waypoint_follower-7] [INFO] [1756826935.264165494] [waypoint_follower]: Creating
[planner_server-4] [INFO] [1756826935.265091368] [planner_server]: Creating
[smoother_server-3] [INFO] [1756826935.265597792] [smoother_server]: 
[smoother_server-3] 	smoother_server lifecycle node launched. 
[smoother_server-3] 	Waiting on external lifecycle transitions to activate
[smoother_server-3] 	See https://design.ros2.org/articles/node_lifecycle.html for more information.
[controller_server-2] [INFO] [1756826935.265794208] [controller_server]: Creating controller server
[smoother_server-3] [INFO] [1756826935.266352534] [smoother_server]: Creating smoother server
[bt_navigator-6] [INFO] [1756826935.266384095] [bt_navigator]: 
[bt_navigator-6] 	bt_navigator lifecycle node launched. 
[bt_navigator-6] 	Waiting on external lifecycle transitions to activate
[bt_navigator-6] 	See https://design.ros2.org/articles/node_lifecycle.html for more information.
[bt_navigator-6] [INFO] [1756826935.266484207] [bt_navigator]: Creating
[behavior_server-5] [INFO] [1756826935.266987466] [behavior_server]: 
[behavior_server-5] 	behavior_server lifecycle node launched. 
[behavior_server-5] 	Waiting on external lifecycle transitions to activate
[behavior_server-5] 	See https://design.ros2.org/articles/node_lifecycle.html for more information.
[lifecycle_manager-9] [INFO] [1756826935.267403437] [lifecycle_manager_navigation]: Creating
[lifecycle_manager-9] [INFO] [1756826935.268587797] [lifecycle_manager_navigation]: [34m[1mCreating and initializing lifecycle service clients[0m[0m
[explore-10] [INFO] [1756826935.268770011] [explore_node]: Waiting for costmap to become available, topic: map
[controller_server-2] [INFO] [1756826935.270999236] [local_costmap.local_costmap]: 
[controller_server-2] 	local_costmap lifecycle node launched. 
[controller_server-2] 	Waiting on external lifecycle transitions to activate
[controller_server-2] 	See https://design.ros2.org/articles/node_lifecycle.html for more information.
[planner_server-4] [INFO] [1756826935.271143727] [global_costmap.global_costmap]: 
[planner_server-4] 	global_costmap lifecycle node launched. 
[planner_server-4] 	Waiting on external lifecycle transitions to activate
[planner_server-4] 	See https://design.ros2.org/articles/node_lifecycle.html for more information.
[controller_server-2] [INFO] [1756826935.271238034] [local_costmap.local_costmap]: Creating Costmap
[planner_server-4] [INFO] [1756826935.271357764] [global_costmap.global_costmap]: Creating Costmap
[lifecycle_manager-9] [INFO] [1756826935.273539273] [lifecycle_manager_navigation]: [34m[1mStarting managed nodes bringup...[0m[0m
[lifecycle_manager-9] [INFO] [1756826935.273561262] [lifecycle_manager_navigation]: [34m[1mConfiguring controller_server[0m[0m
[controller_server-2] [INFO] [1756826935.273658941] [controller_server]: Configuring controller interface
[controller_server-2] [INFO] [1756826935.273713939] [controller_server]: getting goal checker plugins..
[controller_server-2] [INFO] [1756826935.273765400] [controller_server]: Controller frequency set to 10.0000Hz
[controller_server-2] [INFO] [1756826935.273782295] [local_costmap.local_costmap]: Configuring
[async_slam_toolbox_node-1] [INFO] [1756826935.275159387] [slam]: Using solver plugin solver_plugins::CeresSolver
[async_slam_toolbox_node-1] [INFO] [1756826935.275267494] [slam]: CeresSolver: Using SCHUR_JACOBI preconditioner.
[controller_server-2] [INFO] [1756826935.275427797] [local_costmap.local_costmap]: Using plugin "static_layer"
[controller_server-2] [INFO] [1756826935.276891195] [local_costmap.local_costmap]: Subscribing to the map topic (/map) with transient local durability
[controller_server-2] [INFO] [1756826935.277309867] [local_costmap.local_costmap]: Initialized plugin "static_layer"
[controller_server-2] [INFO] [1756826935.277320048] [local_costmap.local_costmap]: Using plugin "obstacle_layer"
[controller_server-2] [INFO] [1756826935.277441311] [local_costmap.local_costmap]: Subscribed to Topics: scan
[controller_server-2] [INFO] [1756826935.279019759] [local_costmap.local_costmap]: Initialized plugin "obstacle_layer"
[controller_server-2] [INFO] [1756826935.279042817] [local_costmap.local_costmap]: Using plugin "inflation_layer"
[controller_server-2] [INFO] [1756826935.279361845] [local_costmap.local_costmap]: Initialized plugin "inflation_layer"
[controller_server-2] [INFO] [1756826935.283763401] [controller_server]: Created progress_checker : progress_checker of type nav2_controller::SimpleProgressChecker
[controller_server-2] [INFO] [1756826935.284143078] [controller_server]: Created goal checker : goal_checker of type nav2_controller::SimpleGoalChecker
[controller_server-2] [INFO] [1756826935.284294617] [controller_server]: Controller Server has goal_checker  goal checkers available.
[controller_server-2] [INFO] [1756826935.284675019] [controller_server]: Created controller : FollowPath of type nav2_regulated_pure_pursuit_controller::RegulatedPurePursuitController
[controller_server-2] [INFO] [1756826935.286470636] [controller_server]: Controller Server has FollowPath  controllers available.
[lifecycle_manager-9] [INFO] [1756826935.289862621] [lifecycle_manager_navigation]: [34m[1mConfiguring smoother_server[0m[0m
[smoother_server-3] [INFO] [1756826935.289988548] [smoother_server]: Configuring smoother server
[smoother_server-3] [INFO] [1756826935.293079622] [smoother_server]: Created smoother : simple_smoother of type nav2_smoother::SimpleSmoother
[smoother_server-3] [INFO] [1756826935.293286043] [smoother_server]: Smoother Server has simple_smoother  smoothers available.
[lifecycle_manager-9] [INFO] [1756826935.295144874] [lifecycle_manager_navigation]: [34m[1mConfiguring planner_server[0m[0m
[planner_server-4] [INFO] [1756826935.295289722] [planner_server]: Configuring
[planner_server-4] [INFO] [1756826935.295322088] [global_costmap.global_costmap]: Configuring
[planner_server-4] [INFO] [1756826935.297394270] [global_costmap.global_costmap]: Using plugin "static_layer"
[planner_server-4] [INFO] [1756826935.298777456] [global_costmap.global_costmap]: Subscribing to the map topic (/map) with transient local durability
[planner_server-4] [INFO] [1756826935.299184095] [global_costmap.global_costmap]: Initialized plugin "static_layer"
[planner_server-4] [INFO] [1756826935.299192873] [global_costmap.global_costmap]: Using plugin "obstacle_layer"
[planner_server-4] [INFO] [1756826935.299325671] [global_costmap.global_costmap]: Subscribed to Topics: scan
[planner_server-4] [INFO] [1756826935.300282837] [global_costmap.global_costmap]: Initialized plugin "obstacle_layer"
[planner_server-4] [INFO] [1756826935.300292465] [global_costmap.global_costmap]: Using plugin "inflation_layer"
[planner_server-4] [ERROR] [1756826935.300420290] [global_costmap.global_costmap]: Caught exception in callback for transition 10
[planner_server-4] [ERROR] [1756826935.300427561] [global_costmap.global_costmap]: Original error: parameter 'inflation_layer.cost_scaling_factor' has invalid type: Wrong parameter type, parameter {inflation_layer.cost_scaling_factor} is of type {double}, setting it to {integer} is not allowed.
[planner_server-4] [WARN] [1756826935.300437020] [global_costmap.global_costmap]: Error occurred while doing error handling.
[planner_server-4] [FATAL] [1756826935.300441736] [global_costmap.global_costmap]: Lifecycle node global_costmap does not have error state implemented
[planner_server-4] [INFO] [1756826935.300689513] [planner_server]: Created global planner plugin GridBased of type nav2_navfn_planner/NavfnPlanner
[planner_server-4] [INFO] [1756826935.300697472] [planner_server]: Configuring plugin GridBased of type NavfnPlanner
[planner_server-4] [INFO] [1756826935.300834230] [planner_server]: Planner Server has GridBased  planners available.
[lifecycle_manager-9] [INFO] [1756826935.303522786] [lifecycle_manager_navigation]: [34m[1mConfiguring behavior_server[0m[0m
[behavior_server-5] [INFO] [1756826935.303680217] [behavior_server]: Configuring
[behavior_server-5] [INFO] [1756826935.306753940] [behavior_server]: Creating behavior plugin spin of type nav2_behaviors/Spin
[behavior_server-5] [INFO] [1756826935.307114182] [behavior_server]: Configuring spin
[behavior_server-5] [INFO] [1756826935.308499266] [behavior_server]: Creating behavior plugin backup of type nav2_behaviors/BackUp
[behavior_server-5] [INFO] [1756826935.308819107] [behavior_server]: Configuring backup
[behavior_server-5] [INFO] [1756826935.309906503] [behavior_server]: Creating behavior plugin drive_on_heading of type nav2_behaviors/DriveOnHeading
[behavior_server-5] [INFO] [1756826935.310218664] [behavior_server]: Configuring drive_on_heading
[behavior_server-5] [INFO] [1756826935.311437016] [behavior_server]: Creating behavior plugin wait of type nav2_behaviors/Wait
[behavior_server-5] [INFO] [1756826935.311912864] [behavior_server]: Configuring wait
[behavior_server-5] [INFO] [1756826935.313765066] [behavior_server]: Creating behavior plugin assisted_teleop of type nav2_behaviors/AssistedTeleop
[behavior_server-5] [INFO] [1756826935.314925972] [behavior_server]: Configuring assisted_teleop
[lifecycle_manager-9] [INFO] [1756826935.318232169] [lifecycle_manager_navigation]: [34m[1mConfiguring bt_navigator[0m[0m
[bt_navigator-6] [INFO] [1756826935.318415428] [bt_navigator]: Configuring
[lifecycle_manager-9] [INFO] [1756826935.339293163] [lifecycle_manager_navigation]: [34m[1mConfiguring waypoint_follower[0m[0m
[waypoint_follower-7] [INFO] [1756826935.339413422] [waypoint_follower]: Configuring
[waypoint_follower-7] [INFO] [1756826935.344767426] [waypoint_follower]: Created waypoint_task_executor : wait_at_waypoint of type nav2_waypoint_follower::WaitAtWaypoint
[lifecycle_manager-9] [INFO] [1756826935.345043744] [lifecycle_manager_navigation]: [34m[1mConfiguring velocity_smoother[0m[0m
[velocity_smoother-8] [INFO] [1756826935.345132070] [velocity_smoother]: Configuring velocity smoother
[lifecycle_manager-9] [INFO] [1756826935.346139984] [lifecycle_manager_navigation]: [34m[1mActivating controller_server[0m[0m
[controller_server-2] [INFO] [1756826935.346192404] [controller_server]: Activating
[controller_server-2] [INFO] [1756826935.346212800] [local_costmap.local_costmap]: Activating
[controller_server-2] [INFO] [1756826935.346219936] [local_costmap.local_costmap]: Checking transform
[controller_server-2] [INFO] [1756826935.346233111] [local_costmap.local_costmap]: Timed out waiting for transform from base_link to odom to become available, tf error: Invalid frame ID "odom" passed to canTransform argument target_frame - frame does not exist
[rviz2-11] [INFO] [1756826935.676037549] [rviz2]: Stereo is NOT SUPPORTED
[rviz2-11] [INFO] [1756826935.676091875] [rviz2]: OpenGl version: 4.6 (GLSL 4.6)
[rviz2-11] [INFO] [1756826935.711874211] [rviz2]: Stereo is NOT SUPPORTED
[controller_server-2] [INFO] [1756826935.846285428] [local_costmap.local_costmap]: Timed out waiting for transform from base_link to odom to become available, tf error: Invalid frame ID "odom" passed to canTransform argument target_frame - frame does not exist
[controller_server-2] [INFO] [1756826936.346293280] [local_costmap.local_costmap]: Timed out waiting for transform from base_link to odom to become available, tf error: Invalid frame ID "odom" passed to canTransform argument target_frame - frame does not exist
[controller_server-2] [INFO] [1756826936.846322869] [local_costmap.local_costmap]: Timed out waiting for transform from base_link to odom to become available, tf error: Invalid frame ID "odom" passed to canTransform argument target_frame - frame does not exist
[controller_server-2] [INFO] [1756826937.346317426] [local_costmap.local_costmap]: Timed out waiting for transform from base_link to odom to become available, tf error: Invalid frame ID "odom" passed to canTransform argument target_frame - frame does not exist
[controller_server-2] [INFO] [1756826937.846281846] [local_costmap.local_costmap]: Timed out waiting for transform from base_link to odom to become available, tf error: Invalid frame ID "odom" passed to canTransform argument target_frame - frame does not exist
[controller_server-2] [INFO] [1756826938.346294905] [local_costmap.local_costmap]: Timed out waiting for transform from base_link to odom to become available, tf error: Invalid frame ID "odom" passed to canTransform argument target_frame - frame does not exist
[controller_server-2] [INFO] [1756826938.846328987] [local_costmap.local_costmap]: Timed out waiting for transform from base_link to odom to become available, tf error: Invalid frame ID "odom" passed to canTransform argument target_frame - frame does not exist
[async_slam_toolbox_node-1] [WARN] [1756826939.260368763] [slam]: minimum laser range setting (0.0 m) exceeds the capabilities of the used Lidar (0.1 m)
[controller_server-2] [INFO] [1756826939.279063807] [local_costmap.local_costmap]: StaticLayer: Resizing static layer to 69 X 43 at 0.040000 m/pix
[planner_server-4] [INFO] [1756826939.279111802] [global_costmap.global_costmap]: StaticLayer: Resizing costmap to 69 X 43 at 0.040000 m/pix
[rviz2-11] [INFO] [1756826939.310891977] [rviz2]: Trying to create a map of size 69 x 43 using 1 swatches
[controller_server-2] [INFO] [1756826939.346596619] [local_costmap.local_costmap]: start
[rviz2-11] [ERROR] [1756826939.470972535] [rviz2]: Lookup would require extrapolation into the future.  Requested time 1756826939.453680 but the latest data is at time 1756826939.431949, when looking up transform from frame [laser] to frame [map]
[rviz2-11] [INFO] [1756826939.568578276] [rviz2]: Trying to create a map of size 100 x 100 using 1 swatches
[controller_server-2] [INFO] [1756826939.598553577] [controller_server]: Activating controller: FollowPath of type regulated_pure_pursuit_controller::RegulatedPurePursuitController
[controller_server-2] [INFO] [1756826939.598673718] [controller_server]: Creating bond (controller_server) to lifecycle manager.
[lifecycle_manager-9] [INFO] [1756826939.708145637] [lifecycle_manager_navigation]: Server controller_server connected with 