[INFO] [launch]: All log files can be found below /home/robot/.ros/log/2025-09-02-17-51-51-543856-robot-pc04-44104
[INFO] [launch]: Default logging verbosity is set to INFO
[INFO] [async_slam_toolbox_node-1]: process started with pid [44116]
[INFO] [controller_server-2]: process started with pid [44118]
[INFO] [smoother_server-3]: process started with pid [44120]
[INFO] [planner_server-4]: process started with pid [44122]
[INFO] [behavior_server-5]: process started with pid [44124]
[INFO] [bt_navigator-6]: process started with pid [44126]
[INFO] [waypoint_follower-7]: process started with pid [44128]
[INFO] [velocity_smoother-8]: process started with pid [44130]
[INFO] [lifecycle_manager-9]: process started with pid [44132]
[INFO] [explore-10]: process started with pid [44134]
[INFO] [rviz2-11]: process started with pid [44136]
[async_slam_toolbox_node-1] [INFO] [1756828311.649102227] [slam]: Node using stack size 40000000
[waypoint_follower-7] [INFO] [1756828311.653029261] [waypoint_follower]: 
[waypoint_follower-7] 	waypoint_follower lifecycle node launched. 
[waypoint_follower-7] 	Waiting on external lifecycle transitions to activate
[waypoint_follower-7] 	See https://design.ros2.org/articles/node_lifecycle.html for more information.
[waypoint_follower-7] [INFO] [1756828311.653286291] [waypoint_follower]: Creating
[lifecycle_manager-9] [INFO] [1756828311.654096204] [lifecycle_manager_navigation]: Creating
[controller_server-2] [INFO] [1756828311.654236412] [controller_server]: 
[controller_server-2] 	controller_server lifecycle node launched. 
[controller_server-2] 	Waiting on external lifecycle transitions to activate
[controller_server-2] 	See https://design.ros2.org/articles/node_lifecycle.html for more information.
[behavior_server-5] [INFO] [1756828311.654873703] [behavior_server]: 
[behavior_server-5] 	behavior_server lifecycle node launched. 
[behavior_server-5] 	Waiting on external lifecycle transitions to activate
[behavior_server-5] 	See https://design.ros2.org/articles/node_lifecycle.html for more information.
[smoother_server-3] [INFO] [1756828311.655093730] [smoother_server]: 
[smoother_server-3] 	smoother_server lifecycle node launched. 
[smoother_server-3] 	Waiting on external lifecycle transitions to activate
[smoother_server-3] 	See https://design.ros2.org/articles/node_lifecycle.html for more information.
[lifecycle_manager-9] [INFO] [1756828311.655428419] [lifecycle_manager_navigation]: [34m[1mCreating and initializing lifecycle service clients[0m[0m
[smoother_server-3] [INFO] [1756828311.655798441] [smoother_server]: Creating smoother server
[bt_navigator-6] [INFO] [1756828311.656790026] [bt_navigator]: 
[bt_navigator-6] 	bt_navigator lifecycle node launched. 
[bt_navigator-6] 	Waiting on external lifecycle transitions to activate
[bt_navigator-6] 	See https://design.ros2.org/articles/node_lifecycle.html for more information.
[bt_navigator-6] [INFO] [1756828311.656858389] [bt_navigator]: Creating
[planner_server-4] [INFO] [1756828311.657236529] [planner_server]: 
[planner_server-4] 	planner_server lifecycle node launched. 
[planner_server-4] 	Waiting on external lifecycle transitions to activate
[planner_server-4] 	See https://design.ros2.org/articles/node_lifecycle.html for more information.
[controller_server-2] [INFO] [1756828311.657788218] [controller_server]: Creating controller server
[planner_server-4] [INFO] [1756828311.658124453] [planner_server]: Creating
[velocity_smoother-8] [INFO] [1756828311.658485638] [velocity_smoother]: 
[velocity_smoother-8] 	velocity_smoother lifecycle node launched. 
[velocity_smoother-8] 	Waiting on external lifecycle transitions to activate
[velocity_smoother-8] 	See https://design.ros2.org/articles/node_lifecycle.html for more information.
[explore-10] [INFO] [1756828311.661312002] [explore_node]: Waiting for costmap to become available, topic: map
[lifecycle_manager-9] [INFO] [1756828311.662169779] [lifecycle_manager_navigation]: [34m[1mStarting managed nodes bringup...[0m[0m
[lifecycle_manager-9] [INFO] [1756828311.662196453] [lifecycle_manager_navigation]: [34m[1mConfiguring controller_server[0m[0m
[planner_server-4] [INFO] [1756828311.663459937] [global_costmap.global_costmap]: 
[planner_server-4] 	global_costmap lifecycle node launched. 
[planner_server-4] 	Waiting on external lifecycle transitions to activate
[planner_server-4] 	See https://design.ros2.org/articles/node_lifecycle.html for more information.
[planner_server-4] [INFO] [1756828311.663730727] [global_costmap.global_costmap]: Creating Costmap
[controller_server-2] [INFO] [1756828311.664046408] [local_costmap.local_costmap]: 
[controller_server-2] 	local_costmap lifecycle node launched. 
[controller_server-2] 	Waiting on external lifecycle transitions to activate
[controller_server-2] 	See https://design.ros2.org/articles/node_lifecycle.html for more information.
[controller_server-2] [INFO] [1756828311.664244929] [local_costmap.local_costmap]: Creating Costmap
[async_slam_toolbox_node-1] [INFO] [1756828311.664344958] [slam]: Using solver plugin solver_plugins::CeresSolver
[async_slam_toolbox_node-1] [INFO] [1756828311.664457994] [slam]: CeresSolver: Using SCHUR_JACOBI preconditioner.
[controller_server-2] [INFO] [1756828311.664639412] [controller_server]: Configuring controller interface
[controller_server-2] [INFO] [1756828311.664688150] [controller_server]: getting goal checker plugins..
[controller_server-2] [INFO] [1756828311.664734008] [controller_server]: Controller frequency set to 10.0000Hz
[controller_server-2] [INFO] [1756828311.664746779] [local_costmap.local_costmap]: Configuring
[controller_server-2] [INFO] [1756828311.666440973] [local_costmap.local_costmap]: Using plugin "static_layer"
[controller_server-2] [INFO] [1756828311.667930748] [local_costmap.local_costmap]: Subscribing to the map topic (/map) with transient local durability
[controller_server-2] [INFO] [1756828311.668380459] [local_costmap.local_costmap]: Initialized plugin "static_layer"
[controller_server-2] [INFO] [1756828311.668390384] [local_costmap.local_costmap]: Using plugin "obstacle_layer"
[controller_server-2] [INFO] [1756828311.668501194] [local_costmap.local_costmap]: Subscribed to Topics: scan
[controller_server-2] [INFO] [1756828311.669417112] [local_costmap.local_costmap]: Initialized plugin "obstacle_layer"
[controller_server-2] [INFO] [1756828311.669429062] [local_costmap.local_costmap]: Using plugin "inflation_layer"
[controller_server-2] [INFO] [1756828311.669628147] [local_costmap.local_costmap]: Initialized plugin "inflation_layer"
[controller_server-2] [INFO] [1756828311.672471890] [controller_server]: Created progress_checker : progress_checker of type nav2_controller::SimpleProgressChecker
[controller_server-2] [INFO] [1756828311.672739624] [controller_server]: Created goal checker : goal_checker of type nav2_controller::SimpleGoalChecker
[controller_server-2] [INFO] [1756828311.672831029] [controller_server]: Controller Server has goal_checker  goal checkers available.
[controller_server-2] [INFO] [1756828311.673059792] [controller_server]: Created controller : FollowPath of type nav2_regulated_pure_pursuit_controller::RegulatedPurePursuitController
[controller_server-2] [INFO] [1756828311.674195275] [controller_server]: Controller Server has FollowPath  controllers available.
[lifecycle_manager-9] [INFO] [1756828311.676198309] [lifecycle_manager_navigation]: [34m[1mConfiguring smoother_server[0m[0m
[smoother_server-3] [INFO] [1756828311.676304144] [smoother_server]: Configuring smoother server
[smoother_server-3] [INFO] [1756828311.679425670] [smoother_server]: Created smoother : simple_smoother of type nav2_smoother::SimpleSmoother
[smoother_server-3] [INFO] [1756828311.679578806] [smoother_server]: Smoother Server has simple_smoother  smoothers available.
[lifecycle_manager-9] [INFO] [1756828311.682033650] [lifecycle_manager_navigation]: [34m[1mConfiguring planner_server[0m[0m
[planner_server-4] [INFO] [1756828311.682140856] [planner_server]: Configuring
[planner_server-4] [INFO] [1756828311.682161466] [global_costmap.global_costmap]: Configuring
[planner_server-4] [INFO] [1756828311.683862202] [global_costmap.global_costmap]: Using plugin "static_layer"
[planner_server-4] [INFO] [1756828311.685279521] [global_costmap.global_costmap]: Subscribing to the map topic (/map) with transient local durability
[planner_server-4] [INFO] [1756828311.685706437] [global_costmap.global_costmap]: Initialized plugin "static_layer"
[planner_server-4] [INFO] [1756828311.685715600] [global_costmap.global_costmap]: Using plugin "obstacle_layer"
[planner_server-4] [INFO] [1756828311.685837253] [global_costmap.global_costmap]: Subscribed to Topics: scan
[planner_server-4] [INFO] [1756828311.686816993] [global_costmap.global_costmap]: Initialized plugin "obstacle_layer"
[planner_server-4] [INFO] [1756828311.686835780] [global_costmap.global_costmap]: Using plugin "inflation_layer"
[planner_server-4] [ERROR] [1756828311.686931087] [global_costmap.global_costmap]: Caught exception in callback for transition 10
[planner_server-4] [ERROR] [1756828311.686935743] [global_costmap.global_costmap]: Original error: parameter 'inflation_layer.cost_scaling_factor' has invalid type: Wrong parameter type, parameter {inflation_layer.cost_scaling_factor} is of type {double}, setting it to {integer} is not allowed.
[planner_server-4] [WARN] [1756828311.686945919] [global_costmap.global_costmap]: Error occurred while doing error handling.
[planner_server-4] [FATAL] [1756828311.686950225] [global_costmap.global_costmap]: Lifecycle node global_costmap does not have error state implemented
[planner_server-4] [INFO] [1756828311.687182832] [planner_server]: Created global planner plugin GridBased of type nav2_navfn_planner/NavfnPlanner
[planner_server-4] [INFO] [1756828311.687191420] [planner_server]: Configuring plugin GridBased of type NavfnPlanner
[planner_server-4] [INFO] [1756828311.687312742] [planner_server]: Planner Server has GridBased  planners available.
[lifecycle_manager-9] [INFO] [1756828311.690062784] [lifecycle_manager_navigation]: [34m[1mConfiguring behavior_server[0m[0m
[behavior_server-5] [INFO] [1756828311.690210592] [behavior_server]: Configuring
[behavior_server-5] [INFO] [1756828311.694687394] [behavior_server]: Creating behavior plugin spin of type nav2_behaviors/Spin
[behavior_server-5] [INFO] [1756828311.695275343] [behavior_server]: Configuring spin
[behavior_server-5] [INFO] [1756828311.697295934] [behavior_server]: Creating behavior plugin backup of type nav2_behaviors/BackUp
[behavior_server-5] [INFO] [1756828311.697622913] [behavior_server]: Configuring backup
[behavior_server-5] [INFO] [1756828311.698680968] [behavior_server]: Creating behavior plugin drive_on_heading of type nav2_behaviors/DriveOnHeading
[behavior_server-5] [INFO] [1756828311.699023075] [behavior_server]: Configuring drive_on_heading
[behavior_server-5] [INFO] [1756828311.700369959] [behavior_server]: Creating behavior plugin wait of type nav2_behaviors/Wait
[behavior_server-5] [INFO] [1756828311.700670334] [behavior_server]: Configuring wait
[behavior_server-5] [INFO] [1756828311.701732002] [behavior_server]: Creating behavior plugin assisted_teleop of type nav2_behaviors/AssistedTeleop
[behavior_server-5] [INFO] [1756828311.702440447] [behavior_server]: Configuring assisted_teleop
[lifecycle_manager-9] [INFO] [1756828311.704260821] [lifecycle_manager_navigation]: [34m[1mConfiguring bt_navigator[0m[0m
[bt_navigator-6] [INFO] [1756828311.704415021] [bt_navigator]: Configuring
[lifecycle_manager-9] [INFO] [1756828311.739726047] [lifecycle_manager_navigation]: [34m[1mConfiguring waypoint_follower[0m[0m
[waypoint_follower-7] [INFO] [1756828311.739878325] [waypoint_follower]: Configuring
[waypoint_follower-7] [INFO] [1756828311.745697484] [waypoint_follower]: Created waypoint_task_executor : wait_at_waypoint of type nav2_waypoint_follower::WaitAtWaypoint
[lifecycle_manager-9] [INFO] [1756828311.745992234] [lifecycle_manager_navigation]: [34m[1mConfiguring velocity_smoother[0m[0m
[velocity_smoother-8] [INFO] [1756828311.746100229] [velocity_smoother]: Configuring velocity smoother
[lifecycle_manager-9] [INFO] [1756828311.747202710] [lifecycle_manager_navigation]: [34m[1mActivating controller_server[0m[0m
[controller_server-2] [INFO] [1756828311.747287236] [controller_server]: Activating
[controller_server-2] [INFO] [1756828311.747321291] [local_costmap.local_costmap]: Activating
[controller_server-2] [INFO] [1756828311.747334699] [local_costmap.local_costmap]: Checking transform
[controller_server-2] [INFO] [1756828311.747357223] [local_costmap.local_costmap]: Timed out waiting for transform from base_link to odom to become available, tf error: Invalid frame ID "odom" passed to canTransform argument target_frame - frame does not exist
[rviz2-11] [INFO] [1756828312.035198983] [rviz2]: Stereo is NOT SUPPORTED
[rviz2-11] [INFO] [1756828312.035255208] [rviz2]: OpenGl version: 4.6 (GLSL 4.6)
[rviz2-11] [INFO] [1756828312.072498095] [rviz2]: Stereo is NOT SUPPORTED
[controller_server-2] [INFO] [1756828312.247452844] [local_costmap.local_costmap]: Timed out waiting for transform from base_link to odom to become available, tf error: Invalid frame ID "odom" passed to canTransform argument target_frame - frame does not exist
[controller_server-2] [INFO] [1756828312.747438367] [local_costmap.local_costmap]: Timed out waiting for transform from base_link to odom to become available, tf error: Invalid frame ID "odom" passed to canTransform argument target_frame - frame does not exist
[controller_server-2] [INFO] [1756828313.247442893] [local_costmap.local_costmap]: Timed out waiting for transform from base_link to odom to become available, tf error: Invalid frame ID "odom" passed to canTransform argument target_frame - frame does not exist
[controller_server-2] [INFO] [1756828313.747444744] [local_costmap.local_costmap]: Timed out waiting for transform from base_link to odom to become available, tf error: Invalid frame ID "odom" passed to canTransform argument target_frame - frame does not exist
[controller_server-2] [INFO] [1756828314.247449502] [local_costmap.local_costmap]: Timed out waiting for transform from base_link to odom to become available, tf error: Invalid frame ID "odom" passed to canTransform argument target_frame - frame does not exist
[controller_server-2] [INFO] [1756828314.747657051] [local_costmap.local_costmap]: start
[controller_server-2] [INFO] [1756828314.950182738] [controller_server]: Activating controller: FollowPath of type regulated_pure_pursuit_controller::RegulatedPurePursuitController
[controller_server-2] [INFO] [1756828314.950303366] [controller_server]: Creating bond (controller_server) to lifecycle manager.
[lifecycle_manager-9] [INFO] [1756828315.059972390] [lifecycle_manager_navigation]: Server controller_server connected with bond.
[lifecycle_manager-9] [INFO] [1756828315.060089193] [lifecycle_manager_navigation]: [34m[1mActivating smoother_server[0m[0m
[smoother_server-3] [INFO] [1756828315.060740672] [smoother_server]: Activating
[smoother_server-3] [INFO] [1756828315.060859102] [smoother_server]: Creating bond (smoother_server) to lifecycle manager.
[lifecycle_manager-9] [INFO] [1756828315.169360265] [lifecycle_manager_navigation]: Server smoother_server connected with bond.
[lifecycle_manager-9] [INFO] [1756828315.169470368] [lifecycle_manager_navigation]: [34m[1mActivating planner_server[0m[0m
[planner_server-4] [INFO] [1756828315.170081486] [planner_server]: Activating
[planner_server-4] [WARN] [1756828315.170163605] [rcl_lifecycle]: No transition matching 3 found for current state unconfigured
[planner_server-4] [INFO] [1756828315.170183374] [planner_server]: Activating plugin GridBased of type NavfnPlanner
[planner_server-4] [INFO] [1756828315.171298459] [planner_server]: Creating bond (planner_server) to lifecycle manager.
[lifecycle_manager-9] [INFO] [1756828315.275147822] [lifecycle_manager_navigation]: Server planner_server connected with bond.
[lifecycle_manager-9] [INFO] [1756828315.275260066] [lifecycle_manager_navigation]: [34m[1mActivating behavior_server[0m[0m
[behavior_server-5] [INFO] [1756828315.276044840] [behavior_server]: Activating
[behavior_server-5] [INFO] [1756828315.276125301] [beha