[INFO] [launch]: All log files can be found below /home/robot/.ros/log/2025-09-01-18-18-05-858051-robot-pc04-28108
[INFO] [launch]: Default logging verbosity is set to INFO
[INFO] [async_slam_toolbox_node-1]: process started with pid [28112]
[INFO] [controller_server-2]: process started with pid [28114]
[INFO] [smoother_server-3]: process started with pid [28116]
[INFO] [planner_server-4]: process started with pid [28118]
[INFO] [behavior_server-5]: process started with pid [28120]
[INFO] [bt_navigator-6]: process started with pid [28122]
[INFO] [waypoint_follower-7]: process started with pid [28124]
[INFO] [velocity_smoother-8]: process started with pid [28126]
[INFO] [lifecycle_manager-9]: process started with pid [28128]
[INFO] [explore-10]: process started with pid [28130]
[INFO] [rviz2-11]: process started with pid [28132]
[async_slam_toolbox_node-1] [INFO] [1756743485.963177263] [slam]: Node using stack size 40000000
[smoother_server-3] [INFO] [1756743485.965449325] [smoother_server]: 
[smoother_server-3] 	smoother_server lifecycle node launched. 
[smoother_server-3] 	Waiting on external lifecycle transitions to activate
[smoother_server-3] 	See https://design.ros2.org/articles/node_lifecycle.html for more information.
[velocity_smoother-8] [INFO] [1756743485.965788061] [velocity_smoother]: 
[velocity_smoother-8] 	velocity_smoother lifecycle node launched. 
[velocity_smoother-8] 	Waiting on external lifecycle transitions to activate
[velocity_smoother-8] 	See https://design.ros2.org/articles/node_lifecycle.html for more information.
[waypoint_follower-7] [INFO] [1756743485.966117313] [waypoint_follower]: 
[waypoint_follower-7] 	waypoint_follower lifecycle node launched. 
[waypoint_follower-7] 	Waiting on external lifecycle transitions to activate
[waypoint_follower-7] 	See https://design.ros2.org/articles/node_lifecycle.html for more information.
[smoother_server-3] [INFO] [1756743485.966133698] [smoother_server]: Creating smoother server
[planner_server-4] [INFO] [1756743485.966249001] [planner_server]: 
[planner_server-4] 	planner_server lifecycle node launched. 
[planner_server-4] 	Waiting on external lifecycle transitions to activate
[planner_server-4] 	See https://design.ros2.org/articles/node_lifecycle.html for more information.
[waypoint_follower-7] [INFO] [1756743485.966376892] [waypoint_follower]: Creating
[planner_server-4] [INFO] [1756743485.966924746] [planner_server]: Creating
[lifecycle_manager-9] [INFO] [1756743485.968757571] [lifecycle_manager_navigation]: Creating
[controller_server-2] [INFO] [1756743485.968708180] [controller_server]: 
[controller_server-2] 	controller_server lifecycle node launched. 
[controller_server-2] 	Waiting on external lifecycle transitions to activate
[controller_server-2] 	See https://design.ros2.org/articles/node_lifecycle.html for more information.
[lifecycle_manager-9] [INFO] [1756743485.969682005] [lifecycle_manager_navigation]: [34m[1mCreating and initializing lifecycle service clients[0m[0m
[behavior_server-5] [INFO] [1756743485.969701980] [behavior_server]: 
[behavior_server-5] 	behavior_server lifecycle node launched. 
[behavior_server-5] 	Waiting on external lifecycle transitions to activate
[behavior_server-5] 	See https://design.ros2.org/articles/node_lifecycle.html for more information.
[explore-10] [INFO] [1756743485.971159128] [explore_node]: Waiting for costmap to become available, topic: map
[controller_server-2] [INFO] [1756743485.972096668] [controller_server]: Creating controller server
[planner_server-4] [INFO] [1756743485.972592362] [global_costmap.global_costmap]: 
[planner_server-4] 	global_costmap lifecycle node launched. 
[planner_server-4] 	Waiting on external lifecycle transitions to activate
[planner_server-4] 	See https://design.ros2.org/articles/node_lifecycle.html for more information.
[planner_server-4] [INFO] [1756743485.972804794] [global_costmap.global_costmap]: Creating Costmap
[bt_navigator-6] [INFO] [1756743485.975048884] [bt_navigator]: 
[bt_navigator-6] 	bt_navigator lifecycle node launched. 
[bt_navigator-6] 	Waiting on external lifecycle transitions to activate
[bt_navigator-6] 	See https://design.ros2.org/articles/node_lifecycle.html for more information.
[bt_navigator-6] [INFO] [1756743485.975146223] [bt_navigator]: Creating
[controller_server-2] [INFO] [1756743485.979143523] [local_costmap.local_costmap]: 
[controller_server-2] 	local_costmap lifecycle node launched. 
[controller_server-2] 	Waiting on external lifecycle transitions to activate
[controller_server-2] 	See https://design.ros2.org/articles/node_lifecycle.html for more information.
[controller_server-2] [INFO] [1756743485.979457175] [local_costmap.local_costmap]: Creating Costmap
[async_slam_toolbox_node-1] [INFO] [1756743485.987186983] [slam]: Using solver plugin solver_plugins::CeresSolver
[async_slam_toolbox_node-1] [INFO] [1756743485.987312748] [slam]: CeresSolver: Using SCHUR_JACOBI preconditioner.
[lifecycle_manager-9] [INFO] [1756743486.134428413] [lifecycle_manager_navigation]: [34m[1mStarting managed nodes bringup...[0m[0m
[lifecycle_manager-9] [INFO] [1756743486.134458606] [lifecycle_manager_navigation]: [34m[1mConfiguring controller_server[0m[0m
[controller_server-2] [INFO] [1756743486.134619279] [controller_server]: Configuring controller interface
[controller_server-2] [INFO] [1756743486.134736530] [controller_server]: getting goal checker plugins..
[controller_server-2] [INFO] [1756743486.134820686] [controller_server]: Controller frequency set to 10.0000Hz
[controller_server-2] [INFO] [1756743486.134850249] [local_costmap.local_costmap]: Configuring
[controller_server-2] [INFO] [1756743486.136917863] [local_costmap.local_costmap]: Using plugin "static_layer"
[controller_server-2] [INFO] [1756743486.138345183] [local_costmap.local_costmap]: Subscribing to the map topic (/map) with transient local durability
[controller_server-2] [INFO] [1756743486.138768055] [local_costmap.local_costmap]: Initialized plugin "static_layer"
[controller_server-2] [INFO] [1756743486.138777084] [local_costmap.local_costmap]: Using plugin "obstacle_layer"
[controller_server-2] [INFO] [1756743486.138912058] [local_costmap.local_costmap]: Subscribed to Topics: scan
[controller_server-2] [INFO] [1756743486.139880127] [local_costmap.local_costmap]: Initialized plugin "obstacle_layer"
[controller_server-2] [INFO] [1756743486.139891170] [local_costmap.local_costmap]: Using plugin "inflation_layer"
[controller_server-2] [INFO] [1756743486.140359592] [local_costmap.local_costmap]: Initialized plugin "inflation_layer"
[controller_server-2] [INFO] [1756743486.142936670] [controller_server]: Created progress_checker : progress_checker of type nav2_controller::SimpleProgressChecker
[controller_server-2] [INFO] [1756743486.143184259] [controller_server]: Created goal checker : goal_checker of type nav2_controller::SimpleGoalChecker
[controller_server-2] [INFO] [1756743486.143286112] [controller_server]: Controller Server has goal_checker  goal checkers available.
[controller_server-2] [INFO] [1756743486.143540438] [controller_server]: Created controller : FollowPath of type nav2_regulated_pure_pursuit_controller::RegulatedPurePursuitController
[controller_server-2] [INFO] [1756743486.144916870] [controller_server]: Controller Server has FollowPath  controllers available.
[lifecycle_manager-9] [INFO] [1756743486.147094020] [lifecycle_manager_navigation]: [34m[1mConfiguring smoother_server[0m[0m
[smoother_server-3] [INFO] [1756743486.147179463] [smoother_server]: Configuring smoother server
[smoother_server-3] [INFO] [1756743486.150038524] [smoother_server]: Created smoother : simple_smoother of type nav2_smoother::SimpleSmoother
[smoother_server-3] [INFO] [1756743486.150159666] [smoother_server]: Smoother Server has simple_smoother  smoothers available.
[lifecycle_manager-9] [INFO] [1756743486.151587788] [lifecycle_manager_navigation]: [34m[1mConfiguring planner_server[0m[0m
[rviz2-11] [INFO] [1756743486.253776135] [rviz2]: Stereo is NOT SUPPORTED
[rviz2-11] [INFO] [1756743486.253834916] [rviz2]: OpenGl version: 4.6 (GLSL 4.6)
[planner_server-4] [INFO] [1756743486.262164485] [planner_server]: Configuring
[planner_server-4] [INFO] [1756743486.262206835] [global_costmap.global_costmap]: Configuring
[planner_server-4] [INFO] [1756743486.265509429] [global_costmap.global_costmap]: Using plugin "static_layer"
[planner_server-4] [INFO] [1756743486.267898077] [global_costmap.global_costmap]: Subscribing to the map topic (/map) with transient local durability
[planner_server-4] [INFO] [1756743486.268729533] [global_costmap.global_costmap]: Initialized plugin "static_layer"
[planner_server-4] [INFO] [1756743486.268748283] [global_costmap.global_costmap]: Using plugin "obstacle_layer"
[planner_server-4] [INFO] [1756743486.269014284] [global_costmap.global_costmap]: Subscribed to Topics: scan
[planner_server-4] [INFO] [1756743486.271285729] [global_costmap.global_costmap]: Initialized plugin "obstacle_layer"
[planner_server-4] [INFO] [1756743486.271310002] [global_costmap.global_costmap]: Using plugin "inflation_layer"
[planner_server-4] [INFO] [1756743486.271751864] [global_costmap.global_costmap]: Initialized plugin "inflation_layer"
[planner_server-4] [INFO] [1756743486.277301357] [planner_server]: Created global planner plugin GridBased of type nav2_navfn_planner/NavfnPlanner
[planner_server-4] [INFO] [1756743486.277329749] [planner_server]: Configuring plugin GridBased of type NavfnPlanner
[planner_server-4] [INFO] [1756743486.277566780] [planner_server]: Planner Server has GridBased  planners available.
[lifecycle_manager-9] [INFO] [1756743486.282289669] [lifecycle_manager_navigation]: [34m[1mConfiguring behavior_server[0m[0m
[behavior_server-5] [INFO] [1756743486.282427863] [behavior_server]: Configuring
[behavior_server-5] [INFO] [1756743486.288158892] [behavior_server]: Creating behavior plugin spin of type nav2_behaviors/Spin
[behavior_server-5] [INFO] [1756743486.288895997] [behavior_server]: Configuring spin
[behavior_server-5] [INFO] [1756743486.293203885] [behavior_server]: Creating behavior plugin backup of type nav2_behaviors/BackUp
[behavior_server-5] [INFO] [1756743486.293734577] [behavior_server]: Configuring backup
[behavior_server-5] [INFO] [1756743486.295764448] [behavior_server]: Creating behavior plugin drive_on_heading of type nav2_behaviors/DriveOnHeading
[behavior_server-5] [INFO] [1756743486.296281503] [behavior_server]: Configuring drive_on_heading
[behavior_server-5] [INFO] [1756743486.298718307] [behavior_server]: Creating behavior plugin wait of type nav2_behaviors/Wait
[behavior_server-5] [INFO] [1756743486.299177335] [behavior_server]: Configuring wait
[behavior_server-5] [INFO] [1756743486.301134120] [behavior_server]: Creating behavior plugin assisted_teleop of type nav2_behaviors/AssistedTeleop
[behavior_server-5] [INFO] [1756743486.302266546] [behavior_server]: Configuring assisted_teleop
[lifecycle_manager-9] [INFO] [1756743486.305281078] [lifecycle_manager_navigation]: [34m[1mConfiguring bt_navigator[0m[0m
[bt_navigator-6] [INFO] [1756743486.305372758] [bt_navigator]: Configuring
[lifecycle_manager-9] [INFO] [1756743486.319957226] [lifecycle_manager_navigation]: [34m[1mConfiguring waypoint_follower[0m[0m
[waypoint_follower-7] [INFO] [1756743486.320059065] [waypoint_follower]: Configuring
[waypoint_follower-7] [INFO] [1756743486.323329948] [waypoint_follower]: Created waypoint_task_executor : wait_at_waypoint of type nav2_waypoint_follower::WaitAtWaypoint
[lifecycle_manager-9] [INFO] [1756743486.323604524] [lifecycle_manager_navigation]: [34m[1mConfiguring velocity_smoother[0m[0m
[velocity_smoother-8] [INFO] [1756743486.323697533] [velocity_smoother]: Configuring velocity smoother
[lifecycle_manager-9] [INFO] [1756743486.324740934] [lifecycle_manager_navigation]: [34m[1mActivating controller_server[0m[0m
[controller_server-2] [INFO] [1756743486.324812402] [controller_server]: Activating
[controller_server-2] [INFO] [1756743486.324849353] [local_costmap.local_costmap]: Activating
[controller_server-2] [INFO] [1756743486.324863026] [local_costmap.local_costmap]: Checking transform
[controller_server-2] [INFO] [1756743486.324884283] [local_costmap.local_costmap]: Timed out waiting for transform from base_link to odom to become available, tf error: Invalid frame ID "odom" passed to canTransform argument target_frame - frame does not exist
[rviz2-11] [INFO] [1756743486.354974598] [rviz2]: Stereo is NOT SUPPORTED
[controller_server-2] [INFO] [1756743486.824957906] [local_costmap.local_costmap]: Timed out waiting for transform from base_link to odom to become available, tf error: Invalid frame ID "odom" passed to canTransform argument target_frame - frame does not exist
[controller_server-2] [INFO] [1756743487.324968495] [local_costmap.local_costmap]: Timed out waiting for transform from base_link to odom to become available, tf error: Invalid frame ID "odom" passed to canTransform argument target_frame - frame does not exist
[controller_server-2] [INFO] [1756743487.824938264] [local_costmap.local_costmap]: Timed out waiting for transform from base_link to odom to become available, tf error: Invalid frame ID "odom" passed to canTransform argument target_frame - frame does not exist
[controller_server-2] [INFO] [1756743488.324967488] [local_costmap.local_costmap]: Timed out waiting for transform from base_link to odom to become available, tf error: Invalid frame ID "odom" passed to canTransform argument target_frame - frame does not exist
[controller_server-2] [INFO] [1756743488.825067565] [local_costmap.local_costmap]: start
[controller_server-2] [INFO] [1756743489.076276321] [controller_server]: Activating controller: FollowPath of type regulated_pure_pursuit_controller::RegulatedPurePursuitController
[controller_server-2] [INFO] [1756743489.076357531] [controller_server]: Creating bond (controller_server) to lifecycle manager.
[lifecycle_manager-9] [INFO] [1756743489.187353000] [lifecycle_manager_navigation]: Server controller_server connected with bond.
[lifecycle_manager-9] [INFO] [1756743489.187450540] [lifecycle_manager_navigation]: [34m[1mActivating smoother_server[0m[0m
[smoother_server-3] [INFO] [1756743489.188071604] [smoother_server]: Activating
[smoother_server-3] [INFO] [1756743489.188156650] [smoother_server]: Creating bond (smoother_server) to lifecycle manager.
[lifecycle_manager-9] [INFO] [1756743489.296953745] [lifecycle_manager_navigation]: Server smoother_server connected with bond.
[lifecycle_manager-9] [INFO] [1756743489.297087653] [lifecycle_manager_navigation]: [34m[1mActivating planner_server[0m[0m
[planner_server-4] [INFO] [1756743489.297673664] [planner_server]: Activating
[planner_server-4] [INFO] [1756743489.297786855] [global_costmap.global_costmap]: Activating
[planner_server-4] [INFO] [1756743489.297822651] [global_costmap.global_costmap]: Checking transform
[planner_server-4] [INFO] [1756743489.297883832] [global_costmap.global_costmap]: Timed out waiting for transform from base_link to map to become available, tf error: Invalid frame ID "map" passed to canTransform argument target_frame - frame does not exist
[planner_server-4] [INFO] [1756743489.797941592] [global_costmap.global_costmap]: Timed out waiting for transform from base_link to map to become available, tf error: Invalid frame ID "map" passed to canTransform argument target_frame - frame does not exist
[planner_server-4] [INFO] [1756743490.297943148] [global_costmap.global_costmap]: Timed out waiting for transform from base_link to map to become available, tf error: Invalid frame ID "map" passed to canTransform argument target_frame - frame does not exist
[planner_server-4] [INFO] [1756743490.797935381] [global_costmap.global_costmap]: Timed out waiting for transform from base_link to map to become available, tf error: Invalid frame ID "map" passed to canTransform argument target_frame - frame does not exist
[controller_server-2] [WARN] [1756743490.825260676] [local_costmap.local_costmap]: Can't update static costmap layer, no map received
[planner_server-4] [INFO] [1756743491.297935377] [global_costmap.global_costmap]: Timed out waiting for transform from base_link to map to become available, tf error: Invalid frame ID "map" passed to canTransform argument target_frame - frame does not exist
[planner_server-4] [INFO] [1756743491.797950527] [global_costmap.global_costmap]: Timed out waiting for transform from base_link to map to become available, tf error: Invalid frame ID "map" passed to canTransform argument target_frame - frame does not exist
[planner_server-4] [INFO] [1756743492.298013590] [global_costmap.global_costmap]: Timed out waiting for transform from base_link to map to become available, tf error: Invalid frame ID "map" passed to canTransform argument target_frame - frame does not exist
[async_slam_toolbox_node-1] [WARN] [1756743492.647078342] [slam]: minimum laser range setting (0.0 m) exceeds the capabilities of the used Lidar (0.1 m)
[planner_server-4] [INFO] [1756743492.798103797] [global_costmap.global_costmap]: Timed out waiting for transform from base_link to map to become available, tf error: Lookup would require extrapolation into the past.  Requested time 1756743492.737680 but the earliest data is at time 1756743492.739830, when looking up transform from frame [base_link] to frame [map]
[controller_server-2] [WARN] [1756743492.825982660] [local_costmap.local_costmap]: Can't update static costmap layer, no map received
[planner_server-4] [INFO] [1756743493.298141356] [global_costmap.global_costmap]: start
[planner_server-4] [INFO] [1756743493.991385752] [global_costmap.global_costmap]: StaticLayer: Resizing costmap to 63 X 36 at 0.040000 m/pix
[controller_server-2] [INFO] [1756743493.991426861] [local_costmap.local_costmap]: StaticLayer: Resizing static layer to 63 X 36 at 0.040000 m/pix
[rviz2-11] [INFO] [1756743494.009824300] [rviz2]: Trying to create a map of size 63 x 36 using 1 swatches
[planner_server-4] [INFO] [1756743494.299769657] [planner_server]: Activating plugin GridBased of type NavfnPlanner
[planner_server-4] [INFO] [1756743494.301390664] [planner_server]: Creating bond (planner_server) to lifecycle manager.
[rviz2-11] [INFO] [1756743494.330415752] [rviz2]: Trying to create a map of size 63 x 36 using 1 swatches
[lifecycle_manager-9] [INFO] [1756743494.407696327] [lifecycle_manager_navigation]: Server planner_server connected with bond.
[lifecycle_manager-9] [INFO] [1756743494.407804319] [lifecycle_manager_navigation]: [34m[1mActivating behavior_server[0m[0m
[behavior_server-5] [INFO] [1756743494.408377934] [behavior_server]: Activating
[behavior_server-5] [INFO] [1756743494.408438091] [behavior_server]: Activating spin
[behavior_server-5] [INFO] [1756743494.408466291] [behavior_server]: Activating backup
[behavior_server-5] [INFO] [1756743494.408486052] [behavior_server]: Activating drive_on_heading
[behavior_server-5] [INFO] [1756743494.408503957] [behavior_server]: Activating wait
[behavior_server-5] [INFO] [1756743494.408521226] [behavior_server]: Activating assisted_teleop
[behavior_server-5] [INFO] [1756743494.408545586] [behavior_server]: Creating bond (behavior_server) to lifecycle manager.
[lifecycle_manager-9] [INFO] [1756743494.515752592] [lifecycle_manager_navigation]: Server behavior_server connected with bond.
[lifecycle_manager-9] [INFO] [1756743494.515841055] [lifecycle_manager_navigation]: [34m[1mActivating bt_navigator[0m[0m
[bt_navigator-6] [INFO] [1756743494.516367165] [bt_navigator]: Activating
[bt_navigator-6] [INFO] [1756743494.548869183] [bt_navigator]: Creating bond (bt_navigator) to lifecycle manager.
[lifecycle_manager-9] [INFO] [1756743494.660516742] [lifecycle_manager_navigation]: Server bt_navigator connected with bond.
[lifecycle_manager-9] [INFO] [1756743494.660603676] [lifecycle_manager_navigation]: [34m[1mActivating waypoint_follower[0m[0m
[waypoint_follower-7] [INFO] [1756743494.661176366] [waypoint_follower]: Activating
[waypoint_follower-7] [INFO] [1756743494.661250796] [waypoint_follower]: Creating bond (waypoint_follower) to lifecycle manager.
[lifecycle_manager-9] [INFO] [1756743494.769033680] [lifecycle_manager_navigation]: Server waypoint_follower connected with bond.
[lifecycle_manager-9] [INFO] [1756743494.769153934] [lifecycle_manager_navigation]: [34m[1mActivating velocity_smoother[0m[0m
[velocity_smoother-8] [INFO] [1756743494.769916876] [velocity_smoother]: Activating
[velocity_smoother-8] [INFO] [1756743494.770047806] [velocity_smoother]: Creating bond (velocity_smoother) to lifecycle manager.
[lifecycle_manager-9] [INFO] [1756743494.878375438] [lifecycle_manager_navigation]: Server velocity_smoother connected with bond.
[lifecycle_manager-9] [INFO] [1756743494.878401692] [lifecycle_manager_navigation]: [34m[1mManaged nodes are active[0m[0m
[lifecycle_manager-9] [INFO] [1756743494.878407464] [lifecycle_manager_navigation]: [34m[1mCreating bond timer...[0m[0m
[rviz2-11] [INFO] [1756743496.859920301] [rviz2]: Trying to create a map of size 100 x 100 using 1 swatches
[explore-10] [INFO] [1756743500.017958005] [explore_node]: Waiting to connect to move_base nav2 server
[explore-10] [INFO] [1756743500.018250008] [explore_node]: Connected to move_base nav2 server
[explore-10] [INFO] [1756743500.018260631] [explore_node]: Getting initial pose of the robot
[explore-10] [ERROR] [1756743500.322082444] [explore_node]: Extrapolation Error looking up robot pose: Lookup would require extrapolation into the future.  Requested time 1756743500.018318 but the latest data is at time 1756743492.988151, when looking up transform from frame [base_link] to frame [map]
[explore-10] 
[explore-10] [ERROR] [1756743500.322203301] [explore_node]: [FrontierSearch] Robot out of costmap bounds, cannot search for frontiers
[explore-10] [WARN] [1756743500.322242611] [explore_node]: No frontiers found, stopping.
[explore-10] [INFO] [1756743500.435125788] [map_saver]: 
[explore-10] 	map_saver lifecycle node launched. 
[explore-10] 	Waiting on external lifecycle transitions to activate
[explore-10] 	See https://design.ros2.org/articles/node_lifecycle.html for more information.
[explore-10] [INFO] [1756743500.435186053] [map_saver]: Creating
[explore-10] [INFO] [1756743500.435233308] [map_saver]: Configuring
[explore-10] [INFO] [1756743500.435721905] [map_saver]: Saving map from 'map' topic to '/home/robot/Documents/map' file
[explore-10] [WARN] [1756743500.435750043] [map_saver]: Free threshold unspecified. Setting it to default value: 0.250000
[explore-10] [WARN] [1756743500.435756708] [map_saver]: Occupied threshold unspecified. Setting it to default value: 0.650000
[explore-10] [WARN] [1756743500.515363603] [map_io]: Image format unspecified. Setting it to: pgm
[explore-10] [INFO] [1756743500.515443755] [map_io]: Received a 63 X 36 map @ 0.04 m/pix
[explore-10] [INFO] [1756743500.529502802] [map_io]: Writing map occupancy data to /home/robot/Documents/map.pgm
[explore-10] [INFO] [1756743500.560170478] [map_io]: Writing map metadata to /home/robot/Documents/map.yaml
[explore-10] [INFO] [1756743500.560496838] [map_io]: Map saved
[explore-10] [INFO] [1756743500.560519850] [map_saver]: Map saved successfully
[explore-10] [INFO] [1756743500.564037308] [map_saver]: Destroying
[explore-10] [INFO] [1756743500.705430710] [explore_node]: Map saved successfully.
[explore-10] [INFO] [1756743500.705469850] [explore_node]: Exploration stopped.
[explore-10] [INFO] [1756743500.705548114] [explore_node]: Returning to initial pose.
[bt_navigator-6] [INFO] [1756743500.705853360] [bt_navigator]: Begin navigating from current location (2.13, 0.79) to (2.13, 0.79)
[controller_server-2] [INFO] [1756743500.726706666] [controller_server]: Received a goal, begin computing control effort.
[controller_server-2] [WARN] [1756743500.726807947] [controller_server]: No goal checker was specified in parameter 'current_goal_checker'. Server will use only plugin loaded goal_checker . This warning will appear once.
[controller_server-2] [ERROR] [1756743500.828042712] [controller_server]: Exception in transformPose: Lookup would require extrapolation into the future.  Requested time 1756743497.637705 but the latest data is at time 1756743495.430401, when looking up transform from frame [odom] to frame [map]
[controller_server-2] [WARN] [1756743500.828199702] [controller_server]: Unable to transform robot pose into global plan's frame
[controller_server-2] [ERROR] [1756743500.828516926] [tf_help]: Transform data too old when converting from map to odom
[controller_server-2] [ERROR] [1756743500.828532307] [tf_help]: Data time: 1756743500s 706134033ns, Transform time: 1756743495s 430401366ns
[controller_server-2] [WARN] [1756743500.828550880] [controller_server]: Control loop missed its desired rate of 10.0000Hz
[controller_server-2] [ERROR] [1756743500.931836196] [controller_server]: Exception in transformPose: Lookup would require extrapolation into the future.  Requested time 1756743497.637705 but the latest data is at time 1756743495.430401, when looking up transform from frame [odom] to frame [map]
[controller_server-2] [WARN] [1756743500.931962927] [controller_server]: Unable to transform robot pose into global plan's frame
[controller_server-2] [ERROR] [1756743500.932184174] [tf_help]: Transform data too old when converting from map to odom
[controller_server-2] [ERROR] [1756743500.932198729] [tf_help]: Data time: 1756743500s 706134033ns, Transform time: 1756743495s 430401366ns
[controller_server-2] [WARN] [1756743500.932214310] [controller_server]: Control loop missed its desired rate of 10.0000Hz
[controller_server-2] [ERROR] [1756743501.033535010] [controller_server]: Exception in transformPose: Lookup would require extrapolation into the future.  Requested time 1756743497.637705 but the latest data is at time 1756743495.430401, when looking up transform from frame [odom] to frame [map]
[controller_server-2] [WARN] [1756743501.033662502] [controller_server]: Unable to transform robot pose into global plan's frame
[controller_server-2] [ERROR] [1756743501.033905368] [tf_help]: Transform data too old when converting from map to odom
[controller_server-2] [ERROR] [1756743501.033921396] [tf_help]: Data time: 1756743500s 706134033ns, Transform time: 1756743495s 430401366ns
[controller_server-2] [WARN] [1756743501.033938391] [controller_server]: Control loop missed its desired rate of 10.0000Hz
[controller_server-2] [ERROR] [1756743501.137437271] [controller_server]: Exception in transformPose: Lookup would require extrapolation into the future.  Requested time 1756743497.637705 but the latest data is at time 1756743495.430401, when looking up transform from frame [odom] to frame [map]
[controller_server-2] [WARN] [1756743501.137545698] [controller_server]: Unable to transform robot pose into global plan's frame
[controller_server-2] [ERROR] [1756743501.137764112] [tf_help]: Transform data too old when converting from map to odom
[controller_server-2] [ERROR] [1756743501.137776610] [tf_help]: Data time: 1756743500s 706134033ns, Transform time: 1756743495s 430401366ns
[controller_server-2] [WARN] [1756743501.137788849] [controller_server]: Control loop missed its desired rate of 10.0000Hz
[controller_server-2] [ERROR] [1756743501.238780744] [controller_server]: Exception in transformPose: Lookup would require extrapolation into the future.  Requested time 1756743497.637705 but the latest data is at time 1756743495.430401, when looking up transform from frame [odom] to frame [map]
[controller_server-2] [WARN] [1756743501.238956458] [controller_server]: Unable to transform robot pose into global plan's frame
[controller_server-2] [ERROR] [1756743501.239227432] [tf_help]: Transform data too old when converting from map to odom
[controller_server-2] [ERROR] [1756743501.239243166] [tf_help]: Data time: 1756743500s 706134033ns, Transform time: 1756743495s 430401366ns
[controller_server-2] [WARN] [1756743501.239259087] [controller_server]: Control loop missed its desired rate of 10.0000Hz
[controller_server-2] [ERROR] [1756743501.342661356] [controller_server]: Exception in transformPose: Lookup would require extrapolation into the future.  Requested time 1756743497.637705 but the latest data is at time 1756743495.430401, when looking up transform from frame [odom] to frame [map]
[controller_server-2] [WARN] [1756743501.342807595] [controller_server]: Unable to transform robot pose into global plan's frame
[controller_server-2] [ERROR] [1756743501.342991327] [tf_help]: Transform data too old when converting from map to odom
[controller_server-2] [ERROR] [1756743501.343001437] [tf_help]: Data time: 1756743500s 706134033ns, Transform time: 1756743495s 430401366ns
[controller_server-2] [WARN] [1756743501.343015858] [controller_server]: Control loop missed its desired rate of 10.0000Hz
[controller_server-2] [ERROR] [1756743501.444191176] [controller_server]: Exception in transformPose: Lookup would require extrapolation into the future.  Requested time 1756743497.637705 but the latest data is at time 1756743495.430401, when looking up transform from frame [odom] to frame [map]
[controller_server-2] [WARN] [1756743501.444277925] [controller_server]: Unable to transform robot pose into global plan's frame
[controller_server-2] [ERROR] [1756743501.444450775] [tf_help]: Transform data too old when converting from map to odom
[controller_server-2] [ERROR] [1756743501.444461441] [tf_help]: Data time: 1756743500s 706134033ns, Transform time: 1756743495s 430401366ns
[controller_server-2] [WARN] [1756743501.444472477] [controller_server]: Control loop missed its desired rate of 10.0000Hz
[controller_server-2] [ERROR] [1756743501.547474931] [controller_server]: Exception in transformPose: Lookup would require extrapolation into the future.  Requested time 1756743497.637705 but the latest data is at time 1756743495.430401, when looking up transform from frame [odom] to frame [map]
[controller_server-2] [WARN] [1756743501.547565509] [controller_server]: Unable to transform robot pose into global plan's frame
[controller_server-2] [ERROR] [1756743501.547739412] [tf_help]: Transform data too old when converting from map to odom
[controller_server-2] [ERROR] [1756743501.547754213] [tf_help]: Data time: 1756743500s 706134033ns, Transform time: 1756743495s 430401366ns
[controller_server-2] [WARN] [1756743501.547768103] [controller_server]: Control loop missed its desired rate of 10.0000Hz
[controller_server-2] [ERROR] [1756743501.648942732] [controller_server]: Exception in transformPose: Lookup would require extrapolation into the future.  Requested time 1756743497.637705 but the latest data is at time 1756743495.430401, when looking up transform from frame [odom] to frame [map]
[controller_server-2] [WARN] [1756743501.649070517] [controller_server]: Unable to transform robot pose into global plan's frame
[controller_server-2] [ERROR] [1756743501.649288177] [tf_help]: Transform data too old when converting from map to odom
[controller_server-2] [ERROR] [1756743501.649302847] [tf_help]: Data time: 1756743500s 706134033ns, Transform time: 1756743495s 430401366ns
[controller_server-2] [WARN] [1756743501.649318474] [controller_server]: Control loop missed its desired rate of 10.0000Hz
[controller_server-2] [ERROR] [1756743501.753164972] [controller_server]: Exception in transformPose: Lookup would require extrapolation into the future.  Requested time 1756743497.637705 but the latest data is at time 1756743495.430401, when looking up transform from frame [odom] to frame [map]
[controller_server-2] [WARN] [1756743501.753335379] [controller_server]: Unable to transform robot pose into global plan's frame
[controller_server-2] [ERROR] [1756743501.753752967] [tf_help]: Transform data too old when converting from map to odom
[controller_server-2] [ERROR] [1756743501.753785001] [tf_help]: Data time: 1756743500s 706134033ns, Transform time: 1756743495s 430401366ns
[controller_server-2] [WARN] [1756743501.753812558] [controller_server]: Control loop missed its desired rate of 10.0000Hz
[controller_server-2] [ERROR] [1756743501.855188434] [controller_server]: Exception in transformPose: Lookup would require extrapolation into the future.  Requested time 1756743497.637705 but the latest data is at time 1756743495.430401, when looking up transform from frame [odom] to frame [map]
[controller_server-2] [WARN] [1756743501.855279628] [controller_server]: Unable to transform robot pose into global plan's frame
[controller_server-2] [ERROR] [1756743501.855471628] [tf_help]: Transform data too old when converting from map to odom
[controller_serve