[INFO] [launch]: All log files can be found below /home/robot/.ros/log/2025-09-05-21-35-35-524898-robot-pc04-80619
[INFO] [launch]: Default logging verbosity is set to INFO
[INFO] [async_slam_toolbox_node-1]: process started with pid [80636]
[INFO] [controller_server-2]: process started with pid [80638]
[INFO] [smoother_server-3]: process started with pid [80640]
[INFO] [planner_server-4]: process started with pid [80642]
[INFO] [behavior_server-5]: process started with pid [80644]
[INFO] [bt_navigator-6]: process started with pid [80646]
[INFO] [waypoint_follower-7]: process started with pid [80648]
[INFO] [velocity_smoother-8]: process started with pid [80650]
[INFO] [lifecycle_manager-9]: process started with pid [80652]
[INFO] [explore-10]: process started with pid [80654]
[INFO] [rviz2-11]: process started with pid [80656]
[async_slam_toolbox_node-1] [INFO] [1757100935.633811809] [slam]: Node using stack size 40000000
[velocity_smoother-8] [INFO] [1757100935.637203458] [velocity_smoother]: 
[velocity_smoother-8] 	velocity_smoother lifecycle node launched. 
[velocity_smoother-8] 	Waiting on external lifecycle transitions to activate
[velocity_smoother-8] 	See https://design.ros2.org/articles/node_lifecycle.html for more information.
[planner_server-4] [INFO] [1757100935.637376626] [planner_server]: 
[planner_server-4] 	planner_server lifecycle node launched. 
[planner_server-4] 	Waiting on external lifecycle transitions to activate
[planner_server-4] 	See https://design.ros2.org/articles/node_lifecycle.html for more information.
[controller_server-2] [INFO] [1757100935.637526730] [controller_server]: 
[controller_server-2] 	controller_server lifecycle node launched. 
[controller_server-2] 	Waiting on external lifecycle transitions to activate
[controller_server-2] 	See https://design.ros2.org/articles/node_lifecycle.html for more information.
[waypoint_follower-7] [INFO] [1757100935.637669269] [waypoint_follower]: 
[waypoint_follower-7] 	waypoint_follower lifecycle node launched. 
[waypoint_follower-7] 	Waiting on external lifecycle transitions to activate
[waypoint_follower-7] 	See https://design.ros2.org/articles/node_lifecycle.html for more information.
[waypoint_follower-7] [INFO] [1757100935.637939073] [waypoint_follower]: Creating
[smoother_server-3] [INFO] [1757100935.638316020] [smoother_server]: 
[smoother_server-3] 	smoother_server lifecycle node launched. 
[smoother_server-3] 	Waiting on external lifecycle transitions to activate
[smoother_server-3] 	See https://design.ros2.org/articles/node_lifecycle.html for more information.
[planner_server-4] [INFO] [1757100935.638518694] [planner_server]: Creating
[lifecycle_manager-9] [INFO] [1757100935.638610967] [lifecycle_manager_navigation]: Creating
[behavior_server-5] [INFO] [1757100935.639345566] [behavior_server]: 
[behavior_server-5] 	behavior_server lifecycle node launched. 
[behavior_server-5] 	Waiting on external lifecycle transitions to activate
[behavior_server-5] 	See https://design.ros2.org/articles/node_lifecycle.html for more information.
[smoother_server-3] [INFO] [1757100935.639448509] [smoother_server]: Creating smoother server
[lifecycle_manager-9] [INFO] [1757100935.639549410] [lifecycle_manager_navigation]: [34m[1mCreating and initializing lifecycle service clients[0m[0m
[bt_navigator-6] [INFO] [1757100935.639623478] [bt_navigator]: 
[bt_navigator-6] 	bt_navigator lifecycle node launched. 
[bt_navigator-6] 	Waiting on external lifecycle transitions to activate
[bt_navigator-6] 	See https://design.ros2.org/articles/node_lifecycle.html for more information.
[bt_navigator-6] [INFO] [1757100935.639678877] [bt_navigator]: Creating
[controller_server-2] [INFO] [1757100935.640609364] [controller_server]: Creating controller server
[lifecycle_manager-9] [INFO] [1757100935.643376855] [lifecycle_manager_navigation]: [34m[1mStarting managed nodes bringup...[0m[0m
[lifecycle_manager-9] [INFO] [1757100935.643404621] [lifecycle_manager_navigation]: [34m[1mConfiguring controller_server[0m[0m
[planner_server-4] [INFO] [1757100935.647674585] [global_costmap.global_costmap]: 
[planner_server-4] 	global_costmap lifecycle node launched. 
[planner_server-4] 	Waiting on external lifecycle transitions to activate
[planner_server-4] 	See https://design.ros2.org/articles/node_lifecycle.html for more information.
[async_slam_toolbox_node-1] [INFO] [1757100935.648076679] [slam]: Using solver plugin solver_plugins::CeresSolver
[async_slam_toolbox_node-1] [INFO] [1757100935.648209463] [slam]: CeresSolver: Using SCHUR_JACOBI preconditioner.
[planner_server-4] [INFO] [1757100935.648338559] [global_costmap.global_costmap]: Creating Costmap
[controller_server-2] [INFO] [1757100935.649768593] [local_costmap.local_costmap]: 
[controller_server-2] 	local_costmap lifecycle node launched. 
[controller_server-2] 	Waiting on external lifecycle transitions to activate
[controller_server-2] 	See https://design.ros2.org/articles/node_lifecycle.html for more information.
[controller_server-2] [INFO] [1757100935.650143283] [local_costmap.local_costmap]: Creating Costmap
[controller_server-2] [INFO] [1757100935.651140856] [controller_server]: Configuring controller interface
[controller_server-2] [INFO] [1757100935.651219062] [controller_server]: getting goal checker plugins..
[controller_server-2] [INFO] [1757100935.651318028] [controller_server]: Controller frequency set to 10.0000Hz
[controller_server-2] [INFO] [1757100935.651348164] [local_costmap.local_costmap]: Configuring
[explore-10] [INFO] [1757100935.652166925] [explore_node]: Waiting for costmap to become available, topic: map
[controller_server-2] [INFO] [1757100935.654164586] [local_costmap.local_costmap]: Using plugin "static_layer"
[controller_server-2] [INFO] [1757100935.656514335] [local_costmap.local_costmap]: Subscribing to the map topic (/map) with transient local durability
[controller_server-2] [INFO] [1757100935.657260542] [local_costmap.local_costmap]: Initialized plugin "static_layer"
[controller_server-2] [INFO] [1757100935.657278117] [local_costmap.local_costmap]: Using plugin "obstacle_layer"
[controller_server-2] [INFO] [1757100935.657497351] [local_costmap.local_costmap]: Subscribed to Topics: scan
[controller_server-2] [INFO] [1757100935.659029679] [local_costmap.local_costmap]: Initialized plugin "obstacle_layer"
[controller_server-2] [INFO] [1757100935.659048040] [local_costmap.local_costmap]: Using plugin "inflation_layer"
[controller_server-2] [INFO] [1757100935.659760955] [local_costmap.local_costmap]: Initialized plugin "inflation_layer"
[controller_server-2] [INFO] [1757100935.663427690] [controller_server]: Created progress_checker : progress_checker of type nav2_controller::SimpleProgressChecker
[controller_server-2] [INFO] [1757100935.663648818] [controller_server]: Created goal checker : goal_checker of type nav2_controller::SimpleGoalChecker
[controller_server-2] [INFO] [1757100935.663729616] [controller_server]: Controller Server has goal_checker  goal checkers available.
[controller_server-2] [INFO] [1757100935.663941102] [controller_server]: Created controller : FollowPath of type nav2_regulated_pure_pursuit_controller::RegulatedPurePursuitController
[controller_server-2] [INFO] [1757100935.665012621] [controller_server]: Controller Server has FollowPath  controllers available.
[lifecycle_manager-9] [INFO] [1757100935.667035043] [lifecycle_manager_navigation]: [34m[1mConfiguring smoother_server[0m[0m
[smoother_server-3] [INFO] [1757100935.667167389] [smoother_server]: Configuring smoother server
[smoother_server-3] [INFO] [1757100935.671141236] [smoother_server]: Created smoother : simple_smoother of type nav2_smoother::SimpleSmoother
[smoother_server-3] [INFO] [1757100935.671240069] [smoother_server]: Smoother Server has simple_smoother  smoothers available.
[lifecycle_manager-9] [INFO] [1757100935.672810686] [lifecycle_manager_navigation]: [34m[1mConfiguring planner_server[0m[0m
[planner_server-4] [INFO] [1757100935.672907177] [planner_server]: Configuring
[planner_server-4] [INFO] [1757100935.672927241] [global_costmap.global_costmap]: Configuring
[planner_server-4] [INFO] [1757100935.674703580] [global_costmap.global_costmap]: Using plugin "static_layer"
[planner_server-4] [INFO] [1757100935.676131387] [global_costmap.global_costmap]: Subscribing to the map topic (/map) with transient local durability
[planner_server-4] [INFO] [1757100935.676567223] [global_costmap.global_costmap]: Initialized plugin "static_layer"
[planner_server-4] [INFO] [1757100935.676577700] [global_costmap.global_costmap]: Using plugin "obstacle_layer"
[planner_server-4] [INFO] [1757100935.676737576] [global_costmap.global_costmap]: Subscribed to Topics: scan
[planner_server-4] [INFO] [1757100935.677959030] [global_costmap.global_costmap]: Initialized plugin "obstacle_layer"
[planner_server-4] [INFO] [1757100935.677974435] [global_costmap.global_costmap]: Using plugin "inflation_layer"
[planner_server-4] [INFO] [1757100935.678284069] [global_costmap.global_costmap]: Initialized plugin "inflation_layer"
[planner_server-4] [INFO] [1757100935.681108888] [planner_server]: Created global planner plugin GridBased of type nav2_navfn_planner/NavfnPlanner
[planner_server-4] [INFO] [1757100935.681125102] [planner_server]: Configuring plugin GridBased of type NavfnPlanner
[planner_server-4] [INFO] [1757100935.681248073] [planner_server]: Planner Server has GridBased  planners available.
[lifecycle_manager-9] [INFO] [1757100935.683671175] [lifecycle_manager_navigation]: [34m[1mConfiguring behavior_server[0m[0m
[behavior_server-5] [INFO] [1757100935.683778464] [behavior_server]: Configuring
[behavior_server-5] [INFO] [1757100935.686723006] [behavior_server]: Creating behavior plugin spin of type nav2_behaviors/Spin
[behavior_server-5] [INFO] [1757100935.687068458] [behavior_server]: Configuring spin
[behavior_server-5] [INFO] [1757100935.688340454] [behavior_server]: Creating behavior plugin backup of type nav2_behaviors/BackUp
[behavior_server-5] [INFO] [1757100935.688648545] [behavior_server]: Configuring backup
[behavior_server-5] [INFO] [1757100935.689625079] [behavior_server]: Creating behavior plugin drive_on_heading of type nav2_behaviors/DriveOnHeading
[behavior_server-5] [INFO] [1757100935.689941652] [behavior_server]: Configuring drive_on_heading
[behavior_server-5] [INFO] [1757100935.691814706] [behavior_server]: Creating behavior plugin wait of type nav2_behaviors/Wait
[behavior_server-5] [INFO] [1757100935.692508059] [behavior_server]: Configuring wait
[behavior_server-5] [INFO] [1757100935.695687286] [behavior_server]: Creating behavior plugin assisted_teleop of type nav2_behaviors/AssistedTeleop
[behavior_server-5] [INFO] [1757100935.697058208] [behavior_server]: Configuring assisted_teleop
[lifecycle_manager-9] [INFO] [1757100935.701628172] [lifecycle_manager_navigation]: [34m[1mConfiguring bt_navigator[0m[0m
[bt_navigator-6] [INFO] [1757100935.701800218] [bt_navigator]: Configuring
[lifecycle_manager-9] [INFO] [1757100935.726560922] [lifecycle_manager_navigation]: [34m[1mConfiguring waypoint_follower[0m[0m
[waypoint_follower-7] [INFO] [1757100935.726662193] [waypoint_follower]: Configuring
[waypoint_follower-7] [INFO] [1757100935.730091896] [waypoint_follower]: Created waypoint_task_executor : wait_at_waypoint of type nav2_waypoint_follower::WaitAtWaypoint
[lifecycle_manager-9] [INFO] [1757100935.730355412] [lifecycle_manager_navigation]: [34m[1mConfiguring velocity_smoother[0m[0m
[velocity_smoother-8] [INFO] [1757100935.730447966] [velocity_smoother]: Configuring velocity smoother
[lifecycle_manager-9] [INFO] [1757100935.731815419] [lifecycle_manager_navigation]: [34m[1mActivating controller_server[0m[0m
[controller_server-2] [INFO] [1757100935.731938094] [controller_server]: Activating
[controller_server-2] [INFO] [1757100935.731978660] [local_costmap.local_costmap]: Activating
[controller_server-2] [INFO] [1757100935.731993697] [local_costmap.local_costmap]: Checking transform
[controller_server-2] [INFO] [1757100935.732020128] [local_costmap.local_costmap]: Timed out waiting for transform from base_link to odom to become available, tf error: Invalid frame ID "odom" passed to canTransform argument target_frame - frame does not exist
[rviz2-11] [INFO] [1757100936.033922699] [rviz2]: Stereo is NOT SUPPORTED
[rviz2-11] [INFO] [1757100936.033980418] [rviz2]: OpenGl version: 4.6 (GLSL 4.6)
[rviz2-11] [INFO] [1757100936.062877816] [rviz2]: Stereo is NOT SUPPORTED
[controller_server-2] [INFO] [1757100936.232072534] [local_costmap.local_costmap]: Timed out waiting for transform from base_link to odom to become available, tf error: Invalid frame ID "odom" passed to canTransform argument target_frame - frame does not exist
[controller_server-2] [INFO] [1757100936.732201242] [local_costmap.local_costmap]: Timed out waiting for transform from base_link to odom to become available, tf error: Invalid frame ID "odom" passed to canTransform argument target_frame - frame does not exist
[controller_server-2] [INFO] [1757100937.232091568] [local_costmap.local_costmap]: Timed out waiting for transform from base_link to odom to become available, tf error: Invalid frame ID "odom" passed to canTransform argument target_frame - frame does not exist
[controller_server-2] [INFO] [1757100937.732099790] [local_costmap.local_costmap]: Timed out waiting for transform from base_link to odom to become available, tf error: Invalid frame ID "odom" passed to canTransform argument target_frame - frame does not exist
[controller_server-2] [INFO] [1757100938.232066175] [local_costmap.local_costmap]: Timed out waiting for transform from base_link to odom to become available, tf error: Invalid frame ID "odom" passed to canTransform argument target_frame - frame does not exist
[controller_server-2] [INFO] [1757100938.732091690] [local_costmap.local_costmap]: Timed out waiting for transform from base_link to odom to become available, tf error: Invalid frame ID "odom" passed to canTransform argument target_frame - frame does not exist
[controller_server-2] [INFO] [1757100939.232091796] [local_costmap.local_costmap]: Timed out waiting for transform from base_link to odom to become available, tf error: Invalid frame ID "odom" passed to canTransform argument target_frame - frame does not exist
[controller_server-2] [INFO] [1757100939.732092526] [local_costmap.local_costmap]: Timed out waiting for transform from base_link to odom to become available, tf error: Invalid frame ID "odom" passed to canTransform argument target_frame - frame does not exist
[controller_server-2] [INFO] [1757100940.232218910] [local_costmap.local_costmap]: start
[controller_server-2] [INFO] [1757100940.433817671] [controller_server]: Activating controller: FollowPath of type regulated_pure_pursuit_controller::RegulatedPurePursuitController
[controller_server-2] [INFO] [1757100940.433929223] [controller_server]: Creating bond (controller_server) to lifecycle manager.
[lifecycle_manager-9] [INFO] [1757100940.541946844] [lifecycle_manager_navigation]: Server controller_server connected with bond.
[lifecycle_manager-9] [INFO] [1757100940.542065409] [lifecycle_manager_navigation]: [34m[1mActivating smoother_server[0m[0m
[smoother_server-3] [INFO] [1757100940.542655202] [smoother_server]: Activating
[smoother_server-3] [INFO] [1757100940.542742230] [smoother_server]: Creating bond (smoother_server) to lifecycle manager.
[lifecycle_manager-9] [INFO] [1757100940.649456310] [lifecycle_manager_navigation]: Server smoother_server connected with bond.
[lifecycle_manager-9] [INFO] [1757100940.649560512] [lifecycle_manager_navigation]: [34m[1mActivating planner_server[0m[0m
[planner_server-4] [INFO] [1757100940.650145910] [planner_server]: Activating
[planner_server-4] [INFO] [1757100940.650234439] [global_costmap.global_costmap]: Activating
[planner_server-4] [INFO] [1757100940.650258267] [global_costmap.global_costmap]: Checking transform
[planner_server-4] [INFO] [1757100940.650304070] [global_costmap.global_costmap]: Timed out waiting for transform from base_link to map to become available, tf error: Invalid frame ID "map" passed to canTransform argument target_frame - frame does not exist
[planner_server-4] [INFO] [1757100941.150360466] [global_costmap.global_costmap]: Timed out waiting for transform from base_link to map to become available, tf error: Invalid frame ID "map" passed to canTransform argument target_frame - frame does not exist
[planner_server-4] [INFO] [1757100941.650357566] [global_costmap.global_costmap]: Timed out waiting for transform from base_link to map to become available, tf error: Invalid frame ID "map" passed to canTransform argument target_frame - frame does not exist
[planner_server-4] [INFO] [1757100942.150355186] [global_costmap.global_costmap]: Timed out waiting for transform from base_link to map to become available, tf error: Invalid frame ID "map" passed to canTransform argument target_frame - frame does not exist
[controller_server-2] [WARN] [1757100942.232433266] [local_costmap.local_costmap]: Can't update static costmap layer, no map received
[planner_server-4] [INFO] [1757100942.650354508] [global_costmap.global_costmap]: Timed out waiting for transform from base_link to map to become available, tf error: Invalid frame ID "map" passed to canTransform argument target_frame - frame does not exist
[planner_server-4] [INFO] [1757100943.150356574] [global_costmap.global_costmap]: Timed out waiting for transform from base_link to map to become available, tf error: Invalid frame ID "map" passed to canTransform argument target_frame - frame does not exist
[planner_server-4] [INFO] [1757100943.650357917] [global_costmap.global_costmap]: Timed out waiting for transform from base_link to map to become available, tf error: Invalid frame ID "map" passed to canTransform argument target_frame - frame does not exist
[planner_server-4] [INFO] [1757100944.150363199] [global_costmap.global_costmap]: Timed out waiting for transform from base_link to map to become available, tf error: Invalid frame ID "map" passed to canTransform argument target_frame - frame does not exist
[controller_server-2] [WARN] [1757100944.232481221] [local_costmap.local_costmap]: Can't update static costmap layer, no map received
[planner_server-4] [INFO] [1757100944.650359124] [global_costmap.global_costmap]: Timed out waiting for transform from base_link to map to become available, tf error: Invalid frame ID "map" passed to canTransform argument target_frame - frame does not exist
[async_slam_toolbox_node-1] [WARN] [1757100944.973688781] [slam]: minimum laser range setting (0.0 m) exceeds the capabilities of the used Lidar (0.1 m)
[planner_server-4] [INFO] [1757100945.150495142] [global_costmap.global_costmap]: start
[controller_server-2] [INFO] [1757100945.653270516] [local_costmap.local_costmap]: StaticLayer: Resizing static layer to 105 X 88 at 0.040000 m/pix
[planner_server-4] [INFO] [1757100945.653403668] [global_costmap.global_costmap]: StaticLayer: Resizing costmap to 105 X 88 at 0.040000 m/pix
[rviz2-11] [INFO] [1757100945.687985285] [rviz2]: Trying to create a map of size 105 x 88 using 1 swatches
[controller_server-2] [ERROR] [1757100946.136017128] [local_costmap.local_costmap]: StaticLayer: "map" passed to lookupTransform argument target_frame does not exist. 
[rviz2-11] [INFO] [1757100946.167560090] [rviz2]: Trying to create a map of size 105 x 88 using 1 swatches
[planner_server-4] [INFO] [1757100946.202065965] [planner_server]: Activating plugin GridBased of type NavfnPlanner
[planner_server-4] [INFO] [1757100946.203786253] [planner_server]: Creating bond (planner_server) to lifecycle manager.
[lifecycle_manager-9] [INFO] [1757100946.311165148] [lifecycle_manager_navigation]: Server planner_server connected with bond.
[lifecycle_manager-9] [INFO] [1757100946.311264677] [lifecycle_manager_navigation]: [34m[1mActivating behavior_server[0m[0m
[behavior_server-5] [INFO] [1757100946.311849321] [behavior_server]: Activating
[behavior_server-5] [INFO] [1757100946.311941551] [behavior_server]: Activating spin
[behavior_server-5] [INFO] [1757100946.311987940] [behavior_server]: Activating backup
[behavior_server-5] [INFO] [1757100946.312024718] [behavior_server]: Activating drive_on_heading
[behavior_server-5] [INFO] [1757100946.312058908] [behavior_server]: Activating wait
[behavior_server-5] [INFO] [1757100946.312091873] [behavior_server]: Activating assisted_teleop
[behavior_server-5] [INFO] [1757100946.312133415] [behavior_server]: Creating bond (behavior_server) to lifecycle manager.
[lifecycle_manager-9] [INFO] [1757100946.420184986] [lifecycle_manager_navigation]: Server behavior_server connected with bond.
[lifecycle_manager-9] [INFO] [1757100946.420299522] [lifecycle_manager_navigation]: [34m[1mActivating bt_navigator[0m[0m
[bt_navigator-6] [INFO] [1757100946.421060488] [bt_navigator]: Activating
[controller_server-2] [ERROR] [1757100946.440026608] [local_costmap.local_costmap]: StaticLayer: "map" passed to lookupTransform argument target_frame does not exist. 
[bt_navigator-6] [INFO] [1757100946.456033614] [bt_navigator]: Creating bond (bt_navigator) to lifecycle manager.
[lifecycle_manager-9] [INFO] [1757100946.557665033] [lifecycle_manager_navigation]: Server bt_navigator connected with bond.
[lifecycle_manager-9] [INFO] [1757100946.557757703] [lifecycle_manager_navigation]: [34m[1mActivating waypoint_follower[0m[0m
[waypoint_follower-7] [INFO] [1757100946.558319834] [waypoint_follower]: Activating
[waypoint_follower-7] [INFO] [1757100946.558396372] [waypoint_follower]: Creating bond (waypoint_follower) to lifecycle manager.
[rviz2-11] [INFO] [1757100946.632544655] [rviz2]: Trying to create a map of size 100 x 100 using 1 swatches
[lifecycle_manager-9] [INFO] [1757100946.665725811] [lifecycle_manager_navigation]: Server waypoint_follower connected with bond.
[lifecycle_manager-9] [INFO] [1757100946.665827237] [lifecycle_manager_navigation]: [34m[1mActivating velocity_smoother[0m[0m
[velocity_smoother-8] [INFO] [1757100946.666360063] [velocity_smoother]: Activating
[velocity_smoother-8] [INFO] [1757100946.666472226] [velocity_smoother]: Creating bond (velocity_smoother) to lifecycle manager.
[explore-10] [INFO] [1757100946.674823151] [explore_node]: Waiting to connect to move_base nav2 server
[explore-10] [INFO] [1757100946.675250159] [explore_node]: Connected to move_base nav2 server
[explore-10] [INFO] [1757100946.675268061] [explore_node]: Getting initial pose of the robot
[controller_server-2] [ERROR] [1757100946.742730615] [local_costmap.local_costmap]: StaticLayer: "map" passed to lookupTransform argument target_frame does not exist. 
[lifecycle_manager-9] [INFO] [1757100946.773993391] [lifecycle_manager_navigation]: Server velocity_smoother connected with bond.
[lifecycle_manager-9] [INFO] [1757100946.774074387] [lifecycle_manager_navigation]: [34m[1mManaged nodes are active[0m[0m
[lifecycle_manager-9] [INFO] [1757100946.774096367] [lifecycle_manager_navigation]: [34m[1mCreating bond timer...[0m[0m
[explore-10] [INFO] [1757100946.779891474] [explore_node]: [NAV] Remembered last goal (0.08, 0.29, yaw from quat).
[bt_navigator-6] [ERROR] [1757100946.882169311] [transformPoseInTargetFrame]: No Transform available Error looking up target frame: "map" passed to lookupTransform argument target_frame does not exist. 
[bt_navigator-6] 
[bt_navigator-6] [INFO] [1757100946.882244492] [bt_navigator]: Begin navigating from current location (0.00, 0.00) to (0.08, 0.29)
[bt_navigator-6] [WARN] [1757100946.984772728] [BehaviorTreeEngine]: Behavior Tree tick rate 100.00 was exceeded!
[controller_server-2] [INFO] [1757100946.996383154] [controller_server]: Received a goal, begin computing control effort.
[controller_server-2] [WARN] [1757100946.996485083] [controller_server]: No goal checker was specified in parameter 'current_goal_checker'. Server will use only plugin loaded goal_checker . This warning will appear once.
[controller_server-2] [ERROR] [1757100947.114726258] [controller_server]: Exception in transformPose: Lookup would require extrapolation at time 1757100942.463848, but only time 1757100945.031596 is in the buffer, when looking up transform from frame [odom] to frame [map]
[controller_server-2] [WARN] [1757100947.114946552] [controller_server]: Unable to transform robot pose into global plan's frame
[controller_server-2] [WARN] [1757100947.115390797] [controller_server]: Control loop missed its desired rate of 10.0000Hz
[controller_server-2] [ERROR] [1757100947.217952761] [controller_server]: Exception in transformPose: Lookup would require extrapolation at time 1757100942.463848, but only time 1757100945.031596 is in the buffer, when looking up transform from frame [odom] to frame [map]
[controller_server-2] [WARN] [1757100947.218042467] [controller_server]: Unable to transform robot pose into global plan's frame
[controller_server-2] [WARN] [1757100947.218180815] [controller_server]: Control loop missed its desired rate of 10.0000Hz
[controller_server-2] [ERROR] [1757100947.319234730] [controller_server]: Exception in transformPose: Lookup would require extrapolation at time 1757100942.463848, but only time 1757100945.031596 is in the buffer, when looking up transform from frame [odom] to frame [map]
[controller_server-2] [WARN] [1757100947.319370566] [controller_server]: Unable to transform robot pose into global plan's frame
[controller_server-2] [WARN] [1757100947.319658019] [controller_server]: Control loop missed its desired rate of 10.0000Hz
[controller_server-2] [ERROR] [1757100947.422054834] [controller_server]: Exception in transformPose: Lookup would require extrapolation at time 1757100942.463848, but only time 1757100945.031596 is in the buffer, when looking up transform from frame [odom] to frame [map]
[controller_server-2] [WARN] [1757100947.422180816] [controller_server]: Unable to transform robot pose into global plan's frame
[controller_server-2] [WARN] [1757100947.422380478] [controller_server]: Control loop missed its desired rate of 10.0000Hz
[controller_server-2] [ERROR] [1757100947.523643789] [controller_server]: Exception in transformPose: Lookup would require extrapolation at time 1757100942.463848, but only time 1757100945.031596 is in the buffer, when looking up transform from frame [odom] to frame [map]
[controller_server-2] [WARN] [1757100947.523786952] [controller_server]: Unable to transform robot pose into global plan's frame
[controller_server-2] [WARN] [1757100947.524031488] [controller_server]: Control loop missed its desired rate of 10.0000Hz
[controller_server-2] [ERROR] [1757100947.626820638] [controller_server]: Exception in transformPose: Lookup would require extrapolation into the past.  Requested time 1757100942.463848 but the earliest data is at time 1757100945.031596, when looking up transform from frame [odom] to frame [map]
[controller_server-2] [WARN] [1757100947.626958752] [controller_server]: Unable to transform robot pose into global plan's frame
[controller_server-2] [WARN] [1757100947.627246998] [controller_server]: Control loop missed its desired rate of 10.0000Hz
[controller_server-2] [ERROR] [1757100947.728561367] [controller_server]: Exception in transformPose: Lookup would require extrapolation into the past.  Requested time 1757100942.463848 but the earliest data is at time 1757100945.031596, when looking up transform from frame [odom] to frame [map]
[controller_server-2] [WARN] [1757100947.728683972] [controller_server]: Unable to transform robot pose into global plan's frame
[controller_server-2] [WARN] [1757100947.728863117] [controller_server]: Control loop missed its desired rate of 10.0000Hz
[controller_server-2] [ERROR] [1757100947.831539506] [controller_server]: Exception in transformPose: Lookup would require extrapolation into the past.  Requested time 1757100942.463848 but the earliest data is at time 1757100945.031596, when looking up transform from frame [odom] to frame [map]
[controller_server-2] [WARN] [1757100947.831656235] [controller_server]: Unable to transform robot pose into global plan's frame
[controller_server-2] [WARN] [1757100947.831858040] [controller_server]: Control loop missed its desired rate of 10.0000Hz
[controller_server-2] [ERROR] [1757100947.932969781] [controller_server]: Exception in transformPose: Lookup would require extrapolation into the past.  Requested time 1757100942.463848 but the earliest data is at time 1757100945.031596, when looking up transform from frame [odom] to frame [map]
[controller_server-2] [WARN] [1757100947.933083530] [controller_server]: Unable to transform robot pose into global plan's frame
[controller_server-2] [WARN] [1757100947.933272619] [controller_server]: Control loop missed its desired rate of 10.0000Hz
[controller_server-2] [ERROR] [1757100948.036033987] [controller_server]: Exception in transformPose: Lookup would require extrapolation into the past.  Requested time 1757100942.463848 but the earliest data is at time 1757100945.031596, when looking up transform from frame [odom] to frame [map]
[controller_server-2] [WARN] [1757100948.036192881] [controller_server]: Unable to transform robot pose into global plan's frame
[controller_server-2] [WARN] [1757100948.036581843] [controller_server]: Control loop missed its desired rate of 10.0000Hz
[controller_server-2] [INFO] [1757100948.036646748] [controller_server]: Passing new path to controller.
[controller_server-2] [ERROR] [1757100948.138407056] [controller_server]: Exception in transformPose: Lookup would require extrapolation into the past.  Requested time 1757100942.813981 but the earliest data is at time 1757100945.031596, when looking up transform from frame [odom] to frame [map]
[controller_server-2] [WARN] [1757100948.138546050] [controller_server]: Unable to transform robot pose into global plan's frame
[controller_server-2] [WARN] [1757100948.138816681] [controller_server]: Control loop missed its desired rate of 10.0000Hz
[controller_server-2] [ERROR] [1757100948.242083372] [controller_server]: Exception in transformPose: Lookup would require extrapolation into the past.  Requested time 1757100942.813981 but the earliest data is at time 1757100945.031596, when looking up transform from frame [odom] to frame [map]
[controller_server-2] [WARN] [1757100948.242227863] [controller_server]: Unable to transform robot pose into global plan's frame
[controller_server-2] [WARN] [1757100948.242924810] [controller_server]: Control loop missed its desired rate of 10.0000Hz
[controller_server-2] [ERROR] [1757100948.346081962] [controller_server]: Exception in transformPose: Lookup would require extrapolation into the past.  Requested time 1757100942.813981 but the earliest data is at time 1757100945.031596, when looking up transform from frame [odom] to frame [map]
[controller_server-2] [WARN] [1757100948.346204386] [controller_server]: Unable to transform robot pose into global plan's frame
[controller_server-2] [WARN] [1757100948.346366091] [controller_server]: Control loop missed its desired rate of 10.0000Hz
[controller_server-2] [INFO] [1757100949.096713027] [controller_server]: Passing new path to controller.
[controller_server-2] [INFO] [1757100950.096706825] [controller_server]: Passing new path to controller.
[controller_server-2] [INFO] [1757100951.196636400] [controller_server]: Passing new path to controller.
[controller_server-2] [INFO] [1757100952.196637471] [controller_server]: Passing new path to controller.
[controller_server-2] [INFO] [1757100953.196632442] [controller_server]: Passing new path to controller.
[controller_server-2] [INFO] [1757100954.196642092] [controller_server]: Passing new path to controller.
[controller_server-2] [INFO] [1757100955.296714298] [controller_server]: Passing new path to controller.
[rviz2-11] [INFO] [1757100955.674491818] [rviz2]: Trying to create a map of size 111 x 90 using 1 swatches
[controller_server-2] [INFO] [1757100955.840453118] [local_costmap.local_costmap]: StaticLayer: Resizing static layer to 111 X 90 at 0.040000 m/pix
[planner_server-4] [INFO] [1757100956.150746843] [global_costmap.global_costmap]: StaticLayer: Resizing costmap to 111 X 90 at 0.040000 m/pix
[rviz2-11] [INFO] [1757100956.187756739] [rviz2]: Trying to create a map of size 111 x 90 using 1 swatches
[controller_server-2] [INFO] [1757100956.296644027] [controller_server]: Passing new path to controller.
[controller_server-2] [INFO] [1757100957.296633532] [controller_server]: Passing new path to controller.
[rviz2-11] [INFO] [1757100957.689633227] [rviz2]: Trying to create a map of size 123 x 90 using 1 swatches
[controller_server-2] [INFO] [1757100957.840455281] [local_costmap.local_costmap]: StaticLayer: Resizing static layer to 123 X 90 at 0.040000 m/pix
[planner_server-4] [INFO] [1757100958.150727517] [global_costmap.global_costmap]: StaticLayer: Resizing costmap to 123 X 90 at 0.040000 m/pix
[rviz2-11] [INFO] [1757100958.170502576] [rviz2]: Trying to create a map of size 123 x 90 using 1 swatches
[controller_server-2] [INFO] [1757100958.396638272] [controller_server]: Passing new path to controller.
[controller_server-2] [INFO] [1757100959.396644432] [controller_server]: Passing new path to controller.
[controller_server-2] [INFO] [1757100959.840401072] [local_costmap.local_costmap]: StaticLayer: Resizing static layer to 123 X 90 at 0.040000 m/pix
[explore-10] [INFO] [1757100960.051730428] [explore_node]: [NAV] Remembered last goal (0.10, 1.18, yaw from quat).
[bt_navigator-6] [INFO] [1757100960.054983789] [bt_navigator]: Received goal preemption request
[bt_navigator-6] [INFO] [1757100960.055382149] [bt_navigator]: Begin navigating from current location (0.28, 0.24) to (0.10, 1.18)
[planner_server-4] [INFO] [1757100960.150749053] [global_costmap.global_costmap]: StaticLayer: Resizing costmap to 123 X 90 at 0.040000 m/pix
[controller_server-2] [INFO] [1757100960.396636258] [controller_server]: Passing new path to controller.
[controller_server-2] [WARN] [1757100960.597446596] [controller_server]: RegulatedPurePursuitController detected collision ahead!
[controller_server-2] [WARN] [1757100960.697511549] [controller_server]: RegulatedPurePursuitController detected collision ahead!
[controller_server-2] [WARN] [1757100960.797593996] [controller_server]: RegulatedPurePursuitController detected collision ahead!
[controller_server-2] [WARN] [1757100960.897413969] [controller_server]: RegulatedPurePursuitController detected collision ahead!
[controller_server-2] [WARN] [1757100960.997369119] [controller_server]: RegulatedPurePursuitController detected collision ahead!
[controller_server-2] [WARN] [1757100961.097400738] [controller_server]: RegulatedPurePursuitController detected collision ahead!
[controller_server-2] [WARN] [1757100961.197319255] [controller_server]: RegulatedPurePursuitController detected collision ahead!
[controller_server-2] [WARN] [1757100961.297339362] [controller_server]: RegulatedPurePursuitController detected collision ahead!
[controller_server-2] [INFO] [1757100961.396714640] [controller_server]: Passing new path to controller.
[controller_server-2] [WARN] [1757100961.397685257] [controller_server]: RegulatedPurePursuitController detected collision ahead!
[controller_server-2] [WARN] [1757100961.497399195] [controller_server]: RegulatedPurePursuitController detected collision ahead!
[controller_server-2] [WARN] [1757100961.597390330] [controller_server]: RegulatedPurePursuitController detected collision ahead!
[controller_server-2] [WARN] [1757100961.697519936] [controller_server]: RegulatedPurePursuitController detected collision ahead!
[controller_server-2] [WARN] [1757100961.797362447] [controller_server]: RegulatedPurePursuitController detected collision ahead!
[controller_server-2] [WARN] [1757100961.897957135] [controller_server]: RegulatedPurePursuitController detected collision ahead!
[controller_server-2] [WARN] [1757100961.997886881] [controller_server]: RegulatedPurePursuitController detected collision ahead!
[controller_server-2] [WARN] [1757100962.097592363] [controller_server]: RegulatedPurePursuitController detected collision ahead!
[controller_server-2] [WARN] [1757100962.197960959] [controller_server]: RegulatedPurePursuitController detected collision ahead!
[controller_server-2] [WARN] [1757100962.297924875] [controller_server]: RegulatedPurePursuitController detected collision ahead!
[controller_server-2] [WARN] [1757100962.397806872] [controller_server]: RegulatedPurePursuitController detected collision ahead!
[controller_server-2] [INFO] [1757100962.496641217] [controller_server]: Passing new path to controller.
[controller_server-2] [WARN] [1757100962.497550817] [controller_server]: RegulatedPurePursuitController detected collision ahead!
[controller_server-2] [ERROR] [1757100962.497618881] [controller_server]: Controller patience exceeded
[controller_server-2] [WARN] [1757100962.497669522] [controller_server]: [follow_path] [ActionServer] Aborting handle.
[controller_server-2] [INFO] [1757100962.525239402] [local_costmap.local_costmap]: Received request to clear entirely the local_costmap
[controller_server-2] [INFO] [1757100962.528219592] [controller_server]: Received a goal, begin computing control effort.
[controller_server-2] [WARN] [1757100962.649112275] [controller_server]: RegulatedPurePursuitController detected collision ahead!
[controller_server-2] [WARN] [1757100962.649299943] [controller_server]: Control loop missed its desired rate of 10.0000Hz
[controller_server-2] [WARN] [1757100962.650001630] [controller_server]: RegulatedPurePursuitController detected collision ahead!
[controller_server-2] [WARN] [1757100962.728576888] [controller_server]: RegulatedPurePursuitController detected collision ahead!
[controller_server-2] [WARN] [1757100962.829114840] [controller_server]: RegulatedPurePursuitController detected collision ahead!
[controller_server-2] [WARN] [1757100962.929048647] [controller_server]: RegulatedPurePursuitController detected collision ahead!
[controller_server-2] [WARN] [1757100963.029108302] [controller_server]: RegulatedPurePursuitController detected collision ahead!
[controller_server-2] [WARN] [1757100963.129129965] [controller_server]: RegulatedPurePursuitController detected collision ahead!
[controller_server-2] [WARN] [1757100963.229111550] [controller_server]: RegulatedPurePursuitController detected collision ahead!
[controller_server-2] [WARN] [1757100963.329065434] [controller_server]: RegulatedPurePursuitController detected collision ahead!
[controller_server-2] [WARN] [1757100963.429040712] [controller_server]: RegulatedPurePursuitController detected collision ahead!
[controller_server-2] [INFO] [1757100963.528370738] [controller_server]: Passing new path to controller.
[controller_server-2] [WARN] [1757100963.529252437] [controller_server]: RegulatedPurePursuitController detected collision ahead!
[controller_server-2] [WARN] [1757100963.629053588] [controller_server]: RegulatedPurePursuitController detected collision ahead!
[controller_server-2] [WARN] [1757100963.728632376] [controller_server]: RegulatedPurePursuitController detected collision ahead!
[controller_server-2] [WARN] [1757100963.829035189] [controller_server]: RegulatedPurePursuitController detected collision ahead!
[controller_server-2] [WARN] [1757100963.929032201] [controller_server]: RegulatedPurePursuitController detected collision ahead!
[controller_server-2] [WARN] [1757100964.028918219] [controller_server]: RegulatedPurePursuitController detected collision ahead!
[controller_server-2] [WARN] [1757100964.129040621] [controller_server]: RegulatedPurePursuitController detected collision ahead!
[controller_server-2] [WARN] [1757100964.229041409] [controller_server]: RegulatedPurePursuitController detected collision ahead!
[controller_server-2] [WARN] [1757100964.329030105] [controller_server]: RegulatedPurePursuitController detected collision ahead!
[controller_server-2] [WARN] [1757100964.429043236] [controller_server]: RegulatedPurePursuitController detected collision ahead!
[controller_server-2] [INFO] [1757100964.528430685] [controller_server]: Passing new path to controller.
[controller_server-2] [WARN] [1757100964.529312807] [controller_server]: RegulatedPurePursuitController detected collision ahead!
[controller_server-2] [ERROR] [1757100964.529362692] [controller_server]: Controller patience exceeded
[controller_server-2] [WARN] [1757100964.529408307] [controller_server]: [follow_path] [ActionServer] Aborting handle.
[controller_server-2] [INFO] [1757100964.555315109] [local_costmap.local_costmap]: Received request to clear entirely the local_costmap
[planner_server-4] [INFO] [1757100964.558158220] [global_costmap.global_costmap]: Received request to clear entirely the global_costmap
[controller_server-2] [INFO] [1757100965.175779459] [controller_server]: Received a goal, begin computing control effort.
[controller_server-2] [WARN] [1757100965.176594472] [controller_server]: RegulatedPurePursuitController detected collision ahead!
[controller_server-2] [WARN] [1757100965.277164400] [controller_server]: RegulatedPurePursuitController detected collision ahead!
[controller_server-2] [WARN] [1757100965.417653113] [controller_server]: RegulatedPurePursuitController detected collision ahead!
[controller_server-2] [WARN] [1757100965.476449546] [controller_server]: RegulatedPurePursuitController detected collision ahead!
[controller_server-2] [WARN] [1757100965.576763843] [controller_server]: RegulatedPurePursuitController detected collision ahead!
[controller_server-2] [WARN] [1757100965.676761573] [controller_server]: RegulatedPurePursuitController detected collision ahead!
[controller_server-2] [WARN] [1757100965.776761263] [controller_server]: RegulatedPurePursuitController detected collision ahead!
[controller_server-2] [WARN] [1757100965.876757518] [controller_server]: RegulatedPurePursuitController detected collision ahead!
[controller_server-2] [WARN] [1757100965.976750598] [controller_server]: RegulatedPurePursuitController detected collision ahead!
[controller_server-2] [WARN] [1757100966.076744098] [controller_server]: RegulatedPurePursuitController detected collision ahead!
[controller_server-2] [WARN] [1757100966.176758147] [controller_server]: RegulatedPurePursuitController detected collision ahead!
[controller_server-2] [INFO] [1757100966.276012135] [controller_server]: Passing new path to controller.
[controller_server-2] [WARN] [1757100966.276866325] [controller_server]: RegulatedPurePursuitController detected collision ahead!
[controller_server-2] [WARN] [1757100966.376772138] [controller_server]: RegulatedPurePursuitController detected collision ahead!
[controller_server-2] [WARN] [1757100966.476761839] [controller_server]: RegulatedPurePursuitController detected collision ahead!
[controller_server-2] [WARN] [1757100966.576695028] [controller_server]: RegulatedPurePursuitController detected collision ahead!
[controller_server-2] [WARN] [1757100966.676730731] [controller_server]: RegulatedPurePursuitController detected collision ahead!
[controller_server-2] [WARN] [1757100966.776757446] [controller_server]: RegulatedPurePursuitController detected collision ahead!
[controller_server-2] [WARN] [1757100966.876748703] [controller_server]: RegulatedPurePursuitController detected collision ahead!
[controller_server-2] [WARN] [1757100966.976758191] [controller_server]: RegulatedPurePursuitController detected collision ahead!
[controller_server-2] [WARN] [1757100967.076747369] [controller_server]: RegulatedPurePursuitController detected collision ahead!
[controller_server-2] [WARN] [1757100967.176755853] [controller_server]: RegulatedPurePursuitController detected collision ahead!
[controller_server-2] [ERROR] [1757100967.176850495] [controller_server]: Controller patience exceeded
[controller_server-2] [WARN] [1757100967.176928778] [controller_server]: [follow_path] [ActionServer] Aborting handle.
[controller_server-2] [INFO] [1757100967.195442797] [local_costmap.local_costmap]: Received request to clear entirely the local_costmap
[controller_server-2] [INFO] [1757100967.197466558] [controller_server]: Received a goal, begin computing control effort.
[controller_server-2] [INFO] [1757100967.247668281] [controller_server]: Passing new path to controller.
[controller_server-2] [WARN] [1757100967.248575205] [controller_server]: RegulatedPurePursuitController detected collision ahead!
[controller_server-2] [WARN] [1757100967.298337406] [controller_server]: RegulatedPurePursuitController detected collision ahead!
[controller_server-2] [WARN] [1757100967.398438346] [controller_server]: RegulatedPurePursuitController detected collision ahead!
[controller_server-2] [WARN] [1757100967.538776017] [controller_server]: RegulatedPurePursuitController detected collision ahead!
[controller_server-2] [WARN] [1757100967.598503406] [controller_server]: RegulatedPurePursuitController detected collision ahead!
[controller_server-2] [WARN] [1757100967.698467141] [controller_server]: RegulatedPurePursuitController detected collision ahead!
[controller_server-2] [WARN] [1757100967.798794546] [controller_server]: RegulatedPurePursuitController detected collision ahead!
[controller_server-2] [WARN] [1757100967.898506781] [controller_server]: RegulatedPurePursuitController detected collision ahead!
[controller_server-2] [WARN] [1757100967.998395888] [controller_server]: RegulatedPurePursuitController detected collision ahead!
[controller_server-2] [WARN] [1757100968.098461871] [controller_server]: RegulatedPurePursuitController detected collision ahead!
[controller_server-2] [WARN] [1757100968.198424259] [controller_server]: RegulatedPurePursuitController detected collision ahead!
[controller_server-2] [INFO] [1757100968.297673476] [controller_server]: Passing new path to controller.
[controller_server-2] [WARN] [1757100968.298543008] [controller_server]: RegulatedPurePursuitController detected collision ahead!
[controller_server-2] [WARN] [1757100968.398416249] [controller_server]: RegulatedPurePursuitController detected collision ahead!
[controller_server-2] [WARN] [1757100968.498392961] [controller_server]: RegulatedPurePursuitController detected collision ahead!
[controller_server-2] [WARN] [1757100968.598448659] [controller_server]: RegulatedPurePursuitController detected collision ahead!
[controller_server-2] [WARN] [1757100968.698377516] [controller_server]: RegulatedPurePursuitController detected collision ahead!
[controller_server-2] [WARN] [1757100968.798328097] [controller_server]: RegulatedPurePursuitController detected collision ahead!
[controller_server-2] [WARN] [1757100968.898371771] [controller_server]: RegulatedPurePursuitController detected collision ahead!
[controller_server-2] [WARN] [1757100968.998371986] [controller_server]: RegulatedPurePursuitController detected collision ahead!
[controller_server-2] [WARN] [1757100969.098397720] [controller_server]: RegulatedPurePursuitController detected collision ahead!
[controller_server-2] [WARN] [1757100969.198373160] [controller_server]: RegulatedPurePursuitController detected collision ahead!
[controller_server-2] [ERROR] [1757100969.198471390] [controller_server]: Controller patience exceeded
[controller_server-2] [WARN] [1757100969.198546742] [controller_server]: [follow_path] [ActionServer] Aborting handle.
[behavior_server-5] [INFO] [1757100969.215819003] [behavior_server]: Running spin
[behavior_server-5] [INFO] [1757100969.216133496] [behavior_server]: Turning 1.57 for spin behavior.
[behavior_server-5] [INFO] [1757100972.316528001] [behavior_server]: spin completed successfully
[controller_server-2] [INFO] [1757100972.365786959] [controller_server]: Received a goal, begin computing control effort.
[controller_server-2] [INFO] [1757100973.466030998] [controller_server]: Passing new path to controller.
[controller_server-2] [INFO] [1757100974.466013102] [controller_server]: Passing new path to controller.
[controller_server-2] [INFO] [1757100975.466031057] [controller_server]: Passing new path to controller.
[controller_server-2] [WARN] [1757100976.366760374] [controller_server]: RegulatedPurePursuitController detected collision ahead!
[controller_server-2] [WARN] [1757100976.466737000] [controller_server]: RegulatedPurePursuitController detected collision ahead!
[controller_server-2] [INFO] [1757100976.566032198] [controller_server]: Passing new path to controller.
[controller_server-2] [WARN] [1757100976.566912412] [controller_server]: RegulatedPurePursuitController detected collision ahead!
[controller_server-2] [WARN] [1757100976.666413651] [controller_server]: RegulatedPurePursuitController detected collision ahead!
[controller_server-2] [WARN] [1757100976.766683921] [controller_server]: RegulatedPurePursuitController detected collision ahead!
[controller_server-2] [WARN] [1757100976.866697281] [controller_server]: RegulatedPurePursuitController detected collision ahead!
[controller_server-2] [WARN] [1757100976.966695674] [controller_server]: RegulatedPurePursuitController detected collision ahead!
[controller_server-2] [WARN] [1757100977.066690199] [controller_server]: RegulatedPurePursuitController detected collision ahead!
[controller_server-2] [WARN] [1757100977.166706113] [controller_server]: RegulatedPurePursuitController detected collision ahead!
[controller_server-2] [WARN] [1757100977.337294397] [controller_server]: RegulatedPurePursuitController detected collision ahead!
[controller_server-2] [WARN] [1757100977.366646363] [controller_server]: RegulatedPurePursuitController detected collision ahead!
[controller_server-2] [WARN] [1757100977.466701285] [controller_server]: RegulatedPurePursuitController detected collision ahead!
[controller_server-2] [INFO] [1757100977.566023911] [controller_server]: Passing new path to controller.
[controller_server-2] [WARN] [1757100977.566989193] [controller_server]: RegulatedPurePursuitController detected collision ahead!
[controller_server-2] [WARN] [1757100977.666426037] [controller_server]: RegulatedPurePursuitController detected collision ahead!
[controller_server-2] [WARN] [1757100977.766679145] [controller_server]: RegulatedPurePursuitController detected collision ahead!
[controller_server-2] [WARN] [1757100977.866673937] [controller_server]: RegulatedPurePursuitController detected collision ahead!
[controller_server-2] [WARN] [1757100977.966700061] [controller_server]: RegulatedPurePursuitController detected collision ahead!
[controller_server-2] [WARN] [1757100978.066683304] [controller_server]: RegulatedPurePursuitController detected collision ahead!
[controller_server-2] [WARN] [1757100978.166699625] [controller_server]: RegulatedPurePursuitController detected collision ahead!
[controller_server-2] [WARN] [1757100978.266683570] [controller_server]: RegulatedPurePursuitController detected collision ahead!
[controller_server-2] [ERROR] [1757100978.266774745] [controller_server]: Controller patience exceeded
[controller_server-2] [WARN] [1757100978.266848391] [controller_server]: [follow_path] [ActionServer] Aborting handle.
[controller_server-2] [INFO] [1757100978.285365430] [local_costmap.local_costmap]: Received request to clear entirely the local_costmap
[controller_server-2] [INFO] [1757100978.287053759] [controller_server]: Received a goal, begin computing control effort.
[controller_server-2] [WARN] [1757100978.447860131] [controller_server]: RegulatedPurePursuitController detected collision ahead!
[controller_server-2] [WARN] [1757100978.448063626] [controller_server]: Control loop missed its desired rate of 10.0000Hz
[controller_server-2] [WARN] [1757100978.448618900] [controller_server]: RegulatedPurePursuitController detected collision ahead!
[controller_server-2] [WARN] [1757100978.487874119] [controller_server]: RegulatedPurePursuitController detected collision ahead!
[controller_server-2] [INFO] [1757100978.587219619] [controller_server]: Passing new path to controller.
[controller_server-2] [WARN] [1757100978.588056717] [controller_server]: RegulatedPurePursuitController detected collision ahead!
[controller_server-2] [WARN] [1757100978.687782066] [controller_server]: RegulatedPurePursuitController detected collision ahead!
[controller_server-2] [WARN] [1757100978.787897330] [controller_server]: RegulatedPurePursuitController detected collision ahead!
[controller_server-2] [WARN] [1757100978.887711036] [controller_server]: RegulatedPurePursuitController detected collision ahead!
[controller_server-2] [WARN] [1757100978.987336828] [controller_server]: RegulatedPurePursuitController detected collision ahead!
[controller_server-2] [WARN] [1757100979.087402235] [controller_server]: RegulatedPurePursuitController detected collision ahead!
[controller_server-2] [WARN] [1757100979.187378648] [controller_server]: RegulatedPurePursuitController detected collision ahead!
[controller_server-2] [WARN] [1757100979.287900158] [controller_server]: RegulatedPurePursuitController detected collision ahead!
[controller_server-2] [WARN] [1757100979.387892388] [controller_server]: RegulatedPurePursuitController detected collision ahead!
[controller_server-2] [WARN] [1757100979.487912544] [controller_server]: RegulatedPurePursuitController detected collision ahead!
[controller_server-2] [INFO] [1757100979.587209410] [controller_server]: Passing new path to controller.
[controller_server-2] [WARN] [1757100979.587705741] [controller_server]: RegulatedPurePursuitController detected collision ahead!
[controller_server-2] [WARN] [1757100979.687900638] [controller_server]: RegulatedPurePursuitController detected collision ahead!
[controller_server-2] [WARN] [1757100979.787891130] [controller_server]: RegulatedPurePursuitController detected collision ahead!
[controller_server-2] [WARN] [1757100979.887892747] [controller_server]: RegulatedPurePursuitController detected collision ahead!
[controller_server-2] [WARN] [1757100979.987899666] [controller_server]: RegulatedPurePursuitController detected collision ahead!
[controller_server-2] [WARN] [1757100980.087888112] [controller_server]: RegulatedPurePursuitController detected collision ahead!
[controller_server-2] [WARN] [1757100980.187821221] [controller_server]: RegulatedPurePursuitController detected collision ahead!
[controller_server-2] [WARN] [1757100980.287899134] [controller_server]: RegulatedPurePursuitController detected collision ahead!
[controller_server-2] [ERROR] [1757100980.287990800] [controller_server]: Controller patience exceeded
[controller_server-2] [WARN] [1757100980.288066558] [controller_server]: [follow_path] [ActionServer] Aborting handle.
[behavior_server-5] [INFO] [1757100980.305724336] [behavior_server]: Running wait
[behavior_server-5] [INFO] [1757100985.306009741] [behavior_server]: wait completed successfully
[controller_server-2] [INFO] [1757100985.355682974] [controller_server]: Received a goal, begin computing control effort.
[controller_server-2] [WARN] [1757100985.356457760] [controller_server]: RegulatedPurePursuitController detected collision ahead!
[controller_server-2] [WARN] [1757100985.456614989] [controller_server]: RegulatedPurePursuitController detected collision ahead!
[controller_server-2] [WARN] [1757100985.556695366] [controller_server]: RegulatedPurePursuitController detected collision ahead!
[controller_server-2] [WARN] [1757100985.656599684] [controller_server]: RegulatedPurePursuitController detected collision ahead!
[controller_server-2] [WARN] [1757100985.756553583] [controller_server]: RegulatedPurePursuitController detected collision ahead!
[controller_server-2] [WARN] [1757100985.856390282] [controller_server]: RegulatedPurePursuitController detected collision ahead!
[controller_server-2] [WARN] [1757100985.956578275] [controller_server]: RegulatedPurePursuitController detected collision ahead!
[controller_server-2] [WARN] [1757100986.056555284] [controller_server]: RegulatedPurePursuitController detected collision ahead!
[controller_server-2] [WARN] [1757100986.156542055] [controller_server]: RegulatedPurePursuitController detected collision ahead!
[controller_server-2] [WARN] [1757100986.256545165] [controller_server]: RegulatedPurePursuitController detected collision ahead!
[controller_server-2] [WARN] [1757100986.356543922] [controller_server]: RegulatedPurePursuitController detected collision ahead!
[controller_server-2] [INFO] [1757100986.455889906] [controller_server]: Passing new path to controller.
[controller_server-2] [WARN] [1757100986.456749814] [controller_server]: RegulatedPurePursuitController detected collision ahead!
[controller_server-2] [WARN] [1757100986.556617032] [controller_server]: RegulatedPurePursuitController detected collision ahead!
[controller_server-2] [WARN] [1757100986.656558105] [controller_server]: RegulatedPurePursuitController detected collision ahead!
[controller_server-2] [WARN] [1757100986.756530030] [controller_server]: RegulatedPurePursuitController detected collision ahead!
[controller_server-2] [WARN] [1757100986.937329130] [controller_server]: RegulatedPurePursuitController detected collision ahead!
[controller_server-2] [WARN] [1757100986.956493799] [controller_server]: RegulatedPurePursuitController detected collision ahead!
[controller_server-2] [WARN] [1757100987.056580044] [controller_server]: RegulatedPurePursuitController detected collision ahead!
[controller_server-2] [WARN] [1757100987.156521743] [controller_server]: RegulatedPurePursuitController detected collision ahead!
[controller_server-2] [WARN] [1757100987.256566758] [controller_server]: RegulatedPurePursuitController detected collision ahead!
[controller_server-2] [WARN] [1757100987.356527173] [controller_server]: RegulatedPurePursuitController detected collision ahead!
[controller_server-2] [ERROR] [1757100987.356617237] [controller_server]: Controller patience exceeded
[controller_server-2] [WARN] [1757100987.356684659] [controller_server]: [follow_path] [ActionServer] Aborting handle.
[controller_server-2] [INFO] [1757100987.375200220] [local_costmap.local_costmap]: Received request to clear entirely the local_costmap
[controller_server-2] [INFO] [1757100987.376963011] [controller_server]: Received a goal, begin computing control effort.
[controller_server-2] [INFO] [1757100987.447173648] [controller_server]: Passing new path to controller.
[controller_server-2] [WARN] [1757100987.448224179] [controller_server]: RegulatedPurePursuitController detected collision ahead!
[controller_server-2] [WARN] [1757100987.478299417] [controller_server]: RegulatedPurePursuitController detected collision ahead!
[controller_server-2] [WARN] [1757100987.578089976] [controller_server]: RegulatedPurePursuitController detected collision ahead!
[controller_server-2] [WARN] [1757100987.677672459] [controller_server]: RegulatedPurePursuitController detected collision ahead!
[controller_server-2] [WARN] [1757100987.777819451] [controller_server]: RegulatedPurePursuitController detected collision ahead!
[controller_server-2] [WARN] [1757100987.877550475] [controller_server]: RegulatedPurePursuitController detected collision ahead!
[controller_server-2] [WARN] [1757100987.978466642] [controller_server]: RegulatedPurePursuitController detected collision ahead!
[controller_server-2] [WARN] [1757100988.077936422] [controller_server]: RegulatedPurePursuitController detected collision ahead!
[controller_server-2] [WARN] [1757100988.177826343] [controller_server]: RegulatedPurePursuitController detected collision ahead!
[controller_server-2] [WARN] [1757100988.277832369] [controller_server]: RegulatedPurePursuitController detected collision ahead!
[controller_server-2] [WARN] [1757100988.377812403] [controller_server]: RegulatedPurePursuitController detected collision ahead!
[controller_server-2] [INFO] [1757100988.477254330] [controller_server]: Passing new path to controller.
[controller_server-2] [WARN] [1757100988.478178967] [controller_server]: RegulatedPurePursuitController detected collision ahead!
[controller_server-2] [WARN] [1757100988.577341143] [controller_server]: RegulatedPurePursuitController detected collision ahead!
[controller_server-2] [WARN] [1757100988.677607046] [controller_server]: RegulatedPurePursuitController detected collision ahead!
[controller_server-2] [WARN] [1757100988.778085660] [controller_server]: RegulatedPurePursuitController detected collision ahead!
[controller_server-2] [WARN] [1757100988.877935242] [controller_server]: RegulatedPurePursuitController detected collision ahead!
[controller_server-2] [WARN] [1757100988.977924561] [controller_server]: RegulatedPurePursuitController detected collision ahead!
[controller_server-2] [WARN] [1757100989.077856650] [controller_server]: RegulatedPurePursuitController detected collision ahead!
[controller_server-2] [WARN] [1757100989.177962530] [controller_server]: RegulatedPurePursuitController detected collision ahead!
[controller_server-2] [WARN] [1757100989.277819360] [controller_server]: RegulatedPurePursuitController detected collision ahead!
[controller_server-2] [WARN] [1757100989.378070856] [controller_server]: RegulatedPurePursuitController detected collision ahead!
[controller_server-2] [ERROR] [17