[INFO] [launch]: All log files can be found below /home/robot/.ros/log/2025-09-02-17-50-16-047991-robot-pc04-43052
[INFO] [launch]: Default logging verbosity is set to INFO
[INFO] [async_slam_toolbox_node-1]: process started with pid [43064]
[INFO] [controller_server-2]: process started with pid [43066]
[INFO] [smoother_server-3]: process started with pid [43068]
[INFO] [planner_server-4]: process started with pid [43070]
[INFO] [behavior_server-5]: process started with pid [43072]
[INFO] [bt_navigator-6]: process started with pid [43074]
[INFO] [waypoint_follower-7]: process started with pid [43076]
[INFO] [velocity_smoother-8]: process started with pid [43078]
[INFO] [lifecycle_manager-9]: process started with pid [43080]
[INFO] [explore-10]: process started with pid [43082]
[INFO] [rviz2-11]: process started with pid [43084]
[async_slam_toolbox_node-1] [INFO] [1756828216.159124246] [slam]: Node using stack size 40000000
[lifecycle_manager-9] [INFO] [1756828216.160421332] [lifecycle_manager_navigation]: Creating
[bt_navigator-6] [INFO] [1756828216.161347216] [bt_navigator]: 
[bt_navigator-6] 	bt_navigator lifecycle node launched. 
[bt_navigator-6] 	Waiting on external lifecycle transitions to activate
[bt_navigator-6] 	See https://design.ros2.org/articles/node_lifecycle.html for more information.
[bt_navigator-6] [INFO] [1756828216.161423631] [bt_navigator]: Creating
[lifecycle_manager-9] [INFO] [1756828216.162285414] [lifecycle_manager_navigation]: [34m[1mCreating and initializing lifecycle service clients[0m[0m
[smoother_server-3] [INFO] [1756828216.163113623] [smoother_server]: 
[smoother_server-3] 	smoother_server lifecycle node launched. 
[smoother_server-3] 	Waiting on external lifecycle transitions to activate
[smoother_server-3] 	See https://design.ros2.org/articles/node_lifecycle.html for more information.
[controller_server-2] [INFO] [1756828216.163694116] [controller_server]: 
[controller_server-2] 	controller_server lifecycle node launched. 
[controller_server-2] 	Waiting on external lifecycle transitions to activate
[controller_server-2] 	See https://design.ros2.org/articles/node_lifecycle.html for more information.
[smoother_server-3] [INFO] [1756828216.164000535] [smoother_server]: Creating smoother server
[behavior_server-5] [INFO] [1756828216.164040511] [behavior_server]: 
[behavior_server-5] 	behavior_server lifecycle node launched. 
[behavior_server-5] 	Waiting on external lifecycle transitions to activate
[behavior_server-5] 	See https://design.ros2.org/articles/node_lifecycle.html for more information.
[planner_server-4] [INFO] [1756828216.164280290] [planner_server]: 
[planner_server-4] 	planner_server lifecycle node launched. 
[planner_server-4] 	Waiting on external lifecycle transitions to activate
[planner_server-4] 	See https://design.ros2.org/articles/node_lifecycle.html for more information.
[planner_server-4] [INFO] [1756828216.165019760] [planner_server]: Creating
[controller_server-2] [INFO] [1756828216.165443337] [controller_server]: Creating controller server
[waypoint_follower-7] [INFO] [1756828216.166087601] [waypoint_follower]: 
[waypoint_follower-7] 	waypoint_follower lifecycle node launched. 
[waypoint_follower-7] 	Waiting on external lifecycle transitions to activate
[waypoint_follower-7] 	See https://design.ros2.org/articles/node_lifecycle.html for more information.
[waypoint_follower-7] [INFO] [1756828216.166348187] [waypoint_follower]: Creating
[velocity_smoother-8] [INFO] [1756828216.166339149] [velocity_smoother]: 
[velocity_smoother-8] 	velocity_smoother lifecycle node launched. 
[velocity_smoother-8] 	Waiting on external lifecycle transitions to activate
[velocity_smoother-8] 	See https://design.ros2.org/articles/node_lifecycle.html for more information.
[lifecycle_manager-9] [INFO] [1756828216.169220767] [lifecycle_manager_navigation]: [34m[1mStarting managed nodes bringup...[0m[0m
[lifecycle_manager-9] [INFO] [1756828216.169250145] [lifecycle_manager_navigation]: [34m[1mConfiguring controller_server[0m[0m
[explore-10] [INFO] [1756828216.171121403] [explore_node]: Waiting for costmap to become available, topic: map
[planner_server-4] [INFO] [1756828216.171766588] [global_costmap.global_costmap]: 
[planner_server-4] 	global_costmap lifecycle node launched. 
[planner_server-4] 	Waiting on external lifecycle transitions to activate
[planner_server-4] 	See https://design.ros2.org/articles/node_lifecycle.html for more information.
[planner_server-4] [INFO] [1756828216.172233151] [global_costmap.global_costmap]: Creating Costmap
[controller_server-2] [INFO] [1756828216.172961966] [local_costmap.local_costmap]: 
[controller_server-2] 	local_costmap lifecycle node launched. 
[controller_server-2] 	Waiting on external lifecycle transitions to activate
[controller_server-2] 	See https://design.ros2.org/articles/node_lifecycle.html for more information.
[controller_server-2] [INFO] [1756828216.173228105] [local_costmap.local_costmap]: Creating Costmap
[controller_server-2] [INFO] [1756828216.174219317] [controller_server]: Configuring controller interface
[controller_server-2] [INFO] [1756828216.174287850] [controller_server]: getting goal checker plugins..
[controller_server-2] [INFO] [1756828216.174381572] [controller_server]: Controller frequency set to 10.0000Hz
[controller_server-2] [INFO] [1756828216.174397371] [local_costmap.local_costmap]: Configuring
[controller_server-2] [INFO] [1756828216.177406221] [local_costmap.local_costmap]: Using plugin "static_layer"
[controller_server-2] [INFO] [1756828216.179066926] [local_costmap.local_costmap]: Subscribing to the map topic (/map) with transient local durability
[controller_server-2] [INFO] [1756828216.179564691] [local_costmap.local_costmap]: Initialized plugin "static_layer"
[controller_server-2] [INFO] [1756828216.179577568] [local_costmap.local_costmap]: Using plugin "obstacle_layer"
[controller_server-2] [INFO] [1756828216.179702810] [local_costmap.local_costmap]: Subscribed to Topics: scan
[controller_server-2] [INFO] [1756828216.180683793] [local_costmap.local_costmap]: Initialized plugin "obstacle_layer"
[controller_server-2] [INFO] [1756828216.180695534] [local_costmap.local_costmap]: Using plugin "inflation_layer"
[controller_server-2] [INFO] [1756828216.180947855] [local_costmap.local_costmap]: Initialized plugin "inflation_layer"
[async_slam_toolbox_node-1] [INFO] [1756828216.182185370] [slam]: Using solver plugin solver_plugins::CeresSolver
[async_slam_toolbox_node-1] [INFO] [1756828216.182307982] [slam]: CeresSolver: Using SCHUR_JACOBI preconditioner.
[controller_server-2] [INFO] [1756828216.183743358] [controller_server]: Created progress_checker : progress_checker of type nav2_controller::SimpleProgressChecker
[controller_server-2] [INFO] [1756828216.183975475] [controller_server]: Created goal checker : goal_checker of type nav2_controller::SimpleGoalChecker
[controller_server-2] [INFO] [1756828216.184059511] [controller_server]: Controller Server has goal_checker  goal checkers available.
[controller_server-2] [INFO] [1756828216.184277126] [controller_server]: Created controller : FollowPath of type nav2_regulated_pure_pursuit_controller::RegulatedPurePursuitController
[controller_server-2] [INFO] [1756828216.185338701] [controller_server]: Controller Server has FollowPath  controllers available.
[lifecycle_manager-9] [INFO] [1756828216.187342322] [lifecycle_manager_navigation]: [34m[1mConfiguring smoother_server[0m[0m
[smoother_server-3] [INFO] [1756828216.187462518] [smoother_server]: Configuring smoother server
[smoother_server-3] [INFO] [1756828216.190644660] [smoother_server]: Created smoother : simple_smoother of type nav2_smoother::SimpleSmoother
[smoother_server-3] [INFO] [1756828216.190765693] [smoother_server]: Smoother Server has simple_smoother  smoothers available.
[lifecycle_manager-9] [INFO] [1756828216.192314132] [lifecycle_manager_navigation]: [34m[1mConfiguring planner_server[0m[0m
[planner_server-4] [INFO] [1756828216.192514142] [planner_server]: Configuring
[planner_server-4] [INFO] [1756828216.192545683] [global_costmap.global_costmap]: Configuring
[planner_server-4] [INFO] [1756828216.195422937] [global_costmap.global_costmap]: Using plugin "static_layer"
[planner_server-4] [INFO] [1756828216.197273292] [global_costmap.global_costmap]: Subscribing to the map topic (/map) with transient local durability
[planner_server-4] [INFO] [1756828216.197896051] [global_costmap.global_costmap]: Initialized plugin "static_layer"
[planner_server-4] [INFO] [1756828216.197913019] [global_costmap.global_costmap]: Using plugin "obstacle_layer"
[planner_server-4] [INFO] [1756828216.198093337] [global_costmap.global_costmap]: Subscribed to Topics: scan
[planner_server-4] [INFO] [1756828216.199195739] [global_costmap.global_costmap]: Initialized plugin "obstacle_layer"
[planner_server-4] [INFO] [1756828216.199208214] [global_costmap.global_costmap]: Using plugin "inflation_layer"
[planner_server-4] [ERROR] [1756828216.199321213] [global_costmap.global_costmap]: Caught exception in callback for transition 10
[planner_server-4] [ERROR] [1756828216.199326892] [global_costmap.global_costmap]: Original error: parameter 'inflation_layer.cost_scaling_factor' has invalid type: Wrong parameter type, parameter {inflation_layer.cost_scaling_factor} is of type {double}, setting it to {integer} is not allowed.
[planner_server-4] [WARN] [1756828216.199337731] [global_costmap.global_costmap]: Error occurred while doing error handling.
[planner_server-4] [FATAL] [1756828216.199342653] [global_costmap.global_costmap]: Lifecycle node global_costmap does not have error state implemented
[planner_server-4] [INFO] [1756828216.199596496] [planner_server]: Created global planner plugin GridBased of type nav2_navfn_planner/NavfnPlanner
[planner_server-4] [INFO] [1756828216.199605090] [planner_server]: Configuring plugin GridBased of type NavfnPlanner
[planner_server-4] [INFO] [1756828216.199726119] [planner_server]: Planner Server has GridBased  planners available.
[lifecycle_manager-9] [INFO] [1756828216.202988900] [lifecycle_manager_navigation]: [34m[1mConfiguring behavior_server[0m[0m
[behavior_server-5] [INFO] [1756828216.203141226] [behavior_server]: Configuring
[behavior_server-5] [INFO] [1756828216.205860012] [behavior_server]: Creating behavior plugin spin of type nav2_behaviors/Spin
[behavior_server-5] [INFO] [1756828216.206198750] [behavior_server]: Configuring spin
[behavior_server-5] [INFO] [1756828216.207481900] [behavior_server]: Creating behavior plugin backup of type nav2_behaviors/BackUp
[behavior_server-5] [INFO] [1756828216.207800697] [behavior_server]: Configuring backup
[behavior_server-5] [INFO] [1756828216.208727988] [behavior_server]: Creating behavior plugin drive_on_heading of type nav2_behaviors/DriveOnHeading
[behavior_server-5] [INFO] [1756828216.209043186] [behavior_server]: Configuring drive_on_heading
[behavior_server-5] [INFO] [1756828216.209966375] [behavior_server]: Creating behavior plugin wait of type nav2_behaviors/Wait
[behavior_server-5] [INFO] [1756828216.210251705] [behavior_server]: Configuring wait
[behavior_server-5] [INFO] [1756828216.211294792] [behavior_server]: Creating behavior plugin assisted_teleop of type nav2_behaviors/AssistedTeleop
[behavior_server-5] [INFO] [1756828216.212067208] [behavior_server]: Configuring assisted_teleop
[lifecycle_manager-9] [INFO] [1756828216.213980975] [lifecycle_manager_navigation]: [34m[1mConfiguring bt_navigator[0m[0m
[bt_navigator-6] [INFO] [1756828216.214148253] [bt_navigator]: Configuring
[lifecycle_manager-9] [INFO] [1756828216.243156205] [lifecycle_manager_navigation]: [34m[1mConfiguring waypoint_follower[0m[0m
[waypoint_follower-7] [INFO] [1756828216.243285150] [waypoint_follower]: Configuring
[waypoint_follower-7] [INFO] [1756828216.247479158] [waypoint_follower]: Created waypoint_task_executor : wait_at_waypoint of type nav2_waypoint_follower::WaitAtWaypoint
[lifecycle_manager-9] [INFO] [1756828216.247756435] [lifecycle_manager_navigation]: [34m[1mConfiguring velocity_smoother[0m[0m
[velocity_smoother-8] [INFO] [1756828216.247891914] [velocity_smoother]: Configuring velocity smoother
[lifecycle_manager-9] [INFO] [1756828216.248938075] [lifecycle_manager_navigation]: [34m[1mActivating controller_server[0m[0m
[controller_server-2] [INFO] [1756828216.249019483] [controller_server]: Activating
[controller_server-2] [INFO] [1756828216.249052059] [local_costmap.local_costmap]: Activating
[controller_server-2] [INFO] [1756828216.249065541] [local_costmap.local_costmap]: Checking transform
[controller_server-2] [INFO] [1756828216.249100450] [local_costmap.local_costmap]: Timed out waiting for transform from base_link to odom to become available, tf error: Invalid frame ID "odom" passed to canTransform argument target_frame - frame does not exist
[rviz2-11] [INFO] [1756828216.588010478] [rviz2]: Stereo is NOT SUPPORTED
[rviz2-11] [INFO] [1756828216.588067839] [rviz2]: OpenGl version: 4.6 (GLSL 4.6)
[rviz2-11] [INFO] [1756828216.615296333] [rviz2]: Stereo is NOT SUPPORTED
[controller_server-2] [INFO] [1756828216.749182048] [local_costmap.local_costmap]: Timed out waiting for transform from base_link to odom to become available, tf error: Invalid frame ID "odom" passed to canTransform argument target_frame - frame does not exist
[controller_server-2] [INFO] [1756828217.249285991] [local_costmap.local_costmap]: Timed out waiting for transform from base_link to odom to become available, tf error: Invalid frame ID "odom" passed to canTransform argument target_frame - frame does not exist
[controller_server-2] [INFO] [1756828217.749285947] [local_costmap.local_costmap]: Timed out waiting for transform from base_link to odom to become available, tf error: Invalid frame ID "odom" passed to canTransform argument target_frame - frame does not exist
[controller_server-2] [INFO] [1756828218.249194471] [local_costmap.local_costmap]: Timed out waiting for transform from base_link to odom to become available, tf error: Invalid frame ID "odom" passed to canTransform argument target_frame - frame does not exist
[controller_server-2] [INFO] [1756828218.749186699] [local_costmap.local_costmap]: Timed out waiting for transform from base_link to odom to become available, tf error: Invalid frame ID "odom" passed to canTransform argument target_frame - frame does not exist
[controller_server-2] [INFO] [1756828219.249193827] [local_costmap.local_costmap]: Timed out waiting for transform from base_link to odom to become available, tf error: Invalid frame ID "odom" passed to canTransform argument target_frame - frame does not exist
[controller_server-2] [INFO] [1756828219.749182640] [local_costmap.local_costmap]: Timed out waiting for transform from base_link to odom to become available, tf error: Invalid frame ID "odom" passed to canTransform argument target_frame - frame does not exist
[controller_server-2] [INFO] [1756828220.249190581] [local_costmap.local_costmap]: Timed out waiting for transform from base_link to odom to become available, tf error: Invalid frame ID "odom" passed to canTransform argument target_frame - frame does not exist
[controller_server-2] [INFO] [1756828220.749334771] [local_costmap.local_costmap]: start
[async_slam_toolbox_node-1] [WARN] [1756828220.763063009] [slam]: minimum laser range setting (0.0 m) exceeds the capabilities of the used Lidar (0.1 m)
[controller_server-2] [INFO] [1756828220.951165813] [controller_server]: Activating controller: FollowPath of type regulated_pure_pursuit_controller::RegulatedPurePursuitController
[controller_server-2] [INFO] [1756828220.951265001] [controller_server]: Creating bond (controller_server) to lifecycle manager.
[rviz2-11] [INFO] [1756828220.985454198] [rviz2]: Trying to create a map of size 100 x 100 using 1 swatches
[lifecycle_manager-9] [INFO] [1756828221.059677438] [lifecycle_manager_navigation]: Server controller_server connected with bond.
[lifecycle_manager-9] [INFO] [1756828221.059770176] [lifecycle_manager_navigation]: [34m[1mActivating smoother_server[0m[0m
[smoother_server-3] [INFO] [1756828221.060439704] [smoother_server]: Activating
[smoother_server-3] [INFO] [1756828221.060527494] [smoother_server]: Creating bond (smoother_server) to lifecycle manager.
[lifecycle_manager-9] [INFO] [1756828221.167267756] [lifecycle_manager_navigation]: Server smoother_server connected with bond.
[lifecycle_manager-9] [INFO] [1756828221.167296141] [lifecycle_manager_navigation]: [34m[1mActivating planner_server[0m[0m
[planner_server-4] [INFO] [1756828221.167502525] [planner_server]: Activating
[planner_server-4] [WARN] [1756828221.167526747] [rcl_lifecycle]: No transition matching 3 found for current state unconfigured
[planner_server-4] [INFO] [1756828221.167531952] [planner_server]: Activating plugin GridBased of type NavfnPlanner
[planner_server-4] [INFO] [1756828221.168145243] [planner_server]: Creating bond (planner_server) to lifecycle manager.
[lifecycle_manager-9] [INFO] [1756828221.269967395] [lifecycle_manager_navigation]: Server planner_server connected with bond.
[lifecycle_manager-9] [INFO] [1756828221.270083002] [lifecycle_manager_navigation]: [34m[1mActivating behavior_server[0m[0m
[behavior_server-5] [INFO] [1756828221.270712051] [behavior_server]: Activating
[behavior_server-5] [INFO] [1756828221.270776431] [behavior_server]: Activating spin
[behavior_server-5] [INFO] [1756828221.270799609] [behavior_server]: Activating backup
[behavior_server-5] [INFO] [1756828221.270815381] [behavior_server]: Activating drive_on_heading
[behavior_server-5] [INFO] [1756828221.270841668] [behavior_server]: Activating wait
[behavior_server-5] [INFO] [1756828221.270856748] [behavior_server]: Activating assisted_teleop
[behavior_server-5] [INFO] [1756828221.270880267] [behavior_server]: Creating bond (behavior_server) to lifecycle manager.
[lifecycle_manager-9] [INFO] [1756828221.378661039] [lifecycle_manager_navigation]: Server behavior_server connected with bond.
[lifecycle_manager-9] [INFO] [1756828221.378780759] [lifecycle_manager_navigation]: [34m[1mActivating bt_navigator[0m[0m
[bt_navigator-6] [INFO] [1756828221.379564807] [bt_navigator]: Activating
[rviz2-11] [ERROR] [1756828221.551899910] [rviz2]: Lookup would require extrapolation into the future.  Requested time 1756828221.516026 but the latest data is at time 1756828221.514271, when looking up transform from frame [laser] to frame [map]
[controller_server-2] [INFO] [1756828222.186211486] [local_costmap.local_costmap]: StaticLayer: Resizing static layer to 64 X 34 at 0.040000 m/pix
[planner_server-4] [INFO] [1756828222.186365410] [global_costmap.global_costmap]: StaticLayer: Resizing costmap to 64 X 34 at 0.040000 m/pix
[rviz2-11] [INFO] [1756828222.214240225] [rviz2]: Trying to create a map of size 64 x 34 using 1 swatches
[bt_navigator-6] [ERROR] [1756828222.390739645] [bt_navigator_navigate_through_poses_rclcpp_node]: "global_costmap/clear_entirely_global_costmap" service server not available after waiting for 1.00s
[bt_navigator-6] [ERROR] [1756828222.399468716] [bt_navigator]: Exception when loading BT: basic_string::_M_create
[bt_navigator-6] [ERROR] [1756828222.399548603] [bt_navigator]: Error loading XML file: /opt/ros/humble/share/nav2_bt_navigator/behavior_trees/navigate_through_poses_w_replanning_and_recovery.xml
[lifecycle_manager-9] [ERROR] [1756828222.400209220] [lifecycle_manager_navigation]: Failed to change state for node: bt_navigator
[lifecycle_manager-9] [ERROR] [1756828222.400284391] [lifecycle_manager_navigation]: Failed to bring up all requested nodes. Aborting bringup.
[explore-10] [INFO] [1756828224.188914293] [explore_node]: Waiting to connect to move_base nav2 server
[explore-10] [INFO] [1756828224.189134546] [explore_node]: Connected to move_base nav2 server
[explore-10] [INFO] [1756828224.189142003] [explore_node]: Getting initial pose of the robot
[explore-10] [WARN] [1756828257.629628395] [explore_node]: All frontiers traversed/tried out, stopping.
[explore-10] [INFO] [1756828257.629715296] [explore_node]: Exploration stopped.
[explore-10] [INFO] [1756828257.629875786] [explore_node]: Returning to initial pose.
[rviz2-11] [ERROR] [1756828257.732131195] [rviz2]: Lookup would require extrapolation into the future.  Requested time 1756828257.717309 but the latest data is at time 1756828257.714041, when looking up transform from fram