[INFO] [launch]: All log files can be found below /home/robot/.ros/log/2025-09-01-18-42-29-682081-robot-pc04-40963
[INFO] [launch]: Default logging verbosity is set to INFO
[INFO] [async_slam_toolbox_node-1]: process started with pid [40974]
[INFO] [controller_server-2]: process started with pid [40976]
[INFO] [smoother_server-3]: process started with pid [40978]
[INFO] [planner_server-4]: process started with pid [40980]
[INFO] [behavior_server-5]: process started with pid [40982]
[INFO] [bt_navigator-6]: process started with pid [40984]
[INFO] [waypoint_follower-7]: process started with pid [40986]
[INFO] [velocity_smoother-8]: process started with pid [40988]
[INFO] [lifecycle_manager-9]: process started with pid [40990]
[INFO] [explore-10]: process started with pid [40992]
[INFO] [rviz2-11]: process started with pid [40994]
[planner_server-4] [INFO] [1756744949.792793871] [planner_server]: 
[planner_server-4] 	planner_server lifecycle node launched. 
[planner_server-4] 	Waiting on external lifecycle transitions to activate
[planner_server-4] 	See https://design.ros2.org/articles/node_lifecycle.html for more information.
[waypoint_follower-7] [INFO] [1756744949.793637170] [waypoint_follower]: 
[waypoint_follower-7] 	waypoint_follower lifecycle node launched. 
[waypoint_follower-7] 	Waiting on external lifecycle transitions to activate
[waypoint_follower-7] 	See https://design.ros2.org/articles/node_lifecycle.html for more information.
[planner_server-4] [INFO] [1756744949.793962137] [planner_server]: Creating
[waypoint_follower-7] [INFO] [1756744949.794067127] [waypoint_follower]: Creating
[async_slam_toolbox_node-1] [INFO] [1756744949.794271828] [slam]: Node using stack size 40000000
[behavior_server-5] [INFO] [1756744949.795432185] [behavior_server]: 
[behavior_server-5] 	behavior_server lifecycle node launched. 
[behavior_server-5] 	Waiting on external lifecycle transitions to activate
[behavior_server-5] 	See https://design.ros2.org/articles/node_lifecycle.html for more information.
[controller_server-2] [INFO] [1756744949.795770454] [controller_server]: 
[controller_server-2] 	controller_server lifecycle node launched. 
[controller_server-2] 	Waiting on external lifecycle transitions to activate
[controller_server-2] 	See https://design.ros2.org/articles/node_lifecycle.html for more information.
[bt_navigator-6] [INFO] [1756744949.796945053] [bt_navigator]: 
[bt_navigator-6] 	bt_navigator lifecycle node launched. 
[bt_navigator-6] 	Waiting on external lifecycle transitions to activate
[bt_navigator-6] 	See https://design.ros2.org/articles/node_lifecycle.html for more information.
[bt_navigator-6] [INFO] [1756744949.797000254] [bt_navigator]: Creating
[smoother_server-3] [INFO] [1756744949.797980571] [smoother_server]: 
[smoother_server-3] 	smoother_server lifecycle node launched. 
[smoother_server-3] 	Waiting on external lifecycle transitions to activate
[smoother_server-3] 	See https://design.ros2.org/articles/node_lifecycle.html for more information.
[velocity_smoother-8] [INFO] [1756744949.798076049] [velocity_smoother]: 
[velocity_smoother-8] 	velocity_smoother lifecycle node launched. 
[velocity_smoother-8] 	Waiting on external lifecycle transitions to activate
[velocity_smoother-8] 	See https://design.ros2.org/articles/node_lifecycle.html for more information.
[planner_server-4] [INFO] [1756744949.798646542] [global_costmap.global_costmap]: 
[planner_server-4] 	global_costmap lifecycle node launched. 
[planner_server-4] 	Waiting on external lifecycle transitions to activate
[planner_server-4] 	See https://design.ros2.org/articles/node_lifecycle.html for more information.
[controller_server-2] [INFO] [1756744949.798733990] [controller_server]: Creating controller server
[planner_server-4] [INFO] [1756744949.798880602] [global_costmap.global_costmap]: Creating Costmap
[smoother_server-3] [INFO] [1756744949.799328524] [smoother_server]: Creating smoother server
[lifecycle_manager-9] [INFO] [1756744949.799738451] [lifecycle_manager_navigation]: Creating
[lifecycle_manager-9] [INFO] [1756744949.801397247] [lifecycle_manager_navigation]: [34m[1mCreating and initializing lifecycle service clients[0m[0m
[controller_server-2] [INFO] [1756744949.803517347] [local_costmap.local_costmap]: 
[controller_server-2] 	local_costmap lifecycle node launched. 
[controller_server-2] 	Waiting on external lifecycle transitions to activate
[controller_server-2] 	See https://design.ros2.org/articles/node_lifecycle.html for more information.
[controller_server-2] [INFO] [1756744949.803812185] [local_costmap.local_costmap]: Creating Costmap
[lifecycle_manager-9] [INFO] [1756744949.804829203] [lifecycle_manager_navigation]: [34m[1mStarting managed nodes bringup...[0m[0m
[lifecycle_manager-9] [INFO] [1756744949.804850644] [lifecycle_manager_navigation]: [34m[1mConfiguring controller_server[0m[0m
[controller_server-2] [INFO] [1756744949.804940024] [controller_server]: Configuring controller interface
[controller_server-2] [INFO] [1756744949.804984009] [controller_server]: getting goal checker plugins..
[controller_server-2] [INFO] [1756744949.805024516] [controller_server]: Controller frequency set to 10.0000Hz
[controller_server-2] [INFO] [1756744949.805039474] [local_costmap.local_costmap]: Configuring
[explore-10] [INFO] [1756744949.805690063] [explore_node]: Waiting for costmap to become available, topic: map
[controller_server-2] [INFO] [1756744949.806545202] [local_costmap.local_costmap]: Using plugin "static_layer"
[async_slam_toolbox_node-1] [INFO] [1756744949.806790414] [slam]: Using solver plugin solver_plugins::CeresSolver
[async_slam_toolbox_node-1] [INFO] [1756744949.806877234] [slam]: CeresSolver: Using SCHUR_JACOBI preconditioner.
[controller_server-2] [INFO] [1756744949.808037821] [local_costmap.local_costmap]: Subscribing to the map topic (/map) with transient local durability
[controller_server-2] [INFO] [1756744949.808459905] [local_costmap.local_costmap]: Initialized plugin "static_layer"
[controller_server-2] [INFO] [1756744949.808471004] [local_costmap.local_costmap]: Using plugin "obstacle_layer"
[controller_server-2] [INFO] [1756744949.808596350] [local_costmap.local_costmap]: Subscribed to Topics: scan
[controller_server-2] [INFO] [1756744949.809522764] [local_costmap.local_costmap]: Initialized plugin "obstacle_layer"
[controller_server-2] [INFO] [1756744949.809535819] [local_costmap.local_costmap]: Using plugin "inflation_layer"
[controller_server-2] [INFO] [1756744949.809995641] [local_costmap.local_costmap]: Initialized plugin "inflation_layer"
[controller_server-2] [INFO] [1756744949.812703438] [controller_server]: Created progress_checker : progress_checker of type nav2_controller::SimpleProgressChecker
[controller_server-2] [INFO] [1756744949.812922052] [controller_server]: Created goal checker : goal_checker of type nav2_controller::SimpleGoalChecker
[controller_server-2] [INFO] [1756744949.813008054] [controller_server]: Controller Server has goal_checker  goal checkers available.
[controller_server-2] [INFO] [1756744949.813233144] [controller_server]: Created controller : FollowPath of type nav2_regulated_pure_pursuit_controller::RegulatedPurePursuitController
[controller_server-2] [INFO] [1756744949.814228496] [controller_server]: Controller Server has FollowPath  controllers available.
[lifecycle_manager-9] [INFO] [1756744949.816341601] [lifecycle_manager_navigation]: [34m[1mConfiguring smoother_server[0m[0m
[smoother_server-3] [INFO] [1756744949.816497891] [smoother_server]: Configuring smoother server
[smoother_server-3] [INFO] [1756744949.820628370] [smoother_server]: Created smoother : simple_smoother of type nav2_smoother::SimpleSmoother
[smoother_server-3] [INFO] [1756744949.820739691] [smoother_server]: Smoother Server has simple_smoother  smoothers available.
[lifecycle_manager-9] [INFO] [1756744949.822275670] [lifecycle_manager_navigation]: [34m[1mConfiguring planner_server[0m[0m
[planner_server-4] [INFO] [1756744949.822421199] [planner_server]: Configuring
[planner_server-4] [INFO] [1756744949.822456776] [global_costmap.global_costmap]: Configuring
[planner_server-4] [INFO] [1756744949.825395457] [global_costmap.global_costmap]: Using plugin "static_layer"
[planner_server-4] [INFO] [1756744949.827696361] [global_costmap.global_costmap]: Subscribing to the map topic (/map) with transient local durability
[planner_server-4] [INFO] [1756744949.828438337] [global_costmap.global_costmap]: Initialized plugin "static_layer"
[planner_server-4] [INFO] [1756744949.828457036] [global_costmap.global_costmap]: Using plugin "obstacle_layer"
[planner_server-4] [INFO] [1756744949.828724695] [global_costmap.global_costmap]: Subscribed to Topics: scan
[planner_server-4] [INFO] [1756744949.830261850] [global_costmap.global_costmap]: Initialized plugin "obstacle_layer"
[planner_server-4] [INFO] [1756744949.830280833] [global_costmap.global_costmap]: Using plugin "inflation_layer"
[planner_server-4] [INFO] [1756744949.830700319] [global_costmap.global_costmap]: Initialized plugin "inflation_layer"
[planner_server-4] [INFO] [1756744949.833718562] [planner_server]: Created global planner plugin GridBased of type nav2_navfn_planner/NavfnPlanner
[planner_server-4] [INFO] [1756744949.833737597] [planner_server]: Configuring plugin GridBased of type NavfnPlanner
[planner_server-4] [INFO] [1756744949.833900373] [planner_server]: Planner Server has GridBased  planners available.
[lifecycle_manager-9] [INFO] [1756744949.836286551] [lifecycle_manager_navigation]: [34m[1mConfiguring behavior_server[0m[0m
[behavior_server-5] [INFO] [1756744949.836419274] [behavior_server]: Configuring
[behavior_server-5] [INFO] [1756744949.839377844] [behavior_server]: Creating behavior plugin spin of type nav2_behaviors/Spin
[behavior_server-5] [INFO] [1756744949.839790515] [behavior_server]: Configuring spin
[behavior_server-5] [INFO] [1756744949.841434099] [behavior_server]: Creating behavior plugin backup of type nav2_behaviors/BackUp
[behavior_server-5] [INFO] [1756744949.841765289] [behavior_server]: Configuring backup
[behavior_server-5] [INFO] [1756744949.842713652] [behavior_server]: Creating behavior plugin drive_on_heading of type nav2_behaviors/DriveOnHeading
[behavior_server-5] [INFO] [1756744949.843033437] [behavior_server]: Configuring drive_on_heading
[behavior_server-5] [INFO] [1756744949.843964171] [behavior_server]: Creating behavior plugin wait of type nav2_behaviors/Wait
[behavior_server-5] [INFO] [1756744949.844238794] [behavior_server]: Configuring wait
[behavior_server-5] [INFO] [1756744949.845121183] [behavior_server]: Creating behavior plugin assisted_teleop of type nav2_behaviors/AssistedTeleop
[behavior_server-5] [INFO] [1756744949.845823818] [behavior_server]: Configuring assisted_teleop
[lifecycle_manager-9] [INFO] [1756744949.847251430] [lifecycle_manager_navigation]: [34m[1mConfiguring bt_navigator[0m[0m
[bt_navigator-6] [INFO] [1756744949.847385752] [bt_navigator]: Configuring
[lifecycle_manager-9] [INFO] [1756744949.867649733] [lifecycle_manager_navigation]: [34m[1mConfiguring waypoint_follower[0m[0m
[waypoint_follower-7] [INFO] [1756744949.867782299] [waypoint_follower]: Configuring
[waypoint_follower-7] [INFO] [1756744949.873495570] [waypoint_follower]: Created waypoint_task_executor : wait_at_waypoint of type nav2_waypoint_follower::WaitAtWaypoint
[lifecycle_manager-9] [INFO] [1756744949.873925081] [lifecycle_manager_navigation]: [34m[1mConfiguring velocity_smoother[0m[0m
[velocity_smoother-8] [INFO] [1756744949.874062769] [velocity_smoother]: Configuring velocity smoother
[lifecycle_manager-9] [INFO] [1756744949.875254840] [lifecycle_manager_navigation]: [34m[1mActivating controller_server[0m[0m
[controller_server-2] [INFO] [1756744949.875325423] [controller_server]: Activating
[controller_server-2] [INFO] [1756744949.875358190] [local_costmap.local_costmap]: Activating
[controller_server-2] [INFO] [1756744949.875371704] [local_costmap.local_costmap]: Checking transform
[controller_server-2] [INFO] [1756744949.875393072] [local_costmap.local_costmap]: Timed out waiting for transform from base_link to odom to become available, tf error: Invalid frame ID "odom" passed to canTransform argument target_frame - frame does not exist
[rviz2-11] [INFO] [1756744950.200330171] [rviz2]: Stereo is NOT SUPPORTED
[rviz2-11] [INFO] [1756744950.200391821] [rviz2]: OpenGl version: 4.6 (GLSL 4.6)
[rviz2-11] [INFO] [1756744950.235204159] [rviz2]: Stereo is NOT SUPPORTED
[controller_server-2] [INFO] [1756744950.375447474] [local_costmap.local_costmap]: Timed out waiting for transform from base_link to odom to become available, tf error: Invalid frame ID "odom" passed to canTransform argument target_frame - frame does not exist
[controller_server-2] [INFO] [1756744950.875449929] [local_costmap.local_costmap]: Timed out waiting for transform from base_link to odom to become available, tf error: Invalid frame ID "odom" passed to canTransform argument target_frame - frame does not exist
[controller_server-2] [INFO] [1756744951.375460552] [local_costmap.local_costmap]: Timed out waiting for transform from base_link to odom to become available, tf error: Invalid frame ID "odom" passed to canTransform argument target_frame - frame does not exist
[controller_server-2] [INFO] [1756744951.875449416] [local_costmap.local_costmap]: Timed out waiting for transform from base_link to odom to become available, tf error: Invalid frame ID "odom" passed to canTransform argument target_frame - frame does not exist
[controller_server-2] [INFO] [1756744952.375450593] [local_costmap.local_costmap]: Timed out waiting for transform from base_link to odom to become available, tf error: Invalid frame ID "odom" passed to canTransform argument target_frame - frame does not exist
[controller_server-2] [INFO] [1756744952.875444817] [local_costmap.local_costmap]: Timed out waiting for transform from base_link to odom to become available, tf error: Invalid frame ID "odom" passed to canTransform argument target_frame - frame does not exist
[controller_server-2] [INFO] [1756744953.375469412] [local_costmap.local_costmap]: Timed out waiting for transform from base_link to odom to become available, tf error: Invalid frame ID "odom" passed to canTransform argument target_frame - frame does not exist
[controller_server-2] [INFO] [1756744953.875517057] [local_costmap.local_costmap]: Timed out waiting for transform from base_link to odom to become available, tf error: Invalid frame ID "odom" passed to canTransform argument target_frame - frame does not exist
[async_slam_toolbox_node-1] [WARN] [1756744954.330213351] [slam]: minimum laser range setting (0.0 m) exceeds the capabilities of the used Lidar (0.1 m)
[controller_server-2] [INFO] [1756744954.375571466] [local_costmap.local_costmap]: start
[rviz2-11] [INFO] [1756744954.599069870] [rviz2]: Trying to create a map of size 100 x 100 using 1 swatches
[controller_server-2] [INFO] [1756744954.626180351] [controller_server]: Activating controller: FollowPath of type regulated_pure_pursuit_controller::RegulatedPurePursuitController
[controller_server-2] [INFO] [1756744954.626248258] [controller_server]: Creating bond (controller_server) to lifecycle manager.
[lifecycle_manager-9] [INFO] [1756744954.729792484] [lifecycle_manager_navigation]: Server controller_server connected with bond.
[lifecycle_manager-9] [INFO] [1756744954.729866459] [lifecycle_manager_navigation]: [34m[1mActivating smoother_server[0m[0m
[smoother_server-3] [INFO] [1756744954.730385523] [smoother_server]: Activating
[smoother_server-3] [INFO] [1756744954.730443628] [smoother_server]: Creating bond (smoother_server) to lifecycle manager.
[lifecycle_manager-9] [INFO] [1756744954.835351470] [lifecycle_manager_navigation]: Server smoother_server connected with bond.
[lifecycle_manager-9] [INFO] [1756744954.835381785] [lifecycle_manager_navigation]: [34m[1mActivating planner_server[0m[0m
[planner_server-4] [INFO] [1756744954.835616748] [planner_server]: Activating
[planner_server-4] [INFO] [1756744954.835655023] [global_costmap.global_costmap]: Activating
[planner_server-4] [INFO] [1756744954.835667554] [global_costmap.global_costmap]: Checking transform
[planner_server-4] [INFO] [1756744954.835765021] [global_costmap.global_costmap]: start
[controller_server-2] [INFO] [1756744955.810319821] [local_costmap.local_costmap]: StaticLayer: Resizing static layer to 63 X 36 at 0.040000 m/pix
[planner_server-4] [INFO] [1756744955.810445479] [global_costmap.global_costmap]: StaticLayer: Resizing costmap to 63 X 36 at 0.040000 m/pix
[rviz2-11] [INFO] [1756744955.816917442] [rviz2]: Trying to create a map of size 63 x 36 using 1 swatches
[rviz2-11] [INFO] [1756744955.846990320] [rviz2]: Trying to create a map of size 63 x 36 using 1 swatches
[planner_server-4] [INFO] [1756744955.886254944] [planner_server]: Activating plugin GridBased of type NavfnPlanner
[planner_server-4] [INFO] [1756744955.887511780] [planner_server]: Creating bond (planner_server) to lifecycle manager.
[lifecycle_manager-9] [INFO] [1756744955.992676379] [lifecycle_manager_navigation]: Server planner_server connected with bond.
[lifecycle_manager-9] [INFO] [1756744955.992709947] [lifecycle_manager_navigation]: [34m[1mActivating behavior_server[0m[0m
[behavior_server-5] [INFO] [1756744955.993010062] [behavior_server]: Activating
[behavior_server-5] [INFO] [1756744955.993031343] [behavior_server]: Activating spin
[behavior_server-5] [INFO] [1756744955.993039718] [behavior_server]: Activating backup
[behavior_server-5] [INFO] [1756744955.993045410] [behavior_server]: Activating drive_on_heading
[behavior_server-5] [INFO] [1756744955.993050198] [behavior_server]: Activating wait
[behavior_server-5] [INFO] [1756744955.993055334] [behavior_server]: Activating assisted_teleop
[behavior_server-5] [INFO] [1756744955.993062539] [behavior_server]: Creating bond (behavior_server) to lifecycle manager.
[lifecycle_manager-9] [INFO] [1756744956.095384461] [lifecycle_manager_navigation]: Server behavior_server connected with bond.
[lifecycle_manager-9] [INFO] [1756744956.095438013] [lifecycle_manager_navigation]: [34m[1mActivating bt_navigator[0m[0m
[bt_navigator-6] [INFO] [1756744956.095801810] [bt_navigator]: Activating
[bt_navigator-6] [INFO] [1756744956.113518862] [bt_navigator]: Creating bond (bt_navigator) to lifecycle manager.
[lifecycle_manager-9] [INFO] [1756744956.215213156] [lifecycle_manager_navigation]: Server bt_navigator connected with bond.
[lifecycle_manager-9] [INFO] [1756744956.215311804] [lifecycle_manager_navigation]: [34m[1mActivating waypoint_follower[0m[0m
[waypoint_follower-7] [INFO] [1756744956.216104492] [waypoint_follower]: Activating
[waypoint_follower-7] [INFO] [1756744956.216195140] [waypoint_follower]: Creating bond (waypoint_follower) to lifecycle manager.
[lifecycle_manager-9] [INFO] [1756744956.323378707] [lifecycle_manager_navigation]: Server waypoint_follower connected with bond.
[lifecycle_manager-9] [INFO] [1756744956.323501134] [lifecycle_manager_navigation]: [34m[1mActivating velocity_smoother[0m[0m
[velocity_smoother-8] [INFO] [1756744956.324192366] [velocity_smoother]: Activating
[velocity_smoother-8] [INFO] [1756744956.324326237] [velocity_smoother]: Creating bond (velocity_smoother) to lifecycle manager.
[lifecycle_manager-9] [INFO] [1756744956.431993690] [lifecycle_manager_navigation]: Server velocity_smoother connected with bond.
[lifecycle_manager-9] [INFO] [1756744956.432094720] [lifecycle_manager_navigation]: [34m[1mManaged nodes are active[0m[0m
[lifecycle_manager-9] [INFO] [1756744956.432119539] [lifecycle_manager_navigation]: [34m[1mCreating bond timer...[0m[0m
[explore-10] [INFO] [1756744957.817955217] [explore_node]: Waiting to connect to move_base nav2 server
[explore-10] [INFO] [1756744957.818119881] [explore_node]: Connected to move_base nav2 server
[explore-10] [INFO] [1756744957.818124200] [explore_node]: Getting initial pose of the robot
[bt_navigator-6] [INFO] [1756744957.842850666] [bt_navigator]: Begin navigating from current location (5.00, 4.71) to (6.00, 4.78)
[controller_server-2] [INFO] [1756744957.863435672] [controller_server]: Received a goal, begin computing control effort.
[controller_server-2] [WARN] [1756744957.863483041] [controller_server]: No goal checker was specified in parameter 'current_goal_checker'. Server will use only plugin loaded goal_checker . This warning will appear once.
[controller_server-2] [WARN] [1756744958.464286226] [controller_server]: RegulatedPurePursuitController detected collision ahead!
[controller_server-2] [WARN] [1756744958.864124431] [controller_server]: RegulatedPurePursuitController detected collision ahead!
[controller_server-2] [INFO] [1756744958.963568273] [controller_server]: Passing new path to controller.
[controller_server-2] [WARN] [1756744958.963795735] [controller_server]: RegulatedPurePursuitController detected collision ahead!
[controller_server-2] [WARN] [1756744959.063681599] [controller_server]: RegulatedPurePursuitController detected collision ahead!
[controller_server-2] [WARN] [1756744959.163743613] [controller_server]: RegulatedPurePursuitController detected collision ahead!
[controller_server-2] [WARN] [1756744959.263668612] [controller_server]: RegulatedPurePursuitController detected collision ahead!
[controller_server-2] [WARN] [1756744959.363673219] [controller_server]: RegulatedPurePursuitController detected collision ahead!
[controller_server-2] [WARN] [1756744959.463751534] [controller_server]: RegulatedPurePursuitController detected collision ahead!
[controller_server-2] [WARN] [1756744959.563684696] [controller_server]: RegulatedPurePursuitController detected collision ahead!
[controller_server-2] [WARN] [1756744959.664048225] [controller_server]: RegulatedPurePursuitController detected collision ahead!
[controller_server-2] [WARN] [1756744959.764063627] [controller_server]: RegulatedPurePursuitController detected collision ahead!
[controller_server-2] [WARN] [1756744959.863680057] [controller_server]: RegulatedPurePursuitController detected collision ahead!
[controller_server-2] [INFO] [1756744959.963568479] [controller_server]: Passing new path to controller.
[controller_server-2] [WARN] [1756744959.963820570] [controller_server]: RegulatedPurePursuitController detected collision ahead!
[controller_server-2] [WARN] [1756744960.063711587] [controller_server]: RegulatedPurePursuitController detected collision ahead!
[controller_server-2] [WARN] [1756744960.163691501] [controller_server]: RegulatedPurePursuitController detected collision ahead!
[controller_server-2] [WARN] [1756744960.263709606] [controller_server]: RegulatedPurePursuitController detected collision ahead!
[controller_server-2] [WARN] [1756744960.363716845] [controller_server]: RegulatedPurePursuitController detected collision ahead!
[controller_server-2] [WARN] [1756744960.464052677] [controller_server]: RegulatedPurePursuitController detected collision ahead!
[controller_server-2] [WARN] [1756744960.563675416] [controller_server]: RegulatedPurePursuitController detected collision ahead!
[controller_server-2] [WARN] [1756744960.663802926] [controller_server]: RegulatedPurePursuitController detected collision ahead!
[controller_server-2] [WARN] [1756744960.763749780] [controller_server]: RegulatedPurePursuitController detected collision ahead!
[controller_server-2] [WARN] [1756744960.863695805] [controller_server]: RegulatedPurePursuitController detected collision ahead!
[controller_server-2] [ERROR] [1756744960.863737289] [controller_server]: Controller patience exceeded
[controller_server-2] [WARN] [1756744960.863760623] [controller_server]: [follow_path] [ActionServer] Aborting handle.
[controller_server-2] [INFO] [1756744960.883221290] [local_costmap.local_costmap]: Received request to clear entirely the local_costmap
[controller_server-2] [INFO] [1756744960.884024365] [controller_server]: Received a goal, begin computing control effort.
[controller_server-2] [INFO] [1756744960.984122667] [controller_server]: Passing new path to controller.
[controller_server-2] [WARN] [1756744960.984708748] [controller_server]: RegulatedPurePursuitController detected collision ahead!
[controller_server-2] [WARN] [1756744960.984814045] [controller_server]: Control loop missed its desired rate of 10.0000Hz
[controller_server-2] [WARN] [1756744960.985156123] [controller_server]: RegulatedPurePursuitController detected collision ahead!
[controller_server-2] [WARN] [1756744961.084233413] [controller_server]: RegulatedPurePursuitController detected collision ahead!
[controller_server-2] [WARN] [1756744961.184234734] [controller_server]: RegulatedPurePursuitController detected collision ahead!
[controller_server-2] [WARN] [1756744961.284236397] [controller_server]: RegulatedPurePursuitController detected collision ahead!
[controller_server-2] [WARN] [1756744961.384249386] [controller_server]: RegulatedPurePursuitController detected collision ahead!
[controller_server-2] [WARN] [1756744961.484240568] [controller_server]: RegulatedPurePursuitController detected collision ahead!
[controller_server-2] [WARN] [1756744961.584342567] [controller_server]: RegulatedPurePursuitController detected collision ahead!
[controller_server-2] [WARN] [1756744961.684321612] [controller_server]: RegulatedPurePursuitController detected collision ahead!
[controller_server-2] [WARN] [1756744961.784221924] [controller_server]: RegulatedPurePursuitController detected collision ahead!
[controller_server-2] [WARN] [1756744961.884371598] [controller_server]: RegulatedPurePursuitController detected collision ahead!
[controller_server-2] [INFO] [1756744961.984119518] [controller_server]: Passing new path to controller.
[controller_server-2] [WARN] [1756744961.984352402] [controller_server]: RegulatedPurePursuitController detected collision ahead!
[controller_server-2] [WARN] [1756744962.084225009] [controller_server]: RegulatedPurePursuitController detected collision ahead!
[controller_server-2] [WARN] [1756744962.184225690] [controller_server]: RegulatedPurePursuitController detected collision ahead!
[controller_server-2] [WARN] [1756744962.284238184] [controller_server]: RegulatedPurePursuitController detected collision ahead!
[controller_server-2] [WARN] [1756744962.384291888] [controller_server]: RegulatedPurePursuitController detected collision ahead!
[controller_server-2] [WARN] [1756744962.484246136] [controller_server]: RegulatedPurePursuitController detected collision ahead!
[controller_server-2] [WARN] [1756744962.584354922] [controller_server]: RegulatedPurePursuitController detected collision ahead!
[controller_server-2] [WARN] [1756744962.684224225] [controller_server]: RegulatedPurePursuitController detected collision ahead!
[controller_server-2] [WARN] [1756744962.784357550] [controller_server]: RegulatedPurePursuitController detected collision ahead!
[controller_server-2] [WARN] [1756744962.884484040] [controller_server]: RegulatedPurePursuitController detected collision ahead!
[controller_server-2] [ERROR] [1756744962.884535254] [controller_server]: Controller patience exceeded
[controller_server-2] [WARN] [1756744962.884583593] [controller_server]: [follow_path] [ActionServer] Aborting handle.
[controller_server-2] [INFO] [1756744962.903164980] [local_costmap.local_costmap]: Received request to clear entirely the local_costmap
[planner_server-4] [INFO] [1756744962.903718033] [global_costmap.global_costmap]: Received request to clear entirely the global_costmap
[controller_server-2] [INFO] [1756744963.863516644] [controller_server]: Received a goal, begin computing control effort.
[controller_server-2] [WARN] [1756744963.864005476] [controller_server]: RegulatedPurePursuitController detected collision ahead!
[controller_server-2] [WARN] [1756744963.963884769] [controller_server]: RegulatedPurePursuitController detected collision ahead!
[controller_server-2] [WARN] [1756744964.063810403] [controller_server]: RegulatedPurePursuitController detected collision ahead!
[controller_server-2] [WARN] [1756744964.163901399] [controller_server]: RegulatedPurePursuitController detected collision ahead!
[controller_server-2] [WARN] [1756744964.264131024] [controller_server]: RegulatedPurePursuitController detected collision ahead!
[controller_server-2] [WARN] [1756744964.363978958] [controller_server]: RegulatedPurePursuitController detected collision ahead!
[controller_server-2] [WARN] [1756744964.464029683] [controller_server]: RegulatedPurePursuitController detected collision ahead!
[controller_server-2] [WARN] [1756744964.563841338] [controller_server]: RegulatedPurePursuitController detected collision ahead!
[controller_server-2] [WARN] [1756744964.663997399] [controller_server]: RegulatedPurePursuitController detected collision ahead!
[controller_server-2] [WARN] [1756744964.763962546] [controller_server]: RegulatedPurePursuitController detected collision ahead!
[controller_server-2] [WARN] [1756744964.863810391] [controller_server]: RegulatedPurePursuitController detected collision ahead!
[controller_server-2] [INFO] [1756744964.963690025] [controller_server]: Passing new path to controller.
[controller_server-2] [WARN] [1756744964.963888308] [controller_server]: RegulatedPurePursuitController detected collision ahead!
[controller_server-2] [WARN] [1756744965.063934439] [controller_server]: RegulatedPurePursuitController detected collision ahead!
[controller_server-2] [WARN] [1756744965.164029113] [controller_server]: RegulatedPurePursuitController detected collision ahead!
[controller_server-2] [WARN] [1756744965.264219627] [controller_server]: RegulatedPurePursuitController detected collision ahead!
[controller_server-2] [WARN] [1756744965.363819443] [controller_server]: RegulatedPurePursuitController detected collision ahead!
[controller_server-2] [WARN] [1756744965.534803686] [controller_server]: RegulatedPurePursuitController detected collision ahead!
[controller_server-2] [WARN] [1756744965.564137774] [controller_server]: RegulatedPurePursuitController detected collision ahead!
[controller_server-2] [WARN] [1756744965.663958324] [controller_server]: RegulatedPurePursuitController detected collision ahead!
[controller_server-2] [WARN] [1756744965.764388976] [controller_server]: RegulatedPurePursuitController detected collision ahead!
[controller_server-2] [WARN] [1756744965.863849464] [controller_server]: RegulatedPurePursuitController detected collision ahead!
[controller_server-2] [ERROR] [1756744965.863878824] [controller_server]: Controller patience exceeded
[controller_server-2] [WARN] [1756744965.863905727] [controller_server]: [follow_path] [ActionServer] Aborting handle.
[controller_server-2] [INFO] [1756744965.883090102] [local_costmap.local_costmap]: Received request to clear entirely the local_costmap
[controller_server-2] [INFO] [1756744965.883496792] [controller_server]: Received a goal, begin computing control effort.
[controller_server-2] [INFO] [1756744965.983577929] [controller_server]: Passing new path to controller.
[controller_server-2] [WARN] [1756744965.983744071] [controller_server]: RegulatedPurePursuitController detected collision ahead!
[controller_server-2] [WARN] [1756744965.983769489] [controller_server]: Control loop missed its desired rate of 10.0000Hz
[controller_server-2] [WARN] [1756744965.983836165] [controller_server]: RegulatedPurePursuitController detected collision ahead!
[controller_server-2] [WARN] [1756744966.083686420] [controller_server]: RegulatedPurePursuitController detected collision ahead!
[controller_server-2] [WARN] [1756744966.183686347] [controller_server]: RegulatedPurePursuitController detected collision ahead!
[controller_server-2] [WARN] [1756744966.283836073] [controller_server]: RegulatedPurePursuitController detected collision ahead!
[controller_server-2] [WARN] [1756744966.383720046] [controller_server]: RegulatedPurePursuitController detected collision ahead!
[controller_server-2] [WARN] [1756744966.483699798] [controller_server]: RegulatedPurePursuitController detected collision ahead!
[controller_server-2] [WARN] [1756744966.583754728] [controller_server]: RegulatedPurePursuitController detected collision ahead!
[controller_server-2] [WARN] [1756744966.683701780] [controller_server]: RegulatedPurePursuitController detected collision ahead!
[controller_server-2] [WARN] [1756744966.783681437] [controller_server]: RegulatedPurePursuitController detected collision ahead!
[controller_server-2] [WARN] [1756744966.883687095] [controller_server]: RegulatedPurePursuitController detected collision ahead!
[controller_server-2] [INFO] [1756744966.983583467] [controller_server]: Passing new path to controller.
[controller_server-2] [WARN] [1756744966.983766117] [controller_server]: RegulatedPurePursuitController detected collision ahead!
[controller_server-2] [WARN] [1756744967.083753916] [controller_server]: RegulatedPurePursuitController detected collision ahead!
[controller_server-2] [WARN] [1756744967.183822983] [controller_server]: RegulatedPurePursuitController detected collision ahead!
[controller_server-2] [WARN] [1756744967.283701092] [controller_server]: RegulatedPurePursuitController detected collision ahead!
[controller_server-2] [WARN] [1756744967.383680084] [controller_server]: RegulatedPurePursuitController detected collision ahead!
[controller_server-2] [WARN] [1756744967.483747611] [controller_server]: RegulatedPurePursuitController detected collision ahead!
[controller_server-2] [WARN] [1756744967.583821035] [controller_server]: RegulatedPurePursuitController detected collision ahead!
[controller_server-2] [WARN] [1756744967.683775368] [controller_server]: RegulatedPurePursuitController detected collision ahead!
[controller_server-2] [WARN] [1756744967.783691052] [controller_server]: RegulatedPurePursuitController detected collision ahead!
[controller_server-2] [WARN] [1756744967.883860072] [controller_server]: RegulatedPurePursuitController detected collision ahead!
[controller_server-2] [ERROR] [1756744967.883907957] [controller_server]: Controller patience exceeded
[controller_server-2] [WARN] [1756744967.883959436] [controller_server]: [follow_path] [ActionServer] Aborting handle.
[behavior_server-5] [INFO] [1756744967.903348345] [behavior_server]: Running spin
[behavior_server-5] [INFO] [1756744967.903452601] [behavior_server]: Turning 1.57 for spin behavior.
[behavior_server-5] [INFO] [1756744970.903576756] [behavior_server]: spin completed successfully
[controller_server-2] [INFO] [1756744970.953262546] [controller_server]: Received a goal, begin computing control effort.
[controller_server-2] [INFO] [1756744972.053452677] [controller_server]: Passing new path to controller.
[controller_server-2] [INFO] [1756744973.053382144] [controller_server]: Passing new path to controller.
[controller_server-2] [INFO] [1756744974.053385608] [controller_server]: Passing new path to controller.
[controller_server-2] [WARN] [1756744974.253885825] [controller_server]: RegulatedPurePursuitController detected collision ahead!
[controller_server-2] [WARN] [1756744974.353779206] [controller_server]: RegulatedPurePursuitController detected collision ahead!
[controller_server-2] [WARN] [1756744974.453845739] [controller_server]: RegulatedPurePursuitController detected collision ahead!
[controller_server-2] [WARN] [1756744974.553794214] [controller_server]: RegulatedPurePursuitController detected collision ahead!
[controller_server-2] [WARN] [1756744974.653859759] [controller_server]: RegulatedPurePursuitController detected collision ahead!
[controller_server-2] [WARN] [1756744974.753926366] [controller_server]: RegulatedPurePursuitController detected collision ahead!
[controller_server-2] [WARN] [1756744974.853853148] [controller_server]: RegulatedPurePursuitController detected collision ahead!
[controller_server-2] [WARN] [1756744974.953859645] [controller_server]: RegulatedPurePursuitController detected collision ahead!
[controller_server-2] [WARN] [1756744975.053862123] [controller_server]: RegulatedPurePursuitController detected collision ahead!
[controller_server-2] [INFO] [1756744975.153380767] [controller_server]: Passing new path to controller.
[controller_server-2] [WARN] [1756744975.154048237] [controller_server]: RegulatedPurePursuitController detected collision ahead!
[controller_server-2] [WARN] [1756744975.253855664] [controller_server]: RegulatedPurePursuitController detected collision ahead!
[controller_server-2] [WARN] [1756744975.354202971] [controller_server]: RegulatedPurePursuitController detected collision ahead!
[controller_server-2] [WARN] [1756744975.453869842] [controller_server]: RegulatedPurePursuitController detected collision ahead!
[controller_server-2] [WARN] [1756744975.553871018] [controller_server]: RegulatedPurePursuitController detected collision ahead!
[controller_server-2] [WARN] [1756744975.653853342] [controller_server]: RegulatedPurePursuitController detected collision ahead!
[controller_server-2] [WARN] [1756744975.753875576] [controller_server]: RegulatedPurePursuitController detected collision ahead!
[controller_server-2] [WARN] [1756744975.853855119] [controller_server]: RegulatedPurePursuitController detected collision ahead!
[controller_server-2] [WARN] [1756744975.953735788] [controller_server]: RegulatedPurePursuitController detected collision ahead!
[controller_server-2] [WARN] [1756744976.053863039] [controller_server]: RegulatedPurePursuitController detected collision ahead!
[controller_server-2] [INFO] [1756744976.153509732] [controller_server]: Passing new path to controller.
[controller_server-2] [WARN] [1756744976.154556493] [controller_server]: RegulatedPurePursuitController detected collision ahead!
[controller_server-2] [ERROR] [1756744976.154637140] [controller_server]: Controller patience exceeded
[controller_server-2] [WARN] [1756744976.154724161] [controller_server]: [follow_path] [ActionServer] Aborting handle.
[controller_server-2] [INFO] [1756744976.183354603] [local_costmap.local_costmap]: Received request to clear entirely the local_costmap
[controller_server-2] [INFO] [1756744976.185181425] [controller_server]: Received a goal, begin computing control effort.
[controller_server-2] [WARN] [1756744976.385881943] [controller_server]: RegulatedPurePursuitController detected collision ahead!
[controller_server-2] [WARN] [1756744976.386090144] [controller_server]: Control loop missed its desired rate of 10.0000Hz
[controller_server-2] [WARN] [1756744976.386459102] [controller_server]: RegulatedPurePursuitController detected collision ahead!
[controller_server-2] [WARN] [1756744976.487016702] [controller_server]: RegulatedPurePursuitController detected collision ahead!
[controller_server-2] [WARN] [1756744976.587747066] [controller_server]: RegulatedPurePursuitController detected collision ahead!
[controller_server-2] [WARN] [1756744976.688498777] [controller_server]: RegulatedPurePursuitController detected collision ahead!
[controller_server-2] [WARN] [1756744976.789375741] [controller_server]: RegulatedPurePursuitController detected collision ahead!
[controller_server-2] [WARN] [1756744976.890270679] [controller_server]: RegulatedPurePursuitController detected collision ahead!
[controller_server-2] [WARN] [1756744976.991029886] [controller_server]: RegulatedPurePursuitController detected collision ahead!
[controller_server-2] [WARN] [1756744977.091811691] [controller_server]: RegulatedPurePursuitController detected collision ahead!
[controller_server-2] [INFO] [1756744977.192093644] [controller_server]: Passing new path to controller.
[controller_server-2] [WARN] [1756744977.192760372] [controller_server]: RegulatedPurePursuitController detected collision ahead!
[controller_server-2] [WARN] [1756744977.293477676] [controller_server]: RegulatedPurePursuitController detected collision ahead!
[controller_server-2] [WARN] [1756744977.394233316] [controller_server]: RegulatedPurePursuitController detected collision ahead!
[controller_server-2] [WARN] [1756744977.494972601] [controller_server]: RegulatedPurePursuitController detected collision ahead!
[controller_server-2] [WARN] [1756744977.595787677] [controller_server]: RegulatedPurePursuitController detected collision ahead!
[controller_server-2] [WARN] [1756744977.696528362] [controller_server]: RegulatedPurePursuitController detected collision ahead!
[controller_server-2] [WARN] [1756744977.797260272] [controller_server]: RegulatedPurePursuitController detected collision ahead!
[controller_server-2] [WARN] [1756744977.898073308] [controller_server]: RegulatedPurePursuitController detected collision ahead!
[controller_server-2] [WARN] [1756744977.998799197] [controller_server]: RegulatedPurePursuitController detected collision ahead!
[controller_s