[INFO] [launch]: All log files can be found below /home/robot/.ros/log/2025-09-04-17-46-16-689190-robot-pc04-10823
[INFO] [launch]: Default logging verbosity is set to INFO
[INFO] [async_slam_toolbox_node-1]: process started with pid [10836]
[INFO] [controller_server-2]: process started with pid [10838]
[INFO] [smoother_server-3]: process started with pid [10840]
[INFO] [planner_server-4]: process started with pid [10842]
[INFO] [behavior_server-5]: process started with pid [10844]
[INFO] [bt_navigator-6]: process started with pid [10846]
[INFO] [waypoint_follower-7]: process started with pid [10848]
[INFO] [velocity_smoother-8]: process started with pid [10850]
[INFO] [lifecycle_manager-9]: process started with pid [10852]
[INFO] [explore-10]: process started with pid [10854]
[INFO] [rviz2-11]: process started with pid [10856]
[async_slam_toolbox_node-1] [INFO] [1757000776.794329470] [slam]: Node using stack size 40000000
[waypoint_follower-7] [INFO] [1757000776.799117945] [waypoint_follower]: 
[waypoint_follower-7] 	waypoint_follower lifecycle node launched. 
[waypoint_follower-7] 	Waiting on external lifecycle transitions to activate
[waypoint_follower-7] 	See https://design.ros2.org/articles/node_lifecycle.html for more information.
[controller_server-2] [INFO] [1757000776.799148182] [controller_server]: 
[controller_server-2] 	controller_server lifecycle node launched. 
[controller_server-2] 	Waiting on external lifecycle transitions to activate
[controller_server-2] 	See https://design.ros2.org/articles/node_lifecycle.html for more information.
[waypoint_follower-7] [INFO] [1757000776.799408040] [waypoint_follower]: Creating
[lifecycle_manager-9] [INFO] [1757000776.799708210] [lifecycle_manager_navigation]: Creating
[behavior_server-5] [INFO] [1757000776.799941452] [behavior_server]: 
[behavior_server-5] 	behavior_server lifecycle node launched. 
[behavior_server-5] 	Waiting on external lifecycle transitions to activate
[behavior_server-5] 	See https://design.ros2.org/articles/node_lifecycle.html for more information.
[smoother_server-3] [INFO] [1757000776.799946108] [smoother_server]: 
[smoother_server-3] 	smoother_server lifecycle node launched. 
[smoother_server-3] 	Waiting on external lifecycle transitions to activate
[smoother_server-3] 	See https://design.ros2.org/articles/node_lifecycle.html for more information.
[smoother_server-3] [INFO] [1757000776.800723569] [smoother_server]: Creating smoother server
[planner_server-4] [INFO] [1757000776.801170554] [planner_server]: 
[planner_server-4] 	planner_server lifecycle node launched. 
[planner_server-4] 	Waiting on external lifecycle transitions to activate
[planner_server-4] 	See https://design.ros2.org/articles/node_lifecycle.html for more information.
[controller_server-2] [INFO] [1757000776.801601421] [controller_server]: Creating controller server
[lifecycle_manager-9] [INFO] [1757000776.802111563] [lifecycle_manager_navigation]: [34m[1mCreating and initializing lifecycle service clients[0m[0m
[planner_server-4] [INFO] [1757000776.802132254] [planner_server]: Creating
[bt_navigator-6] [INFO] [1757000776.802287702] [bt_navigator]: 
[bt_navigator-6] 	bt_navigator lifecycle node launched. 
[bt_navigator-6] 	Waiting on external lifecycle transitions to activate
[bt_navigator-6] 	See https://design.ros2.org/articles/node_lifecycle.html for more information.
[bt_navigator-6] [INFO] [1757000776.802357393] [bt_navigator]: Creating
[explore-10] [INFO] [1757000776.806807878] [explore_node]: Waiting for costmap to become available, topic: map
[controller_server-2] [INFO] [1757000776.806855528] [local_costmap.local_costmap]: 
[controller_server-2] 	local_costmap lifecycle node launched. 
[controller_server-2] 	Waiting on external lifecycle transitions to activate
[controller_server-2] 	See https://design.ros2.org/articles/node_lifecycle.html for more information.
[controller_server-2] [INFO] [1757000776.807068374] [local_costmap.local_costmap]: Creating Costmap
[async_slam_toolbox_node-1] [INFO] [1757000776.808544778] [slam]: Using solver plugin solver_plugins::CeresSolver
[planner_server-4] [INFO] [1757000776.808647906] [global_costmap.global_costmap]: 
[planner_server-4] 	global_costmap lifecycle node launched. 
[planner_server-4] 	Waiting on external lifecycle transitions to activate
[planner_server-4] 	See https://design.ros2.org/articles/node_lifecycle.html for more information.
[async_slam_toolbox_node-1] [INFO] [1757000776.808707059] [slam]: CeresSolver: Using SCHUR_JACOBI preconditioner.
[planner_server-4] [INFO] [1757000776.808938299] [global_costmap.global_costmap]: Creating Costmap
[velocity_smoother-8] [INFO] [1757000776.809679853] [velocity_smoother]: 
[velocity_smoother-8] 	velocity_smoother lifecycle node launched. 
[velocity_smoother-8] 	Waiting on external lifecycle transitions to activate
[velocity_smoother-8] 	See https://design.ros2.org/articles/node_lifecycle.html for more information.
[lifecycle_manager-9] [INFO] [1757000776.952851491] [lifecycle_manager_navigation]: [34m[1mStarting managed nodes bringup...[0m[0m
[lifecycle_manager-9] [INFO] [1757000776.952881220] [lifecycle_manager_navigation]: [34m[1mConfiguring controller_server[0m[0m
[controller_server-2] [INFO] [1757000776.953004867] [controller_server]: Configuring controller interface
[controller_server-2] [INFO] [1757000776.953078376] [controller_server]: getting goal checker plugins..
[controller_server-2] [INFO] [1757000776.953130116] [controller_server]: Controller frequency set to 10.0000Hz
[controller_server-2] [INFO] [1757000776.953144379] [local_costmap.local_costmap]: Configuring
[controller_server-2] [INFO] [1757000776.954921525] [local_costmap.local_costmap]: Using plugin "static_layer"
[controller_server-2] [INFO] [1757000776.956372621] [local_costmap.local_costmap]: Subscribing to the map topic (/map) with transient local durability
[controller_server-2] [INFO] [1757000776.956831252] [local_costmap.local_costmap]: Initialized plugin "static_layer"
[controller_server-2] [INFO] [1757000776.956843029] [local_costmap.local_costmap]: Using plugin "obstacle_layer"
[controller_server-2] [INFO] [1757000776.956974390] [local_costmap.local_costmap]: Subscribed to Topics: scan
[controller_server-2] [INFO] [1757000776.957932016] [local_costmap.local_costmap]: Initialized plugin "obstacle_layer"
[controller_server-2] [INFO] [1757000776.957943277] [local_costmap.local_costmap]: Using plugin "inflation_layer"
[controller_server-2] [INFO] [1757000776.958382697] [local_costmap.local_costmap]: Initialized plugin "inflation_layer"
[controller_server-2] [INFO] [1757000776.961012046] [controller_server]: Created progress_checker : progress_checker of type nav2_controller::SimpleProgressChecker
[controller_server-2] [INFO] [1757000776.961230719] [controller_server]: Created goal checker : goal_checker of type nav2_controller::SimpleGoalChecker
[controller_server-2] [INFO] [1757000776.961321262] [controller_server]: Controller Server has goal_checker  goal checkers available.
[controller_server-2] [INFO] [1757000776.961529761] [controller_server]: Created controller : FollowPath of type nav2_regulated_pure_pursuit_controller::RegulatedPurePursuitController
[controller_server-2] [INFO] [1757000776.962594366] [controller_server]: Controller Server has FollowPath  controllers available.
[lifecycle_manager-9] [INFO] [1757000776.964526013] [lifecycle_manager_navigation]: [34m[1mConfiguring smoother_server[0m[0m
[smoother_server-3] [INFO] [1757000776.964638184] [smoother_server]: Configuring smoother server
[smoother_server-3] [INFO] [1757000776.967485675] [smoother_server]: Created smoother : simple_smoother of type nav2_smoother::SimpleSmoother
[smoother_server-3] [INFO] [1757000776.967619892] [smoother_server]: Smoother Server has simple_smoother  smoothers available.
[lifecycle_manager-9] [INFO] [1757000776.969157354] [lifecycle_manager_navigation]: [34m[1mConfiguring planner_server[0m[0m
[planner_server-4] [INFO] [1757000776.969240367] [planner_server]: Configuring
[planner_server-4] [INFO] [1757000776.969259862] [global_costmap.global_costmap]: Configuring
[planner_server-4] [INFO] [1757000776.9