[INFO] [launch]: All log files can be found below /home/robot/.ros/log/2025-09-02-17-57-08-783341-robot-pc04-46999
[INFO] [launch]: Default logging verbosity is set to INFO
[INFO] [async_slam_toolbox_node-1]: process started with pid [47011]
[INFO] [controller_server-2]: process started with pid [47013]
[INFO] [smoother_server-3]: process started with pid [47015]
[INFO] [planner_server-4]: process started with pid [47017]
[INFO] [behavior_server-5]: process started with pid [47019]
[INFO] [bt_navigator-6]: process started with pid [47021]
[INFO] [waypoint_follower-7]: process started with pid [47023]
[INFO] [velocity_smoother-8]: process started with pid [47025]
[INFO] [lifecycle_manager-9]: process started with pid [47027]
[INFO] [explore-10]: process started with pid [47029]
[INFO] [rviz2-11]: process started with pid [47031]
[async_slam_toolbox_node-1] [INFO] [1756828628.894370004] [slam]: Node using stack size 40000000
[controller_server-2] [INFO] [1756828628.897842182] [controller_server]: 
[controller_server-2] 	controller_server lifecycle node launched. 
[controller_server-2] 	Waiting on external lifecycle transitions to activate
[controller_server-2] 	See https://design.ros2.org/articles/node_lifecycle.html for more information.
[explore-10] [INFO] [1756828628.898081364] [explore_node]: Waiting for costmap to become available, topic: map
[smoother_server-3] [INFO] [1756828628.898113558] [smoother_server]: 
[smoother_server-3] 	smoother_server lifecycle node launched. 
[smoother_server-3] 	Waiting on external lifecycle transitions to activate
[smoother_server-3] 	See https://design.ros2.org/articles/node_lifecycle.html for more information.
[velocity_smoother-8] [INFO] [1756828628.898317991] [velocity_smoother]: 
[velocity_smoother-8] 	velocity_smoother lifecycle node launched. 
[velocity_smoother-8] 	Waiting on external lifecycle transitions to activate
[velocity_smoother-8] 	See https://design.ros2.org/articles/node_lifecycle.html for more information.
[planner_server-4] [INFO] [1756828628.898677866] [planner_server]: 
[planner_server-4] 	planner_server lifecycle node launched. 
[planner_server-4] 	Waiting on external lifecycle transitions to activate
[planner_server-4] 	See https://design.ros2.org/articles/node_lifecycle.html for more information.
[smoother_server-3] [INFO] [1756828628.898753151] [smoother_server]: Creating smoother server
[planner_server-4] [INFO] [1756828628.899730862] [planner_server]: Creating
[controller_server-2] [INFO] [1756828628.900326363] [controller_server]: Creating controller server
[behavior_server-5] [INFO] [1756828628.900465515] [behavior_server]: 
[behavior_server-5] 	behavior_server lifecycle node launched. 
[behavior_server-5] 	Waiting on external lifecycle transitions to activate
[behavior_server-5] 	See https://design.ros2.org/articles/node_lifecycle.html for more information.
[lifecycle_manager-9] [INFO] [1756828628.903126531] [lifecycle_manager_navigation]: Creating
[lifecycle_manager-9] [INFO] [1756828628.905128152] [lifecycle_manager_navigation]: [34m[1mCreating and initializing lifecycle service clients[0m[0m
[bt_navigator-6] [INFO] [1756828628.906248667] [bt_navigator]: 
[bt_navigator-6] 	bt_navigator lifecycle node launched. 
[bt_navigator-6] 	Waiting on external lifecycle transitions to activate
[bt_navigator-6] 	See https://design.ros2.org/articles/node_lifecycle.html for more information.
[bt_navigator-6] [INFO] [1756828628.906305636] [bt_navigator]: Creating
[planner_server-4] [INFO] [1756828628.910029594] [global_costmap.global_costmap]: 
[planner_server-4] 	global_costmap lifecycle node launched. 
[planner_server-4] 	Waiting on external lifecycle transitions to activate
[planner_server-4] 	See https://design.ros2.org/articles/node_lifecycle.html for more information.
[planner_server-4] [INFO] [1756828628.910415023] [global_costmap.global_costmap]: Creating Costmap
[async_slam_toolbox_node-1] [INFO] [1756828628.910628825] [slam]: Using solver plugin solver_plugins::CeresSolver
[async_slam_toolbox_node-1] [INFO] [1756828628.910840124] [slam]: CeresSolver: Using SCHUR_JACOBI preconditioner.
[lifecycle_manager-9] [INFO] [1756828628.915625882] [lifecycle_manager_navigation]: [34m[1mStarting managed nodes bringup...[0m[0m
[lifecycle_manager-9] [INFO] [1756828628.915653075] [lifecycle_manager_navigation]: [34m[1mConfiguring controller_server[0m[0m
[controller_server-2] [INFO] [1756828628.917198631] [local_costmap.local_costmap]: 
[controller_server-2] 	local_costmap lifecycle node launched. 
[controller_server-2] 	Waiting on external lifecycle transitions to activate
[controller_server-2] 	See https://design.ros2.org/articles/node_lifecycle.html for more information.
[controller_server-2] [INFO] [1756828628.917534259] [local_costmap.local_costmap]: Creating Costmap
[waypoint_follower-7] [INFO] [1756828628.917686622] [waypoint_follower]: 
[waypoint_follower-7] 	waypoint_follower lifecycle node launched. 
[waypoint_follower-7] 	Waiting on external lifecycle transitions to activate
[waypoint_follower-7] 	See https://design.ros2.org/articles/node_lifecycle.html for more information.
[waypoint_follower-7] [INFO] [1756828628.918134112] [waypoint_follower]: Creating
[controller_server-2] [INFO] [1756828628.918243278] [controller_server]: Configuring controller interface
[controller_server-2] [INFO] [1756828628.918328377] [controller_server]: getting goal checker plugins..
[controller_server-2] [INFO] [1756828628.918388411] [controller_server]: Controller frequency set to 10.0000Hz
[controller_server-2] [INFO] [1756828628.918408436] [local_costmap.local_costmap]: Configuring
[controller_server-2] [INFO] [1756828628.920270305] [local_costmap.local_costmap]: Using plugin "static_layer"
[controller_server-2] [INFO] [1756828628.921786701] [local_costmap.local_costmap]: Subscribing to the map topic (/map) with transient local durability
[controller_server-2] [INFO] [1756828628.922327291] [local_costmap.local_costmap]: Initialized plugin "static_layer"
[controller_server-2] [INFO] [1756828628.922341698] [local_costmap.local_costmap]: Using plugin "obstacle_layer"
[controller_server-2] [INFO] [1756828628.922541515] [local_costmap.local_costmap]: Subscribed to Topics: scan
[controller_server-2] [INFO] [1756828628.923890421] [local_costmap.local_costmap]: Initialized plugin "obstacle_layer"
[controller_server-2] [INFO] [1756828628.923905382] [local_costmap.local_costmap]: Using plugin "inflation_layer"
[controller_server-2] [INFO] [1756828628.924184015] [local_costmap.local_costmap]: Initialized plugin "inflation_layer"
[controller_server-2] [INFO] [1756828628.926891305] [controller_server]: Created progress_checker : progress_checker of type nav2_controller::SimpleProgressChecker
[controller_server-2] [INFO] [1756828628.927199900] [controller_server]: Created goal checker : goal_checker of type nav2_controller::SimpleGoalChecker
[controller_server-2] [INFO] [1756828628.927314063] [controller_server]: Controller Server has goal_checker  goal checkers available.
[controller_server-2] [INFO] [1756828628.927616147] [controller_server]: Created controller : FollowPath of type nav2_regulated_pure_pursuit_controller::RegulatedPurePursuitController
[controller_server-2] [INFO] [1756828628.928745045] [controller_server]: Controller Server has FollowPath  controllers available.
[lifecycle_manager-9] [INFO] [1756828628.930823473] [lifecycle_manager_navigation]: [34m[1mConfiguring smoother_server[0m[0m
[smoother_server-3] [INFO] [1756828628.930946914] [smoother_server]: Configuring smoother server
[smoother_server-3] [INFO] [1756828628.933872259] [smoother_server]: Created smoother : simple_smoother of type nav2_smoother::SimpleSmoother
[smoother_server-3] [INFO] [1756828628.933994694] [smoother_server]: Smoother Server has simple_smoother  smoothers available.
[lifecycle_manager-9] [INFO] [1756828628.935531794] [lifecycle_manager_navigation]: [34m[1mConfiguring planner_server[0m[0m
[planner_server-4] [INFO] [1756828628.935671606] [planner_server]: Configuring
[planner_server-4] [INFO] [1756828628.935705721] [global_costmap.global_costmap]: Configuring
[planner_server-4] [INFO] [1756828628.938585897] [global_costmap.global_costmap]: Using plugin "static_layer"
[planner_server-4] [INFO] [1756828628.940010866] [global_costmap.global_costmap]: Subscribing to the map topic (/map) with transient local durability
[planner_server-4] [INFO] [1756828628.940462818] [global_costmap.global_costmap]: Initialized plugin "static_layer"
[planner_server-4] [INFO] [1756828628.940472355] [global_costmap.global_costmap]: Using plugin "obstacle_layer"
[planner_server-4] [INFO] [1756828628.940597968] [global_costmap.global_costmap]: Subscribed to Topics: scan
[planner_server-4] [INFO] [1756828628.941832858] [global_costmap.global_costmap]: Initialized plugin "obstacle_layer"
[planner_server-4] [INFO] [1756828628.941846118] [global_costmap.global_costmap]: Using plugin "inflation_layer"
[planner_server-4] [ERROR] [1756828628.941968977] [global_costmap.global_costmap]: Caught exception in callback for transition 10
[planner_server-4] [ERROR] [1756828628.941974748] [global_costmap.global_costmap]: Original error: parameter 'inflation_layer.cost_scaling_factor' has invalid type: Wrong parameter type, parameter {inflation_layer.cost_scaling_factor} is of type {double}, setting it to {integer} is not allowed.
[planner_server-4] [WARN] [1756828628.941986806] [global_costmap.global_costmap]: Error occurred while doing error handling.
[planner_server-4] [FATAL] [1756828628.941991555] [global_costmap.global_costmap]: Lifecycle node global_costmap does not have error state implemented
[planner_server-4] [INFO] [1756828628.942240501] [planner_server]: Created global planner plugin GridBased of type nav2_navfn_planner/NavfnPlanner
[planner_server-4] [INFO] [1756828628.942249732] [planner_server]: Configuring plugin GridBased of type NavfnPlanner
[planner_server-4] [INFO] [1756828628.942516455] [planner_server]: Planner Server has GridBased  planners available.
[lifecycle_manager-9] [INFO] [1756828628.945497557] [lifecycle_manager_navigation]: [34m[1mConfiguring behavior_server[0m[0m
[behavior_server-5] [INFO] [1756828628.945599619] [behavior_server]: Configuring
[behavior_server-5] [INFO] [1756828628.948558645] [behavior_server]: Creating behavior plugin spin of type nav2_behaviors/Spin
[behavior_server-5] [INFO] [1756828628.949010161] [behavior_server]: Configuring spin
[behavior_server-5] [INFO] [1756828628.952334470] [behavior_server]: Creating behavior plugin backup of type nav2_behaviors/BackUp
[behavior_server-5] [INFO] [1756828628.952729849] [behavior_server]: Configuring backup
[behavior_server-5] [INFO] [1756828628.954660252] [behavior_server]: Creating behavior plugin drive_on_heading of type nav2_behaviors/DriveOnHeading
[behavior_server-5] [INFO] [1756828628.955123288] [behavior_server]: Configuring drive_on_heading
[behavior_server-5] [INFO] [1756828628.956836001] [behavior_server]: Creating behavior plugin wait of type nav2_behaviors/Wait
[behavior_server-5] [INFO] [1756828628.957270758] [behavior_server]: Configuring wait
[behavior_server-5] [INFO] [1756828628.958554786] [behavior_server]: Creating behavior plugin assisted_teleop of type nav2_behaviors/AssistedTeleop
[behavior_server-5] [INFO] [1756828628.959358980] [behavior_server]: Configuring assisted_teleop
[lifecycle_manager-9] [INFO] [1756828628.961116486] [lifecycle_manager_navigation]: [34m[1mConfiguring bt_navigator[0m[0m
[bt_navigator-6] [INFO] [1756828628.961222443] [bt_navigator]: Configuring
[lifecycle_manager-9] [INFO] [1756828628.976509636] [lifecycle_manager_navigation]: [34m[1mConfiguring waypoint_follower[0m[0m
[waypoint_follower-7] [INFO] [1756828628.976613472] [waypoint_follower]: Configuring
[waypoint_follower-7] [INFO] [1756828628.979986923] [waypoint_follower]: Created waypoint_task_executor : wait_at_waypoint of type nav2_waypoint_follower::WaitAtWaypoint
[lifecycle_manager-9] [INFO] [1756828628.980232786] [lifecycle_manager_navigation]: [34m[1mConfiguring velocity_smoother[0m[0m
[velocity_smoother-8] [INFO] [1756828628.980347180] [velocity_smoother]: Configuring velocity smoother
[lifecycle_manager-9] [INFO] [1756828628.981521852] [lifecycle_manager_navigation]: [34m[1mActivating controller_server[0m[0m
[controller_server-2] [INFO] [1756828628.981597256] [controller_server]: Activating
[controller_server-2] [INFO] [1756828628.981627734] [local_costmap.local_costmap]: Activating
[controller_server-2] [INFO] [1756828628.981638730] [local_costmap.local_costmap]: Checking transform
[controller_server-2] [INFO] [1756828628.981658165] [local_costmap.local_costmap]: Timed out waiting for transform from base_link to odom to become available, tf error: Invalid frame ID "odom" passed to canTransform argument target_frame - frame does not exist
[rviz2-11] [INFO] [1756828629.297994737] [rviz2]: Stereo is NOT SUPPORTED
[rviz2-11] [INFO] [1756828629.298049732] [rviz2]: OpenGl version: 4.6 (GLSL 4.6)
[rviz2-11] [INFO] [1756828629.327624932] [rviz2]: Stereo is NOT SUPPORTED
[controller_server-2] [INFO] [1756828629.481706874] [local_costmap.local_costmap]: Timed out waiting for transform from base_link to odom to become available, tf error: Invalid frame ID "odom" passed to canTransform argument target_frame - frame does not exist
[controller_server-2] [INFO] [1756828629.981710296] [local_costmap.local_costmap]: Timed out waiting for transform from base_link to odom to become available, tf error: Invalid frame ID "odom" passed to canTransform argument target_frame - frame does not exist
[controller_server-2] [INFO] [1756828630.481713271] [local_costmap.local_costmap]: Timed out waiting for transform from base_link to odom to become available, tf error: Invalid frame ID "odom" passed to canTransform argument target_frame - frame does not exist
[controller_server-2] [INFO] [1756828630.981727539] [local_costmap.local_costmap]: Timed out waiting for transform from base_link to odom to become available, tf error: Invalid frame ID "odom" passed to canTransform argument target_frame - frame does not exist
[controller_server-2] [INFO] [1756828631.481801766] [local_costmap.local_costmap]: Timed out waiting for transform from base_link to odom to become available, tf error: Invalid frame ID "odom" passed to canTransform argument target_frame - frame does not exist
[controller_server-2] [INFO] [1756828631.981730832] [local_costmap.local_costmap]: Timed out waiting for transform from base_link to odom to become available, tf error: Invalid frame ID "odom" passed to canTransform argument target_frame - frame does not exist
[controller_server-2] [INFO] [1756828632.481887222] [local_costmap.local_costmap]: start
[controller_server-2] [INFO] [1756828632.683495940] [controller_server]: Activating controller: FollowPath of type regulated_pure_pursuit_controller::RegulatedPurePursuitController
[controller_server-2] [INFO] [1756828632.683605787] [controller_server]: Creating bond (controller_server) to lifecycle manager.
[lifecycle_manager-9] [INFO] [1756828632.792158992] [lifecycle_manager_navigation]: Server controller_server connected with bond.
[lifecycle_manager-9] [INFO] [1756828632.792259583] [lifecycle_manager_navigation]: [34m[1mActivating smoother_server[0m[0m
[smoother_server-3] [INFO] [1756828632.792887814] [smoother_server]: Activating
[smoother_server-3] [INFO] [1756828632.792998904] [smoother_server]: Creating bond (smoother_server) to lifecycle manager.
[lifecycle_manager-9] [INFO] [1756828632.902512528] [lifecycle_manager_navigation]: Server smoother_server connected with bond.
[lifecycle_manager-9] [INFO] [1756828632.902611161] [lifecycle_manager_navigation]: [34m[1mActivating planner_server[0m[0m
[planner_server-4] [INFO] [1756828632.903217318] [planner_server]: Activating
[planner_server-4] [WARN] [1756828632.903329429] [rcl_lifecycle]: No transition matching 3 found for current state unconfigured
[planner_server-4] [INFO] [1756828632.903358815] [planner_server]: Activating plugin GridBased of type NavfnPlanner
[planner_server-4] [INFO] [1756828632.906126501] [planner_server]: Creating bond (planner_server) to lifecycle manager.
[lifecycle_manager-9] [INFO] [1756828633.013087005] [lifecycle_manager_navigation]: Server planner_server connected with bond.
[l