[INFO] [launch]: All log files can be found below /home/robot/.ros/log/2025-09-03-16-27-11-269959-robot-pc04-39981
[INFO] [launch]: Default logging verbosity is set to INFO
[INFO] [async_slam_toolbox_node-1]: process started with pid [39998]
[INFO] [controller_server-2]: process started with pid [40000]
[INFO] [smoother_server-3]: process started with pid [40002]
[INFO] [planner_server-4]: process started with pid [40004]
[INFO] [behavior_server-5]: process started with pid [40006]
[INFO] [bt_navigator-6]: process started with pid [40008]
[INFO] [waypoint_follower-7]: process started with pid [40010]
[INFO] [velocity_smoother-8]: process started with pid [40012]
[INFO] [lifecycle_manager-9]: process started with pid [40014]
[INFO] [explore-10]: process started with pid [40016]
[INFO] [rviz2-11]: process started with pid [40018]
[async_slam_toolbox_node-1] [INFO] [1756909631.377682219] [slam]: Node using stack size 40000000
[lifecycle_manager-9] [INFO] [1756909631.379430760] [lifecycle_manager_navigation]: Creating
[planner_server-4] [INFO] [1756909631.380244818] [planner_server]: 
[planner_server-4] 	planner_server lifecycle node launched. 
[planner_server-4] 	Waiting on external lifecycle transitions to activate
[planner_server-4] 	See https://design.ros2.org/articles/node_lifecycle.html for more information.
[controller_server-2] [INFO] [1756909631.380695357] [controller_server]: 
[controller_server-2] 	controller_server lifecycle node launched. 
[controller_server-2] 	Waiting on external lifecycle transitions to activate
[controller_server-2] 	See https://design.ros2.org/articles/node_lifecycle.html for more information.
[lifecycle_manager-9] [INFO] [1756909631.380760448] [lifecycle_manager_navigation]: [34m[1mCreating and initializing lifecycle service clients[0m[0m
[planner_server-4] [INFO] [1756909631.380911887] [planner_server]: Creating
[controller_server-2] [INFO] [1756909631.382279415] [controller_server]: Creating controller server
[behavior_server-5] [INFO] [1756909631.382833322] [behavior_server]: 
[behavior_server-5] 	behavior_server lifecycle node launched. 
[behavior_server-5] 	Waiting on external lifecycle transitions to activate
[behavior_server-5] 	See https://design.ros2.org/articles/node_lifecycle.html for more information.
[bt_navigator-6] [INFO] [1756909631.383112844] [bt_navigator]: 
[bt_navigator-6] 	bt_navigator lifecycle node launched. 
[bt_navigator-6] 	Waiting on external lifecycle transitions to activate
[bt_navigator-6] 	See https://design.ros2.org/articles/node_lifecycle.html for more information.
[bt_navigator-6] [INFO] [1756909631.383207819] [bt_navigator]: Creating
[velocity_smoother-8] [INFO] [1756909631.384185287] [velocity_smoother]: 
[velocity_smoother-8] 	velocity_smoother lifecycle node launched. 
[velocity_smoother-8] 	Waiting on external lifecycle transitions to activate
[velocity_smoother-8] 	See https://design.ros2.org/articles/node_lifecycle.html for more information.
[waypoint_follower-7] [INFO] [1756909631.386365755] [waypoint_follower]: 
[waypoint_follower-7] 	waypoint_follower lifecycle node launched. 
[waypoint_follower-7] 	Waiting on external lifecycle transitions to activate
[waypoint_follower-7] 	See https://design.ros2.org/articles/node_lifecycle.html for more information.
[waypoint_follower-7] [INFO] [1756909631.386593197] [waypoint_follower]: Creating
[explore-10] [INFO] [1756909631.387499992] [explore_node]: Waiting for costmap to become available, topic: map
[controller_server-2] [INFO] [1756909631.388310448] [local_costmap.local_costmap]: 
[controller_server-2] 	local_costmap lifecycle node launched. 
[controller_server-2] 	Waiting on external lifecycle transitions to activate
[controller_server-2] 	See https://design.ros2.org/articles/node_lifecycle.html for more information.
[controller_server-2] [INFO] [1756909631.388540617] [local_costmap.local_costmap]: Creating Costmap
[planner_server-4] [INFO] [1756909631.390360524] [global_costmap.global_costmap]: 
[planner_server-4] 	global_costmap lifecycle node launched. 
[planner_server-4] 	Waiting on external lifecycle transitions to activate
[planner_server-4] 	See https://design.ros2.org/articles/node_lifecycle.html for more information.
[planner_server-4] [INFO] [1756909631.390645996] [global_costmap.global_costmap]: Creating Costmap
[smoother_server-3] [INFO] [1756909631.391333759] [smoother_server]: 
[lifecycle_manager-9] [INFO] [1756909631.391536270] [lifecycle_manager_navigation]: [34m[1mStarting managed nodes bringup...[0m[0m
[lifecycle_manager-9] [INFO] [1756909631.391558794] [lifecycle_manager_navigation]: [34m[1mConfiguring controller_server[0m[0m
[controller_server-2] [INFO] [1756909631.391655200] [controller_server]: Configuring controller interface
[controller_server-2] [INFO] [1756909631.391723294] [controller_server]: getting goal checker plugins..
[controller_server-2] [INFO] [1756909631.391777276] [controller_server]: Controller frequency set to 10.0000Hz
[controller_server-2] [INFO] [1756909631.391790332] [local_costmap.local_costmap]: Configuring
[smoother_server-3] 	smoother_server lifecycle node launched. 
[smoother_server-3] 	Waiting on external lifecycle transitions to activate
[smoother_server-3] 	See https://design.ros2.org/articles/node_lifecycle.html for more information.
[smoother_server-3] [INFO] [1756909631.393458345] [smoother_server]: Creating smoother server
[controller_server-2] [INFO] [1756909631.393620148] [local_costmap.local_costmap]: Using plugin "static_layer"
[async_slam_toolbox_node-1] [INFO] [1756909631.394063503] [slam]: Using solver plugin solver_plugins::CeresSolver
[async_slam_toolbox_node-1] [INFO] [1756909631.394156235] [slam]: CeresSolver: Using SCHUR_JACOBI preconditioner.
[controller_server-2] [INFO] [1756909631.395017744] [local_costmap.local_costmap]: Subscribing to the map topic (/map) with transient local durability
[controller_server-2] [INFO] [1756909631.395567789] [local_costmap.local_costmap]: Initialized plugin "static_layer"
[controller_server-2] [INFO] [1756909631.395577221] [local_costmap.local_costmap]: Using plugin "obstacle_layer"
[controller_server-2] [INFO] [1756909631.395736319] [local_costmap.local_costmap]: Subscribed to Topics: scan
[controller_server-2] [INFO] [1756909631.396842534] [local_costmap.local_costmap]: Initialized plugin "obstacle_layer"
[controller_server-2] [INFO] [1756909631.396856677] [local_costmap.local_costmap]: Using plugin "inflation_layer"
[controller_server-2] [INFO] [1756909631.397363502] [local_costmap.local_costmap]: Initialized plugin "inflation_layer"
[controller_server-2] [INFO] [1756909631.400791316] [controller_server]: Created progress_checker : progress_checker of type nav2_controller::SimpleProgressChecker
[controller_server-2] [INFO] [1756909631.401059887] [controller_server]: Created goal checker : goal_checker of type nav2_controller::SimpleGoalChecker
[controller_server-2] [INFO] [1756909631.401148602] [controller_server]: Controller Server has goal_checker  goal checkers available.
[controller_server-2] [INFO] [1756909631.401435141] [controller_server]: Created controller : FollowPath of type nav2_regulated_pure_pursuit_controller::RegulatedPurePursuitController
[controller_server-2] [INFO] [1756909631.402580079] [controller_server]: Controller Server has FollowPath  controllers available.
[lifecycle_manager-9] [INFO] [1756909631.404898336] [lifecycle_manager_navigation]: [34m[1mConfiguring smoother_server[0m[0m
[smoother_server-3] [INFO] [1756909631.404999212] [smoother_server]: Configuring smoother server
[smoother_server-3] [INFO] [1756909631.407691335] [smoother_server]: Created smoother : simple_smoother of type nav2_smoother::SimpleSmoother
[smoother_server-3] [INFO] [1756909631.407798022] [smoother_server]: Smoother Server has simple_smoother  smoothers available.
[lifecycle_manager-9] [INFO] [1756909631.409177831] [lifecycle_manager_navigation]: [34m[1mConfiguring planner_server[0m[0m
[planner_server-4] [INFO] [1756909631.409291087] [planner_server]: Configuring
[planner_server-4] [INFO] [1756909631.409322612] [global_costmap.global_costmap]: Configuring
[planner_server-4] [INFO] [1756909631.412016343] [global_costmap.global_costmap]: Using plugin "static_layer"
[planner_server-4] [INFO] [1756909631.413672567] [global_costmap.global_costmap]: Subscribing to the map topic (/map) with transient local durability
[planner_server-4] [INFO] [1756909631.414107026] [global_costmap.global_costmap]: Initialized plugin "static_layer"
[planner_server-4] [INFO] [1756909631.414116733] [global_costmap.global_costmap]: Using plugin "obstacle_layer"
[planner_server-4] [INFO] [1756909631.414248221] [global_costmap.global_costmap]: Subscribed to Topics: scan
[planner_server-4] [INFO] [1756909631.415161648] [global_costmap.global_costmap]: Initialized plugin "obstacle_layer"
[planner_server-4] [INFO] [1756909631.415172427] [global_costmap.global_costmap]: Using plugin "inflation_layer"
[planner_server-4] [INFO] [1756909631.415419293] [global_costmap.global_costmap]: Initialized plugin "inflation_layer"
[planner_server-4] [INFO] [1756909631.418369880] [planner_server]: Created global planner plugin GridBased of type nav2_navfn_planner/NavfnPlanner
[planner_server-4] [INFO] [1756909631.418389481] [planner_server]: Configuring plugin GridBased of type NavfnPlanner
[planner_server-4] [INFO] [1756909631.418533824] [planner_server]: Planner Server has GridBased  planners available.
[lifecycle_manager-9] [INFO] [1756909631.421161715] [lifecycle_manager_navigation]: [34m[1mConfiguring behavior_server[0m[0m
[behavior_server-5] [INFO] [1756909631.512182932] [behavior_server]: Configuring
[behavior_server-5] [INFO] [1756909631.519986284] [behavior_server]: Creating behavior plugin spin of type nav2_behaviors/Spin
[behavior_server-5] [INFO] [1756909631.522173781] [behavior_server]: Configuring spin
[behavior_server-5] [INFO] [1756909631.530860072] [behavior_server]: Creating behavior plugin backup of type nav2_behaviors/BackUp
[behavior_server-5] [INFO] [1756909631.532722358] [behavior_server]: Configuring backup
[behavior_server-5] [INFO] [1756909631.536984605] [behavior_server]: Creating behavior plugin drive_on_heading of type nav2_behaviors/DriveOnHeading
[behavior_server-5] [INFO] [1756909631.539065928] [behavior_server]: Configuring drive_on_heading
[behavior_server-5] [INFO] [1756909631.544391532] [behavior_server]: Creating behavior plugin wait of type nav2_behaviors/Wait
[behavior_server-5] [INFO] [1756909631.545220020] [behavior_server]: Configuring wait
[behavior_server-5] [INFO] [1756909631.547783550] [behavior_server]: Creating behavior plugin assisted_teleop of type nav2_behaviors/AssistedTeleop
[behavior_server-5] [INFO] [1756909631.549023780] [behavior_server]: Configuring assisted_teleop
[lifecycle_manager-9] [INFO] [1756909631.550983901] [lifecycle_manager_navigation]: [34m[1mConfiguring bt_navigator[0m[0m
[bt_navigator-6] [INFO] [1756909631.551138222] [bt_navigator]: Configuring
[lifecycle_manager-9] [INFO] [1756909631.570534916] [lifecycle_manager_navigation]: [34m[1mConfiguring waypoint_follower[0m[0m
[waypoint_follower-7] [INFO] [1756909631.570637409] [waypoint_follower]: Configuring
[waypoint_follower-7] [INFO] [1756909631.573689941] [waypoint_follower]: Created waypoint_task_executor : wait_at_waypoint of type nav2_waypoint_follower::WaitAtWaypoint
[lifecycle_manager-9] [INFO] [1756909631.573902995] [lifecycle_manager_navigation]: [34m[1mConfiguring velocity_smoother[0m[0m
[velocity_smoother-8] [INFO] [1756909631.573991843] [velocity_smoother]: Configuring velocity smoother
[lifecycle_manager-9] [INFO] [1756909631.575013251] [lifecycle_manager_navigation]: [34m[1mActivating controller_server[0m[0m
[controller_server-2] [INFO] [1756909631.575080840] [controller_server]: Activating
[controller_server-2] [INFO] [1756909631.575113421] [local_costmap.local_costmap]: Activating
[controller_server-2] [INFO] [1756909631.575127152] [local_costmap.local_costmap]: Checking transform
[controller_server-2] [INFO] [1756909631.575147372] [local_costmap.local_costmap]: Timed out waiting for transform from base_link to odom to become available, tf error: Invalid frame ID "odom" passed to canTransform argument target_frame - frame does not exist
[rviz2-11] [INFO] [1756909631.774965221] [rviz2]: Stereo is NOT SUPPORTED
[rviz2-11] [INFO] [1756909631.775021544] [rviz2]: OpenGl version: 4.6 (GLSL 4.6)
[rviz2-11] [INFO] [1756909631.812793501] [rviz2]: Stereo is NOT SUPPORTED
[controller_server-2] [INFO] [1756909632.075213612] [local_costmap.local_costmap]: Timed out waiting for transform from base_link to odom to become available, tf error: Invalid frame ID "odom" passed to canTransform argument target_frame - frame does not exist
[controller_server-2] [INFO] [1756909632.575326277] [local_costmap.local_costmap]: Timed out waiting for transform from base_link to odom to become available, tf error: Invalid frame ID "odom" passed to canTransform argument target_frame - frame does not exist
[controller_server-2] [INFO] [1756909633.075232016] [local_costmap.local_costmap]: Timed out waiting for transform from base_link to odom to become available, tf error: Invalid frame ID "odom" passed to canTransform argument target_frame - frame does not exist
[controller_server-2] [INFO] [1756909633.575198517] [local_costmap.local_costmap]: Timed out waiting for transform from base_link to odom to become available, tf error: Invalid frame ID "odom" passed to canTransform argument target_frame - frame does not exist
[controller_server-2] [INFO] [1756909634.075224563] [local_costmap.local_costmap]: Timed out waiting for transform from base_link to odom to become available, tf error: Invalid frame ID "odom" passed to canTransform argument target_frame - frame does not exist
[controller_server-2] [INFO] [1756909634.575398551] [local_costmap.local_costmap]: start
[controller_server-2] [INFO] [1756909634.776899838] [controller_server]: Activating controller: FollowPath of type regulated_pure_pursuit_controller::RegulatedPurePursuitController
[controller_server-2] [INFO] [1756909634.776970208] [controller_server]: Creating bond (controller_server) to lifecycle manager.
[lifecycle_manager-9] [INFO] [1756909634.884976961] [lifecycle_manager_navigation]: Server controller_server connected with bond.
[lifecycle_manager-9] [INFO] [1756909634.885061875] [lifecycle_manager_navigation]: [34m[1mActivating smoother_server[0m[0m
[smoother_server-3] [INFO] [1756909634.885521370] [smoother_server]: Activating
[smoother_server-3] [INFO] [1756909634.885584217] [smoother_server]: Creating bond (smoother_server) to lifecycle manager.
[lifecycle_manager-9] [INFO] [1756909634.994584991] [lifecycle_manager_navigation]: Server smoother_server connected with bond.
[lifecycle_manager-9] [INFO] [1756909634.994670201] [lifecycle_manager_navigation]: [34m[1mActivating planner_server[0m[0m
[planner_server-4] [INFO] [1756909634.995156154] [planner_server]: Activating
[planner_server-4] [INFO] [1756909634.995248657] [global_costmap.global_costmap]: Activating
[planner_server-4] [INFO] [1756909634.995447684] [global_costmap.global_costmap]: Checking transform
[planner_server-4] [INFO] [1756909634.995498057] [global_costmap.global_costmap]: Timed out waiting for transform from base_link to map to become available, tf error: Invalid frame ID "map" passed to canTransform argument target_frame - frame does not exist
[planner_server-4] [INFO] [1756909635.495563211] [global_costmap.global_costmap]: Timed out waiting for transform from base_link to map to become available, tf error: Invalid frame ID "map" passed to canTransform argument target_frame - frame does not exist
[async_slam_toolbox_node-1] [WARN] [1756909635.850501310] [slam]: minimum laser range setting (0.0 m) exceeds the capabilities of the used Lidar (0.1 m)
[planner_server-4] [INFO] [1756909635.995595400] [global_costmap.global_costmap]: Timed out waiting for transform from base_link to map to become available, tf error: Could not find a connection between 'map' and 'base_link' because they are not part of the same tree.Tf has two or more unconnected trees.
[rviz2-11] [INFO] [1756909636.004098021] [rviz2]: Trying to create a map of size 100 x 100 using 1 swatches
[planner_server-4] [INFO] [1756909636.495823857] [global_costmap.global_costmap]: start
[controller_server-2] [WARN] [1756909636.576211187] [local_costmap.local_costmap]: Can't update static costmap layer, no map received
[planner_server-4] [INFO] [1756909637.397846401] [global_costmap.global_costmap]: StaticLayer: Resizing costmap to 63 X 36 at 0.040000 m/pix
[controller_server-2] [INFO] [1756909637.397908089] [local_costmap.local_costmap]: StaticLayer: Resizing static layer to 63 X 36 at 0.040000 m/pix
[rviz2-11] [INFO] [1756909637.411624262] [rviz2]: Trying to create a map of size 63 x 36 using 1 swatches
[rviz2-11] [INFO] [1756909637.506602443] [rviz2]: Trying to create a map of size 63 x 36 using 1 swatches
[planner_server-4] [INFO] [1756909637.547802122] [planner_server]: Activating plugin GridBased of type NavfnPlanner
[planner_server-4] [INFO] [1756909637.549381424] [planner_server]: Creating bond (planner_server) to lifecycle manager.
[lifecycle_manager-9] [INFO] [1756909637.656278706] [lifecycle_manager_navigation]: Server planner_server connected with bond.
[lifecycle_manager-9] [INFO] [1756909637.656412281] [lifecycle_manager_navigation]: [34m[1mActivating behavior_server[0m[0m
[behavior_server-5] [INFO] [1756909637.657159807] [behavior_server]: Activating
[behavior_server-5] [INFO] [1756909637.657236248] [behavior_server]: Activating spin
[behavior_server-5] [INFO] [1756909637.657262009] [behavior_server]: Activating backup
[behavior_server-5] [INFO] [1756909637.657281348] [behavior_server]: Activating drive_on_heading
[behavior_server-5] [INFO] [1756909637.657298176] [behavior_server]: Activating wait
[behavior_server-5] [INFO] [1756909637.657315620] [behavior_server]: Activating assisted_teleop
[behavior_server-5] [INFO] [1756909637.657339114] [behavior_server]: Creating bond (behavior_server) to lifecycle manager.
[lifecycle_manager-9] [INFO] [1756909637.764678593] [lifecycle_manager_navigation]: Server behavior_server connected with bond.
[lifecycle_manager-9] [INFO] [1756909637.764772065] [lifecycle_manager_navigation]: [34m[1mActivating bt_navigator[0m[0m
[bt_navigator-6] [INFO] [1756909637.765484484] [bt_navigator]: Activating
[bt_navigator-6] [INFO] [1756909637.797565360] [bt_navigator]: Creating bond (bt_navigator) to lifecycle manager.
[lifecycle_manager-9] [INFO] [1756909637.899144971] [lifecycle_manager_navigation]: Server bt_navigator connected with bond.
[lifecycle_manager-9] [INFO] [1756909637.899235945] [lifecycle_manager_navigation]: [34m[1mActivating waypoint_follower[0m[0m
[waypoint_follower-7] [INFO] [1756909637.899844538] [waypoint_follower]: Activating
[waypoint_follower-7] [INFO] [1756909637.899958606] [waypoint_follower]: Creating bond (waypoint_follower) to lifecycle manager.
[lifecycle_manager-9] [INFO] [1756909638.008543931] [lifecycle_manager_navigation]: Server waypoint_follower connected with bond.
[lifecycle_manager-9] [INFO] [1756909638.008643898] [lifecycle_manager_navigation]: [34m[1mActivating velocity_smoother[0m[0m
[velocity_smoother-8] [INFO] [1756909638.009229978] [velocity_smoother]: Activating
[velocity_smoother-8] [INFO] [1756909638.009343355] [velocity_smoother]: Creating bond (velocity_smoother) to lifecycle manager.
[lifecycle_manager-9] [INFO] [1756909638.117437176] [lifecycle_manager_navigation]: Server velocity_smoother connected with bond.
[lifecycle_manager-9] [INFO] [1756909638.117520814] [lifecycle_manager_navigation]: [34m[1mManaged nodes are active[0m[0m
[lifecycle_manager-9] [INFO] [1756909638.117543511] [lifecycle_manager_navigation]: [34m[1mCreating bond timer...[0m[0m
[rviz2-11] [ERROR] [1756909638.179014194] [rviz2]: Lookup would require extrapolation into the future.  Requested time 1756909638.090949 but the latest data is at time 1756909638.074105, when looking up transform from frame [laser] to frame [map]
[explore-10] [INFO] [1756909639.407231558] [explore_node]: Waiting to connect to move_base nav2 server
[explore-10] [INFO] [1756909639.407588615] [explore_node]: Connected to move_base nav2 server
[explore-10] [INFO] [1756909639.407601996] [explore_node]: Getting initial pose of the robot
[bt_navigator-6] [INFO] [1756909639.474513022] [bt_navigator]: Begin navigating from current location (0.00, 0.00) to (1.21, 0.42)
[controller_server-2] [INFO] [1756909639.495611445] [controller_server]: Received a goal, begin computing control effort.
[controller_server-2] [WARN] [1756909639.495707223] [controller_server]: No goal checker was specified in parameter 'current_goal_checker'. Server will use only plugin loaded goal_checker . This warning will appear once.
[controller_server-2] [WARN] [1756909639.496767081] [controller_server]: RegulatedPurePursuitController detected collision ahead!
[controller_server-2] [WARN] [1756909639.596052781] [controller_server]: RegulatedPurePursuitController detected collision ahead!
[controller_server-2] [WARN] [1756909639.697363775] [controller_server]: RegulatedPurePursuitController detected collision ahead!
[controller_server-2] [WARN] [1756909639.796902698] [controller_server]: RegulatedPurePursuitController detected collision ahead!
[controller_server-2] [WARN] [1756909639.896786809] [controller_server]: RegulatedPurePursuitController detected collision ahead!
[controller_server-2] [WARN] [1756909639.996863224] [controller_server]: RegulatedPurePursuitController detected collision ahead!
[controller_server-2] [WARN] [1756909640.096829594] [controller_server]: RegulatedPurePursuitController detected collision ahead!
[controller_server-2] [WARN] [1756909640.196891811] [controller_server]: RegulatedPurePursuitController detected collision ahead!
[controller_server-2] [WARN] [1756909640.296769619] [controller_server]: RegulatedPurePursuitController detected collision ahead!
[controller_server-2] [WARN] [1756909640.396808259] [controller_server]: RegulatedPurePursuitController detected collision ahead!
[controller_server-2] [WARN] [1756909640.496774616] [controller_server]: RegulatedPurePursuitController detected collision ahead!
[controller_server-2] [INFO] [1756909640.595838632] [controller_server]: Passing new path to controller.
[controller_server-2] [WARN] [1756909640.597079945] [controller_server]: RegulatedPurePursuitController detected collision ahead!
[controller_server-2] [WARN] [1756909640.697035129] [controller_server]: RegulatedPurePursuitController detected collision ahead!
[controller_server-2] [WARN] [1756909640.796789777] [controller_server]: RegulatedPurePursuitController detected collision ahead!
[controller_server-2] [WARN] [1756909640.896781880] [controller_server]: RegulatedPurePursuitController detected collision ahead!
[controller_server-2] [WARN] [1756909640.996824784] [controller_server]: RegulatedPurePursuitController detected collision ahead!
[controller_server-2] [WARN] [1756909641.096895892] [controller_server]: RegulatedPurePursuitController detected collision ahead!
[controller_server-2] [WARN] [1756909641.196917733] [controller_server]: RegulatedPurePursuitController detected collision ahead!
[controller_server-2] [WARN] [1756909641.296819139] [controller_server]: RegulatedPurePursuitController detected collision ahead!
[controller_server-2] [WARN] [1756909641.396819591] [controller_server]: RegulatedPurePursuitController detected collision ahead!
[controller_server-2] [WARN] [1756909641.496795732] [controller_server]: RegulatedPurePursuitController detected collision ahead!
[controller_server-2] [ERROR] [1756909641.496903196] [controller_server]: Controller patience exceeded
[controller_server-2] [WARN] [1756909641.496984389] [controller_server]: [follow_path] [ActionServer] Aborting handle.
[controller_server-2] [INFO] [1756909641.515043199] [local_costmap.local_costmap]: Received request to clear entirely the local_costmap
[controller_server-2] [INFO] [1756909641.516832947] [controller_server]: Received a goal, begin computing control effort.
[controller_server-2] [INFO] [1756909641.577018553] [controller_server]: Passing new path to controller.
[controller_server-2] [WARN] [1756909641.578446176] [controller_server]: RegulatedPurePursuitController detected collision ahead!
[controller_server-2] [WARN] [1756909641.618622977] [controller_server]: RegulatedPurePursuitController detected collision ahead!
[controller_server-2] [WARN] [1756909641.717753931] [controller_server]: RegulatedPurePursuitController detected collision ahead!
[controller_server-2] [WARN] [1756909641.817963149] [controller_server]: RegulatedPurePursuitController detected collision ahead!
[controller_server-2] [WARN] [1756909641.917903975] [controller_server]: RegulatedPurePursuitController detected collision ahead!
[controller_server-2] [WARN] [1756909642.018669592] [controller_server]: RegulatedPurePursuitController detected collision ahead!
[controller_server-2] [WARN] [1756909642.118624398] [controller_server]: RegulatedPurePursuitController detected collision ahead!
[controller_server-2] [WARN] [1756909642.218612737] [controller_server]: RegulatedPurePursuitController detected collision ahead!
[controller_server-2] [WARN] [1756909642.318632207] [controller_server]: RegulatedPurePursuitController detected collision ahead!
[controller_server-2] [WARN] [1756909642.418373684] [controller_server]: RegulatedPurePursuitController detected collision ahead!
[controller_server-2] [WARN] [1756909642.517901985] [controller_server]: RegulatedPurePursuitController detected collision ahead!
[controller_server-2] [INFO] [1756909642.616975988] [controller_server]: Passing new path to controller.
[controller_server-2] [WARN] [1756909642.618134391] [controller_server]: RegulatedPurePursuitController detected collision ahead!
[controller_server-2] [WARN] [1756909642.717906276] [controller_server]: RegulatedPurePursuitController detected collision ahead!
[controller_server-2] [WARN] [1756909642.817896127] [controller_server]: RegulatedPurePursuitController detected collision ahead!
[rviz2-11] [ERROR] [1756909642.917383522] [rviz2]: Lookup would require extrapolation into the future.  Requested time 1756909642.876975 but the latest data is at time 1756909642.873757, when looking up transform from frame [laser] to frame [map]
[controller_server-2] [WARN] [1756909642.917892937] [controller_server]: RegulatedPurePursuitController detected collision ahead!
[controller_server-2] [WARN] [1756909643.017131119] [controller_server]: RegulatedPurePursuitController detected collision ahead!
[controller_server-2] [WARN] [1756909643.117897795] [controller_server]: RegulatedPurePursuitController detected collision ahead!
[controller_server-2] [WARN] [1756909643.217554518] [controller_server]: RegulatedPurePursuitController detected collision ahead!
[controller_server-2] [WARN] [1756909643.317914262] [controller_server]: RegulatedPurePursuitController detected collision ahead!
[controller_server-2] [WARN] [1756909643.417895923] [controller_server]: RegulatedPurePursuitController detected collision ahead!
[controller_server-2] [WARN] [1756909643.517904991] [controller_server]: RegulatedPurePursuitController detected collision ahead!
[controller_server-2] [ERROR] [1756909643.518058398] [controller_server]: Controller patience exceeded
[controller_server-2] [WARN] [1756909643.518141103] [controller_server]: [follow_path] [ActionServer] Aborting handle.
[controller_server-2] [INFO] [1756909643.535155047] [local_costmap.local_costmap]: Received request to clear entirely the local_costmap
[planner_server-4] [INFO] [1756909643.536978235] [global_costmap.global_costmap]: Received request to clear entirely the global_costmap
[controller_server-2] [INFO] [1756909644.515378104] [controller_server]: Received a goal, begin computing control effort.
[controller_server-2] [WARN] [1756909644.516380847] [controller_server]: RegulatedPurePursuitController detected collision ahead!
[controller_server-2] [WARN] [1756909644.616005879] [controller_server]: RegulatedPurePursuitController detected collision ahead!
[controller_server-2] [WARN] [1756909644.716318603] [controller_server]: RegulatedPurePursuitController detected collision ahead!
[controller_server-2] [WARN] [1756909644.816136204] [controller_server]: RegulatedPurePursuitController detected collision ahead!
[controller_server-2] [WARN] [1756909644.916522029] [controller_server]: RegulatedPurePursuitController detected collision ahead!
[controller_server-2] [WARN] [1756909645.015736705] [controller_server]: RegulatedPurePursuitController detected collision ahead!
[controller_server-2] [WARN] [1756909645.116231799] [controller_server]: RegulatedPurePursuitController detected collision ahead!
[controller_server-2] [WARN] [1756909645.216597770] [controller_server]: RegulatedPurePursuitController detected collision ahead!
[controller_server-2] [WARN] [1756909645.316522569] [controller_server]: RegulatedPurePursuitController detected collision ahead!
[controller_server-2] [WARN] [1756909645.416205208] [controller_server]: RegulatedPurePursuitController detected collision ahead!
[controller_server-2] [WARN] [1756909645.516368599] [controller_server]: RegulatedPurePursuitController detected collision ahead!
[controller_server-2] [INFO] [1756909645.615571255] [controller_server]: Passing new path to controller.
[controller_server-2] [WARN] [1756909645.616255852] [controller_server]: RegulatedPurePursuitController detected collision ahead!
[controller_server-2] [WARN] [1756909645.716523921] [controller_server]: RegulatedPurePursuitController detected collision ahead!
[controller_server-2] [WARN] [1756909645.816604658] [controller_server]: RegulatedPurePursuitController detected collision ahead!
[controller_server-2] [WARN] [1756909645.916526767] [controller_server]: RegulatedPurePursuitController detected collision ahead!
[controller_server-2] [WARN] [1756909646.016603032] [controller_server]: RegulatedPurePursuitController detected collision ahead!
[controller_server-2] [WARN] [1756909646.116679614] [controller_server]: RegulatedPurePursuitController detected collision ahead!
[controller_server-2] [WARN] [1756909646.216375395] [controller_server]: RegulatedPurePursuitController detected collision ahead!
[controller_server-2] [WARN] [1756909646.316470400] [controller_server]: RegulatedPurePursuitController detected collision ahead!
[controller_server-2] [WARN] [1756909646.416594364] [controller_server]: RegulatedPurePursuitController detected collision ahead!
[controller_server-2] [WARN] [1756909646.516606411] [controller_server]: RegulatedPurePursuitController detected collision ahead!
[controller_server-2] [ERROR] [1756909646.516703225] [controller_server]: Controller patience exceeded
[controller_server-2] [WARN] [1756909646.516790785] [controller_server]: [follow_path] [ActionServer] Aborting handle.
[controller_server-2] [INFO] [1756909646.535081296] [local_costmap.local_costmap]: Received request to clear entirely the local_costmap
[controller_server-2] [INFO] [1756909646.537132511] [controller_server]: Received a goal, begin computing control effort.
[controller_server-2] [INFO] [1756909646.577353132] [controller_server]: Passing new path to controller.
[controller_server-2] [WARN] [1756909646.578092663] [controller_server]: RegulatedPurePursuitController detected collision ahead!
[controller_server-2] [WARN] [1756909646.638238781] [controller_server]: RegulatedPurePursuitController detected collision ahead!
[controller_server-2] [WARN] [1756909646.738230810] [controller_server]: RegulatedPurePursuitController detected collision ahead!
[controller_server-2] [WARN] [1756909646.838230686] [controller_server]: RegulatedPurePursuitController detected collision ahead!
[controller_server-2] [WARN] [1756909646.938229101] [controller_server]: RegulatedPurePursuitController detected collision ahead!
[controller_server-2] [WARN] [1756909647.038226825] [controller_server]: RegulatedPurePursuitController detected collision ahead!
[controller_server-2] [WARN] [1756909647.138224009] [controller_server]: RegulatedPurePursuitController detected collision ahead!
[controller_server-2] [WARN] [1756909647.238219819] [controller_server]: RegulatedPurePursuitController detected collision ahead!
[controller_server-2] [WARN] [1756909647.338110034] [controller_server]: RegulatedPurePursuitController detected collision ahead!
[controller_server-2] [WARN] [1756909647.438239017] [controller_server]: RegulatedPurePursuitCont