[INFO] [launch]: All log files can be found below /home/robot/.ros/log/2025-09-02-16-51-09-348115-robot-pc04-24000
[INFO] [launch]: Default logging verbosity is set to INFO
[INFO] [async_slam_toolbox_node-1]: process started with pid [24014]
[INFO] [controller_server-2]: process started with pid [24016]
[INFO] [smoother_server-3]: process started with pid [24018]
[INFO] [planner_server-4]: process started with pid [24020]
[INFO] [behavior_server-5]: process started with pid [24022]
[INFO] [bt_navigator-6]: process started with pid [24024]
[INFO] [waypoint_follower-7]: process started with pid [24026]
[INFO] [velocity_smoother-8]: process started with pid [24028]
[INFO] [lifecycle_manager-9]: process started with pid [24030]
[INFO] [explore-10]: process started with pid [24032]
[INFO] [rviz2-11]: process started with pid [24034]
[async_slam_toolbox_node-1] [INFO] [1756824669.456950703] [slam]: Node using stack size 40000000
[lifecycle_manager-9] [INFO] [1756824669.457526855] [lifecycle_manager_navigation]: Creating
[controller_server-2] [INFO] [1756824669.458550466] [controller_server]: 
[controller_server-2] 	controller_server lifecycle node launched. 
[controller_server-2] 	Waiting on external lifecycle transitions to activate
[controller_server-2] 	See https://design.ros2.org/articles/node_lifecycle.html for more information.
[behavior_server-5] [INFO] [1756824669.458563704] [behavior_server]: 
[behavior_server-5] 	behavior_server lifecycle node launched. 
[behavior_server-5] 	Waiting on external lifecycle transitions to activate
[behavior_server-5] 	See https://design.ros2.org/articles/node_lifecycle.html for more information.
[velocity_smoother-8] [INFO] [1756824669.458802573] [velocity_smoother]: 
[velocity_smoother-8] 	velocity_smoother lifecycle node launched. 
[velocity_smoother-8] 	Waiting on external lifecycle transitions to activate
[velocity_smoother-8] 	See https://design.ros2.org/articles/node_lifecycle.html for more information.
[waypoint_follower-7] [INFO] [1756824669.459059901] [waypoint_follower]: 
[waypoint_follower-7] 	waypoint_follower lifecycle node launched. 
[waypoint_follower-7] 	Waiting on external lifecycle transitions to activate
[waypoint_follower-7] 	See https://design.ros2.org/articles/node_lifecycle.html for more information.
[planner_server-4] [INFO] [1756824669.459067985] [planner_server]: 
[planner_server-4] 	planner_server lifecycle node launched. 
[planner_server-4] 	Waiting on external lifecycle transitions to activate
[planner_server-4] 	See https://design.ros2.org/articles/node_lifecycle.html for more information.
[lifecycle_manager-9] [INFO] [1756824669.459256553] [lifecycle_manager_navigation]: [34m[1mCreating and initializing lifecycle service clients[0m[0m
[waypoint_follower-7] [INFO] [1756824669.459321586] [waypoint_follower]: Creating
[planner_server-4] [INFO] [1756824669.459772682] [planner_server]: Creating
[smoother_server-3] [INFO] [1756824669.459807121] [smoother_server]: 
[smoother_server-3] 	smoother_server lifecycle node launched. 
[smoother_server-3] 	Waiting on external lifecycle transitions to activate
[smoother_server-3] 	See https://design.ros2.org/articles/node_lifecycle.html for more information.
[bt_navigator-6] [INFO] [1756824669.460336444] [bt_navigator]: 
[bt_navigator-6] 	bt_navigator lifecycle node launched. 
[bt_navigator-6] 	Waiting on external lifecycle transitions to activate
[bt_navigator-6] 	See https://design.ros2.org/articles/node_lifecycle.html for more information.
[bt_navigator-6] [INFO] [1756824669.460433020] [bt_navigator]: Creating
[smoother_server-3] [INFO] [1756824669.460636643] [smoother_server]: Creating smoother server
[controller_server-2] [INFO] [1756824669.461549668] [controller_server]: Creating controller server
[explore-10] [INFO] [1756824669.461723838] [explore_node]: Waiting for costmap to become available, topic: map
[lifecycle_manager-9] [INFO] [1756824669.462267831] [lifecycle_manager_navigation]: [34m[1mStarting managed nodes bringup...[0m[0m
[lifecycle_manager-9] [INFO] [1756824669.462289661] [lifecycle_manager_navigation]: [34m[1mConfiguring controller_server[0m[0m
[planner_server-4] [INFO] [1756824669.465584187] [global_costmap.global_costmap]: 
[planner_server-4] 	global_costmap lifecycle node launched. 
[planner_server-4] 	Waiting on external lifecycle transitions to activate
[planner_server-4] 	See https://design.ros2.org/articles/node_lifecycle.html for more information.
[planner_server-4] [INFO] [1756824669.465828539] [global_costmap.global_costmap]: Creating Costmap
[controller_server-2] [INFO] [1756824669.469518617] [local_costmap.local_costmap]: 
[controller_server-2] 	local_costmap lifecycle node launched. 
[controller_server-2] 	Waiting on external lifecycle transitions to activate
[controller_server-2] 	See https://design.ros2.org/articles/node_lifecycle.html for more information.
[controller_server-2] [INFO] [1756824669.469898450] [local_costmap.local_costmap]: Creating Costmap
[controller_server-2] [INFO] [1756824669.470785554] [controller_server]: Configuring controller interface
[controller_server-2] [INFO] [1756824669.470869043] [controller_server]: getting goal checker plugins..
[controller_server-2] [INFO] [1756824669.470937989] [controller_server]: Controller frequency set to 10.0000Hz
[controller_server-2] [INFO] [1756824669.470967393] [local_costmap.local_costmap]: Configuring
[controller_server-2] [INFO] [1756824669.475785595] [local_costmap.local_costmap]: Using plugin "static_layer"
[async_slam_toolbox_node-1] [INFO] [1756824669.476220843] [slam]: Using solver plugin solver_plugins::CeresSolver
[async_slam_toolbox_node-1] [INFO] [1756824669.476449582] [slam]: CeresSolver: Using SCHUR_JACOBI preconditioner.
[controller_server-2] [INFO] [1756824669.478797250] [local_costmap.local_costmap]: Subscribing to the map topic (/map) with transient local durability
[controller_server-2] [INFO] [1756824669.479774777] [local_costmap.local_costmap]: Initialized plugin "static_layer"
[controller_server-2] [INFO] [1756824669.479804647] [local_costmap.local_costmap]: Using plugin "obstacle_layer"
[controller_server-2] [INFO] [1756824669.480135295] [local_costmap.local_costmap]: Subscribed to Topics: scan
[controller_server-2] [INFO] [1756824669.481994855] [local_costmap.local_costmap]: Initialized plugin "obstacle_layer"
[controller_server-2] [INFO] [1756824669.482026067] [local_costmap.local_costmap]: Using plugin "inflation_layer"
[controller_server-2] [INFO] [1756824669.482408775] [local_costmap.local_costmap]: Initialized plugin "inflation_layer"
[controller_server-2] [INFO] [1756824669.487214649] [controller_server]: Created progress_checker : progress_checker of type nav2_controller::SimpleProgressChecker
[controller_server-2] [INFO] [1756824669.487685192] [controller_server]: Created goal checker : goal_checker of type nav2_controller::SimpleGoalChecker
[controller_server-2] [INFO] [1756824669.487868726] [controller_server]: Controller Server has goal_checker  goal checkers available.
[controller_server-2] [INFO] [1756824669.488253100] [controller_server]: Created controller : FollowPath of type nav2_regulated_pure_pursuit_controller::RegulatedPurePursuitController
[controller_server-2] [INFO] [1756824669.490213391] [controller_server]: Controller Server has FollowPath  controllers available.
[lifecycle_manager-9] [INFO] [1756824669.493639647] [lifecycle_manager_navigation]: [34m[1mConfiguring smoother_server[0m[0m
[smoother_server-3] [INFO] [1756824669.493765497] [smoother_server]: Configuring smoother server
[smoother_server-3] [INFO] [1756824669.496986253] [smoother_server]: Created smoother : simple_smoother of type nav2_smoother::SimpleSmoother
[smoother_server-3] [INFO] [1756824669.497115205] [smoother_server]: Smoother Server has simple_smoother  smoothers available.
[lifecycle_manager-9] [INFO] [1756824669.498736140] [lifecycle_manager_navigation]: [34m[1mConfiguring planner_server[0m[0m
[planner_server-4] [INFO] [1756824669.498839749] [planner_server]: Configuring
[planner_server-4] [INFO] [1756824669.498863800] [global_costmap.global_costmap]: Configuring
[planner_server-4] [INFO] [1756824669.500792380] [global_costmap.global_costmap]: Using plugin "static_layer"
[planner_server-4] [INFO] [1756824669.502483150] [global_costmap.global_costmap]: Subscribing to the map topic (/map) with transient local durability
[planner_server-4] [INFO] [1756824669.503065836] [global_costmap.global_costmap]: Initialized plugin "static_layer"
[planner_server-4] [INFO] [1756824669.503081159] [global_costmap.global_costmap]: Using plugin "obstacle_layer"
[planner_server-4] [INFO] [1756824669.503257341] [global_costmap.global_costmap]: Subscribed to Topics: scan
[planner_server-4] [INFO] [1756824669.504553924] [global_costmap.global_costmap]: Initialized plugin "obstacle_layer"
[planner_server-4] [INFO] [1756824669.504570521] [global_costmap.global_costmap]: Using plugin "inflation_layer"
[planner_server-4] [INFO] [1756824669.504774528] [global_costmap.global_costmap]: Initialized plugin "inflation_layer"
[planner_server-4] [INFO] [1756824669.507820774] [planner_server]: Created global planner plugin GridBased of type nav2_navfn_planner/NavfnPlanner
[planner_server-4] [INFO] [1756824669.507839667] [planner_server]: Configuring plugin GridBased of type NavfnPlanner
[planner_server-4] [INFO] [1756824669.507973387] [planner_server]: Planner Server has GridBased  planners available.
[lifecycle_manager-9] [INFO] [1756824669.510617126] [lifecycle_manager_navigation]: [34m[1mConfiguring behavior_server[0m[0m
[behavior_server-5] [INFO] [1756824669.510727757] [behavior_server]: Configuring
[behavior_server-5] [INFO] [1756824669.513517704] [behavior_server]: Creating behavior plugin spin of type nav2_behaviors/Spin
[behavior_server-5] [INFO] [1756824669.513864837] [behavior_server]: Configuring spin
[behavior_server-5] [INFO] [1756824669.515411736] [behavior_server]: Creating behavior plugin backup of type nav2_behaviors/BackUp
[behavior_server-5] [INFO] [1756824669.515745116] [behavior_server]: Configuring backup
[behavior_server-5] [INFO] [1756824669.518190276] [behavior_server]: Creating behavior plugin drive_on_heading of type nav2_behaviors/DriveOnHeading
[behavior_server-5] [INFO] [1756824669.518594067] [behavior_server]: Configuring drive_on_heading
[behavior_server-5] [INFO] [1756824669.519994030] [behavior_server]: Creating behavior plugin wait of type nav2_behaviors/Wait
[behavior_server-5] [INFO] [1756824669.520361668] [behavior_server]: Configuring wait
[behavior_server-5] [INFO] [1756824669.521607312] [behavior_server]: Creating behavior plugin assisted_teleop of type nav2_behaviors/AssistedTeleop
[behavior_server-5] [INFO] [1756824669.522462209] [behavior_server]: Configuring assisted_teleop
[lifecycle_manager-9] [INFO] [1756824669.524307863] [lifecycle_manager_navigation]: [34m[1mConfiguring bt_navigator[0m[0m
[bt_navigator-6] [INFO] [1756824669.524503356] [bt_navigator]: Configuring
[lifecycle_manager-9] [INFO] [1756824669.544965503] [lifecycle_manager_navigation]: [34m[1mConfiguring waypoint_follower[0m[0m
[waypoint_follower-7] [INFO] [1756824669.545101082] [waypoint_follower]: Configuring
[waypoint_follower-7] [INFO] [1756824669.550981603] [waypoint_follower]: Created waypoint_task_executor : wait_at_waypoint of type nav2_waypoint_follower::WaitAtWaypoint
[lifecycle_manager-9] [INFO] [1756824669.551370029] [lifecycle_manager_navigation]: [34m[1mConfiguring velocity_smoother[0m[0m
[velocity_smoother-8] [INFO] [1756824669.551490546] [velocity_smoother]: Configuring velocity smoother
[lifecycle_manager-9] [INFO] [1756824669.553617228] [lifecycle_manager_navigation]: [34m[1mActivating controller_server[0m[0m
[controller_server-2] [INFO] [1756824669.553681164] [controller_server]: Activating
[controller_server-2] [INFO] [1756824669.553700133] [local_costmap.local_costmap]: Activating
[controller_server-2] [INFO] [1756824669.553705632] [local_costmap.local_costmap]: Checking transform
[controller_server-2] [INFO] [1756824669.553717935] [local_costmap.local_costmap]: Timed out waiting for transform from base_link to odom to become available, tf error: Invalid frame ID "odom" passed to canTransform argument target_frame - frame does not exist
[rviz2-11] [INFO] [1756824669.898132880] [rviz2]: Stereo is NOT SUPPORTED
[rviz2-11] [INFO] [1756824669.898199515] [rviz2]: OpenGl version: 4.6 (GLSL 4.6)
[rviz2-11] [INFO] [1756824669.928228322] [rviz2]: Stereo is NOT SUPPORTED
[controller_server-2] [INFO] [1756824670.053771753] [local_costmap.local_costmap]: Timed out waiting for transform from base_link to odom to become available, tf error: Invalid frame ID "odom" passed to canTransform argument target_frame - frame does not exist
[controller_server-2] [INFO] [1756824670.553794957] [local_costmap.local_costmap]: Timed out waiting for transform from base_link to odom to become available, tf error: Invalid frame ID "odom" passed to canTransform argument target_frame - frame does not exist
[controller_server-2] [INFO] [1756824671.053798056] [local_costmap.local_costmap]: Timed out waiting for transform from base_link to odom to become available, tf error: Invalid frame ID "odom" passed to canTransform argument target_frame - frame does not exist
[controller_server-2] [INFO] [1756824671.553799028] [local_costmap.local_costmap]: Timed out waiting for transform from base_link to odom to become available, tf error: Invalid frame ID "odom" passed to canTransform argument target_frame - frame does not exist
[controller_server-2] [INFO] [1756824672.053818319] [local_costmap.local_costmap]: Timed out waiting for transform from base_link to odom to become available, tf error: Invalid frame ID "odom" passed to canTransform argument target_frame - frame does not exist
[controller_server-2] [INFO] [1756824672.553806654] [local_costmap.local_costmap]: Timed out waiting for transform from base_link to odom to become available, tf error: Invalid frame ID "odom" passed to canTransform argument target_frame - frame does not exist
[controller_server-2] [INFO] [1756824673.053987006] [local_costmap.local_costmap]: start
[controller_server-2] [INFO] [1756824673.255926674] [controller_server]: Activating controller: FollowPath of type regulated_pure_pursuit_controller::RegulatedPurePursuitController
[controller_server-2] [INFO] [1756824673.256017072] [controller_server]: Creating bond (controller_server) to lifecycle manager.
[lifecycle_manager-9] [INFO] [1756824673.363659600] [lifecycle_manager_navigation]: Server controller_server connected with bond.
[lifecycle_manager-9] [INFO] [1756824673.363750770] [lifecycle_manager_navigation]: [34m[1mActivating smoother_server[0m[0m
[smoother_server-3] [INFO] [1756824673.364264652] [smoother_server]: Activating
[smoother_server-3] [INFO] [1756824673.364369460] [smoother_server]: Creating bond (smoother_server) to lifecycle manager.
[lifecycle_manager-9] [INFO] [1756824673.470505494] [lifecycle_manager_navigation]: Server smoother_server connected with bond.
[lifecycle_manager-9] [INFO] [1756824673.470597779] [lifecycle_manager_navigation]: [34m[1mActivating planner_server[0m[0m
[planner_server-4] [INFO] [1756824673.471093710] [planner_server]: Activating
[planner_server-4] [INFO] [1756824673.471249282] [global_costmap.global_costmap]: Activating
[planner_server-4] [INFO] [1756824673.471294197] [global_costmap.global_costmap]: Checking transform
[planner_server-4] [INFO] [1756824673.471344438] [global_costmap.global_costmap]: Timed out waiting for transform from base_link to map to become available, tf error: Invalid frame ID "map" passed to canTransform argument target_frame - frame does not exist
[planner_server-4] [INFO] [1756824673.971395183] [global_costmap.global_costmap]: Timed out waiting for transform from base_link to map to become available, tf error: Invalid frame ID "map" passed to canTransform argument target_frame - frame does not exist
[planner_server-4] [INFO] [1756824674.471396446] [global_costmap.global_costmap]: Timed out waiting for transform from base_link to map to become available, tf error: Invalid frame ID "map" passed to canTransform argument target_frame - frame does not exist
[planner_server-4] [INFO] [1756824674.971400532] [global_costmap.global_costmap]: Timed out waiting for transform from base_link to map to become available, tf error: Invalid frame ID "map" passed to canTransform argument target_frame - frame does not exist
[controller_server-2] [WARN] [1756824675.054209498] [local_costmap.local_costmap]: Can't update static costmap layer, no map received
[planner_server-4] [INFO] [1756824675.471398664] [global_costmap.global_costmap]: Timed out waiting for transform from base_link to map to become available, tf error: Invalid frame ID "map" passed to canTransform argument target_frame - frame does not exist
[planner_server-4] [INFO] [1756824675.971396303] [global_costmap.global_costmap]: Timed out waiting for transform from base_link to map to become available, tf error: Invalid frame ID "map" passed to canTransform argument target_frame - frame does not exist
[planner_server-4] [INFO] [1756824676.471397377] [global_costmap.global_costmap]: Timed out waiting for transform from base_link to map to become available, tf error: Invalid frame ID "map" passed to canTransform argument target_frame - frame does not exist
[async_slam_toolbox_node-1] [WARN] [1756824676.822021392] [slam]: minimum laser range setting (0.0 m) exceeds the capabilities of the used Lidar (0.1 m)
[planner_server-4] [INFO] [1756824676.971464542] [global_costmap.global_costmap]: Timed out waiting for transform from base_link to map to become available, tf error: Lookup would require extrapolation into the past.  Requested time 1756824676.948709 but the earliest data is at time 1756824676.967666, when looking up transform from frame [base_link] to frame [map]
[controller_server-2] [WARN] [1756824677.055197212] [local_costmap.local_costmap]: Can't update static costmap layer, no map received
[rviz2-11] [ERROR] [1756824677.126790678] [rviz2]: Lookup would require extrapolation into the future.  Requested time 1756824677.098656 but the latest data is at time 1756824677.098636, when looking up transform from frame [laser] to frame [map]
[planner_server-4] [INFO] [1756824677.471520989] [global_costmap.global_costmap]: start
[rviz2-11] [INFO] [1756824677.479592353] [rviz2]: Trying to create a map of size 100 x 100 using 1 swatches
[controller_server-2] [INFO] [1756824677.482621544] [local_costmap.local_costmap]: StaticLayer: Resizing static layer to 36 X 101 at 0.040000 m/pix
[planner_server-4] [INFO] [1756824677.482766850] [global_costmap.global_costmap]: StaticLayer: Resizing costmap to 36 X 101 at 0.040000 m/pix
[rviz2-11] [INFO] [1756824677.512072997] [rviz2]: Trying to create a map of size 36 x 101 using 1 swatches
[rviz2-11] [INFO] [1756824678.501464496] [rviz2]: Trying to create a map of size 36 x 101 using 1 swatches
[planner_server-4] [INFO] [1756824678.523155068] [planner_server]: Activating plugin GridBased of type NavfnPlanner
[planner_server-4] [INFO] [1756824678.525249431] [planner_server]: Creating bond (planner_server) to lifecycle manager.
[lifecycle_manager-9] [INFO] [1756824678.633199757] [lifecycle_manager_navigation]: Server planner_server connected with bond.
[lifecycle_manager-9] [INFO] [1756824678.633304789] [lifecycle_manager_navigation]: [34m[1mActivating behavior_server[0m[0m
[behavior_server-5] [INFO] [1756824678.633874634] [behavior_server]: Activating
[behavior_server-5] [INFO] [1756824678.633950550] [behavior_server]: Activating spin
[behavior_server-5] [INFO] [1756824678.633976841] [behavior_server]: Activating backup
[behavior_server-5] [INFO] [1756824678.633996658] [behavior_server]: Activating drive_on_heading
[behavior_server-5] [INFO] [1756824678.634014905] [behavior_server]: Activating wait
[behavior_server-5] [INFO] [1756824678.634031704] [behavior_server]: Activating assisted_teleop
[behavior_server-5] [INFO] [1756824678.634056020] [behavior_server]: Creating bond (behavior_server) to lifecycle manager.
[lifecycle_manager-9] [INFO] [1756824678.741490322] [lifecycle_manager_navigation]: Server behavior_server connected with bond.
[lifecycle_manager-9] [INFO] [1756824678.741592759] [lifecycle_manager_navigation]: [34m[1mActivating bt_navigator[0m[0m
[bt_navigator-6] [INFO] [1756824678.742297573] [bt_navigator]: Activating
[bt_navigator-6] [INFO] [1756824678.786292259] [bt_navigator]: Creating bond (bt_navigator) to lifecycle manager.
[lifecycle_manager-9] [INFO] [1756824678.888472072] [lifecycle_manager_navigation]: Server bt_navigator connected with bond.
[lifecycle_manager-9] [INFO] [1756824678.888588940] [lifecycle_manager_navigation]: [34m[1mActivating waypoint_follower[0m[0m
[waypoint_follower-7] [INFO] [1756824678.889372158] [waypoint_follower]: Activating
[waypoint_follower-7] [INFO] [1756824678.889474034] [waypoint_follower]: Creating bond (waypoint_follower) to lifecycle manager.
[lifecycle_manager-9] [INFO] [1756824678.998486075] [lifecycle_manager_navigation]: Server waypoint_follower connected with bond.
[lifecycle_manager-9] [INFO] [1756824678.998585435] [lifecycle_manager_navigation]: [34m[1mActivating velocity_smoother[0m[0m
[velocity_smoother-8] [INFO] [1756824678.999237356] [velocity_smoother]: Activating
[velocity_smoother-8] [INFO] [1756824678.999363536] [velocity_smoother]: Creating bond (velocity_smoother) to lifecycle manager.
[lifecycle_manager-9] [INFO] [1756824679.107162670] [lifecycle_manager_navigation]: Server velocity_smoother connected with bond.
[lifecycle_manager-9] [INFO] [1756824679.107248860] [lifecycle_manager_navigation]: [34m[1mManaged nodes are active[0m[0m
[lifecycle_manager-9] [INFO] [1756824679.107273201] [lifecycle_manager_navigation]: [34m[1mCreating bond timer...[0m[0m
[explore-10] [INFO] [1756824679.482418611] [explore_node]: Waiting to connect to move_base nav2 server
[explore-10] [INFO] [1756824679.482688717] [explore_node]: Connected to move_base nav2 server
[explore-10] [INFO] [1756824679.482696885] [explore_node]: Getting initial pose of the robot
[bt_navigator-6] [INFO] [1756824679.562398749] [bt_navigator]: Begin navigating from current location (2.35, 2.74) to (1.98, 0.72)
[controller_server-2] [INFO] [1756824679.583748054] [controller_server]: Received a goal, begin computing control effort.
[controller_server-2] [WARN] [1756824679.583851145] [controller_server]: No goal checker was specified in parameter 'current_goal_checker'. Server will use only plugin loaded goal_checker . This warning will appear once.
[controller_server-2] [INFO] [1756824680.684001115] [controller_server]: Passing new path to controller.
[controller_server-2] [INFO] [1756824681.683991209] [controller_server]: Passing new path to controller.
[controller_server-2] [INFO] [1756824682.684005174] [controller_server]: Passing new path to controller.
[rviz2-11] [INFO] [1756824683.496827612] [rviz2]: Trying to create a map of size 53 x 104 using 1 swatches
[controller_server-2] [INFO] [1756824683.654162087] [local_costmap.local_costmap]: StaticLayer: Resizing static layer to 53 X 104 at 0.040000 m/pix
[controller_server-2] [INFO] [1756824683.784005193] [controller_server]: Passing new path to controller.
[planner_server-4] [INFO] [1756824684.471701962] [global_costmap.global_costmap]: StaticLayer: Resizing costmap to 53 X 104 at 0.040000 m/pix
[rviz2-11] [INFO] [1756824684.489302292] [rviz2]: Trying to create a map of size 53 x 104 using 1 swatches
[controller_server-2] [INFO] [1756824684.783983772] [controller_server]: Passing new path to controller.
[rviz2-11] [INFO] [1756824685.513294975] [rviz2]: Trying to create a map of size 90 x 105 using 1 swatches
[controller_server-2] [INFO] [1756824685.654186657] [local_costmap.local_costmap]: StaticLayer: Resizing static layer to 90 X 105 at 0.040000 m/pix
[controller_server-2] [INFO] [1756824685.784006151] [controller_server]: Passing new path to controller.
[bt_navigator-6] [INFO] [1756824686.262794453] [bt_navigator]: Received goal preemption request
[bt_navigator-6] [INFO] [1756824686.263357653] [bt_navigator]: Begin navigating from current location (2.28, 1.10) to (1.23, 0.90)
[planner_server-4] [INFO] [1756824686.471691765] [global_costmap.global_costmap]: StaticLayer: Resizing costmap to 90 X 105 at 0.040000 m/pix
[rviz2-11] [INFO] [1756824686.504121585] [rviz2]: Trying to create a map of size 90 x 105 using 1 swatches
[controller_server-2] [INFO] [1756824686.884066584] [controller_server]: Passing new path to controller.
[controller_server-2] [WARN] [1756824687.149529946] [controller_server]: RegulatedPurePursuitController detected collision ahead!
[controller_server-2] [WARN] [1756824687.184597130] [controller_server]: RegulatedPurePursuitController detected collision ahead!
[rviz2-11] [INFO] [1756824687.497273741] [rviz2]: Trying to create a map of size 90 x 106 using 1 swatches
[controller_server-2] [INFO] [1756824687.654187071] [local_costmap.local_costmap]: StaticLayer: Resizing static layer to 90 X 106 at 0.040000 m/pix
[controller_server-2] [INFO] [1756824687.884067048] [controller_server]: Passing new path to controller.
[planner_server-4] [INFO] [1756824688.471698926] [global_costmap.global_costmap]: StaticLayer: Resizing costmap to 90 X 106 at 0.040000 m/pix
[rviz2-11] [INFO] [1756824688.487173806] [rviz2]: Trying to create a map of size 90 x 106 using 1 swatches
[controller_server-2] [INFO] [1756824688.883983871] [controller_server]: Passing new path to controller.
[rviz2-11] [INFO] [1756824689.511265796] [rviz2]: Trying to create a map of size 91 x 106 using 1 swatches
[controller_server-2] [INFO] [1756824689.654165673] [local_costmap.local_costmap]: StaticLayer: Resizing static layer to 91 X 106 at 0.040000 m/pix
[controller_server-2] [INFO] [1756824689.884002432] [controller_server]: Passing new path to controller.
[planner_server-4] [INFO] [1756824690.471717853] [global_costmap.global_costmap]: StaticLayer: Resizing costmap to 91 X 106 at 0.040000 m/pix
[rviz2-11] [INFO] [1756824690.503947518] [rviz2]: Trying to create a map of size 91 x 106 using 1 swatches
[controller_server-2] [INFO] [1756824690.984019606] [controller_server]: Passing new path to controller.
[controller_server-2] [INFO] [1756824691.984001999] [controller_server]: Passing new path to controller.
[bt_navigator-6] [INFO] [1756824692.922716687] [bt_navigator]: Received goal preemption request
[bt_navigator-6] [INFO] [1756824692.923136895] [bt_navigator]: Begin navigating from current location (1.28, 0.86) to (-0.17, 1.41)
[controller_server-2] [INFO] [1756824692.983995868] [controller_server]: Passing new path to controller.
[controller_server-2] [INFO] [1756824694.084001536] [controller_server]: Passing new path to controller.
[controller_server-2] [INFO] [1756824695.084005364] [controller_server]: Passing new path to controller.
[rviz2-11] [INFO] [1756824695.501192370] [rviz2]: Trying to create a map of size 91 x 108 using 1 swatches
[controller_server-2] [INFO] [1756824695.654245418] [local_costmap.local_costmap]: StaticLayer: Resizing static layer to 91 X 108 at 0.040000 m/pix
[controller_server-2] [INFO] [1756824696.084089812] [controller_server]: Passing new path to controller.
[planner_server-4] [INFO] [1756824696.471682215] [global_costmap.global_costmap]: StaticLayer: Resizing costmap to 91 X 108 at 0.040000 m/pix
[rviz2-11] [INFO] [1756824696.493942821] [rviz2]: Trying to create a map of size 91 x 108 using 1 swatches
[controller_server-2] [INFO] [1756824697.184005951] [controller_server]: Passing new path to controller.
[rviz2-11] [INFO] [1756824697.517351749] [rviz2]: Trying to create a map of size 91 x 109 using 1 swatches
[controller_server-2] [INFO] [1756824697.654103126] [local_costmap.local_costmap]: StaticLayer: Resizing static layer to 91 X 109 at 0.040000 m/pix
[controller_server-2] [INFO] [1756824698.184012481] [controller_server]: Passing new path to controller.
[planner_server-4] [INFO] [1756824698.471725459] [global_costmap.global_costmap]: StaticLayer: Resizing costmap to 91 X 109 at 0.040000 m/pix
[rviz2-11] [INFO] [1756824698.506937634] [rviz2]: Trying to create a map of size 91 x 109 using 1 swatches
[controller_server-2] [INFO] [1756824699.184075867] [controller_server]: Passing new path to controller.
[rviz2-11] [INFO] [1756824699.497725526] [rviz2]: Trying to create a map of size 93 x 109 using 1 swatches
[bt_navigator-6] [INFO] [1756824699.542648612] [bt_navigator]: Received goal preemption request
[bt_navigator-6] [INFO] [1756824699.542750903] [bt_navigator]: Begin navigating from current location (0.37, 1.20) to (1.05, 2.65)
[controller_server-2] [INFO] [1756824699.654185589] [local_costmap.local_costmap]: StaticLayer: Resizing static layer to 93 X 109 at 0.040000 m/pix
[controller_server-2] [INFO] [1756824700.184011863] [controller_server]: Passing new path to controller.
[planner_server-4] [INFO] [1756824700.471698984] [global_costmap.global_costmap]: StaticLayer: Resizing costmap to 93 X 109 at 0.040000 m/pix
[rviz2-11] [INFO] [1756824700.497840460] [rviz2]: Trying to create a map of size 93 x 109 using 1 swatches
[controller_server-2] [WARN] [1756824700.884630190] [controller_server]: RegulatedPurePursuitController detected collision ahead!
[controller_server-2] [WARN] [1756824700.985177305] [controller_server]: RegulatedPurePursuitController detected collision ahead!
[controller_server-2] [WARN] [1756824701.084470561] [controller_server]: RegulatedPurePursuitController detected collision ahead!
[controller_server-2] [WARN] [1756824701.184993335] [controller_server]: RegulatedPurePursuitController detected collision ahead!
[controller_server-2] [INFO] [1756824701.284074427] [controller_server]: Passing new path to controller.
[controller_server-2] [WARN] [1756824701.285414840] [controller_server]: RegulatedPurePursuitController detected collision ahead!
[controller_server-2] [WARN] [1756824701.385069430] [controller_server]: RegulatedPurePursuitController detected collision ahead!
[controller_server-2] [WARN] [1756824701.484996731] [controller_server]: RegulatedPurePursuitController detected collision ahead!
[controller_server-2] [WARN] [1756824701.584997338] [controller_server]: RegulatedPurePursuitController detected collision ahead!
[controller_server-2] [WARN] [1756824701.684857686] [controller_server]: RegulatedPurePursuitController detected collision ahead!
[controller_server-2] [WARN] [1756824701.785004880] [controller_server]: RegulatedPurePursuitController detected collision ahead!
[controller_server-2] [WARN] [1756824701.884865298] [controller_server]: RegulatedPurePursuitController detected collision ahead!
[controller_server-2] [WARN] [1756824701.984982014] [controller_server]: RegulatedPurePursuitController detected collision ahead!
[controller_server-2] [WARN] [1756824702.084972908] [controller_server]: RegulatedPurePursuitController detected collision ahead!
[controller_server-2] [WARN] [1756824702.185000614] [controller_server]: RegulatedPurePursuitController detected collision ahead!
[controller_server-2] [INFO] [1756824702.284005223] [controller_server]: Passing new path to controller.
[controller_server-2] [WARN] [1756824702.285220282] [controller_server]: RegulatedPurePursuitController detected collision ahead!
[controller_server-2] [WARN] [1756824702.385000972] [controller_server]: RegulatedPurePursuitController detected collision ahead!
[controller_server-2] [WARN] [1756824702.485080780] [controller_server]: RegulatedPurePursuitController detected collision ahead!
[controller_server-2] [WARN] [1756824702.585091738] [controller_server]: RegulatedPurePursuitController detected collision ahead!
[controller_server-2] [WARN] [1756824702.685042653] [controller_server]: RegulatedPurePursuitController detected collision ahead!
[controller_server-2] [WARN] [1756824702.785158336] [controller_server]: RegulatedPurePursuitController detected collision ahead!
[controller_server-2] [ERROR] [1756824702.785268997] [controller_server]: Controller patience exceeded
[controller_server-2] [WARN] [1756824702.785353313] [controller_server]: [follow_path] [ActionServer] Aborting handle.
[controller_server-2] [INFO] [1756824702.803134847] [local_costmap.local_costmap]: Received request to clear entirely the local_costmap
[controller_server-2] [INFO] [1756824702.804999835] [controller_server]: Received a goal, begin computing control effort.
[controller_server-2] [WARN] [1756824702.866187722] [controller_server]: RegulatedPurePursuitController detected collision ahead!
[controller_server-2] [WARN] [1756824703.006846236] [controller_server]: RegulatedPurePursuitController detected collision ahead!
[controller_server-2] [WARN] [1756824703.007018218] [controller_server]: Control loop missed its desired rate of 10.0000Hz
[controller_server-2] [WARN] [1756824703.007748881] [controller_server]: RegulatedPurePursuitController detected collision ahead!
[controller_server-2] [WARN] [1756824703.106355591] [controller_server]: RegulatedPurePursuitController detected collision ahead!
[controller_server-2] [WARN] [1756824703.206216970] [controller_server]: RegulatedPurePursuitController detected collision ahead!
[controller_server-2] [INFO] [1756824703.305201978] [controller_server]: Passing new path to controller.
[controller_server-2] [WARN] [1756824703.306417948] [controller_server]: RegulatedPurePursuitController detected collision ahead!
[controller_server-2] [WARN] [1756824703.406233976] [controller_server]: RegulatedPurePursuitController detected collision ahead!
[controller_server-2] [WARN] [1756824703.506203588] [controller_server]: RegulatedPurePursuitController detected collision ahead!
[controller_server-2] [WARN] [1756824703.606123081] [controller_server]: RegulatedPurePursuitController detected collision ahead!
[controller_server-2] [WARN] [1756824703.706274348] [controller_server]: RegulatedPurePursuitController detected collision ahead!
[controller_server-2] [WARN] [1756824703.806287324] [controller_server]: RegulatedPurePursuitController detected collision ahead!
[controller_server-2] [WARN] [1756824703.906282302] [controller_server]: RegulatedPurePursuitController detected collision ahead!
[controller_server-2] [WARN] [1756824704.006429606] [controller_server]: RegulatedPurePursuitController detected collision ahead!
[controller_server-2] [WARN] [1756824704.106221160] [controller_server]: RegulatedPurePursuitController detected collision ahead!
[controller_server-2] [WARN] [1756824704.206208651] [controller_server]: RegulatedPurePursuitController detected collision ahead!
[controller_server-2] [INFO] [1756824704.305209924] [controller_server]: Passing new path to controller.
[controller_server-2] [WARN] [1756824704.306357356] [controller_server]: RegulatedPurePursuitController detected collision ahead!
[controller_server-2] [WARN] [1756824704.406204958] [controller_server]: RegulatedPurePursuitController detected collision ahead!
[controller_server-2] [WARN] [1756824704.506204733] [controller_server]: RegulatedPurePursuitController detected collision ahead!
[controller_server-2] [WARN] [1756824704.627026274] [controller_server]: RegulatedPurePursuitController detected collision ahead!
[controller_server-2] [WARN] [1756824704.706158155] [controller_server]: RegulatedPurePursuitController detected collision ahead!
[controller_server-2] [WARN] [1756824704.806220247] [controller_server]: RegulatedPurePursuitController detected collision ahead!
[controller_server-2] [ERROR] [1756824704.806316446] [controller_server]: Controller patience exceeded
[controller_server-2] [WARN] [1756824704.806390933] [controller_server]: [follow_path] [ActionServer] Aborting handle.
[controller_server-2] [INFO] [1756824704.822893826] [local_costmap.local_costmap]: Received request to clear entirely the local_costmap
[planner_server-4] [INFO] [1756824704.823559894] [global_costmap.global_costmap]: Received request to clear entirely the global_costmap
[controller_server-2] [INFO] [1756824705.493237443] [controller_server]: Received a goal, begin computing control effort.
[controller_server-2] [WARN] [1756824705.494075942] [controller_server]: RegulatedPurePursuitController detected collision ahead!
[controller_server-2] [WARN] [1756824705.594513820] [controller_server]: RegulatedPurePursuitController detected collision ahead!
[controller_server-2] [WARN] [1756824705.694513486] [controller_server]: RegulatedPurePursuitController detected collision ahead!
[controller_server-2] [WARN] [1756824705.794429434] [controller_server]: RegulatedPurePursuitController detected collision ahead!
[controller_server-2] [WARN] [1756824705.894436856] [controller_server]: RegulatedPurePursuitController detected collision ahead!
[controller_server-2] [WARN] [1756824705.993675071] [controller_server]: RegulatedPurePursuitController detected collision ahead!
[controller_server-2] [WARN] [1756824706.094245460] [controller_server]: RegulatedPurePursuitController detected collision ahead!
[controller_server-2] [WARN] [1756824706.194432255] [controller_server]: RegulatedPurePursuitController detected collision ahead!
[controller_server-2] [WARN] [1756824706.324715789] [controller_server]: RegulatedPurePursuitController detected collision ahead!
[bt_navigator-6] [INFO] [1756824706.332630321] [bt_navigator]: Received goal preemption request
[bt_navigator-6] [INFO] [1756824706.332817212] [bt_navigator]: Begin navigating from current location (0.31, 1.13) to (0.15, -0.25)
[controller_server-2] [WARN] [1756824706.393988233] [controller_server]: RegulatedPurePursuitController detected collision ahead!
[controller_server-2] [WARN] [1756824706.494296562] [controller_server]: RegulatedPurePursuitController detected collision ahead!
[controller_server-2] [INFO] [1756824706.593436247] [controller_server]: Passing new path to controller.
[controller_server-2] [WARN] [1756824706.595704820] [controller_server]: RegulatedPurePursuitController detected collision ahead!
[controller_server-2] [WARN] [1756824706.695367227] [controller_server]: RegulatedPurePursuitController detected collision ahead!
[controller_server-2] [WARN] [1756824706.795398990] [controller_server]: RegulatedPurePursuitController detected collision ahead!
[controller_server-2] [WARN] [1756824706.894556529] [controller_server]: RegulatedPurePursuitController detected collision ahead!
[controller_server-2] [WARN] [1756824706.995362235] [controller_server]: RegulatedPurePursuitController detected collision ahead!
[controller_server-2] [WARN] [1756824707.094377690] [controller_server]: RegulatedPurePursuitController detected collision ahead!
[controller_server-2] [WARN] [1756824707.205520516] [controller_server]: RegulatedPurePursuitController detected collision ahead!
[controller_server-2] [WARN] [1756824707.294640915] [controller_server]: RegulatedPurePursuitController detected collision ahead!
[controller_server-2] [WARN] [1756824707.395444019] [controller_server]: RegulatedPurePursuitController detected collision ahead!
[controller_server-2] [WARN] [1756824707.493762747] [controller_server]: RegulatedPurePursuitController detected collision ahead!
[controller_server-2] [ERROR] [1756824707.493789423] [controller_server]: Controller patience exceeded
[controller_server-2] [WARN] [1756824707.493804816] [controller_server]: [follow_path] [ActionServer] Aborting handle.
[controller_server-2] [INFO] [1756824707.512637158] [local_costmap.local_costmap]: Received request to clear entirely the local_costmap
[controller_server-2] [INFO] [1756824707.512833376] [controller_server]: Received a goal, begin computing control effort.
[controller_server-2] [INFO] [1756824707.662922643] [controller_server]: Passing new path to controller.
[controller_server-2] [WARN] [1756824707.664267728] [controller_server]: RegulatedPurePursuitController detected collision ahead!
[controller_server-2] [WARN] [1756824707.664430447] [controller_server]: Control loop missed its desired rate of 10.0000Hz
[controller_server-2] [WARN] [1756824707.665543174] [controller_server]: RegulatedPurePursuitController detected collision ahead!
[controller_server-2] [WARN] [1756824707.714885142] [controller_server]: RegulatedPurePursuitController detected collision ahead!
[controller_server-2] [WARN] [1756824707.814874800] [controller_server]: RegulatedPurePursuitController detected collision ahead!
[controller_server-2] [WARN] [1756824707.914959315] [controller_server]: RegulatedPurePursuitController detected collision ahead!
[controller_server-2] [WARN] [1756824708.014945872] [controller_server]: RegulatedPurePursuitController detected collision ahead!
[controller_server-2] [WARN] [1756824708.114335000] [controller_server]: RegulatedPurePursuitController detected collision ahead!
[controller_server-2] [WARN] [1756824708.214654696] [controller_server]: RegulatedPurePursuitController detected collision ahead!
[controller_server-2] [WARN] [1756824708.314917260] [controller_server]: RegulatedPurePursuitController detected collision ahead!
[controller_server-2] [WARN] [1756824708.414888565] [controller_server]: RegulatedPurePursuitController detected collision ahead!
[controller_server-2] [WARN] [1756824708.513964185] [controller_server]: RegulatedPurePursuitController detected collision ahead!
[controller_server-2] [INFO] [1756824708.612963972] [controller_server]: Passing new path to controller.
[controller_server-2] [WARN] [1756824708.615215691] [controller_server]: RegulatedPurePursuitController detected collision ahead!
[controller_server-2] [WARN] [1756824708.714902172] [controller_server]: RegulatedPurePursuitController detected collision ahead!
[controller_server-2] [WARN] [1756824708.814924722] [controller_server]: RegulatedPurePursuitController detected collision ahead!
[controller_server-2] [WARN] [1756824708.945319924] [controller_server]: RegulatedPurePursuitController detected collision ahead!
[controller_server-2] [WARN] [1756824709.013897153] [controller_server]: RegulatedPurePursuitController detected collision ahead!
[controller_server-2] [WARN] [1756824709.114884890] [controller_server]: RegulatedPurePursuitController detected collision ahead!
[controller_server-2] [WARN] [1756824709.214870135] [controller_server]: RegulatedPurePursuitController detected collision ahead!
[controller_server-2] [WARN] [1756824709.314879845] [controller_server]: RegulatedPurePursuitController detected collision ahead!
[controller_server-2] [WARN] [1756824709.445183042] [controller_server]: RegulatedPurePursuitController detected collision ahead!
[controller_server-2] [WARN] [1756824709.514885654] [controller_server]: RegulatedPurePursuitController detected collision ahead!
[controller_server-2] [ERROR] [1756824709.514989756] [controller_server]: Controller patience exceeded
[controller_server-2] [WARN] [1756824709.515070568] [controller_server]: [follow_path] [ActionServer] Aborting handle.
[behavior_server-5] [INFO] [1756824709.533233362] [behavior_server]: Running spin
[behavior_server-5] [INFO] [1756824709.533476168] [behavior_server]: Turning 1.57 for spin behavior.
[behavior_server-5] [INFO] [1756824712.433733857] [behavior_server]: spin completed successfully
[controller_server-2] [INFO] [1756824712.483383938] [controller_server]: Received a goal, begin computing control effort.
[controller_server-2] [INFO] [1756824713.583611851] [controller_server]: Passing new path to controller.
[controller_server-2] [WARN] [1756824714.484799022] [controller_server]: RegulatedPurePursuitController detected collision ahead!
[controller_server-2] [INFO] [1756824714.583596006] [controller_server]: Passing new path to controller.
[controller_server-2] [WARN] [1756824715.384406233] [controller_server]: RegulatedPurePursuitController detected collision ahead!
[controller_server-2] [INFO] [1756824715.583596146] [controller_server]: Passing new path to controller.
[controller_server-2] [INFO] [1756824716.683613056] [controller_server]: Passing new path to controller.
[controller_server-2] [INFO] [1756824717.683674794] [controller_server]: Passing new path to controller.
[controller_server-2] [INFO] [1756824718.683595517] [controller_server]: Passing new path to controller.
[rviz2-11] [INFO] [1756824719.506628002] [rviz2]: Trying to create a map of size 94 x 109 using 1 swatches
[controller_server-2] [INFO] [1756824719.654150215] [local_costmap.local_costmap]: StaticLayer: Resizing static layer to 94 X 109 at 0.040000 m/pix
[controller_server-2] [INFO] [1756824719.683692603] [controller_server]: Passing new path to controller.
[planner_server-4] [INFO] [1756824720.471769254] [global_costmap.global_costmap]: StaticLayer: Resizing costmap to 94 X 109 at 0.040000 m/pix
[rviz2-11] [INFO] [1756824720.499567082] [rviz2]: Trying to create a map of size 94 x 109 using 1 swatches
[controller_server-2] [INFO] [1756824720.783682819] [controller_server]: Passing new path to controller.
[controller_server-2] [INFO] [1756824721.783595756] [controller_server]: Passing new path to controller.
[controller_server-2] [INFO] [1756824722.783652175] [controller_server]: Passing new path to controller.
[controller_server-2] [INFO] [1756824723.883619073] [controller_server]: Passing new path to controller.
[controller_server-2] [INFO] [1756824724.883703047] [controller_server]: Passing new path to controller.
[controller_server-2] [INFO] [1756824725.883600966] [controller_server]: Passing new path to controller.
[bt_navigator-6] [INFO] [1756824726.172771749] [bt_navigator]: Received goal preemption request
[bt_navigator-6] [INFO] [1756824726.173196141] [bt_navigator]: Begin navigating from current location (1.01, -0.17) to (0.06, -0.09)
[controller_server-2] [INFO] [1756824726.883617916] [controller_server]: Passing new path to controller.
[controller_server-2] [INFO] [1756824727.983610800] [controller_server]: Passing new path to controller.
[controller_server-2] [INFO] [1756824728.983685336] [controller_server]: Passing new path to controller.
[controller_server-2] [INFO] [1756824729.983609050] [controller_server]: Passing new path to controller.
[controller_server-2] [INFO] [1756824730.983615444] [controller_server]: Passing new path to controller.
[controller_server-2] [INFO] [1756824732.083677827] [controller_server]: Passing new path to controller.
[bt_navigator-6] [INFO] [1756824732.882712627] [bt_navigator]: Received goal preemption request
[bt_navigator-6] [INFO] [1756824732.883014946] [bt_navigator]: Begin navigating from current location (0.10, -0.13) to (1.32, 2.48)
[controller_server-2] [INFO] [1756824733.083595425] [controller_server]: Passing new path to controller.
[controller_server-2] [INFO] [1756824734.083603226] [controller_server]: Passing new path to controller.
[controller_server-2] [INFO] [1756824735.183612547] [controller_server]: Passing new path to controller.
[controller_server-2] [INFO] [1756824736.183594169] [controller_server]: Passing new path to controller.
[controller_server-2] [INFO] [1756824737.183671780] [controller_server]: Passing new path to controller.
[rviz2-11] [INFO] [1756824737.526025948] [rviz2]: Trying to create a map of size 95 x 109 using 1 swatches
[controller_server-2] [INFO] [1756824737.654130988] [local_costmap.local_costmap]: StaticLayer: Resizing static layer to 95 X 109 at 0.040000 m/pix
[controller_server-2] [ERROR] [1756824738.183754082] [controller_server]: Failed to make progress
[controller_server-2] [WARN] [1756824738.183911531] [controller_server]: [follow_path] [ActionServer] Aborting handle.
[controller_server-2] [INFO] [1756824738.193563522] [controller_server]: Received a goal, begin computing control effort.
[planner_server-4] [INFO] [1756824738.471697363] [global_costmap.global_costmap]: StaticLayer: Resizing costmap to 95 X 109 at 0.040000 m/pix
[rviz2-11] [INFO] [1756824738.485780026] [rviz2]: Trying to create a map of size 95 x 109 using 1 swatches
[controller_server-2] [INFO] [1756824739.293843814] [controller_server]: Passing new path to controller.
[rviz2-11] [INFO] [1756824739.503765621] [rviz2]: Trying to create a map of size 96 x 109 using 1 swatches
[bt_navigator-6] [INFO] [1756824739.542677320] [bt_navigator]: Received goal preemption request
[bt_navigator-6] [INFO] [1756824739.542811604] [bt_navigator]: Begin navigating from current location (1.09, -0.00) to (1.30, 2.46)
[controller_server-2] [INFO] [1756824739.654178522] [local_costmap.local_costmap]: StaticLayer: Resizing static layer to 96 X 109 at 0.040000 m/pix
[controller_server-2] [INFO] [1756824740.293856880] [controller_server]: Passing new path to controller.
[planner_server-4] [INFO] [1756824740.471722499] [global_costmap.global_costmap]: StaticLayer: Resizing costmap to 96 X 109 at 0.040000 m/pix
[rviz2-11] [INFO] [1756824740.500804404] [rviz2]: Trying to create a map of size 96 x 109 using 1 swatches
[controller_server-2] [INFO] [1756824741.293862414] [controller_server]: Passing new path to controller.
[controller_server-2] [INFO] [175682474