[INFO] [launch]: All log files can be found below /home/robot/.ros/log/2025-09-02-16-54-04-025891-robot-pc04-25708
[INFO] [launch]: Default logging verbosity is set to INFO
[INFO] [async_slam_toolbox_node-1]: process started with pid [25721]
[INFO] [controller_server-2]: process started with pid [25723]
[INFO] [smoother_server-3]: process started with pid [25725]
[INFO] [planner_server-4]: process started with pid [25727]
[INFO] [behavior_server-5]: process started with pid [25729]
[INFO] [bt_navigator-6]: process started with pid [25731]
[INFO] [waypoint_follower-7]: process started with pid [25733]
[INFO] [velocity_smoother-8]: process started with pid [25735]
[INFO] [lifecycle_manager-9]: process started with pid [25737]
[INFO] [explore-10]: process started with pid [25739]
[INFO] [rviz2-11]: process started with pid [25741]
[async_slam_toolbox_node-1] [INFO] [1756824844.131556391] [slam]: Node using stack size 40000000
[waypoint_follower-7] [INFO] [1756824844.133946976] [waypoint_follower]: 
[waypoint_follower-7] 	waypoint_follower lifecycle node launched. 
[waypoint_follower-7] 	Waiting on external lifecycle transitions to activate
[waypoint_follower-7] 	See https://design.ros2.org/articles/node_lifecycle.html for more information.
[waypoint_follower-7] [INFO] [1756824844.134248777] [waypoint_follower]: Creating
[planner_server-4] [INFO] [1756824844.135317873] [planner_server]: 
[planner_server-4] 	planner_server lifecycle node launched. 
[planner_server-4] 	Waiting on external lifecycle transitions to activate
[planner_server-4] 	See https://design.ros2.org/articles/node_lifecycle.html for more information.
[planner_server-4] [INFO] [1756824844.136061946] [planner_server]: Creating
[bt_navigator-6] [INFO] [1756824844.137304380] [bt_navigator]: 
[bt_navigator-6] 	bt_navigator lifecycle node launched. 
[bt_navigator-6] 	Waiting on external lifecycle transitions to activate
[bt_navigator-6] 	See https://design.ros2.org/articles/node_lifecycle.html for more information.
[bt_navigator-6] [INFO] [1756824844.137373844] [bt_navigator]: Creating
[velocity_smoother-8] [INFO] [1756824844.137397780] [velocity_smoother]: 
[velocity_smoother-8] 	velocity_smoother lifecycle node launched. 
[velocity_smoother-8] 	Waiting on external lifecycle transitions to activate
[velocity_smoother-8] 	See https://design.ros2.org/articles/node_lifecycle.html for more information.
[behavior_server-5] [INFO] [1756824844.137450612] [behavior_server]: 
[behavior_server-5] 	behavior_server lifecycle node launched. 
[behavior_server-5] 	Waiting on external lifecycle transitions to activate
[behavior_server-5] 	See https://design.ros2.org/articles/node_lifecycle.html for more information.
[controller_server-2] [INFO] [1756824844.137861054] [controller_server]: 
[controller_server-2] 	controller_server lifecycle node launched. 
[controller_server-2] 	Waiting on external lifecycle transitions to activate
[controller_server-2] 	See https://design.ros2.org/articles/node_lifecycle.html for more information.
[smoother_server-3] [INFO] [1756824844.138374712] [smoother_server]: 
[smoother_server-3] 	smoother_server lifecycle node launched. 
[smoother_server-3] 	Waiting on external lifecycle transitions to activate
[smoother_server-3] 	See https://design.ros2.org/articles/node_lifecycle.html for more information.
[lifecycle_manager-9] [INFO] [1756824844.139150840] [lifecycle_manager_navigation]: Creating
[smoother_server-3] [INFO] [1756824844.139489861] [smoother_server]: Creating smoother server
[controller_server-2] [INFO] [1756824844.139906359] [controller_server]: Creating controller server
[lifecycle_manager-9] [INFO] [1756824844.140741245] [lifecycle_manager_navigation]: [34m[1mCreating and initializing lifecycle service clients[0m[0m
[planner_server-4] [INFO] [1756824844.141171055] [global_costmap.global_costmap]: 
[planner_server-4] 	global_costmap lifecycle node launched. 
[planner_server-4] 	Waiting on external lifecycle transitions to activate
[planner_server-4] 	See https://design.ros2.org/articles/node_lifecycle.html for more information.
[planner_server-4] [INFO] [1756824844.141399654] [global_costmap.global_costmap]: Creating Costmap
[controller_server-2] [INFO] [1756824844.144017492] [local_costmap.local_costmap]: 
[controller_server-2] 	local_costmap lifecycle node launched. 
[controller_server-2] 	Waiting on external lifecycle transitions to activate
[controller_server-2] 	See https://design.ros2.org/articles/node_lifecycle.html for more information.
[controller_server-2] [INFO] [1756824844.144220207] [local_costmap.local_costmap]: Creating Costmap
[explore-10] [INFO] [1756824844.144994078] [explore_node]: Waiting for costmap to become available, topic: map
[lifecycle_manager-9] [INFO] [1756824844.146292401] [lifecycle_manager_navigation]: [34m[1mStarting managed nodes bringup...[0m[0m
[lifecycle_manager-9] [INFO] [1756824844.146314161] [lifecycle_manager_navigation]: [34m[1mConfiguring controller_server[0m[0m
[controller_server-2] [INFO] [1756824844.146414206] [controller_server]: Configuring controller interface
[controller_server-2] [INFO] [1756824844.146474574] [controller_server]: getting goal checker plugins..
[controller_server-2] [INFO] [1756824844.146518371] [controller_server]: Controller frequency set to 10.0000Hz
[controller_server-2] [INFO] [1756824844.146531454] [local_costmap.local_costmap]: Configuring
[controller_server-2] [INFO] [1756824844.148181799] [local_costmap.local_costmap]: Using plugin "static_layer"
[controller_server-2] [INFO] [1756824844.149640842] [local_costmap.local_costmap]: Subscribing to the map topic (/map) with transient local durability
[controller_server-2] [INFO] [1756824844.150078608] [local_costmap.local_costmap]: Initialized plugin "static_layer"
[controller_server-2] [INFO] [1756824844.150087942] [local_costmap.local_costmap]: Using plugin "obstacle_layer"
[controller_server-2] [INFO] [1756824844.150207684] [local_costmap.local_costmap]: Subscribed to Topics: scan
[controller_server-2] [INFO] [1756824844.151116152] [local_costmap.local_costmap]: Initialized plugin "obstacle_layer"
[controller_server-2] [INFO] [1756824844.151128392] [local_costmap.local_costmap]: Using plugin "inflation_layer"
[controller_server-2] [INFO] [1756824844.151333842] [local_costmap.local_costmap]: Initialized plugin "inflation_layer"
[async_slam_toolbox_node-1] [INFO] [1756824844.152617958] [slam]: Using solver plugin solver_plugins::CeresSolver
[async_slam_toolbox_node-1] [INFO] [1756824844.152868438] [slam]: CeresSolver: Using SCHUR_JACOBI preconditioner.
[controller_server-2] [INFO] [1756824844.154514441] [controller_server]: Created progress_checker : progress_checker of type nav2_controller::SimpleProgressChecker
[controller_server-2] [INFO] [1756824844.154880419] [controller_server]: Created goal checker : goal_checker of type nav2_controller::SimpleGoalChecker
[controller_server-2] [INFO] [1756824844.155030920] [controller_server]: Controller Server has goal_checker  goal checkers available.
[controller_server-2] [INFO] [1756824844.155410059] [controller_server]: Created controller : FollowPath of type nav2_regulated_pure_pursuit_controller::RegulatedPurePursuitController
[controller_server-2] [INFO] [1756824844.156861907] [controller_server]: Controller Server has FollowPath  controllers available.
[lifecycle_manager-9] [INFO] [1756824844.158773090] [lifecycle_manager_navigation]: [34m[1mConfiguring smoother_server[0m[0m
[smoother_server-3] [INFO] [1756824844.158893856] [smoother_server]: Configuring smoother server
[smoother_server-3] [INFO] [1756824844.163450633] [smoother_server]: Created smoother : simple_smoother of type nav2_smoother::SimpleSmoother
[smoother_server-3] [INFO] [1756824844.163652774] [smoother_server]: Smoother Server has simple_smoother  smoothers available.
[lifecycle_manager-9] [INFO] [1756824844.165101868] [lifecycle_manager_navigation]: [34m[1mConfiguring planner_server[0m[0m
[planner_server-4] [INFO] [1756824844.165186698] [planner_server]: Configuring
[planner_server-4] [INFO] [1756824844.165208689] [global_costmap.global_costmap]: Configuring
[planner_server-4] [INFO] [1756824844.166819267] [global_costmap.global_costmap]: Using plugin "static_layer"
[planner_server-4] [INFO] [1756824844.168226616] [global_costmap.global_costmap]: Subscribing to the map topic (/map) with transient local durability
[planner_server-4] [INFO] [1756824844.168721373] [global_costmap.global_costmap]: Initialized plugin "static_layer"
[planner_server-4] [INFO] [1756824844.168732151] [global_costmap.global_costmap]: Using plugin "obstacle_layer"
[planner_server-4] [INFO] [1756824844.168859451] [global_costmap.global_costmap]: Subscribed to Topics: scan
[planner_server-4] [INFO] [1756824844.169848075] [global_costmap.global_costmap]: Initialized plugin "obstacle_layer"
[planner_server-4] [INFO] [1756824844.169862123] [global_costmap.global_costmap]: Using plugin "inflation_layer"
[planner_server-4] [INFO] [1756824844.170113417] [global_costmap.global_costmap]: Initialized plugin "inflation_layer"
[planner_server-4] [INFO] [1756824844.172784898] [planner_server]: Created global planner plugin GridBased of type nav2_navfn_planner/NavfnPlanner
[planner_server-4] [INFO] [1756824844.172801697] [planner_server]: Configuring plugin GridBased of type NavfnPlanner
[planner_server-4] [INFO] [1756824844.172934155] [planner_server]: Planner Server has GridBased  planners available.
[lifecycle_manager-9] [INFO] [1756824844.175475788] [lifecycle_manager_navigation]: [34m[1mConfiguring behavior_server[0m[0m
[behavior_server-5] [INFO] [1756824844.175581867] [behavior_server]: Configuring
[behavior_server-5] [INFO] [1756824844.178478953] [behavior_server]: Creating behavior plugin spin of type nav2_behaviors/Spin
[behavior_server-5] [INFO] [1756824844.179050308] [behavior_server]: Configuring spin
[behavior_server-5] [INFO] [1756824844.180665292] [behavior_server]: Creating behavior plugin backup of type nav2_behaviors/BackUp
[behavior_server-5] [INFO] [1756824844.181009224] [behavior_server]: Configuring backup
[behavior_server-5] [INFO] [1756824844.182091563] [behavior_server]: Creating behavior plugin drive_on_heading of type nav2_behaviors/DriveOnHeading
[behavior_server-5] [INFO] [1756824844.182400703] [behavior_server]: Configuring drive_on_heading
[behavior_server-5] [INFO] [1756824844.183446639] [behavior_server]: Creating behavior plugin wait of type nav2_behaviors/Wait
[behavior_server-5] [INFO] [1756824844.183733220] [behavior_server]: Configuring wait
[behavior_server-5] [INFO] [1756824844.184879125] [behavior_server]: Creating behavior plugin assisted_teleop of type nav2_behaviors/AssistedTeleop
[behavior_server-5] [INFO] [1756824844.185620419] [behavior_server]: Configuring assisted_teleop
[lifecycle_manager-9] [INFO] [1756824844.187587088] [lifecycle_manager_navigation]: [34m[1mConfiguring bt_navigator[0m[0m
[bt_navigator-6] [INFO] [1756824844.187682071] [bt_navigator]: Configuring
[lifecycle_manager-9] [INFO] [1756824844.204039730] [lifecycle_manager_navigation]: [34m[1mConfiguring waypoint_follower[0m[0m
[waypoint_follower-7] [INFO] [1756824844.204136529] [waypoint_follower]: Configuring
[waypoint_follower-7] [INFO] [1756824844.207480762] [waypoint_follower]: Created waypoint_task_executor : wait_at_waypoint of type nav2_waypoint_follower::WaitAtWaypoint
[lifecycle_manager-9] [INFO] [1756824844.207737064] [lifecycle_manager_navigation]: [34m[1mConfiguring velocity_smoother[0m[0m
[velocity_smoother-8] [INFO] [1756824844.207848493] [velocity_smoother]: Configuring velocity smoother
[lifecycle_manager-9] [INFO] [1756824844.209203728] [lifecycle_manager_navigation]: [34m[1mActivating controller_server[0m[0m
[controller_server-2] [INFO] [1756824844.209279029] [controller_server]: Activating
[controller_server-2] [INFO] [1756824844.209314848] [local_costmap.local_costmap]: Activating
[controller_server-2] [INFO] [1756824844.209328530] [local_costmap.local_costmap]: Checking transform
[controller_server-2] [INFO] [1756824844.209349953] [local_costmap.local_costmap]: Timed out waiting for transform from base_link to odom to become available, tf error: Invalid frame ID "odom" passed to canTransform argument target_frame - frame does not exist
[rviz2-11] [INFO] [1756824844.548111777] [rviz2]: Stereo is NOT SUPPORTED
[rviz2-11] [INFO] [1756824844.548171483] [rviz2]: OpenGl version: 4.6 (GLSL 4.6)
[rviz2-11] [INFO] [1756824844.573187912] [rviz2]: Stereo is NOT SUPPORTED
[controller_server-2] [INFO] [1756824844.709403559] [local_costmap.local_costmap]: Timed out waiting for transform from base_link to odom to become available, tf error: Invalid frame ID "odom" passed to canTransform argument target_frame - frame does not exist
[controller_server-2] [INFO] [1756824845.209444757] [local_costmap.local_costmap]: Timed out waiting for transform from base_link to odom to become available, tf error: Invalid frame ID "odom" passed to canTransform argument target_frame - frame does not exist
[controller_server-2] [INFO] [1756824845.709412482] [local_costmap.local_costmap]: Timed out waiting for transform from base_link to odom to become available, tf error: Invalid frame ID "odom" passed to canTransform argument target_frame - frame does not exist
[controller_server-2] [INFO] [1756824846.209436445] [local_costmap.local_costmap]: Timed out waiting for transform from base_link to odom to become available, tf error: Invalid frame ID "odom" passed to canTransform argument target_frame - frame does not exist
[controller_server-2] [INFO] [1756824846.709537901] [local_costmap.local_costmap]: Timed out waiting for transform from base_link to odom to become available, tf error: Invalid frame ID "odom" passed to canTransform argument target_frame - frame does not exist
[controller_server-2] [INFO] [1756824847.209405561] [local_costmap.local_costmap]: Timed out waiting for transform from base_link to odom to become available, tf error: Invalid frame ID "odom" passed to canTransform argument target_frame - frame does not exist
[controller_server-2] [INFO] [1756824847.709432161] [local_costmap.local_costmap]: Timed out waiting for transform from base_link to odom to become available, tf error: Invalid frame ID "odom" passed to canTransform argument target_frame - frame does not exist
[controller_server-2] [INFO] [1756824848.209432978] [local_costmap.local_costmap]: Timed out waiting for transform from base_link to odom to become available, tf error: Invalid frame ID "odom" passed to canTransform argument target_frame - frame does not exist
[async_slam_toolbox_node-1] [WARN] [1756824848.239038585] [slam]: minimum laser range setting (0.0 m) exceeds the capabilities of the used Lidar (0.1 m)
[controller_server-2] [INFO] [1756824848.709482696] [local_costmap.local_costmap]: Timed out waiting for transform from base_link to odom to become available, tf error: Could not find a connection between 'odom' and 'base_link' because they are not part of the same tree.Tf has two or more unconnected trees.
[controller_server-2] [INFO] [1756824849.209600851] [local_costmap.local_costmap]: start
[controller_server-2] [INFO] [1756824849.411613060] [controller_server]: Activating controller: FollowPath of type regulated_pure_pursuit_controller::RegulatedPurePursuitController
[controller_server-2] [INFO] [1756824849.411739168] [controller_server]: Creating bond (controller_server) to lifecycle manager.
[rviz2-11] [INFO] [1756824849.424750647] [rviz2]: Trying to create a map of size 100 x 100 using 1 swatches
[lifecycle_manager-9] [INFO] [1756824849.521273151] [lifecycle_manager_navigation]: Server controller_server connected with bond.
[lifecycle_manager-9] [INFO] [1756824849.521303624] [lifecycle_manager_navigation]: [34m[1mActivating smoother_server[0m[0m
[smoother_server-3] [INFO] [1756824849.521637106] [smoother_server]: Activating
[smoother_server-3] [INFO] [1756824849.521666596] [smoother_server]: Creating bond (smoother_server) to lifecycle manager.
[lifecycle_manager-9] [INFO] [1756824849.628314027] [lifecycle_manager_navigation]: Server smoother_server connected with bond.
[lifecycle_manager-9] [INFO] [1756824849.628450316] [lifecycle_manager_navigation]: [34m[1mActivating planner_server[0m[0m
[planner_server-4] [INFO] [1756824849.629193089] [planner_server]: Activating
[planner_server-4] [INFO] [1756824849.629311017] [global_costmap.global_costmap]: Activating
[planner_server-4] [INFO] [1756824849.629356003] [global_costmap.global_costmap]: Checking transform
[planner_server-4] [INFO] [1756824849.629592460] [global_costmap.global_costmap]: start
[planner_server-4] [INFO] [1756824850.157228176] [global_costmap.global_costmap]: StaticLayer: Resizing costmap to 65 X 37 at 0.040000 m/pix
[controller_server-2] [INFO] [1756824850.157260962] [local_costmap.local_costmap]: StaticLayer: Resizing static layer to 65 X 37 at 0.040000 m/pix
[rviz2-11] [INFO] [1756824850.190900237] [rviz2]: Trying to create a map of size 65 x 37 using 1 swatches
[rviz2-11] [INFO] [1756824850.642085159] [rviz2]: Trying to create a map of size 65 x 37 using 1 swatches
[planner_server-4] [INFO] [1756824850.681488364] [planner_server]: Activating plugin GridBased of type NavfnPlanner
[planner_server-4] [INFO] [1756824850.683716259] [planner_server]: Creating bond (planner_server) to lifecycle manager.
[lifecycle_manager-9] [INFO] [1756824850.791021983] [lifecycle_manager_navigation]: Server planner_server connected with bond.
[lifecycle_manager-9] [INFO] [1756824850.791132141] [lifecycle_manager_navigation]: [34m[1mActivating behavior_server[0m[0m
[behavior_server-5] [INFO] [1756824850.791969205] [behavior_server]: Activating
[behavior_server-5] [INFO] [1756824850.792055027] [behavior_server]: Activating spin
[behavior_server-5] [INFO] [1756824850.792101203] [behavior_server]: Activating backup
[behavior_server-5] [INFO] [1756824850.792137136] [behavior_server]: Activating drive_on_heading
[behavior_server-5] [INFO] [1756824850.792172439] [behavior_server]: Activating wait
[behavior_server-5] [INFO] [1756824850.792206129] [behavior_server]: Activating assisted_teleop
[behavior_server-5] [INFO] [1756824850.792249144] [behavior_server]: Creating bond (behavior_server) to lifecycle manager.
[lifecycle_manager-9] [INFO] [1756824850.900356264] [lifecycle_manager_navigation]: Server behavior_server connected with bond.
[lifecycle_manager-9] [INFO] [1756824850.900454546] [lifecycle_manager_navigation]: [34m[1mActivating bt_navigator[0m[0m
[bt_navigator-6] [INFO] [1756824850.900997261] [bt_navigator]: Activating
[bt_navigator-6] [INFO] [1756824850.924119563] [bt_navigator]: Creating bond (bt_navigator) to lifecycle manager.
[lifecycle_manager-9] [INFO] [1756824851.025915303] [lifecycle_manager_navigation]: Server bt_navigator connected with bond.
[lifecycle_manager-9] [INFO] [1756824851.026012178] [lifecycle_manager_navigation]: [34m[1mActivating waypoint_follower[0m[0m
[waypoint_follower-7] [INFO] [1756824851.026613883] [waypoint_follower]: Activating
[waypoint_follower-7] [INFO] [1756824851.026700823] [waypoint_follower]: Creating bond (waypoint_follower) to lifecycle manager.
[lifecycle_manager-9] [INFO] [1756824851.134196880] [lifecycle_manager_navigation]: Server waypoint_follower connected with bond.
[lifecycle_manager-9] [INFO] [1756824851.134295982] [lifecycle_manager_navigation]: [34m[1mActivating velocity_smoother[0m[0m
[velocity_smoother-8] [INFO] [1756824851.134908258] [velocity_smoother]: Activating
[velocity_smoother-8] [INFO] [1756824851.135038771] [velocity_smoother]: Creating bond (velocity_smoother) to lifecycle manager.
[lifecycle_manager-9] [INFO] [1756824851.242809355] [lifecycle_manager_navigation]: Server velocity_smoother connected with bond.
[lifecycle_manager-9] [INFO] [1756824851.242906300] [lifecycle_manager_navigation]: [34m[1mManaged nodes are active[0m[0m
[lifecycle_manager-9] [INFO] [1756824851.242930208] [lifecycle_manager_navigation]: [34m[1mCreating bond timer...[0m[0m
[explore-10] [INFO] [1756824852.167260243] [explore_node]: Waiting to connect to move_base nav2 server
[explore-10] [INFO] [1756824852.167703182] [explore_node]: Connected to move_base nav2 server
[explore-10] [INFO] [1756824852.167719729] [explore_node]: Getting initial pose of the robot
[bt_navigator-6] [INFO] [1756824852.234690589] [bt_navigator]: Begin navigating from current location (0.14, -0.02) to (1.22, -0.02)
[controller_server-2] [INFO] [1756824852.256625498] [controller_server]: Received a goal, begin computing control effort.
[controller_server-2] [WARN] [1756824852.256743284] [controller_server]: No goal checker was specified in parameter 'current_goal_checker'. Server will use only plugin loaded goal_checker . This warning will appear once.
[controller_server-2] [INFO] [1756824853.356887471] [controller_server]: Passing new path to controller.
[controller_server-2] [INFO] [1756824854.356865919] [controller_server]: Passing new path to controller.
[controller_server-2] [INFO] [1756824855.356872377] [controller_server]: Passing new path to controller.
[rviz2-11] [INFO] [1756824856.177061200] [rviz2]: Trying to create a map of size 98 x 106 using 1 swatches
[controller_server-2] [INFO] [1756824856.209931291] [local_costmap.local_costmap]: StaticLayer: Resizing static layer to 98 X 106 at 0.040000 m/pix
[controller_server-2] [INFO] [1756824856.456892007] [controller_server]: Passing new path to controller.
[planner_server-4] [INFO] [1756824856.629849447] [global_costmap.global_costmap]: StaticLayer: Resizing costmap to 98 X 106 at 0.040000 m/pix
[rviz2-11] [INFO] [1756824856.658880605] [rviz2]: Trying to create a map of size 98 x 106 using 1 swatches
[controller_server-2] [INFO] [1756824857.456885089] [controller_server]: Passing new path to controller.
[controller_server-2] [INFO] [1756824858.456887460] [controller_server]: Passing new path to controller.
[bt_navigator-6] [INFO] [1756824858.874969845] [bt_navigator]: Received goal preemption request
[bt_navigator-6] [INFO] [1756824858.875550980] [bt_navigator]: Begin navigating from current location (1.16, -0.07) to (2.55, 1.99)
[controller_server-2] [INFO] [1756824859.556886421] [controller_server]: Passing new path to controller.
[controller_server-2] [INFO] [1756824860.556884117] [controller_server]: Passing new path to controller.
[controller_server-2] [INFO] [1756824861.556891184] [controller_server]: Passing new path to controller.
[controller_server-2] [ERROR] [1756824861.858203769] [controller_server]: Exception in transformPose: Lookup would require extrapolation into the future.  Requested time 1756824861.713702 but the latest data is at time 1756824860.380505, when looking up transform from frame [odom] to frame [map]
[controller_server-2] [WARN] [1756824861.858369607] [controller_server]: Unable to transform robot pose into global plan's frame
[controller_server-2] [WARN] [1756824861.858580978] [controller_server]: Control loop missed its desired rate of 10.0000Hz
[controller_server-2] [INFO] [1756824862.209847921] [local_costmap.local_costmap]: StaticLayer: Resizing static layer to 98 X 106 at 0.040000 m/pix
[controller_server-2] [INFO] [1756824862.556887262] [controller_server]: Passing new path to controller.
[planner_server-4] [INFO] [1756824862.629844980] [global_costmap.global_costmap]: StaticLayer: Resizing costmap to 98 X 106 at 0.040000 m/pix
[controller_server-2] [INFO] [1756824863.656891223] [controller_server]: Passing new path to controller.
[controller_server-2] [INFO] [1756824864.656885892] [controller_server]: Passing new path to controller.
[controller_server-2] [INFO] [1756824865.656873210] [controller_server]: Passing new path to controller.
[bt_navigator-6] [INFO] [1756824865.694925036] [bt_navigator]: Received goal preemption request
[bt_navigator-6] [INFO] [1756824865.695161108] [bt_navigator]: Begin navigating from current location (1.30, 0.38) to (2.43, 2.23)
[rviz2-11] [INFO] [1756824866.195725548] [rviz2]: Trying to create a map of size 98 x 107 using 1 swatches
[controller_server-2] [INFO] [1756824866.218597705] [local_costmap.local_costmap]: StaticLayer: Resizing static layer to 98 X 107 at 0.040000 m/pix
[planner_server-4] [INFO] [1756824866.629916065] [global_costmap.global_costmap]: StaticLayer: Resizing costmap to 98 X 107 at 0.040000 m/pix
[rviz2-11] [INFO] [1756824866.645467318] [rviz2]: Trying to create a map of size 98 x 107 using 1 swatches
[controller_server-2] [INFO] [1756824866.756886276] [controller_server]: Passing new path to controller.
[controller_server-2] [INFO] [1756824867.756883032] [controller_server]: Passing new path to controller.
[controller_server-2] [INFO] [1756824868.756888932] [controller_server]: Passing new path to controller.
[controller_server-2] [INFO] [1756824869.856883818] [controller_server]: Passing new path to controller.
[controller_server-2] [INFO] [1756824870.856888410] [controller_server]: Passing new path to controller.
[controller_server-2] [INFO] [1756824871.856890282] [controller_server]: Passing new path to controller.
[bt_navigator-6] [INFO] [1756824872.274904136] [bt_navigator]: Received goal preemption request
[bt_navigator-6] [INFO] [1756824872.275096350] [bt_navigator]: Begin navigating from current location (2.63, 1.81) to (2.15, 2.55)
[controller_server-2] [INFO] [1756824872.856889527] [controller_server]: Passing new path to controller.
[controller_server-2] [INFO] [1756824873.956887670] [controller_server]: Passing new path to controller.
[controller_server-2] [INFO] [1756824874.209931261] [local_costmap.local_costmap]: StaticLayer: Resizing static layer to 98 X 107 at 0.040000 m/pix
[planner_server-4] [INFO] [1756824874.629843994] [global_costmap.global_costmap]: StaticLayer: Resizing costmap to 98 X 107 at 0.040000 m/pix
[controller_server-2] [INFO] [1756824874.956883583] [controller_server]: Passing new path to controller.
[controller_server-2] [INFO] [1756824875.956885917] [controller_server]: Passing new path to controller.
[controller_server-2] [INFO] [1756824877.056884337] [controller_server]: Passing new path to controller.
[controller_server-2] [INFO] [1756824878.056888024] [controller_server]: Passing new path to controller.
[bt_navigator-6] [INFO] [1756824878.875031965] [bt_navigator]: Received goal preemption request
[bt_navigator-6] [INFO] [1756824878.875485527] [bt_navigator]: Begin navigating from current location (2.19, 2.51) to (1.19, 2.60)
[controller_server-2] [INFO] [1756824879.056899788] [controller_server]: Passing new path to controller.
[controller_server-2] [INFO] [1756824880.156931734] [controller_server]: Passing new path to controller.
[controller_server-2] [INFO] [1756824881.156884378] [controller_server]: Passing new path to controller.
[controller_server-2] [INFO] [1756824882.156888868] [controller_server]: Passing new path to controller.
[controller_server-2] [INFO] [1756824883.156881641] [controller_server]: Passing new path to controller.
[controller_server-2] [INFO] [1756824884.256876394] [controller_server]: Passing new path to controller.
[controller_server-2] [INFO] [1756824885.256888500] [controller_server]: Passing new path to controller.
[controller_server-2] [INFO] [1756824886.256887981] [controller_server]: Passing new path to controller.
[controller_server-2] [INFO] [1756824887.356886410] [controller_server]: Passing new path to controller.
[controller_server-2] [INFO] [1756824888.356888176] [controller_server]: Passing new path to controller.
[controller_server-2] [INFO] [1756824889.356866422] [controller_server]: Passing new path to controller.
[controller_server-2] [INFO] [1756824890.456875985] [controller_server]: Passing new path to controller.
[controller_server-2] [INFO] [1756824891.456891989] [controller_server]: Passing new path to controller.
[rviz2-11] [INFO] [1756824892.179490607] [rviz2]: Trying to create a map of size 98 x 108 using 1 swatches
[controller_server-2] [INFO] [1756824892.209825591] [local_costmap.local_costmap]: StaticLayer: Resizing static layer to 98 X 108 at 0.040000 m/pix
[bt_navigator-6] [INFO] [1756824892.244978657] [bt_navigator]: Received goal preemption request
[bt_navigator-6] [INFO] [1756824892.245216397] [bt_navigator]: Begin navigating from current location (1.12, 1.33) to (-0.17, 1.47)
[controller_server-2] [INFO] [1756824892.456887124] [controller_server]: Passing new path to controller.
[planner_server-4] [INFO] [1756824892.629848555] [global_costmap.global_costmap]: StaticLayer: Resizing costmap to 98 X 108 at 0.040000 m/pix
[rviz2-11] [INFO] [1756824892.657617885] [rviz2]: Trying to create a map of size 98 x 108 using 1 swatches
[controller_server-2] [WARN] [1756824892.958210974] [controller_server]: Control loop missed its desired rate of 10.0000Hz
[controller_server-2] [INFO] [1756824893.456886388] [controller_server]: Passing new path to controller.
[rviz2-11] [INFO] [1756824894.193564495] [rviz2]: Trying to create a map of size 98 x 109 using 1 swatches
[controller_server-2] [INFO] [1756824894.209925133] [local_costmap.local_costmap]: StaticLayer: Resizing static layer to 98 X 109 at 0.040000 m/pix
[controller_server-2] [INFO] [1756824894.556888850] [controller_server]: Passing new path to controller.
[planner_server-4] [INFO] [1756824894.629842107] [global_costmap.global_costmap]: StaticLayer: Resizing costmap to 98 X 109 at 0.040000 m/pix
[rviz2-11] [INFO] [1756824894.640805656] [rviz2]: Trying to create a map of size 98 x 109 using 1 swatches
[controller_server-2] [INFO] [1756824895.556894096] [controller_server]: Passing new path to controller.
[controller_server-2] [WARN] [1756824895.558020870] [controller_server]: RegulatedPurePursuitController detected collision ahead!
[controller_server-2] [WARN] [1756824895.757696368] [controller_server]: RegulatedPurePursuitController detected collision ahead!
[controller_server-2] [WARN] [1756824895.957587508] [controller_server]: RegulatedPurePursuitController detected collision ahead!
[controller_server-2] [WARN] [1756824896.057350006] [controller_server]: RegulatedPurePursuitController detected collision ahead!
[controller_server-2] [WARN] [1756824896.157483719] [controller_server]: RegulatedPurePursuitController detected collision ahead!
[rviz2-11] [INFO] [1756824896.208481385] [rviz2]: Trying to create a map of size 100 x 109 using 1 swatches
[controller_server-2] [INFO] [1756824896.209857301] [local_costmap.local_costmap]: StaticLayer: Resizing static layer to 100 X 109 at 0.040000 m/pix
[controller_server-2] [WARN] [1756824896.257327881] [controller_server]: RegulatedPurePursuitController detected collision ahead!
[controller_server-2] [WARN] [1756824896.357681912] [controller_server]: RegulatedPurePursuitController detected collision ahead!
[controller_server-2] [WARN] [1756824896.457628899] [controller_server]: RegulatedPurePursuitController detected collision ahead!
[controller_server-2] [INFO] [1756824896.556885006] [controller_server]: Passing new path to controller.
[controller_server-2] [WARN] [1756824896.557875795] [controller_server]: RegulatedPurePursuitController detected collision ahead!
[planner_server-4] [INFO] [1756824896.629887284] [global_costmap.global_costmap]: StaticLayer: Resizing costmap to 100 X 109 at 0.040000 m/pix
[controller_server-2] [WARN] [1756824896.657581468] [controller_server]: RegulatedPurePursuitController detected collision ahead!
[rviz2-11] [INFO] [1756824896.657976570] [rviz2]: Trying to create a map of size 100 x 109 using 1 swatches
[controller_server-2] [WARN] [1756824896.757658946] [controller_server]: RegulatedPurePursuitController detected collision ahead!
[controller_server-2] [WARN] [1756824896.857655035] [controller_server]: RegulatedPurePursuitController detected collision ahead!
[controller_server-2] [WARN] [1756824896.957657303] [controller_server]: RegulatedPurePursuitController detected collision ahead!
[controller_server-2] [WARN] [1756824897.057656099] [controller_server]: RegulatedPurePursuitController detected collision ahead!
[controller_server-2] [WARN] [1756824897.157741751] [controller_server]: RegulatedPurePursuitController detected collision ahead!
[controller_server-2] [WARN] [1756824897.257683220] [controller_server]: RegulatedPurePursuitController detected collision ahead!
[controller_server-2] [WARN] [1756824897.357659046] [controller_server]: RegulatedPurePursuitController detected collision ahead!
[controller_server-2] [WARN] [1756824897.457452576] [controller_server]: RegulatedPurePursuitController detected collision ahead!
[controller_server-2] [WARN] [1756824897.557448852] [controller_server]: RegulatedPurePursuitController detected collision ahead!
[controller_server-2] [INFO] [1756824897.656893076] [controller_server]: Passing new path to controller.
[controller_server-2] [WARN] [1756824898.257605880] [controller_server]: RegulatedPurePursuitController detected collision ahead!
[controller_server-2] [WARN] [1756824898.357577464] [controller_server]: RegulatedPurePursuitController detected collision ahead!
[controller_server-2] [INFO] [1756824898.656882482] [controller_server]: Passing new path to controller.
[controller_server-2] [WARN] [1756824898.857502743] [controller_server]: RegulatedPurePursuitController detected collision ahead!
[bt_navigator-6] [INFO] [1756824898.885022475] [bt_navigator]: Received goal preemption request
[bt_navigator-6] [INFO] [1756824898.885373056] [bt_navigator]: Begin navigating from current location (0.41, 1.30) to (1.31, 2.84)
[controller_server-2] [WARN] [1756824898.957506544] [controller_server]: RegulatedPurePursuitController detected collision ahead!
[controller_server-2] [WARN] [1756824899.057504644] [controller_server]: RegulatedPurePursuitController detected collision ahead!
[controller_server-2] [WARN] [1756824899.157371553] [controller_server]: RegulatedPurePursuitController detected collision ahead!
[controller_server-2] [WARN] [1756824899.557464928] [controller_server]: RegulatedPurePursuitController detected collision ahead!
[controller_server-2] [INFO] [1756824899.656891771] [controller_server]: Passing new path to controller.
[controller_server-2] [WARN] [1756824900.357841376] [controller_server]: RegulatedPurePursuitController detected collision ahead!
[controller_server-2] [WARN] [1756824900.457841531] [controller_server]: RegulatedPurePursuitController detected collision ahead!
[controller_server-2] [WARN] [1756824900.557839032] [controller_server]: RegulatedPurePursuitController detected collision ahead!
[controller_server-2] [INFO] [1756824900.656887677] [controller_server]: Passing new path to controller.
[controller_server-2] [WARN] [1756824900.658071335] [controller_server]: RegulatedPurePursuitController detected collision ahead!
[controller_server-2] [WARN] [1756824900.757541926] [controller_server]: RegulatedPurePursuitController detected collision ahead!
[controller_server-2] [WARN] [1756824900.857332750] [controller_server]: RegulatedPurePursuitController detected collision ahead!
[controller_server-2] [WARN] [1756824900.957839169] [controller_server]: RegulatedPurePursuitController detected collision ahead!
[controller_server-2] [WARN] [1756824901.057837985] [controller_server]: RegulatedPurePursuitController detected collision ahead!
[controller_server-2] [WARN] [1756824901.157906605] [controller_server]: RegulatedPurePursuitController detected collision ahead!
[controller_server-2] [WARN] [1756824901.257917421] [controller_server]: RegulatedPurePursuitController detected collision ahead!
[controller_server-2] [WARN] [1756824901.357833518] [controller_server]: RegulatedPurePursuitController detected collision ahead!
[controller_server-2] [WARN] [1756824901.457681927] [controller_server]: RegulatedPurePursuitController detected collision ahead!
[controller_server-2] [WARN] [1756824901.557594632] [controller_server]: RegulatedPurePursuitController detected collision ahead!
[controller_server-2] [WARN] [1756824901.657308530] [controller_server]: RegulatedPurePursuitController detected collision ahead!
[controller_server-2] [INFO] [1756824901.756884864] [controller_server]: Passing new path to controller.
[controller_server-2] [WARN] [1756824901.757941594] [controller_server]: RegulatedPurePursuitController detected collision ahead!
[controller_server-2] [WARN] [1756824901.857838777] [controller_server]: RegulatedPurePursuitController detected collision ahead!
[controller_server-2] [WARN] [1756824901.957827966] [controller_server]: RegulatedPurePursuitController detected collision ahead!
[controller_server-2] [WARN] [1756824902.057778610] [controller_server]: RegulatedPurePursuitController detected collision ahead!
[controller_server-2] [WARN] [1756824902.157827071] [controller_server]: RegulatedPurePursuitController detected collision ahead!
[controller_server-2] [WARN] [1756824902.257879880] [controller_server]: RegulatedPurePursuitController detected collision ahead!
[controller_server-2] [ERROR] [1756824902.257996293] [controller_server]: Controller patience exceeded
[controller_server-2] [WARN] [1756824902.258082189] [controller_server]: [follow_path] [ActionServer] Aborting handle.
[controller_server-2] [INFO] [1756824902.275313243] [local_costmap.local_costmap]: Received request to clear entirely the local_costmap
[controller_server-2] [INFO] [1756824902.276495769] [controller_server]: Received a goal, begin computing control effort.
[controller_server-2] [WARN] [1756824902.417578429] [controller_server]: RegulatedPurePursuitController detected collision ahead!
[controller_server-2] [WARN] [1756824902.417788605] [controller_server]: Control loop missed its desired rate of 10.0000Hz
[controller_server-2] [WARN] [1756824902.418648089] [controller_server]: RegulatedPurePursuitController detected collision ahead!
[controller_server-2] [WARN] [1756824902.477581028] [controller_server]: RegulatedPurePursuitController detected collision ahead!
[controller_server-2] [WARN] [1756824902.577663197] [controller_server]: RegulatedPurePursuitController detected collision ahead!
[controller_server-2] [WARN] [1756824902.677590604] [controller_server]: RegulatedPurePursuitController detected collision ahead!
[controller_server-2] [INFO] [1756824902.776632025] [controller_server]: Passing new path to controller.
[controller_server-2] [WARN] [1756824902.777565716] [controller_server]: RegulatedPurePursuitController detected collision ahead!
[controller_server-2] [WARN] [1756824902.877413196] [controller_server]: RegulatedPurePursuitController detected collision ahead!
[controller_server-2] [WARN] [1756824902.977587736] [controller_server]: RegulatedPurePursuitController detected collision ahead!
[controller_server-2] [WARN] [1756824903.077584649] [controller_server]: RegulatedPurePursuitController detected collision ahead!
[controller_server-2] [WARN] [1756824903.177600495] [controller_server]: RegulatedPurePursuitController detected collision ahead!
[controller_server-2] [WARN] [1756824903.277596341] [controller_server]: RegulatedPurePursuitController detected collision ahead!
[controller_server-2] [WARN] [1756824903.377589238] [controller_server]: RegulatedPurePursuitController detected collision ahead!
[controller_server-2] [WARN] [1756824903.477425632] [controller_server]: RegulatedPurePursuitController detected collision ahead!
[controller_server-2] [WARN] [1756824903.577579265] [controller_server]: RegulatedPurePursuitController detected collision ahead!
[controller_server-2] [WARN] [1756824903.677597282] [controller_server]: RegulatedPurePursuitController detected collision ahead!
[controller_server-2] [INFO] [1756824903.776638094] [controller_server]: Passing new path to controller.
[controller_server-2] [WARN] [1756824903.777797792] [controller_server]: RegulatedPurePursuitController detected collision ahead!
[controller_server-2] [WARN] [1756824903.877432663] [controller_server]: RegulatedPurePursuitController detected collision ahead!
[controller_server-2] [WARN] [1756824903.977650649] [controller_server]: RegulatedPurePursuitController detected collision ahead!
[controller_server-2] [WARN] [1756824904.077597075] [controller_server]: RegulatedPurePursuitController detected collision ahead!
[controller_server-2] [WARN] [1756824904.177344613] [controller_server]: RegulatedPurePursuitController detected collision ahead!
[controller_server-2] [WARN] [1756824904.277179313] [controller_server]: RegulatedPurePursuitController detected collision ahead!
[controller_server-2] [ERROR] [1756824904.277234835] [controller_server]: Controller patience exceeded
[controller_server-2] [WARN] [1756824904.277276852] [controller_server]: [follow_path] [ActionServer] Aborting handle.
[controller_server-2] [INFO] [1756824904.295432828] [local_costmap.local_costmap]: Received request to clear entirely the local_costmap
[planner_server-4] [INFO] [1756824904.296452593] [global_costmap.global_costmap]: Received request to clear entirely the global_costmap
[controller_server-2] [INFO] [1756824904.655508742] [controller_server]: Received a goal, begin computing control effort.
[controller_server-2] [WARN] [1756824904.656941231] [controller_server]: RegulatedPurePursuitController detected collision ahead!
[controller_server-2] [WARN] [1756824904.756106260] [controller_server]: RegulatedPurePursuitController detected collision ahead!
[controller_server-2] [WARN] [1756824904.856478416] [controller_server]: RegulatedPurePursuitController detected collision ahead!
[controller_server-2] [WARN] [1756824904.956707274] [controller_server]: RegulatedPurePursuitController detected collision ahead!
[controller_server-2] [WARN] [1756824905.056705152] [controller_server]: RegulatedPurePursuitController detected collision ahead!
[controller_server-2] [WARN] [1756824905.156690818] [controller_server]: RegulatedPurePursuitController detected collision ahead!
[controller_server-2] [WARN] [1756824905.256785240] [controller_server]: RegulatedPurePursuitController detected collision ahead!
[controller_server-2] [WARN] [1756824905.356710671] [controller_server]: RegulatedPurePursuitController detected collision ahead!
[controller_server-2] [WARN] [1756824905.456810517] [controller_server]: RegulatedPurePursuitController detected collision ahead!
[explore-10] [WARN] [1756824905.540639461] [explore_node]: No frontiers found, stopping.
[controller_server-2] [WARN] [1756824905.556417775] [controller_server]: RegulatedPurePursuitController detected collision ahead!
[controller_server-2] [WARN] [1756824905.656246991] [controller_server]: RegulatedPurePursuitController detected collision ahead!
[explore-10] [INFO] [1756824905.659191345] [map_saver]: 
[explore-10] 	map_saver lifecycle node launched. 
[explore-10] 	Waiting on external lifecycle transitions to activate
[explore-10] 	See https://design.ros2.org/articles/node_lifecycle.html for more information.
[explore-10] [INFO] [1756824905.659268600] [map_saver]: Creating
[explore-10] [INFO] [1756824905.659348169] [map_saver]: Configuring
[explore-10] [INFO] [1756824905.659976934] [map_saver]: Saving map from 'map' topic to '/home/robot/Documents/map' file
[explore-10] [WARN] [1756824905.659992658] [map_saver]: Free threshold unspecified. Setting it to default value: 0.250000
[explore-10] [WARN] [1756824905.659999538] [map_saver]: Occupied threshold unspecified. Setting it to default value: 0.650000
[controller_server-2] [INFO] [1756824905.755710229] [controller_server]: Passing new path to controller.
[controller_server-2] [WARN] [1756824905.756974839] [controller_server]: RegulatedPurePursuitController detected collision ahead!
[controller_server-2] [WARN] [1756824905.857359124] [controller_server]: RegulatedPurePursuitController detected collision ahead!
[explore-10] [WARN] [1756824905.870124666] [map_io]: Image format unspecified. Setting it to: pgm
[explore-10] [INFO] [1756824905.870239251] [map_io]: Received a 100 X 109 map @ 0.04 m/pix
[controller_server-2] [WARN] [1756824905.956197883] [controller_server]: RegulatedPurePursuitController detected collision ahead!
[explore-10] [INFO] [1756824905.961883781] [map_io]: Writing map occupancy data to /home/robot/Documents/map.pgm
[explore-10] [INFO] [1756824905.962183977] [map_io]: Writing map metadata to /home/robot/Documents/map.yaml
[explore-10] [INFO] [1756824905.962236871] [map_io]: Map saved
[explore-10] [INFO] [1756824905.962241473] [map_saver]: Map saved successfully
[explore-10] [INFO] [1756824905.965667546] [map_saver]: Destroying
[controller_server-2] [WARN] [1756824906.057126611] [controller_server]: RegulatedPurePursuitController detected collision ahead!
[explore-10] [INFO] [1756824906.095678074] [explore_node]: Map saved successfully.
[explore-10] [INFO] [1756824906.095705017] [explore_node]: Exploration stopped.
[explore-10] [INFO] [1756824906.095752158] [explore_node]: Returning to initial pose.
[bt_navigator-6] [ERROR] [1756824906.125418752] [bt_navigator_navigate_to_pose_rclcpp_node]: Failed to