[INFO] [launch]: All log files can be found below /home/robot/.ros/log/2025-09-01-18-19-42-462628-robot-pc04-29248
[INFO] [launch]: Default logging verbosity is set to INFO
[INFO] [async_slam_toolbox_node-1]: process started with pid [29252]
[INFO] [controller_server-2]: process started with pid [29254]
[INFO] [smoother_server-3]: process started with pid [29256]
[INFO] [planner_server-4]: process started with pid [29258]
[INFO] [behavior_server-5]: process started with pid [29260]
[INFO] [bt_navigator-6]: process started with pid [29262]
[INFO] [waypoint_follower-7]: process started with pid [29264]
[INFO] [velocity_smoother-8]: process started with pid [29266]
[INFO] [lifecycle_manager-9]: process started with pid [29268]
[INFO] [explore-10]: process started with pid [29270]
[INFO] [rviz2-11]: process started with pid [29272]
[async_slam_toolbox_node-1] [INFO] [1756743582.573618173] [slam]: Node using stack size 40000000
[smoother_server-3] [INFO] [1756743582.574840718] [smoother_server]: 
[smoother_server-3] 	smoother_server lifecycle node launched. 
[smoother_server-3] 	Waiting on external lifecycle transitions to activate
[smoother_server-3] 	See https://design.ros2.org/articles/node_lifecycle.html for more information.
[controller_server-2] [INFO] [1756743582.575153057] [controller_server]: 
[controller_server-2] 	controller_server lifecycle node launched. 
[controller_server-2] 	Waiting on external lifecycle transitions to activate
[controller_server-2] 	See https://design.ros2.org/articles/node_lifecycle.html for more information.
[smoother_server-3] [INFO] [1756743582.576001806] [smoother_server]: Creating smoother server
[planner_server-4] [INFO] [1756743582.576016874] [planner_server]: 
[planner_server-4] 	planner_server lifecycle node launched. 
[planner_server-4] 	Waiting on external lifecycle transitions to activate
[planner_server-4] 	See https://design.ros2.org/articles/node_lifecycle.html for more information.
[planner_server-4] [INFO] [1756743582.576575228] [planner_server]: Creating
[controller_server-2] [INFO] [1756743582.576655716] [controller_server]: Creating controller server
[planner_server-4] [INFO] [1756743582.579684372] [global_costmap.global_costmap]: 
[planner_server-4] 	global_costmap lifecycle node launched. 
[planner_server-4] 	Waiting on external lifecycle transitions to activate
[planner_server-4] 	See https://design.ros2.org/articles/node_lifecycle.html for more information.
[planner_server-4] [INFO] [1756743582.579932039] [global_costmap.global_costmap]: Creating Costmap
[behavior_server-5] [INFO] [1756743582.583521560] [behavior_server]: 
[behavior_server-5] 	behavior_server lifecycle node launched. 
[behavior_server-5] 	Waiting on external lifecycle transitions to activate
[behavior_server-5] 	See https://design.ros2.org/articles/node_lifecycle.html for more information.
[velocity_smoother-8] [INFO] [1756743582.584382031] [velocity_smoother]: 
[velocity_smoother-8] 	velocity_smoother lifecycle node launched. 
[velocity_smoother-8] 	Waiting on external lifecycle transitions to activate
[velocity_smoother-8] 	See https://design.ros2.org/articles/node_lifecycle.html for more information.
[bt_navigator-6] [INFO] [1756743582.584430652] [bt_navigator]: 
[bt_navigator-6] 	bt_navigator lifecycle node launched. 
[bt_navigator-6] 	Waiting on external lifecycle transitions to activate
[bt_navigator-6] 	See https://design.ros2.org/articles/node_lifecycle.html for more information.
[bt_navigator-6] [INFO] [1756743582.584498678] [bt_navigator]: Creating
[lifecycle_manager-9] [INFO] [1756743582.587934291] [lifecycle_manager_navigation]: Creating
[explore-10] [INFO] [1756743582.588107570] [explore_node]: Waiting for costmap to become available, topic: map
[lifecycle_manager-9] [INFO] [1756743582.589032473] [lifecycle_manager_navigation]: [34m[1mCreating and initializing lifecycle service clients[0m[0m
[controller_server-2] [INFO] [1756743582.590115815] [local_costmap.local_costmap]: 
[controller_server-2] 	local_costmap lifecycle node launched. 
[controller_server-2] 	Waiting on external lifecycle transitions to activate
[controller_server-2] 	See https://design.ros2.org/articles/node_lifecycle.html for more information.
[controller_server-2] [INFO] [1756743582.590489720] [local_costmap.local_costmap]: Creating Costmap
[async_slam_toolbox_node-1] [INFO] [1756743582.591231410] [slam]: Using solver plugin solver_plugins::CeresSolver
[async_slam_toolbox_node-1] [INFO] [1756743582.591425557] [slam]: CeresSolver: Using SCHUR_JACOBI preconditioner.
[lifecycle_manager-9] [INFO] [1756743582.595483674] [lifecycle_manager_navigation]: [34m[1mStarting managed nodes bringup...[0m[0m
[lifecycle_manager-9] [INFO] [1756743582.595506535] [lifecycle_manager_navigation]: [34m[1mConfiguring controller_server[0m[0m
[waypoint_follower-7] [INFO] [1756743582.595582085] [waypoint_follower]: 
[waypoint_follower-7] 	waypoint_follower lifecycle node launched. 
[waypoint_follower-7] 	Waiting on external lifecycle transitions to activate
[waypoint_follower-7] 	See https://design.ros2.org/articles/node_lifecycle.html for more information.
[controller_server-2] [INFO] [1756743582.595636671] [controller_server]: Configuring controller interface
[controller_server-2] [INFO] [1756743582.595757591] [controller_server]: getting goal checker plugins..
[waypoint_follower-7] [INFO] [1756743582.595869606] [waypoint_follower]: Creating
[controller_server-2] [INFO] [1756743582.596018928] [controller_server]: Controller frequency set to 10.0000Hz
[controller_server-2] [INFO] [1756743582.596051709] [local_costmap.local_costmap]: Configuring
[controller_server-2] [INFO] [1756743582.599266649] [local_costmap.local_costmap]: Using plugin "static_layer"
[controller_server-2] [INFO] [1756743582.601163899] [local_costmap.local_costmap]: Subscribing to the map topic (/map) with transient local durability
[controller_server-2] [INFO] [1756743582.601666296] [local_costmap.local_costmap]: Initialized plugin "static_layer"
[controller_server-2] [INFO] [1756743582.601677560] [local_costmap.local_costmap]: Using plugin "obstacle_layer"
[controller_server-2] [INFO] [1756743582.601812129] [local_costmap.local_costmap]: Subscribed to Topics: scan
[controller_server-2] [INFO] [1756743582.602758758] [local_costmap.local_costmap]: Initialized plugin "obstacle_layer"
[controller_server-2] [INFO] [1756743582.602769912] [local_costmap.local_costmap]: Using plugin "inflation_layer"
[controller_server-2] [INFO] [1756743582.603184233] [local_costmap.local_costmap]: Initialized plugin "inflation_layer"
[controller_server-2] [INFO] [1756743582.605922353] [controller_server]: Created progress_checker : progress_checker of type nav2_controller::SimpleProgressChecker
[controller_server-2] [INFO] [1756743582.606199533] [controller_server]: Created goal checker : goal_checker of type nav2_controller::SimpleGoalChecker
[controller_server-2] [INFO] [1756743582.606300261] [controller_server]: Controller Server has goal_checker  goal checkers available.
[controller_server-2] [INFO] [1756743582.606589100] [controller_server]: Created controller : FollowPath of type nav2_regulated_pure_pursuit_controller::RegulatedPurePursuitController
[controller_server-2] [INFO] [1756743582.607859623] [controller_server]: Controller Server has FollowPath  controllers available.
[lifecycle_manager-9] [INFO] [1756743582.610445601] [lifecycle_manager_navigation]: [34m[1mConfiguring smoother_server[0m[0m
[smoother_server-3] [INFO] [1756743582.610564992] [smoother_server]: Configuring smoother server
[smoother_server-3] [INFO] [1756743582.613862286] [smoother_server]: Created smoother : simple_smoother of type nav2_smoother::SimpleSmoother
[smoother_server-3] [INFO] [1756743582.613988877] [smoother_server]: Smoother Server has simple_smoother  smoothers available.
[lifecycle_manager-9] [INFO] [1756743582.615586143] [lifecycle_manager_navigation]: [34m[1mConfiguring planner_server[0m[0m
[planner_server-4] [INFO] [1756743582.615704592] [planner_server]: Configuring
[planner_server-4] [INFO] [1756743582.615814379] [global_costmap.global_costmap]: Configuring
[planner_server-4] [INFO] [1756743582.617468645] [global_costmap.global_costmap]: Using plugin "static_layer"
[planner_server-4] [INFO] [1756743582.618873284] [global_costmap.global_costmap]: Subscribing to the map topic (/map) with transient local durability
[planner_server-4] [INFO] [1756743582.619289670] [global_costmap.global_costmap]: Initialized plugin "static_layer"
[planner_server-4] [INFO] [1756743582.619299350] [global_costmap.global_costmap]: Using plugin "obstacle_layer"
[planner_server-4] [INFO] [1756743582.619441160] [global_costmap.global_costmap]: Subscribed to Topics: scan
[planner_server-4] [INFO] [1756743582.620342551] [global_costmap.global_costmap]: Initialized plugin "obstacle_layer"
[planner_server-4] [INFO] [1756743582.620353067] [global_costmap.global_costmap]: Using plugin "inflation_layer"
[planner_server-4] [INFO] [1756743582.620601810] [global_costmap.global_costmap]: Initialized plugin "inflation_layer"
[planner_server-4] [INFO] [1756743582.623183454] [planner_server]: Created global planner plugin GridBased of type nav2_navfn_planner/NavfnPlanner
[planner_server-4] [INFO] [1756743582.623200540] [planner_server]: Configuring plugin GridBased of type NavfnPlanner
[planner_server-4] [INFO] [1756743582.623344977] [planner_server]: Planner Server has GridBased  planners available.
[lifecycle_manager-9] [INFO] [1756743582.625548790] [lifecycle_manager_navigation]: [34m[1mConfiguring behavior_server[0m[0m
[behavior_server-5] [INFO] [1756743582.625661309] [behavior_server]: Configuring
[behavior_server-5] [INFO] [1756743582.628434461] [behavior_server]: Creating behavior plugin spin of type nav2_behaviors/Spin
[behavior_server-5] [INFO] [1756743582.628849353] [behavior_server]: Configuring spin
[behavior_server-5] [INFO] [1756743582.632180112] [behavior_server]: Creating behavior plugin backup of type nav2_behaviors/BackUp
[behavior_server-5] [INFO] [1756743582.632625717] [behavior_server]: Configuring backup
[behavior_server-5] [INFO] [1756743582.634912912] [behavior_server]: Creating behavior plugin drive_on_heading of type nav2_behaviors/DriveOnHeading
[behavior_server-5] [INFO] [1756743582.635345486] [behavior_server]: Configuring drive_on_heading
[behavior_server-5] [INFO] [1756743582.637385476] [behavior_server]: Creating behavior plugin wait of type nav2_behaviors/Wait
[behavior_server-5] [INFO] [1756743582.637829964] [behavior_server]: Configuring wait
[behavior_server-5] [INFO] [1756743582.639356195] [behavior_server]: Creating behavior plugin assisted_teleop of type nav2_behaviors/AssistedTeleop
[behavior_server-5] [INFO] [1756743582.640427094] [behavior_server]: Configuring assisted_teleop
[lifecycle_manager-9] [INFO] [1756743582.642856101] [lifecycle_manager_navigation]: [34m[1mConfiguring bt_navigator[0m[0m
[bt_navigator-6] [INFO] [1756743582.643046326] [bt_navigator]: Configuring
[lifecycle_manager-9] [INFO] [1756743582.662121764] [lifecycle_manager_navigation]: [34m[1mConfiguring waypoint_follower[0m[0m
[waypoint_follower-7] [INFO] [1756743582.662233586] [waypoint_follower]: Configuring
[waypoint_follower-7] [INFO] [1756743582.665277361] [waypoint_follower]: Created waypoint_task_executor : wait_at_waypoint of type nav2_waypoint_follower::WaitAtWaypoint
[lifecycle_manager-9] [INFO] [1756743582.665521017] [lifecycle_manager_navigation]: [34m[1mConfiguring velocity_smoother[0m[0m
[velocity_smoother-8] [INFO] [1756743582.665659455] [velocity_smoother]: Configuring velocity smoother
[lifecycle_manager-9] [INFO] [1756743582.667229509] [lifecycle_manager_navigation]: [34m[1mActivating controller_server[0m[0m
[controller_server-2] [INFO] [1756743582.667291012] [controller_server]: Activating
[controller_server-2] [INFO] [1756743582.667312050] [local_costmap.local_costmap]: Activating
[controller_server-2] [INFO] [1756743582.667318620] [local_costmap.local_costmap]: Checking transform
[controller_server-2] [INFO] [1756743582.667332069] [local_costmap.local_costmap]: Timed out waiting for transform from base_link to odom to become available, tf error: Invalid frame ID "odom" passed to canTransform argument target_frame - frame does not exist
[rviz2-11] [INFO] [1756743582.991836654] [rviz2]: Stereo is NOT SUPPORTED
[rviz2-11] [INFO] [1756743582.991892745] [rviz2]: OpenGl version: 4.6 (GLSL 4.6)
[rviz2-11] [INFO] [1756743583.027771369] [rviz2]: Stereo is NOT SUPPORTED
[controller_server-2] [INFO] [1756743583.167384604] [local_costmap.local_costmap]: Timed out waiting for transform from base_link to odom to become available, tf error: Invalid frame ID "odom" passed to canTransform argument target_frame - frame does not exist
[controller_server-2] [INFO] [1756743583.667401692] [local_costmap.local_costmap]: Timed out waiting for transform from base_link to odom to become available, tf error: Invalid frame ID "odom" passed to canTransform argument target_frame - frame does not exist
[controller_server-2] [INFO] [1756743584.167395291] [local_costmap.local_costmap]: Timed out waiting for transform from base_link to odom to become available, tf error: Invalid frame ID "odom" passed to canTransform argument target_frame - frame does not exist
[controller_server-2] [INFO] [1756743584.667385228] [local_costmap.local_costmap]: Timed out waiting for transform from base_link to odom to become available, tf error: Invalid frame ID "odom" passed to canTransform argument target_frame - frame does not exist
[controller_server-2] [INFO] [1756743585.167396365] [local_costmap.local_costmap]: Timed out waiting for transform from base_link to odom to become available, tf error: Invalid frame ID "odom" passed to canTransform argument target_frame - frame does not exist
[controller_server-2] [INFO] [1756743585.667396945] [local_costmap.local_costmap]: Timed out waiting for transform from base_link to odom to become available, tf error: Invalid frame ID "odom" passed to canTransform argument target_frame - frame does not exist
[controller_server-2] [INFO] [1756743586.167431506] [local_costmap.local_costmap]: Timed out waiting for transform from base_link to odom to become available, tf error: Invalid frame ID "odom" passed to canTransform argument target_frame - frame does not exist
[controller_server-2] [INFO] [1756743586.667400623] [local_costmap.local_costmap]: Timed out waiting for transform from base_link to odom to become available, tf error: Invalid frame ID "odom" passed to canTransform argument target_frame - frame does not exist
[controller_server-2] [INFO] [1756743587.167408340] [local_costmap.local_costmap]: Timed out waiting for transform from base_link to odom to become available, tf error: Invalid frame ID "odom" passed to canTransform argument target_frame - frame does not exist
[controller_server-2] [INFO] [1756743587.667413238] [local_costmap.local_costmap]: Timed out waiting for transform from base_link to odom to become available, tf error: Invalid frame ID "odom" passed to canTransform argument target_frame - frame does not exist
[controller_server-2] [INFO] [1756743588.167481045] [local_costmap.local_costmap]: Timed out waiting for transform from base_link to odom to become available, tf error: Invalid frame ID "odom" passed to canTransform argument target_frame - frame does not exist
[controller_server-2] [INFO] [1756743588.667486159] [local_costmap.local_costmap]: Timed out waiting for transform from base_link to odom to become available, tf error: Invalid frame ID "odom" passed to canTransform argument target_frame - frame does not exist
[controller_server-2] [INFO] [1756743589.167484699] [local_costmap.local_costmap]: Timed out waiting for transform from base_link to odom to become available, tf error: Invalid frame ID "odom" passed to canTransform argument target_frame - frame does not exist
[controller_server-2] [INFO] [1756743589.667422492] [local_costmap.local_costmap]: Timed out waiting for transform from base_link to odom to become available, tf error: Invalid frame ID "odom" passed to canTransform argument target_frame - frame does not exist
[controller_server-2] [INFO] [1756743590.167414895] [local_costmap.local_costmap]: Timed out waiting for transform from base_link to odom to become available, tf error: Invalid frame ID "odom" passed to canTransform argument target_frame - frame does not exist
[controller_server-2] [INFO] [1756743590.667493822] [local_costmap.local_costmap]: Timed out waiting for transform from base_link to odom to become available, tf error: Invalid frame ID "odom" passed to canTransform argument target_frame - frame does not exist
[controller_server-2] [INFO] [1756743591.167410541] [local_costmap.local_costmap]: Timed out waiting for transform from base_link to odom to become available, tf error: Invalid frame ID "odom" passed to canTransform argument target_frame - frame does not exist
[controller_server-2] [INFO] [1756743591.667463009] [local_costmap.local_costmap]: start
[async_slam_toolbox_node-1] [WARN] [1756743591.753609667] [slam]: minimum laser range setting (0.0 m) exceeds the capabilities of the used Lidar (0.1 m)
[controller_server-2] [INFO] [1756743591.918593981] [controller_server]: Activating controller: FollowPath of type regulated_pure_pursuit_controller::RegulatedPurePursuitController
[controller_server-2] [INFO] [1756743591.918687524] [controller_server]: Creating bond (controller_server) to lifecycle manager.
[rviz2-11] [ERROR] [1756743592.016106821] [rviz2]: Lookup would require extrapolation into the future.  Requested time 1756743591.981532 but the latest data is at time 1756743591.952243, when looking up transform from frame [laser] to frame [map]
[lifecycle_manager-9] [INFO] [1756743592.026740699] [lifecycle_manager_navigation]: Server controller_server connected with bond.
[lifecycle_manager-9] [INFO] [1756743592.026833916] [lifecycle_manager_navigation]: [34m[1mActivating smoother_server[0m[0m
[smoother_server-3] [INFO] [1756743592.027483376] [smoother_server]: Activating
[smoother_server-3] [INFO] [1756743592.027562302] [smoother_server]: Creating bond (smoother_server) to lifecycle manager.
[lifecycle_manager-9] [INFO] [1756743592.134019735] [lifecycle_manager_navigation]: Server smoother_server connected with bond.
[lifecycle_manager-9] [INFO] [1756743592.134141073] [lifecycle_manager_navigation]: [34m[1mActivating planner_server[0m[0m
[planner_server-4] [INFO] [1756743592.134821877] [planner_server]: Activating
[planner_server-4] [INFO] [1756743592.134913849] [global_costmap.global_costmap]: Activating
[planner_server-4] [INFO] [1756743592.134936840] [global_costmap.global_costmap]: Checking transform
[planner_server-4] [INFO] [1756743592.135093092] [global_costmap.global_costmap]: start
[rviz2-11] [INFO] [1756743592.493906648] [rviz2]: Trying to create a map of size 100 x 100 using 1 swatches
[controller_server-2] [INFO] [1756743592.596171583] [local_costmap.local_costmap]: StaticLayer: Resizing static layer to 62 X 35 at 0.040000 m/pix
[planner_server-4] [INFO] [1756743592.596244923] [global_costmap.global_costmap]: StaticLayer: Resizing costmap to 62 X 35 at 0.040000 m/pix
[rviz2-11] [INFO] [1756743592.622337080] [rviz2]: Trying to create a map of size 62 x 35 using 1 swatches
[rviz2-11] [INFO] [1756743593.167108932] [rviz2]: Trying to create a map of size 62 x 35 using 1 swatches
[planner_server-4] [INFO] [1756743593.186707208] [planner_server]: Activating plugin GridBased of type NavfnPlanner
[planner_server-4] [INFO] [1756743593.188470334] [planner_server]: Creating bond (planner_server) to lifecycle manager.
[lifecycle_manager-9] [INFO] [1756743593.296209848] [lifecycle_manager_navigation]: Server planner_server connected with bond.
[lifecycle_manager-9] [INFO] [1756743593.296310101] [lifecycle_manager_navigation]: [34m[1mActivating behavior_server[0m[0m
[behavior_server-5] [INFO] [1756743593.297116791] [behavior_server]: Activating
[behavior_server-5] [INFO] [1756743593.297206537] [behavior_server]: Activating spin
[behavior_server-5] [INFO] [1756743593.297250630] [behavior_server]: Activating backup
[behavior_server-5] [INFO] [1756743593.297286482] [behavior_server]: Activating drive_on_heading
[behavior_server-5] [INFO] [1756743593.297320810] [behavior_server]: Activating wait
[behavior_server-5] [INFO] [1756743593.297352571] [behavior_server]: Activating assisted_teleop
[behavior_server-5] [INFO] [1756743593.297393795] [behavior_server]: Creating bond (behavior_server) to lifecycle manager.
[lifecycle_manager-9] [INFO] [1756743593.405920808] [lifecycle_manager_navigation]: Server behavior_server connected with bond.
[lifecycle_manager-9] [INFO] [1756743593.406106387] [lifecycle_manager_navigation]: [34m[1mActivating bt_navigator[0m[0m
[bt_navigator-6] [INFO] [1756743593.406778222] [bt_navigator]: Activating
[bt_navigator-6] [INFO] [1756743593.444770670] [bt_navigator]: Creating bond (bt_navigator) to lifecycle manager.
[lifecycle_manager-9] [INFO] [1756743593.546387318] [lifecycle_manager_navigation]: Server bt_navigator connected with bond.
[lifecycle_manager-9] [INFO] [1756743593.546481473] [lifecycle_manager_navigation]: [34m[1mActivating waypoint_follower[0m[0m
[waypoint_follower-7] [INFO] [1756743593.547181537] [waypoint_follower]: Activating
[waypoint_follower-7] [INFO] [1756743593.547269903] [waypoint_follower]: Creating bond (waypoint_follower) to lifecycle manager.
[lifecycle_manager-9] [INFO] [1756743593.655126217] [lifecycle_manager_navigation]: Server waypoint_follower connected with bond.
[lifecycle_manager-9] [INFO] [1756743593.655225079] [lifecycle_manager_navigation]: [34m[1mActivating velocity_smoother[0m[0m
[velocity_smoother-8] [INFO] [1756743593.655845635] [velocity_smoother]: Activating
[velocity_smoother-8] [INFO] [1756743593.655981171] [velocity_smoother]: Creating bond (velocity_smoother) to lifecycle manager.
[lifecycle_manager-9] [INFO] [1756743593.765203768] [lifecycle_manager_navigation]: Server velocity_smoother connected with bond.
[lifecycle_manager-9] [INFO] [1756743593.765303086] [lifecycle_manager_navigation]: [34m[1mManaged nodes are active[0m[0m
[lifecycle_manager-9] [INFO] [1756743593.765327216] [lifecycle_manager_navigation]: [34m[1mCreating bond timer...[0m[0m
[explore-10] [INFO] [1756743594.610635833] [explore_node]: Waiting to connect to move_base nav2 server
[explore-10] [INFO] [1756743594.610968197] [explore_node]: Connected to move_base nav2 server
[explore-10] [INFO] [1756743594.610981680] [explore_node]: Getting initial pose of the robot
[bt_navigator-6] [INFO] [1756743594.657298084] [bt_navigator]: Begin navigating from current location (0.00, 0.00) to (1.14, 0.23)
[controller_server-2] [INFO] [1756743594.678251851] [controller_server]: Received a goal, begin computing control effort.
[controller_server-2] [WARN] [1756743594.678305988] [controller_server]: No goal checker was specified in parameter 'current_goal_checker'. Server will use only plugin loaded goal_checker . This warning will appear once.
[controller_server-2] [INFO] [1756743595.778408587] [controller_server]: Passing new path to controller.
[controller_server-2] [WARN] [1756743596.580552603] [controller_server]: Control loop missed its desired rate of 10.0000Hz
[controller_server-2] [ERROR] [1756743596.681906314] [controller_server]: Exception in transformPose: Lookup would require extrapolation into the future.  Requested time 1756743596.491049 but the latest data is at time 1756743596.188782, when looking up transform from frame [odom] to frame [map]
[controller_server-2] [WARN] [1756743596.682053589] [controller_server]: Unable to transform robot pose into global plan's frame
[controller_server-2] [WARN] [1756743596.682200416] [controller_server]: Control loop missed its desired rate of 10.0000Hz
[controller_server-2] [ERROR] [1756743596.784571888] [controller_server]: Exception in transformPose: Lookup would require extrapolation into the future.  Requested time 1756743596.491049 but the latest data is at time 1756743596.188782, when looking up transform from frame [odom] to frame [map]
[controller_server-2] [WARN] [1756743596.784653154] [controller_server]: Unable to transform robot pose into global plan's frame
[controller_server-2] [WARN] [1756743596.784800754] [controller_server]: Control loop missed its desired rate of 10.0000Hz
[controller_server-2] [INFO] [1756743596.784821950] [controller_server]: Passing new path to controller.
[controller_server-2] [ERROR] [1756743596.886009808] [controller_server]: Exception in transformPose: Lookup would require extrapolation into the future.  Requested time 1756743596.491049 but the latest data is at time 1756743596.188782, when looking up transform from frame [odom] to frame [map]
[controller_server-2] [WARN] [1756743596.886122641] [controller_server]: Unable to transform robot pose into global plan's frame
[controller_server-2] [WARN] [1756743596.886657770] [controller_server]: Control loop missed its desired rate of 10.0000Hz
[controller_server-2] [WARN] [1756743596.920901733] [controller_server]: RegulatedPurePursuitController detected collision ahead!
[controller_server-2] [WARN] [1756743596.979179321] [controller_server]: RegulatedPurePursuitController detected collision ahead!
[planner_server-4] [WARN] [1756743597.747849852] [planner_server]: GridBased: failed to create plan with tolerance 0.20.
[planner_server-4] [WARN] [1756743597.747920074] [planner_server]: Planning algorithm GridBased failed to generate a valid path to (1.14, 0.23)
[planner_server-4] [WARN] [1756743597.747935990] [planner_server]: [compute_path_to_pose] [ActionServer] Aborting handle.
[planner_server-4] [INFO] [1756743597.767926728] [global_costmap.global_costmap]: Received request to clear entirely the global_costmap
[controller_server-2] [INFO] [1756743597.778485241] [controller_server]: Passing new path to controller.
[controller_server-2] [ERROR] [1756743597.778841171] [controller_server]: Invalid path, Path is empty.
[controller_server-2] [WARN] [1756743597.778949077] [controller_server]: [follow_path] [ActionServer] Aborting handle.
[controller_server-2] [INFO] [1756743597.807912009] [local_costmap.local_costmap]: Received request to clear entirely the local_costmap
[controller_server-2] [INFO] [1756743597.810726448] [controller_server]: Received a goal, begin computing control effort.
[controller_server-2] [ERROR] [1756743597.810852015] [controller_server]: Invalid path, Path is empty.
[controller_server-2] [WARN] [1756743597.810931936] [controller_server]: [follow_path] [ActionServer] Aborting handle.
[bt_navigator-6] [ERROR] [1756743597.848203034] [bt_navigator_navigate_to_pose_rclcpp_node]: Failed to get result for compute_path_to_pose in node halt!
[controller_server-2] [INFO] [1756743597.848540012] [local_costmap.local_costmap]: Received request to clear entirely the local_costmap
[planner_server-4] [INFO] [1756743597.850251538] [global_costmap.global_costmap]: Received request to clear entirely the global_costmap
[bt_navigator-6] [WARN] [1756743597.851914081] [BehaviorTreeEngine]: Behavior Tree tick rate 100.00 was exceeded!
[controller_server-2] [INFO] [1756743598.162442435] [controller_server]: Received a goal, begin computing control effort.
[rviz2-11] [INFO] [1756743598.609374905] [rviz2]: Trying to create a map of size 68 x 97 using 1 swatches
[controller_server-2] [INFO] [1756743598.667715689] [local_costmap.local_costmap]: StaticLayer: Resizing static layer to 68 X 97 at 0.040000 m/pix
[planner_server-4] [INFO] [1756743599.135341582] [global_costmap.global_costmap]: StaticLayer: Resizing costmap to 68 X 97 at 0.040000 m/pix
[rviz2-11] [INFO] [1756743599.153635053] [rviz2]: Trying to create a map of size 68 x 97 using 1 swatches
[controller_server-2] [WARN] [1756743599.163128304] [controller_server]: RegulatedPurePursuitController detected collision ahead!
[controller_server-2] [INFO] [1756743599.262705875] [controller_server]: Passing new path to controller.
[controller_server-2] [WARN] [1756743599.463500893] [controller_server]: RegulatedPurePursuitController detected collision ahead!
[controller_server-2] [WARN] [1756743599.663470455] [controller_server]: RegulatedPurePursuitController detected collision ahead!
[controller_server-2] [INFO] [1756743600.262773762] [controller_server]: Passing new path to controller.
[controller_server-2] [INFO] [1756743601.262656831] [controller_server]: Passing new path to controller.
[bt_navigator-6] [INFO] [1756743601.342030279] [bt_navigator]: Received goal preemption request
[bt_navigator-6] [INFO] [1756743601.342374478] [bt_navigator]: Begin navigating from current location (0.96, 0.10) to (1.27, 1.67)
[controller_server-2] [INFO] [1756743602.362665712] [controller_server]: Passing new path to controller.
[rviz2-11] [INFO] [1756743602.608494771] [rviz2]: Trying to create a map of size 70 x 117 using 1 swatches
[controller_server-2] [INFO] [1756743602.667619426] [local_costmap.local_costmap]: StaticLayer: Resizing static layer to 70 X 117 at 0.040000 m/pix
[planner_server-4] [INFO] [1756743603.135350980] [global_costmap.global_costmap]: StaticLayer: Resizing costmap to 70 X 117 at 0.040000 m/pix
[rviz2-11] [INFO] [1756743603.153723713] [rviz2]: Trying to create a map of size 70 x 117 using 1 swatches
[controller_server-2] [INFO] [1756743603.362670317] [controller_server]: Passing new path to controller.
[controller_server-2] [INFO] [1756743604.362660418] [controller_server]: Passing new path to controller.
[controller_server-2] [INFO] [1756743605.362670059] [controller_server]: Passing new path to controller.
[controller_server-2] [INFO] [1756743606.462744875] [controller_server]: Passing new path to controller.
[rviz2-11] [INFO] [1756743606.608477583] [rviz2]: Trying to create a map of size 88 x 128 using 1 swatches
[controller_server-2] [INFO] [1756743606.743589091] [local_costmap.local_costmap]: StaticLayer: Resizing static layer to 88 X 128 at 0.040000 m/pix
[planner_server-4] [INFO] [1756743607.135339267] [global_costmap.global_costmap]: StaticLayer: Resizing costmap to 88 X 128 at 0.040000 m/pix
[rviz2-11] [INFO] [1756743607.153223064] [rviz2]: Trying to create a map of size 88 x 128 using 1 swatches
[controller_server-2] [INFO] [1756743607.462660502] [controller_server]: Passing new path to controller.
[bt_navigator-6] [INFO] [1756743608.022078230] [bt_navigator]: Received goal preemption request
[bt_navigator-6] [INFO] [1756743608.022349765] [bt_navigator]: Begin navigating from current location (0.91, 1.17) to (1.03, 2.96)
[controller_server-2] [INFO] [1756743608.462750833] [controller_server]: Passing new path to controller.
[controller_server-2] [INFO] [1756743609.562648216] [controller_server]: Passing new path to controller.
[controller_server-2] [INFO] [1756743610.562658685] [controller_server]: Passing new path to controller.
[rviz2-11] [INFO] [1756743610.608393265] [rviz2]: Trying to create a map of size 107 x 133 using 1 swatches
[controller_server-2] [INFO] [1756743610.667639498] [local_costmap.local_costmap]: StaticLayer: Resizing static layer to 107 X 133 at 0.040000 m/pix
[planner_server-4] [INFO] [1756743611.135345483] [global_costmap.global_costmap]: StaticLayer: Resizing costmap to 107 X 133 at 0.040000 m/pix
[rviz2-11] [INFO] [1756743611.153747294] [rviz2]: Trying to create a map of size 107 x 133 using 1 swatches
[controller_server-2] [INFO] [1756743611.562666185] [controller_server]: Passing new path to controller.
[controller_server-2] [INFO] [1756743612.662670867] [controller_server]: Passing new path to controller.
[controller_server-2] [WARN] [1756743613.263934098] [controller_server]: Control loop missed its desired rate of 10.0000Hz
[controller_server-2] [INFO] [1756743613.662667646] [controller_server]: Passing new path to controller.
[controller_server-2] [WARN] [1756743614.063093233] [controller_server]: RegulatedPurePursuitController detected collision ahead!
[rviz2-11] [INFO] [1756743614.640822679] [rviz2]: Trying to create a map of size 108 x 133 using 1 swatches
[controller_server-2] [INFO] [1756743614.662664471] [controller_server]: Passing new path to controller.
[controller_server-2] [INFO] [1756743614.667613291] [local_costmap.local_costmap]: StaticLayer: Resizing static layer to 108 X 133 at 0.040000 m/pix
[bt_navigator-6] [INFO] [1756743614.722152576] [bt_navigator]: Received goal preemption request
[bt_navigator-6] [INFO] [1756743614.722485404] [bt_navigator]: Begin navigating from current location (1.22, 2.76) to (-0.58, 0.99)
[controller_server-2] [WARN] [1756743614.762971412] [controller_server]: RegulatedPurePursuitController detected collision ahead!
[controller_server-2] [WARN] [1756743614.862978950] [controller_server]: RegulatedPurePursuitController detected collision ahead!
[controller_server-2] [WARN] [1756743614.962971078] [controller_server]: RegulatedPurePursuitController detected collision ahead!
[controller_server-2] [WARN] [1756743615.062915595] [controller_server]: RegulatedPurePursuitController detected collision ahead!
[planner_server-4] [INFO] [1756743615.135343266] [global_costmap.global_costmap]: StaticLayer: Resizing costmap to 108 X 133 at 0.040000 m/pix
[rviz2-11] [INFO] [1756743615.151175216] [rviz2]: Trying to create a map of size 108 x 133 using 1 swatches
[controller_server-2] [WARN] [1756743615.162952204] [controller_server]: RegulatedPurePursuitController detected collision ahead!
[controller_server-2] [WARN] [1756743615.262851817] [controller_server]: RegulatedPurePursuitController detected collision ahead!
[controller_server-2] [WARN] [1756743615.362984151] [controller_server]: RegulatedPurePursuitController detected collision ahead!
[controller_server-2] [WARN] [1756743615.462947016] [controller_server]: RegulatedPurePursuitController detected collision ahead!
[controller_server-2] [WARN] [1756743615.562950706] [controller_server]: RegulatedPurePursuitController detected collision ahead!
[controller_server-2] [WARN] [1756743615.662942356] [controller_server]: RegulatedPurePursuitController detected collision ahead!
[controller_server-2] [INFO] [1756743615.762662987] [controller_server]: Passing new path to controller.
[controller_server-2] [WARN] [1756743615.763903914] [controller_server]: RegulatedPurePursuitController detected collision ahead!
[controller_server-2] [WARN] [1756743615.863280351] [controller_server]: RegulatedPurePursuitController detected collision ahead!
[controller_server-2] [WARN] [1756743615.963585246] [controller_server]: RegulatedPurePursuitController detected collision ahead!
[controller_server-2] [WARN] [1756743616.063635878] [controller_server]: RegulatedPurePursuitController detected collision ahead!
[controller_server-2] [WARN] [1756743616.163410298] [controller_server]: RegulatedPurePursuitController detected collision ahead!
[controller_server-2] [WARN] [1756743616.263692464] [controller_server]: RegulatedPurePursuitController detected collision ahead!
[controller_server-2] [WARN] [1756743616.363657093] [controller_server]: RegulatedPurePursuitController detected collision ahead!
[controller_server-2] [WARN] [1756743616.463652107] [controller_server]: RegulatedPurePursuitController detected collision ahead!
[controller_server-2] [WARN] [1756743616.563680234] [controller_server]: RegulatedPurePursuitController detected collision ahead!
[controller_server-2] [WARN] [1756743616.663522518] [controller_server]: RegulatedPurePursuitController detected collision ahead!
[controller_server-2] [ERROR] [1756743616.663610872] [controller_server]: Controller patience exceeded
[controller_server-2] [WARN] [1756743616.663679215] [controller_server]: [follow_path] [ActionServer] Aborting handle.
[controller_server-2] [INFO] [1756743616.682562254] [local_costmap.local_costmap]: Received request to clear entirely the local_costmap
[controller_server-2] [INFO] [1756743616.684377362] [controller_server]: Received a goal, begin computing control effort.
[controller_server-2] [INFO] [1756743616.874580163] [controller_server]: Passing new path to controller.
[controller_server-2] [WARN] [1756743616.875935334] [controller_server]: RegulatedPurePursuitController detected collision ahead!
[controller_server-2] [WARN] [1756743616.876120632] [controller_server]: Control loop missed its desired rate of 10.0000Hz
[controller_server-2] [WARN] [1756743616.876938799] [controller_server]: RegulatedPurePursuitController detected collision ahead!
[controller_server-2] [WARN] [1756743616.884972994] [controller_server]: RegulatedPurePursuitController detected collision ahead!
[controller_server-2] [WARN] [1756743616.985247070] [controller_server]: RegulatedPurePursuitController detected collision ahead!
[controller_server-2] [WARN] [17