[INFO] [launch]: All log files can be found below /home/robot/.ros/log/2025-09-03-15-43-31-206791-robot-pc04-20911
[INFO] [launch]: Default logging verbosity is set to INFO
[INFO] [async_slam_toolbox_node-1]: process started with pid [20928]
[INFO] [controller_server-2]: process started with pid [20930]
[INFO] [smoother_server-3]: process started with pid [20932]
[INFO] [planner_server-4]: process started with pid [20934]
[INFO] [behavior_server-5]: process started with pid [20936]
[INFO] [bt_navigator-6]: process started with pid [20938]
[INFO] [waypoint_follower-7]: process started with pid [20940]
[INFO] [velocity_smoother-8]: process started with pid [20942]
[INFO] [lifecycle_manager-9]: process started with pid [20944]
[INFO] [explore-10]: process started with pid [20946]
[INFO] [rviz2-11]: process started with pid [20948]
[async_slam_toolbox_node-1] [INFO] [1756907011.323442891] [slam]: Node using stack size 40000000
[waypoint_follower-7] [INFO] [1756907011.326199961] [waypoint_follower]: 
[waypoint_follower-7] 	waypoint_follower lifecycle node launched. 
[waypoint_follower-7] 	Waiting on external lifecycle transitions to activate
[waypoint_follower-7] 	See https://design.ros2.org/articles/node_lifecycle.html for more information.
[waypoint_follower-7] [INFO] [1756907011.326566657] [waypoint_follower]: Creating
[lifecycle_manager-9] [INFO] [1756907011.327610492] [lifecycle_manager_navigation]: Creating
[smoother_server-3] [INFO] [1756907011.328291720] [smoother_server]: 
[smoother_server-3] 	smoother_server lifecycle node launched. 
[smoother_server-3] 	Waiting on external lifecycle transitions to activate
[smoother_server-3] 	See https://design.ros2.org/articles/node_lifecycle.html for more information.
[controller_server-2] [INFO] [1756907011.328356386] [controller_server]: 
[controller_server-2] 	controller_server lifecycle node launched. 
[controller_server-2] 	Waiting on external lifecycle transitions to activate
[controller_server-2] 	See https://design.ros2.org/articles/node_lifecycle.html for more information.
[smoother_server-3] [INFO] [1756907011.329165272] [smoother_server]: Creating smoother server
[lifecycle_manager-9] [INFO] [1756907011.329381168] [lifecycle_manager_navigation]: [34m[1mCreating and initializing lifecycle service clients[0m[0m
[velocity_smoother-8] [INFO] [1756907011.329527568] [velocity_smoother]: 
[velocity_smoother-8] 	velocity_smoother lifecycle node launched. 
[velocity_smoother-8] 	Waiting on external lifecycle transitions to activate
[velocity_smoother-8] 	See https://design.ros2.org/articles/node_lifecycle.html for more information.
[explore-10] [INFO] [1756907011.329817125] [explore_node]: Waiting for costmap to become available, topic: map
[behavior_server-5] [INFO] [1756907011.330090200] [behavior_server]: 
[behavior_server-5] 	behavior_server lifecycle node launched. 
[behavior_server-5] 	Waiting on external lifecycle transitions to activate
[behavior_server-5] 	See https://design.ros2.org/articles/node_lifecycle.html for more information.
[bt_navigator-6] [INFO] [1756907011.330585708] [bt_navigator]: 
[bt_navigator-6] 	bt_navigator lifecycle node launched. 
[bt_navigator-6] 	Waiting on external lifecycle transitions to activate
[bt_navigator-6] 	See https://design.ros2.org/articles/node_lifecycle.html for more information.
[controller_server-2] [INFO] [1756907011.330630417] [controller_server]: Creating controller server
[bt_navigator-6] [INFO] [1756907011.330667114] [bt_navigator]: Creating
[planner_server-4] [INFO] [1756907011.334039231] [planner_server]: 
[planner_server-4] 	planner_server lifecycle node launched. 
[planner_server-4] 	Waiting on external lifecycle transitions to activate
[planner_server-4] 	See https://design.ros2.org/articles/node_lifecycle.html for more information.
[lifecycle_manager-9] [INFO] [1756907011.334577095] [lifecycle_manager_navigation]: [34m[1mStarting managed nodes bringup...[0m[0m
[lifecycle_manager-9] [INFO] [1756907011.334605603] [lifecycle_manager_navigation]: [34m[1mConfiguring controller_server[0m[0m
[planner_server-4] [INFO] [1756907011.334866703] [planner_server]: Creating
[controller_server-2] [INFO] [1756907011.337478391] [local_costmap.local_costmap]: 
[controller_server-2] 	local_costmap lifecycle node launched. 
[controller_server-2] 	Waiting on external lifecycle transitions to activate
[controller_server-2] 	See https://design.ros2.org/articles/node_lifecycle.html for more information.
[controller_server-2] [INFO] [1756907011.338379796] [local_costmap.local_costmap]: Creating Costmap
[controller_server-2] [INFO] [1756907011.339259007] [controller_server]: Configuring controller interface
[controller_server-2] [INFO] [1756907011.339350846] [controller_server]: getting goal checker plugins..
[controller_server-2] [INFO] [1756907011.339448306] [controller_server]: Controller frequency set to 10.0000Hz
[controller_server-2] [INFO] [1756907011.339476805] [local_costmap.local_costmap]: Configuring
[planner_server-4] [INFO] [1756907011.342914010] [global_costmap.global_costmap]: 
[planner_server-4] 	global_costmap lifecycle node launched. 
[planner_server-4] 	Waiting on external lifecycle transitions to activate
[planner_server-4] 	See https://design.ros2.org/articles/node_lifecycle.html for more information.
[planner_server-4] [INFO] [1756907011.343164792] [global_costmap.global_costmap]: Creating Costmap
[controller_server-2] [INFO] [1756907011.344287851] [local_costmap.local_costmap]: Using plugin "static_layer"
[async_slam_toolbox_node-1] [INFO] [1756907011.346404014] [slam]: Using solver plugin solver_plugins::CeresSolver
[async_slam_toolbox_node-1] [INFO] [1756907011.346635372] [slam]: CeresSolver: Using SCHUR_JACOBI preconditioner.
[controller_server-2] [INFO] [1756907011.347268510] [local_costmap.local_costmap]: Subscribing to the map topic (/map) with transient local durability
[controller_server-2] [INFO] [1756907011.348138217] [local_costmap.local_costmap]: Initialized plugin "static_layer"
[controller_server-2] [INFO] [1756907011.348331648] [local_costmap.local_costmap]: Using plugin "obstacle_layer"
[controller_server-2] [INFO] [1756907011.348653781] [local_costmap.local_costmap]: Subscribed to Topics: scan
[controller_server-2] [INFO] [1756907011.350794186] [local_costmap.local_costmap]: Initialized plugin "obstacle_layer"
[controller_server-2] [INFO] [1756907011.351054967] [local_costmap.local_costmap]: Using plugin "inflation_layer"
[controller_server-2] [INFO] [1756907011.352000104] [local_costmap.local_costmap]: Initialized plugin "inflation_layer"
[controller_server-2] [INFO] [1756907011.355103650] [controller_server]: Created progress_checker : progress_checker of type nav2_controller::SimpleProgressChecker
[controller_server-2] [INFO] [1756907011.355403993] [controller_server]: Created goal checker : goal_checker of type nav2_controller::SimpleGoalChecker
[controller_server-2] [INFO] [1756907011.355535673] [controller_server]: Controller Server has goal_checker  goal checkers available.
[controller_server-2] [INFO] [1756907011.355838433] [controller_server]: Created controller : FollowPath of type nav2_regulated_pure_pursuit_controller::RegulatedPurePursuitController
[controller_server-2] [INFO] [1756907011.357076058] [controller_server]: Controller Server has FollowPath  controllers available.
[lifecycle_manager-9] [INFO] [1756907011.359644934] [lifecycle_manager_navigation]: [34m[1mConfiguring smoother_server[0m[0m
[smoother_server-3] [INFO] [1756907011.359769159] [smoother_server]: Configuring smoother server
[smoother_server-3] [INFO] [1756907011.363168661] [smoother_server]: Created smoother : simple_smoother of type nav2_smoother::SimpleSmoother
[smoother_server-3] [INFO] [1756907011.363307884] [smoother_server]: Smoother Server has simple_smoother  smoothers available.
[lifecycle_manager-9] [INFO] [1756907011.365029058] [lifecycle_manager_navigation]: [34m[1mConfiguring planner_server[0m[0m
[planner_server-4] [INFO] [1756907011.365163883] [planner_server]: Configuring
[planner_server-4] [INFO] [1756907011.365198316] [global_costmap.global_costmap]: Configuring
[planner_server-4] [INFO] [1756907011.367985922] [global_costmap.global_costmap]: Using plugin "static_layer"
[planner_server-4] [INFO] [1756907011.369592980] [global_costmap.global_costmap]: Subscribing to the map topic (/map) with transient local durability
[planner_server-4] [INFO] [1756907011.370026114] [global_costmap.global_costmap]: Initialized plugin "static_layer"
[planner_server-4] [INFO] [1756907011.370036312] [global_costmap.global_costmap]: Using plugin "obstacle_layer"
[planner_server-4] [INFO] [1756907011.370178630] [global_costmap.global_costmap]: Subscribed to Topics: scan
[planner_server-4] [INFO] [1756907011.371026626] [global_costmap.global_costmap]: Initialized plugin "obstacle_layer"
[planner_server-4] [INFO] [1756907011.371035771] [global_costmap.global_costmap]: Using plugin "inflation_layer"
[planner_server-4] [INFO] [1756907011.371271833] [global_costmap.global_costmap]: Initialized plugin "inflation_layer"
[planner_server-4] [INFO] [1756907011.373815754] [planner_server]: Created global planner plugin GridBased of type nav2_navfn_planner/NavfnPlanner
[planner_server-4] [INFO] [1756907011.373829806] [planner_server]: Configuring plugin GridBased of type NavfnPlanner
[planner_server-4] [INFO] [1756907011.373952447] [planner_server]: Planner Server has GridBased  planners available.
[lifecycle_manager-9] [INFO] [1756907011.376188079] [lifecycle_manager_navigation]: [34m[1mConfiguring behavior_server[0m[0m
[behavior_server-5] [INFO] [1756907011.376296253] [behavior_server]: Configuring
[behavior_server-5] [INFO] [1756907011.379087891] [behavior_server]: Creating behavior plugin spin of type nav2_behaviors/Spin
[behavior_server-5] [INFO] [1756907011.379420809] [behavior_server]: Configuring spin
[behavior_server-5] [INFO] [1756907011.380827587] [behavior_server]: Creating behavior plugin backup of type nav2_behaviors/BackUp
[behavior_server-5] [INFO] [1756907011.381146761] [behavior_server]: Configuring backup
[behavior_server-5] [INFO] [1756907011.382201952] [behavior_server]: Creating behavior plugin drive_on_heading of type nav2_behaviors/DriveOnHeading
[behavior_server-5] [INFO] [1756907011.382513890] [behavior_server]: Configuring drive_on_heading
[behavior_server-5] [INFO] [1756907011.383557151] [behavior_server]: Creating behavior plugin wait of type nav2_behaviors/Wait
[behavior_server-5] [INFO] [1756907011.383860191] [behavior_server]: Configuring wait
[behavior_server-5] [INFO] [1756907011.384949713] [behavior_server]: Creating behavior plugin assisted_teleop of type nav2_behaviors/AssistedTeleop
[behavior_server-5] [INFO] [1756907011.385654855] [behavior_server]: Configuring assisted_teleop
[lifecycle_manager-9] [INFO] [1756907011.387317005] [lifecycle_manager_navigation]: [34m[1mConfiguring bt_navigator[0m[0m
[bt_navigator-6] [INFO] [1756907011.387463925] [bt_navigator]: Configuring
[lifecycle_manager-9] [INFO] [1756907011.410224926] [lifecycle_manager_navigation]: [34m[1mConfiguring waypoint_follower[0m[0m
[waypoint_follower-7] [INFO] [1756907011.410404558] [waypoint_follower]: Configuring
[waypoint_follower-7] [INFO] [1756907011.417024847] [waypoint_follower]: Created waypoint_task_executor : wait_at_waypoint of type nav2_waypoint_follower::WaitAtWaypoint
[lifecycle_manager-9] [INFO] [1756907011.417325430] [lifecycle_manager_navigation]: [34m[1mConfiguring velocity_smoother[0m[0m
[velocity_smoother-8] [INFO] [1756907011.417443188] [velocity_smoother]: Configuring velocity smoother
[lifecycle_manager-9] [INFO] [1756907011.418920877] [lifecycle_manager_navigation]: [34m[1mActivating controller_server[0m[0m
[controller_server-2] [INFO] [1756907011.418997403] [controller_server]: Activating
[controller_server-2] [INFO] [1756907011.419030006] [local_costmap.local_costmap]: Activating
[controller_server-2] [INFO] [1756907011.419043221] [local_costmap.local_costmap]: Checking transform
[controller_server-2] [INFO] [1756907011.419064841] [local_costmap.local_costmap]: Timed out waiting for transform from base_link to odom to become available, tf error: Invalid frame ID "odom" passed to canTransform argument target_frame - frame does not exist
[controller_server-2] [INFO] [1756907011.919159305] [local_costmap.local_costmap]: Timed out waiting for transform from base_link to odom to become available, tf error: Invalid frame ID "odom" passed to canTransform argument target_frame - frame does not exist
[rviz2-11] [INFO] [1756907011.936355329] [rviz2]: Stereo is NOT SUPPORTED
[rviz2-11] [INFO] [1756907011.936407192] [rviz2]: OpenGl version: 4.6 (GLSL 4.6)
[rviz2-11] [INFO] [1756907012.009239063] [rviz2]: Stereo is NOT SUPPORTED
[controller_server-2] [INFO] [1756907012.419167318] [local_costmap.local_costmap]: Timed out waiting for transform from base_link to odom to become available, tf error: Invalid frame ID "odom" passed to canTransform argument target_frame - frame does not exist
[controller_server-2] [INFO] [1756907012.919123810] [local_costmap.local_costmap]: Timed out waiting for transform from base_link to odom to become available, tf error: Invalid frame ID "odom" passed to canTransform argument target_frame - frame does not exist
[controller_server-2] [INFO] [1756907013.419236537] [local_costmap.local_costmap]: Timed out waiting for transform from base_link to odom to become available, tf error: Invalid frame ID "odom" passed to canTransform argument target_frame - frame does not exist
[controller_server-2] [INFO] [1756907013.919153475] [local_costmap.local_costmap]: Timed out waiting for transform from base_link to odom to become available, tf error: Invalid frame ID "odom" passed to canTransform argument target_frame - frame does not exist
[controller_server-2] [INFO] [1756907014.419153126] [local_costmap.local_costmap]: Timed out waiting for transform from base_link to odom to become available, tf error: Invalid frame ID "odom" passed to canTransform argument target_frame - frame does not exist
[controller_server-2] [INFO] [1756907014.919205608] [local_costmap.local_costmap]: Timed out waiting for transform from base_link to odom to become available, tf error: Invalid frame ID "odom" passed to canTransform argument target_frame - frame does not exist
[controller_server-2] [INFO] [1756907015.419128968] [local_costmap.local_costmap]: Timed out waiting for transform from base_link to odom to become available, tf error: Invalid frame ID "odom" passed to canTransform argument target_frame - frame does not exist
[controller_server-2] [INFO] [1756907015.919141280] [local_costmap.local_costmap]: Timed out waiting for transform from base_link to odom to become available, tf error: Invalid frame ID "odom" passed to canTransform argument target_frame - frame does not exist
[controller_server-2] [INFO] [1756907016.419138896] [local_costmap.local_costmap]: Timed out waiting for transform from base_link to odom to become available, tf error: Invalid frame ID "odom" passed to canTransform argument target_frame - frame does not exist
[controller_server-2] [INFO] [1756907016.919208534] [local_costmap.local_costmap]: Timed out waiting for transform from base_link to odom to become available, tf error: Invalid frame ID "odom" passed to canTransform argument target_frame - frame does not exist
[controller_server-2] [INFO] [1756907017.419272998] [local_costmap.local_costmap]: start
[controller_server-2] [INFO] [1756907017.621055029] [controller_server]: Activating controller: FollowPath of type regulated_pure_pursuit_controller::RegulatedPurePursuitController
[controller_server-2] [INFO] [1756907017.621150112] [controller_server]: Creating bond (controller_server) to lifecycle manager.
[lifecycle_manager-9] [INFO] [1756907017.729319839] [lifecycle_manager_navigation]: Server controller_server connected with bond.
[lifecycle_manager-9] [INFO] [1756907017.729417627] [lifecycle_manager_navigation]: [34m[1mActivating smoother_server[0m[0m
[smoother_server-3] [INFO] [1756907017.730012205] [smoother_server]: Activating
[smoother_server-3] [INFO] [1756907017.730118202] [smoother_server]: Creating bond (smoother_server) to lifecycle manager.
[lifecycle_manager-9] [INFO] [1756907017.838411122] [lifecycle_manager_navigation]: Server smoother_server connected with bond.
[lifecycle_manager-9] [INFO] [1756907017.838507817] [lifecycle_manager_navigation]: [34m[1mActivating planner_server[0m[0m
[planner_server-4] [INFO] [1756907017.839022513] [planner_server]: Activating
[planner_server-4] [INFO] [1756907017.839116820] [global_costmap.global_costmap]: Activating
[planner_server-4] [INFO] [1756907017.839141661] [global_costmap.global_costmap]: Checking transform
[planner_server-4] [INFO] [1756907017.839184990] [global_costmap.global_costmap]: Timed out waiting for transform from base_link to map to become available, tf error: Invalid frame ID "map" passed to canTransform argument target_frame - frame does not exist
[planner_server-4] [INFO] [1756907018.339250589] [global_costmap.global_costmap]: Timed out waiting for transform from base_link to map to become available, tf error: Invalid frame ID "map" passed to canTransform argument target_frame - frame does not exist
[planner_server-4] [INFO] [1756907018.839244533] [global_costmap.global_costmap]: Timed out waiting for transform from base_link to map to become available, tf error: Invalid frame ID "map" passed to canTransform argument target_frame - frame does not exist
[planner_server-4] [INFO] [1756907019.339252739] [global_costmap.global_costmap]: Timed out waiting for transform from base_link to map to become available, tf error: Invalid frame ID "map" passed to canTransform argument target_frame - frame does not exist
[controller_server-2] [WARN] [1756907019.419547736] [local_costmap.local_costmap]: Can't update static costmap layer, no map received
[planner_server-4] [INFO] [1756907019.839244381] [global_costmap.global_costmap]: Timed out waiting for transform from base_link to map to become available, tf error: Invalid frame ID "map" passed to canTransform argument target_frame - frame does not exist
[planner_server-4] [INFO] [1756907020.339247267] [global_costmap.global_costmap]: Timed out waiting for transform from base_link to map to become available, tf error: Invalid frame ID "map" passed to canTransform argument target_frame - frame does not exist
[planner_server-4] [INFO] [1756907020.839243083] [global_costmap.global_costmap]: Timed out waiting for transform from base_link to map to become available, tf error: Invalid frame ID "map" passed to canTransform argument target_frame - frame does not exist
[async_slam_toolbox_node-1] [WARN] [1756907021.053284008] [slam]: minimum laser range setting (0.0 m) exceeds the capabilities of the used Lidar (0.1 m)
[rviz2-11] [ERROR] [1756907021.222780559] [rviz2]: Lookup would require extrapolation into the future.  Requested time 1756907021.199948 but the latest data is at time 1756907021.170799, when looking up transform from frame [laser] to frame [map]
[rviz2-11] [INFO] [1756907021.255351128] [rviz2]: Trying to create a map of size 100 x 100 using 1 swatches
[planner_server-4] [INFO] [1756907021.339439294] [global_costmap.global_costmap]: start
[controller_server-2] [INFO] [1756907021.356057508] [local_costmap.local_costmap]: StaticLayer: Resizing static layer to 102 X 49 at 0.040000 m/pix
[planner_server-4] [INFO] [1756907021.356283291] [global_costmap.global_costmap]: StaticLayer: Resizing costmap to 102 X 49 at 0.040000 m/pix
[rviz2-11] [INFO] [1756907021.386756194] [rviz2]: Trying to create a map of size 102 x 49 using 1 swatches
[rviz2-11] [ERROR] [1756907021.618634496] [rviz2]: Lookup would require extrapolation into the future.  Requested time 1756907021.574553 but the latest data is at time 1756907021.570556, when looking up transform from frame [laser] to frame [map]
[rviz2-11] [INFO] [1756907022.373482470] [rviz2]: Trying to create a map of size 102 x 49 using 1 swatches
[planner_server-4] [INFO] [1756907022.391145351] [planner_server]: Activating plugin GridBased of type NavfnPlanner
[planner_server-4] [INFO] [1756907022.393238016] [planner_server]: Creating bond (planner_server) to lifecycle manager.
[lifecycle_manager-9] [INFO] [1756907022.500472469] [lifecycle_manager_navigation]: Server planner_server connected with bond.
[lifecycle_manager-9] [INFO] [1756907022.500600348] [lifecycle_manager_navigation]: [34m[1mActivating behavior_server[0m[0m
[behavior_server-5] [INFO] [1756907022.501291558] [behavior_server]: Activating
[behavior_server-5] [INFO] [1756907022.501393978] [behavior_server]: Activating spin
[behavior_server-5] [INFO] [1756907022.501440641] [behavior_server]: Activating backup
[behavior_server-5] [INFO] [1756907022.501477416] [behavior_server]: Activating drive_on_heading
[behavior_server-5] [INFO] [1756907022.501512335] [behavior_server]: Activating wait
[behavior_server-5] [INFO] [1756907022.501546546] [behavior_server]: Activating assisted_teleop
[behavior_server-5] [INFO] [1756907022.501593067] [behavior_server]: Creating bond (behavior_server) to lifecycle manager.
[lifecycle_manager-9] [INFO] [1756907022.610830162] [lifecycle_manager_navigation]: Server behavior_server connected with bond.
[lifecycle_manager-9] [INFO] [1756907022.610928440] [lifecycle_manager_navigation]: [34m[1mActivating bt_navigator[0m[0m
[bt_navigator-6] [INFO] [1756907022.611543246] [bt_navigator]: Activating
[bt_navigator-6] [INFO] [1756907022.635305093] [bt_navigator]: Creating bond (bt_navigator) to lifecycle manager.
[lifecycle_manager-9] [INFO] [1756907022.737192018] [lifecycle_manager_navigation]: Server bt_navigator connected with bond.
[lifecycle_manager-9] [INFO] [1756907022.737294349] [lifecycle_manager_navigation]: [34m[1mActivating waypoint_follower[0m[0m
[waypoint_follower-7] [INFO] [1756907022.737926378] [waypoint_follower]: Activating
[waypoint_follower-7] [INFO] [1756907022.738022577] [waypoint_follower]: Creating bond (waypoint_follower) to lifecycle manager.
[lifecycle_manager-9] [INFO] [1756907022.845978512] [lifecycle_manager_navigation]: Server waypoint_follower connected with bond.
[lifecycle_manager-9] [INFO] [1756907022.846079475] [lifecycle_manager_navigation]: [34m[1mActivating velocity_smoother[0m[0m
[velocity_smoother-8] [INFO] [1756907022.846697790] [velocity_smoother]: Activating
[velocity_smoother-8] [INFO] [1756907022.846835486] [velocity_smoother]: Creating bond (velocity_smoother) to lifecycle manager.
[lifecycle_manager-9] [INFO] [1756907022.955002842] [lifecycle_manager_navigation]: Server velocity_smoother connected with bond.
[lifecycle_manager-9] [INFO] [1756907022.955114001] [lifecycle_manager_navigation]: [34m[1mManaged nodes are active[0m[0m
[lifecycle_manager-9] [INFO] [1756907022.955155039] [lifecycle_manager_navigation]: [34m[1mCreating bond timer...[0m[0m
[explore-10] [INFO] [1756907023.356355338] [explore_node]: Waiting to connect to move_base nav2 server
[explore-10] [INFO] [1756907023.356919508] [explore_node]: Connected to move_base nav2 server
[explore-10] [INFO] [1756907023.356947149] [explore_node]: Getting initial pose of the robot
[bt_navigator-6] [INFO] [1756907023.462591584] [bt_navigator]: Begin navigating from current location (0.29, -0.11) to (2.02, 0.57)
[controller_server-2] [INFO] [1756907023.483830947] [controller_server]: Received a goal, begin computing control effort.
[controller_server-2] [WARN] [1756907023.483928621] [controller_server]: No goal checker was specified in parameter 'current_goal_checker'. Server will use only plugin loaded goal_checker . This warning will appear once.
[controller_server-2] [INFO] [1756907024.584080204] [controller_server]: Passing new path to controller.
[rviz2-11] [INFO] [1756907025.386898636] [rviz2]: Trying to create a map of size 105 x 87 using 1 swatches
[controller_server-2] [INFO] [1756907025.419507917] [local_costmap.local_costmap]: StaticLayer: Resizing static layer to 105 X 87 at 0.040000 m/pix
[controller_server-2] [INFO] [1756907025.584055844] [controller_server]: Passing new path to controller.
[planner_server-4] [INFO] [1756907026.339645966] [global_costmap.global_costmap]: StaticLayer: Resizing costmap to 105 X 87 at 0.040000 m/pix
[rviz2-11] [INFO] [1756907026.377959359] [rviz2]: Trying to create a map of size 105 x 87 using 1 swatches
[controller_server-2] [INFO] [1756907026.584063592] [controller_server]: Passing new path to controller.
[controller_server-2] [INFO] [1756907027.684149343] [controller_server]: Passing new path to controller.
[controller_server-2] [INFO] [1756907028.684141712] [controller_server]: Passing new path to controller.
[rviz2-11] [INFO] [1756907029.383882855] [rviz2]: Trying to create a map of size 106 x 105 using 1 swatches
[controller_server-2] [INFO] [1756907029.419538924] [local_costmap.local_costmap]: StaticLayer: Resizing static layer to 106 X 105 at 0.040000 m/pix
[controller_server-2] [INFO] [1756907029.684119543] [controller_server]: Passing new path to controller.
[bt_navigator-6] [INFO] [1756907030.102864728] [bt_navigator]: Received goal preemption request
[bt_navigator-6] [INFO] [1756907030.103277661] [bt_navigator]: Begin navigating from current location (1.70, 0.50) to (2.87, 1.92)
[planner_server-4] [INFO] [1756907030.339640579] [global_costmap.global_costmap]: StaticLayer: Resizing costmap to 106 X 105 at 0.040000 m/pix
[rviz2-11] [INFO] [1756907030.376008931] [rviz2]: Trying to create a map of size 106 x 105 using 1 swatches
[controller_server-2] [INFO] [1756907030.784066640] [controller_server]: Passing new path to controller.
[rviz2-11] [INFO] [1756907031.370138559] [rviz2]: Trying to create a map of size 106 x 106 using 1 swatches
[controller_server-2] [INFO] [1756907031.419516435] [local_costmap.local_costmap]: StaticLayer: Resizing static layer to 106 X 106 at 0.040000 m/pix
[controller_server-2] [INFO] [1756907031.784068805] [controller_server]: Passing new path to controller.
[planner_server-4] [INFO] [1756907032.339706017] [global_costmap.global_costmap]: StaticLayer: Resizing costmap to 106 X 106 at 0.040000 m/pix
[rviz2-11] [INFO] [1756907032.359355438] [rviz2]: Trying to create a map of size 106 x 106 using 1 swatches
[rviz2-11] [ERROR] [1756907032.618030164] [rviz2]: Lookup would require extrapolation into the future.  Requested time 1756907032.571079 but the latest data is at time 1756907032.570443, when looking up transform from frame [laser] to frame [map]
[controller_server-2] [INFO] [1756907032.784113127] [controller_server]: Passing new path to controller.
[controller_server-2] [INFO] [1756907033.784141184] [controller_server]: Passing new path to controller.
[controller_server-2] [INFO] [1756907034.884073512] [controller_server]: Passing new path to controller.
[rviz2-11] [INFO] [1756907035.371377802] [rviz2]: Trying to create a map of size 106 x 107 using 1 swatches
[controller_server-2] [INFO] [1756907035.419533574] [local_costmap.local_costmap]: StaticLayer: Resizing static layer to 106 X 107 at 0.040000 m/pix
[controller_server-2] [INFO] [1756907035.884067274] [controller_server]: Passing new path to controller.
[planner_server-4] [INFO] [1756907036.339633939] [global_costmap.global_costmap]: StaticLayer: Resizing costmap to 106 X 107 at 0.040000 m/pix
[rviz2-11] [INFO] [1756907036.362625851] [rviz2]: Trying to create a map of size 106 x 107 using 1 swatches
[bt_navigator-6] [INFO] [1756907036.772896801] [bt_navigator]: Received goal preemption request
[bt_navigator-6] [INFO] [1756907036.773194324] [bt_navigator]: Begin navigating from current location (1.58, 1.05) to (2.88, 1.91)
[controller_server-2] [INFO] [1756907036.884058111] [controller_server]: Passing new path to controller.
[controller_server-2] [INFO] [1756907037.984073468] [controller_server]: Passing new path to controller.
[controller_server-2] [INFO] [1756907038.984067348] [controller_server]: Passing new path to controller.
[controller_server-2] [INFO] [1756907039.984067059] [controller_server]: Passing new path to controller.
[controller_server-2] [INFO] [1756907040.984070737] [controller_server]: Passing new path to controller.
[rviz2-11] [INFO] [1756907041.385486877] [rviz2]: Trying to create a map of size 109 x 107 using 1 swatches
[controller_server-2] [INFO] [1756907041.419532935] [local_costmap.local_costmap]: StaticLayer: Resizing static layer to 109 X 107 at 0.040000 m/pix
[controller_server-2] [INFO] [1756907042.084065183] [controller_server]: Passing new path to controller.
[planner_server-4] [INFO] [1756907042.339636363] [global_costmap.global_costmap]: StaticLayer: Resizing costmap to 109 X 107 at 0.040000 m/pix
[rviz2-11] [INFO] [1756907042.377439807] [rviz2]: Trying to create a map of size 109 x 107 using 1 swatches
[controller_server-2] [INFO] [1756907043.084070216] [controller_server]: Passing new path to controller.
[rviz2-11] [INFO] [1756907043.366415967] [rviz2]: Trying to create a map of size 110 x 107 using 1 swatches
[bt_navigator-6] [INFO] [1756907043.402897509] [bt_navigator]: Received goal preemption request
[bt_navigator-6] [INFO] [1756907043.403329836] [bt_navigator]: Begin navigating from current location (2.90, 1.59) to (2.11, -0.39)
[controller_server-2] [INFO] [1756907043.419480225] [local_costmap.local_costmap]: StaticLayer: Resizing static layer to 110 X 107 at 0.040000 m/pix
[controller_server-2] [INFO] [1756907044.084052405] [controller_server]: Passing new path to controller.
[planner_server-4] [INFO] [1756907044.339643883] [global_costmap.global_costmap]: StaticLayer: Resizing costmap to 110 X 107 at 0.040000 m/pix
[rviz2-11] [INFO] [1756907044.364786954] [rviz2]: Trying to create a map of size 110 x 107 using 1 swatches
[controller_server-2] [INFO] [1756907045.184070283] [controller_server]: Passing new path to controller.
[controller_server-2] [INFO] [1756907046.184146670] [controller_server]: Passing new path to controller.
[controller_server-2] [INFO] [1756907047.184137980] [controller_server]: Passing new path to controller.
[controller_server-2] [WARN] [1756907047.585991601] [controller_server]: Control loop missed its desired rate of 10.0000Hz
[controller_server-2] [INFO] [1756907048.184108240] [controller_server]: Passing new path to controller.
[controller_server-2] [INFO] [1756907049.284087900] [controller_server]: Passing new path to controller.
[controller_server-2] [WARN] [1756907050.285330016] [controller_server]: Control loop missed its desired rate of 10.0000Hz
[controller_server-2] [INFO] [1756907050.285362995] [controller_server]: Passing new path to controller.
[bt_navigator-6] [INFO] [1756907050.292737904] [bt_navigator]: Received goal preemption request
[bt_navigator-6] [INFO] [1756907050.292829533] [bt_navigator]: Begin navigating from current location (2.98, 1.50) to (1.58, 2.60)
[controller_server-2] [INFO] [1756907051.284055650] [controller_server]: Passing new path to controller.
[controller_server-2] [ERROR] [1756907051.284264599] [controller_server]: Failed to make progress
[controller_server-2] [WARN] [1756907051.284302681] [controller_server]: [follow_path] [ActionServer] Aborting handle.
[controller_server-2] [INFO] [1756907051.312951028] [local_costmap.local_costmap]: Received request to clear entirely the local_costmap
[controller_server-2] [INFO] [1756907051.313831473] [controller_server]: Received a goal, begin computing control effort.
[controller_server-2] [WARN] [1756907051.425222652] [controller_server]: Control loop missed its desired rate of 10.0000Hz
[controller_server-2] [INFO] [1756907052.314009962] [controller_server]: Passing new path to controller.
[controller_server-2] [INFO] [1756907053.414017439] [controller_server]: Passing new path to controller.
[controller_server-2] [INFO] [1756907054.413956390] [controller_server]: Passing new path to controller.
[controller_server-2] [WARN] [1756907055.015046125] [controller_server]: RegulatedPurePursuitController detected collision ahead!
[controller_server-2] [WARN] [1756907055.114698578] [controller_server]: RegulatedPurePursuitController detected collision ahead!
[controller_server-2] [WARN] [1756907055.215014802] [controller_server]: RegulatedPurePursuitController detected collision ahead!
[controller_server-2] [WARN] [1756907055.315021959] [controller_server]: RegulatedPurePursuitController detected collision ahead!
[controller_server-2] [INFO] [1756907055.413945746] [controller_server]: Passing new path to controller.
[controller_server-2] [WARN] [1756907055.415165540] [controller_server]: RegulatedPurePursuitController detected collision ahead!
[controller_server-2] [WARN] [1756907055.515026939] [controller_server]: RegulatedPurePursuitController detected collision ahead!
[controller_server-2] [WARN] [1756907056.114347086] [controller_server]: RegulatedPurePursuitController detected collision ahead!
[controller_server-2] [WARN] [1756907056.314859008] [controller_server]: RegulatedPurePursuitController detected collision ahead!
[controller_server-2] [WARN] [1756907056.414987553] [controller_server]: RegulatedPurePursuitController detected collision ahead!
[controller_server-2] [INFO] [1756907056.514011968] [controller_server]: Passing new path to controller.
[controller_server-2] [WARN] [1756907056.515272546] [controller_server]: RegulatedPurePursuitController detected collision ahead!
[controller_server-2] [WARN] [1756907056.615048023] [controller_server]: RegulatedPurePursuitController detected collision ahead!
[controller_server-2] [WARN] [1756907056.714776682] [controller_server]: RegulatedPurePursuitController detected collision ahead!
[controller_server-2] [WARN] [1756907056.814382693] [controller_server]: RegulatedPurePursuitController detected collision ahead!
[controller_server-2] [WARN] [1756907056.914342673] [controller_server]: RegulatedPurePursuitController detected collision ahead!
[controller_server-2] [WARN] [1756907057.014390403] [controller_server]: RegulatedPurePursuitController detected collision ahead!
[controller_server-2] [WARN] [1756907057.114952528] [controller_server]: RegulatedPurePursuitController detected collision ahead!
[controller_server-2] [WARN] [1756907057.214954766] [controller_server]: RegulatedPurePursuitController detected collision ahead!
[controller_server-2] [WARN] [1756907057.315019802] [controller_server]: RegulatedPurePursuitController detected collision ahead!
[controller_server-2] [WARN] [1756907057.415033867] [controller_server]: RegulatedPurePursuitController detected collision ahead!
[controller_server-2] [INFO] [1756907057.513985258] [controller_server]: Passing new path to controller.
[controller_server-2] [WARN] [1756907057.514585891] [controller_server]: RegulatedPurePursuitController detected collision ahead!
[controller_server-2] [WARN] [1756907057.614918581] [controller_server]: RegulatedPurePursuitController detected collision ahead!
[controller_server-2] [WARN] [1756907057.714596803] [controller_server]: RegulatedPurePursuitController detected collision ahead!
[controller_server-2] [WARN] [1756907057.815018931] [controller_server]: RegulatedPurePursuitController detected collision ahead!
[controller_server-2] [WARN] [1756907057.914928327] [controller_server]: RegulatedPurePursuitController detected collision ahead!
[controller_server-2] [WARN] [1756907058.015014121] [controller_server]: RegulatedPurePursuitController detected collision ahead!
[controller_server-2] [WARN] [1756907058.114942446] [controller_server]: RegulatedPurePursuitController detected collision ahead!
[controller_server-2] [WARN] [1756907058.214942580] [controller_server]: RegulatedPurePursuitController detected collision ahead!
[controller_server-2] [ERROR] [1756907058.215040813] [controller_server]: Controller patience exceeded
[controller_server-2] [WARN] [1756907058.215129901] [controller_server]: [follow_path] [ActionServer] Aborting handle.
[controller_server-2] [INFO] [1756907058.233302786] [local_costmap.local_costmap]: Received request to clear entirely the local_costmap
[planner_server-4] [INFO] [1756907058.235489067] [global_costmap.global_costmap]: Received request to clear entirely the global_costmap
[controller_server-2] [INFO] [1756907058.363695599] [controller_server]: Received a goal, begin computing control effort.
[controller_server-2] [INFO] [1756907059.463909284] [controller_server]: Passing new path to controller.
[controller_server-2] [INFO] [1756907060.463904768] [controller_server]: Passing new path to controller.
[controller_server-2] [INFO] [1756907061.463900854] [controller_server]: Passing new path to controller.
[controller_server-2] [INFO] [1756907062.563906225] [controller_server]: Passing new path to controller.
[controller_server-2] [INFO] [1756907063.563906659] [controller_server]: Passing new path to controller.
[controller_server-2] [INFO] [1756907064.563964637] [controller_server]: Passing new path to controller.
[controller_server-2] [INFO] [1756907065.563985014] [controller_server]: Passing new path to controller.
[controller_server-2] [INFO] [1756907066.663980140] [controller_server]: Passing new path to controller.
[controller_server-2] [INFO] [1756907067.663897186] [controller_server]: Passing new path to controller.
[controller_server-2] [INFO] [1756907068.663963258] [controller_server]: Passing new path to controller.
[controller_server-2] [INFO] [1756907069.763975271] [controller_server]: Passing new path to controller.
[bt_navigator-6] [INFO] [1756907070.072754603] [bt_navigator]: Received goal preemption request
[bt_navigator-6] [INFO] [1756907070.072925424] [bt_navigator]: Begin navigating from current location (2.42, 1.32) to (0.37, 1.13)
[controller_server-2] [INFO] [1756907070.763976449] [controller_server]: Passing new path to controller.
[controller_server-2] [INFO] [1756907071.763901743] [controller_server]: Passing new path to controller.
[controller_server-2] [INFO] [1756907072.763917236] [controller_server]: Passing new path to controller.
[controller_server-2] [INFO] [1756907073.863980698] [controller_server]: Passing new path to controller.
[controller_server-2] [INFO] [1756907074.863945648] [controller_server]: Passing new path to controller.
[controller_server-2] [INFO] [1756907075.863906497] [controller_server]: Passing new path to controller.
[explore-10] [WARN] [1756907076.774102333] [explore_node]: All frontiers traversed/tried out, stopping.
[explore-10] [INFO] [1756907076.774187313] [explore_node]: Exploration stopped.
[explore-10] [INFO] [1756907076.774337293] [explore_node]: Returning to initial pose.
[bt_navigator-6] [ERROR] [1756907076.803371288] [bt_navigator_navigate_to_pose_rclcpp_node]: Failed to get result for follow_path in node halt!
[bt_navigator-6] [INFO] [1756907076.803512999] [bt_navigator]: [navigate_to_pose] [ActionServer] Client requested to cancel the goal. Cancelling.
[bt_navigator-6] [INFO] [1756907076.803752085] [bt_navigator]: [navigate_to_pose] [ActionServer] Client requested to cancel the goal. Cancelling.
[bt_navigator-6] [INFO] [1756907076.803834675] [bt_navigator]: Goal canceled
[controller_server-2] [INFO] [1756907076.863979069] [controller_server]: Goal was canceled. Stopping the robot.
[controller_server-2] [INFO] [1756907076.864077318] [controller_server]: [follow_path] [ActionServer] Client requested to cancel the goal. Cancelling.
[explore-10] [WARN] [1756907076.888930903] [explore_node]: All frontiers traversed/tried out, stopping.
[explore-10] [INFO] [1756907076.888990805] [explore_node]: Exploration stopped.
[explore-10] [INFO] [1756907076.889090876] [explore_node]: Returning to initial pose.
[bt_navigator-6] [INFO] [1756907076.889750839] [bt_navigator]: Begin navigating from current location (0.79, 1.39) to (0.29, -0.11)
[bt_navigator-6] [INFO] [1756907076.889880929] [bt_navigator]: [navigate_to_pose] [ActionServer] Client requested to cancel the goal. Cancelling.
[bt_navigator-6] [INFO] [1756907076.890035557] [bt_navigator]: Goal canceled
[rviz2-11] [INFO] [1756907077.385852149] [rviz2]: Trying to create a map of size 110 x 108 using 1 swatches
[controller_server-2] [INFO] [1756907077.419523871] [local_costmap.local_costmap]: StaticLayer: Resizing static layer to 110 X 108 at 0.040000 m/pix
[planner_server-4] [INFO] [1756907078.339723456] [global_costmap.global_costmap]: StaticLayer: Resizing costmap to 110 X 108 at 0.040000 m/pix
[rviz2-11] [INFO] [1756907078.376996076] [rviz2]: Trying to create a map of size 110 x 108 using 1 swatches
[rviz2-11] [ERROR] [1756907132.588807359] [rviz2]: Lookup would require extrapolation into the future.  Requested time 1756907132.550503 but the latest data is at time 1756907132.520424, when looking up transform from frame [laser] to frame [map]
[rviz2-11] [INFO] [1756907173.385574359] [rviz2]: Trying to create a map of size 110 x 110 using 1 swatches
[controller_se