[INFO] [launch]: All log files can be found below /home/robot/.ros/log/2025-09-03-16-49-36-644948-robot-pc04-49528
[INFO] [launch]: Default logging verbosity is set to INFO
[INFO] [async_slam_toolbox_node-1]: process started with pid [49542]
[INFO] [controller_server-2]: process started with pid [49544]
[INFO] [smoother_server-3]: process started with pid [49546]
[INFO] [planner_server-4]: process started with pid [49548]
[INFO] [behavior_server-5]: process started with pid [49550]
[INFO] [bt_navigator-6]: process started with pid [49552]
[INFO] [waypoint_follower-7]: process started with pid [49554]
[INFO] [velocity_smoother-8]: process started with pid [49556]
[INFO] [lifecycle_manager-9]: process started with pid [49558]
[INFO] [explore-10]: process started with pid [49560]
[INFO] [rviz2-11]: process started with pid [49562]
[waypoint_follower-7] [INFO] [1756910976.754408640] [waypoint_follower]: 
[waypoint_follower-7] 	waypoint_follower lifecycle node launched. 
[waypoint_follower-7] 	Waiting on external lifecycle transitions to activate
[waypoint_follower-7] 	See https://design.ros2.org/articles/node_lifecycle.html for more information.
[waypoint_follower-7] [INFO] [1756910976.754777638] [waypoint_follower]: Creating
[async_slam_toolbox_node-1] [INFO] [1756910976.754784743] [slam]: Node using stack size 40000000
[smoother_server-3] [INFO] [1756910976.755425764] [smoother_server]: 
[smoother_server-3] 	smoother_server lifecycle node launched. 
[smoother_server-3] 	Waiting on external lifecycle transitions to activate
[smoother_server-3] 	See https://design.ros2.org/articles/node_lifecycle.html for more information.
[lifecycle_manager-9] [INFO] [1756910976.755771704] [lifecycle_manager_navigation]: Creating
[smoother_server-3] [INFO] [1756910976.756647623] [smoother_server]: Creating smoother server
[controller_server-2] [INFO] [1756910976.756755911] [controller_server]: 
[controller_server-2] 	controller_server lifecycle node launched. 
[controller_server-2] 	Waiting on external lifecycle transitions to activate
[controller_server-2] 	See https://design.ros2.org/articles/node_lifecycle.html for more information.
[lifecycle_manager-9] [INFO] [1756910976.757045335] [lifecycle_manager_navigation]: [34m[1mCreating and initializing lifecycle service clients[0m[0m
[bt_navigator-6] [INFO] [1756910976.757774829] [bt_navigator]: 
[bt_navigator-6] 	bt_navigator lifecycle node launched. 
[bt_navigator-6] 	Waiting on external lifecycle transitions to activate
[bt_navigator-6] 	See https://design.ros2.org/articles/node_lifecycle.html for more information.
[velocity_smoother-8] [INFO] [1756910976.757783599] [velocity_smoother]: 
[velocity_smoother-8] 	velocity_smoother lifecycle node launched. 
[velocity_smoother-8] 	Waiting on external lifecycle transitions to activate
[velocity_smoother-8] 	See https://design.ros2.org/articles/node_lifecycle.html for more information.
[bt_navigator-6] [INFO] [1756910976.757839737] [bt_navigator]: Creating
[explore-10] [INFO] [1756910976.758115749] [explore_node]: Waiting for costmap to become available, topic: map
[planner_server-4] [INFO] [1756910976.758407454] [planner_server]: 
[planner_server-4] 	planner_server lifecycle node launched. 
[planner_server-4] 	Waiting on external lifecycle transitions to activate
[planner_server-4] 	See https://design.ros2.org/articles/node_lifecycle.html for more information.
[controller_server-2] [INFO] [1756910976.758537008] [controller_server]: Creating controller server
[behavior_server-5] [INFO] [1756910976.758580120] [behavior_server]: 
[behavior_server-5] 	behavior_server lifecycle node launched. 
[behavior_server-5] 	Waiting on external lifecycle transitions to activate
[behavior_server-5] 	See https://design.ros2.org/articles/node_lifecycle.html for more information.
[planner_server-4] [INFO] [1756910976.759265652] [planner_server]: Creating
[lifecycle_manager-9] [INFO] [1756910976.761270550] [lifecycle_manager_navigation]: [34m[1mStarting managed nodes bringup...[0m[0m
[lifecycle_manager-9] [INFO] [1756910976.761298935] [lifecycle_manager_navigation]: [34m[1mConfiguring controller_server[0m[0m
[controller_server-2] [INFO] [1756910976.763077942] [local_costmap.local_costmap]: 
[controller_server-2] 	local_costmap lifecycle node launched. 
[controller_server-2] 	Waiting on external lifecycle transitions to activate
[controller_server-2] 	See https://design.ros2.org/articles/node_lifecycle.html for more information.
[controller_server-2] [INFO] [1756910976.763296225] [local_costmap.local_costmap]: Creating Costmap
[controller_server-2] [INFO] [1756910976.763809122] [controller_server]: Configuring controller interface
[controller_server-2] [INFO] [1756910976.763873627] [controller_server]: getting goal checker plugins..
[controller_server-2] [INFO] [1756910976.763923135] [controller_server]: Controller frequency set to 10.0000Hz
[controller_server-2] [INFO] [1756910976.763943658] [local_costmap.local_costmap]: Configuring
[planner_server-4] [INFO] [1756910976.765078520] [global_costmap.global_costmap]: 
[planner_server-4] 	global_costmap lifecycle node launched. 
[planner_server-4] 	Waiting on external lifecycle transitions to activate
[planner_server-4] 	See https://design.ros2.org/articles/node_lifecycle.html for more information.
[planner_server-4] [INFO] [1756910976.765442062] [global_costmap.global_costmap]: Creating Costmap
[controller_server-2] [INFO] [1756910976.766076200] [local_costmap.local_costmap]: Using plugin "static_layer"
[controller_server-2] [INFO] [1756910976.767625258] [local_costmap.local_costmap]: Subscribing to the map topic (/map) with transient local durability
[controller_server-2] [INFO] [1756910976.768077757] [local_costmap.local_costmap]: Initialized plugin "static_layer"
[controller_server-2] [INFO] [1756910976.768089567] [local_costmap.local_costmap]: Using plugin "obstacle_layer"
[controller_server-2] [INFO] [1756910976.768216405] [local_costmap.local_costmap]: Subscribed to Topics: scan
[controller_server-2] [INFO] [1756910976.769150545] [local_costmap.local_costmap]: Initialized plugin "obstacle_layer"
[controller_server-2] [INFO] [1756910976.769162354] [local_costmap.local_costmap]: Using plugin "inflation_layer"
[async_slam_toolbox_node-1] [INFO] [1756910976.769458604] [slam]: Using solver plugin solver_plugins::CeresSolver
[controller_server-2] [INFO] [1756910976.769585672] [local_costmap.local_costmap]: Initialized plugin "inflation_layer"
[async_slam_toolbox_node-1] [INFO] [1756910976.769599282] [slam]: CeresSolver: Using SCHUR_JACOBI preconditioner.
[controller_server-2] [INFO] [1756910976.772542845] [controller_server]: Created progress_checker : progress_checker of type nav2_controller::SimpleProgressChecker
[controller_server-2] [INFO] [1756910976.772777867] [controller_server]: Created goal checker : goal_checker of type nav2_controller::SimpleGoalChecker
[controller_server-2] [INFO] [1756910976.772848304] [controller_server]: Controller Server has goal_checker  goal checkers available.
[controller_server-2] [INFO] [1756910976.773062904] [controller_server]: Created controller : FollowPath of type nav2_regulated_pure_pursuit_controller::RegulatedPurePursuitController
[controller_server-2] [INFO] [1756910976.774046896] [controller_server]: Controller Server has FollowPath  controllers available.
[lifecycle_manager-9] [INFO] [1756910976.775900907] [lifecycle_manager_navigation]: [34m[1mConfiguring smoother_server[0m[0m
[smoother_server-3] [INFO] [1756910976.776008466] [smoother_server]: Configuring smoother server
[smoother_server-3] [INFO] [1756910976.779030642] [smoother_server]: Created smoother : simple_smoother of type nav2_smoother::SimpleSmoother
[smoother_server-3] [INFO] [1756910976.779152623] [smoother_server]: Smoother Server has simple_smoother  smoothers available.
[lifecycle_manager-9] [INFO] [1756910976.780616827] [lifecycle_manager_navigation]: [34m[1mConfiguring planner_server[0m[0m
[planner_server-4] [INFO] [1756910976.780714148] [planner_server]: Configuring
[planner_server-4] [INFO] [1756910976.780734075] [global_costmap.global_costmap]: Configuring
[planner_server-4] [INFO] [1756910976.782792326] [global_costmap.global_costmap]: Using plugin "static_layer"
[planner_server-4] [INFO] [1756910976.784209948] [global_costmap.global_costmap]: Subscribing to the map topic (/map) with transient local durability
[planner_server-4] [INFO] [1756910976.784636364] [global_costmap.global_costmap]: Initialized plugin "static_layer"
[planner_server-4] [INFO] [1756910976.784649045] [global_costmap.global_costmap]: Using plugin "obstacle_layer"
[planner_server-4] [INFO] [1756910976.784801148] [global_costmap.global_costmap]: Subscribed to Topics: scan
[planner_server-4] [INFO] [1756910976.785786119] [global_costmap.global_costmap]: Initialized plugin "obstacle_layer"
[planner_server-4] [INFO] [1756910976.785797809] [global_costmap.global_costmap]: Using plugin "inflation_layer"
[planner_server-4] [INFO] [1756910976.786073108] [global_costmap.global_costmap]: Initialized plugin "inflation_layer"
[planner_server-4] [INFO] [1756910976.788976144] [planner_server]: Created global planner plugin GridBased of type nav2_navfn_planner/NavfnPlanner
[planner_server-4] [INFO] [1756910976.789000546] [planner_server]: Configuring plugin GridBased of type NavfnPlanner
[planner_server-4] [INFO] [1756910976.789179682] [planner_server]: Planner Server has GridBased  planners available.
[lifecycle_manager-9] [INFO] [1756910976.791939578] [lifecycle_manager_navigation]: [34m[1mConfiguring behavior_server[0m[0m
[behavior_server-5] [INFO] [1756910976.792089621] [behavior_server]: Configuring
[behavior_server-5] [INFO] [1756910976.795038942] [behavior_server]: Creating behavior plugin spin of type nav2_behaviors/Spin
[behavior_server-5] [INFO] [1756910976.795428876] [behavior_server]: Configuring spin
[behavior_server-5] [INFO] [1756910976.797116761] [behavior_server]: Creating behavior plugin backup of type nav2_behaviors/BackUp
[behavior_server-5] [INFO] [1756910976.797465833] [behavior_server]: Configuring backup
[behavior_server-5] [INFO] [1756910976.798475955] [behavior_server]: Creating behavior plugin drive_on_heading of type nav2_behaviors/DriveOnHeading
[behavior_server-5] [INFO] [1756910976.798786780] [behavior_server]: Configuring drive_on_heading
[behavior_server-5] [INFO] [1756910976.799705846] [behavior_server]: Creating behavior plugin wait of type nav2_behaviors/Wait
[behavior_server-5] [INFO] [1756910976.799978875] [behavior_server]: Configuring wait
[behavior_server-5] [INFO] [1756910976.800943052] [behavior_server]: Creating behavior plugin assisted_teleop of type nav2_behaviors/AssistedTeleop
[behavior_server-5] [INFO] [1756910976.801649037] [behavior_server]: Configuring assisted_teleop
[lifecycle_manager-9] [INFO] [1756910976.803112915] [lifecycle_manager_navigation]: [34m[1mConfiguring bt_navigator[0m[0m
[bt_navigator-6] [INFO] [1756910976.803208743] [bt_navigator]: Configuring
[lifecycle_manager-9] [INFO] [1756910976.822676029] [lifecycle_manager_navigation]: [34m[1mConfiguring waypoint_follower[0m[0m
[waypoint_follower-7] [INFO] [1756910976.822804277] [waypoint_follower]: Configuring
[waypoint_follower-7] [INFO] [1756910976.830247046] [waypoint_follower]: Created waypoint_task_executor : wait_at_waypoint of type nav2_waypoint_follower::WaitAtWaypoint
[lifecycle_manager-9] [INFO] [1756910976.830743557] [lifecycle_manager_navigation]: [34m[1mConfiguring velocity_smoother[0m[0m
[velocity_smoother-8] [INFO] [1756910976.830846654] [velocity_smoother]: Configuring velocity smoother
[lifecycle_manager-9] [INFO] [1756910976.831899253] [lifecycle_manager_navigation]: [34m[1mActivating controller_server[0m[0m
[controller_server-2] [INFO] [1756910976.831971646] [controller_server]: Activating
[controller_server-2] [INFO] [1756910976.832007920] [local_costmap.local_costmap]: Activating
[controller_server-2] [INFO] [1756910976.832022082] [local_costmap.local_costmap]: Checking transform
[controller_server-2] [INFO] [1756910976.832043390] [local_costmap.local_costmap]: Timed out waiting for transform from base_link to odom to become available, tf error: Invalid frame ID "odom" passed to canTransform argument target_frame - frame does not exist
[rviz2-11] [INFO] [1756910977.162026150] [rviz2]: Stereo is NOT SUPPORTED
[rviz2-11] [INFO] [1756910977.162082279] [rviz2]: OpenGl version: 4.6 (GLSL 4.6)
[rviz2-11] [INFO] [1756910977.187763723] [rviz2]: Stereo is NOT SUPPORTED
[controller_server-2] [INFO] [1756910977.332101686] [local_costmap.local_costmap]: Timed out waiting for transform from base_link to odom to become available, tf error: Invalid frame ID "odom" passed to canTransform argument target_frame - frame does not exist
[controller_server-2] [INFO] [1756910977.832127821] [local_costmap.local_costmap]: Timed out waiting for transform from base_link to odom to become available, tf error: Invalid frame ID "odom" passed to canTransform argument target_frame - frame does not exist
[controller_server-2] [INFO] [1756910978.332140832] [local_costmap.local_costmap]: Timed out waiting for transform from base_link to odom to become available, tf error: Invalid frame ID "odom" passed to canTransform argument target_frame - frame does not exist
[controller_server-2] [INFO] [1756910978.832130686] [local_costmap.local_costmap]: Timed out waiting for transform from base_link to odom to become available, tf error: Invalid frame ID "odom" passed to canTransform argument target_frame - frame does not exist
[controller_server-2] [INFO] [1756910979.332135016] [local_costmap.local_costmap]: Timed out waiting for transform from base_link to odom to become available, tf error: Invalid frame ID "odom" passed to canTransform argument target_frame - frame does not exist
[controller_server-2] [INFO] [1756910979.832096377] [local_costmap.local_costmap]: Timed out waiting for transform from base_link to odom to become available, tf error: Invalid frame ID "odom" passed to canTransform argument target_frame - frame does not exist
[controller_server-2] [INFO] [1756910980.332125134] [local_costmap.local_costmap]: Timed out waiting for transform from base_link to odom to become available, tf error: Invalid frame ID "odom" passed to canTransform argument target_frame - frame does not exist
[controller_server-2] [INFO] [1756910980.832125608] [local_costmap.local_costmap]: Timed out waiting for transform from base_link to odom to become available, tf error: Invalid frame ID "odom" passed to canTransform argument target_frame - frame does not exist
[async_slam_toolbox_node-1] [WARN] [1756910981.065010324] [slam]: minimum laser range setting (0.0 m) exceeds the capabilities of the used Lidar (0.1 m)
[rviz2-11] [ERROR] [1756910981.306306052] [rviz2]: Lookup would require extrapolation into the future.  Requested time 1756910981.292463 but the latest data is at time 1756910981.266373, when looking up transform from frame [laser] to frame [map]
[controller_server-2] [INFO] [1756910981.332419242] [local_costmap.local_costmap]: start
[rviz2-11] [INFO] [1756910981.562847501] [rviz2]: Trying to create a map of size 100 x 100 using 1 swatches
[controller_server-2] [INFO] [1756910981.584395837] [controller_server]: Activating controller: FollowPath of type regulated_pure_pursuit_controller::RegulatedPurePursuitController
[controller_server-2] [INFO] [1756910981.584525828] [controller_server]: Creating bond (controller_server) to lifecycle manager.
[lifecycle_manager-9] [INFO] [1756910981.694055658] [lifecycle_manager_navigation]: Server controller_server connected with bond.
[lifecycle_manager-9] [INFO] [1756910981.694143112] [lifecycle_manager_navigation]: [34m[1mActivating smoother_server[0m[0m
[smoother_server-3] [INFO] [1756910981.694577295] [smoother_server]: Activating
[smoother_server-3] [INFO] [1756910981.694637757] [smoother_server]: Creating bond (smoother_server) to lifecycle manager.
[lifecycle_manager-9] [INFO] [1756910981.799413917] [lifecycle_manager_navigation]: Server smoother_server connected with bond.
[lifecycle_manager-9] [INFO] [1756910981.799525633] [lifecycle_manager_navigation]: [34m[1mActivating planner_server[0m[0m
[planner_server-4] [INFO] [1756910981.800174946] [planner_server]: Activating
[planner_server-4] [INFO] [1756910981.800272871] [global_costmap.global_costmap]: Activating
[planner_server-4] [INFO] [1756910981.800296083] [global_costmap.global_costmap]: Checking transform
[planner_server-4] [INFO] [1756910981.800465674] [global_costmap.global_costmap]: start
[controller_server-2] [INFO] [1756910982.774222082] [local_costmap.local_costmap]: StaticLayer: Resizing static layer to 91 X 94 at 0.040000 m/pix
[planner_server-4] [INFO] [1756910982.774257694] [global_costmap.global_costmap]: StaticLayer: Resizing costmap to 91 X 94 at 0.040000 m/pix
[rviz2-11] [INFO] [1756910982.780136677] [rviz2]: Trying to create a map of size 91 x 94 using 1 swatches
[rviz2-11] [INFO] [1756910982.811065520] [rviz2]: Trying to create a map of size 91 x 94 using 1 swatches
[planner_server-4] [INFO] [1756910982.852016468] [planner_server]: Activating plugin GridBased of type NavfnPlanner
[planner_server-4] [INFO] [1756910982.853837515] [planner_server]: Creating bond (planner_server) to lifecycle manager.
[lifecycle_manager-9] [INFO] [1756910982.961112191] [lifecycle_manager_navigation]: Server planner_server connected with bond.
[lifecycle_manager-9] [INFO] [1756910982.961224251] [lifecycle_manager_navigation]: [34m[1mActivating behavior_server[0m[0m
[behavior_server-5] [INFO] [1756910982.961958206] [behavior_server]: Activating
[behavior_server-5] [INFO] [1756910982.962041497] [behavior_server]: Activating spin
[behavior_server-5] [INFO] [1756910982.962088774] [behavior_server]: Activating backup
[behavior_server-5] [INFO] [1756910982.962125937] [behavior_server]: Activating drive_on_heading
[behavior_server-5] [INFO] [1756910982.962160735] [behavior_server]: Activating wait
[behavior_server-5] [INFO] [1756910982.962194261] [behavior_server]: Activating assisted_teleop
[behavior_server-5] [INFO] [1756910982.962238012] [behavior_server]: Creating bond (behavior_server) to lifecycle manager.
[lifecycle_manager-9] [INFO] [1756910983.070974204] [lifecycle_manager_navigation]: Server behavior_server connected with bond.
[lifecycle_manager-9] [INFO] [1756910983.071078692] [lifecycle_manager_navigation]: [34m[1mActivating bt_navigator[0m[0m
[bt_navigator-6] [INFO] [1756910983.071814800] [bt_navigator]: Activating
[bt_navigator-6] [INFO] [1756910983.110916863] [bt_navigator]: Creating bond (bt_navigator) to lifecycle manager.
[lifecycle_manager-9] [INFO] [1756910983.213053738] [lifecycle_manager_navigation]: Server bt_navigator connected with bond.
[lifecycle_manager-9] [INFO] [1756910983.213150939] [lifecycle_manager_navigation]: [34m[1mActivating waypoint_follower[0m[0m
[waypoint_follower-7] [INFO] [1756910983.213753438] [waypoint_follower]: Activating
[waypoint_follower-7] [INFO] [1756910983.213840997] [waypoint_follower]: Creating bond (waypoint_follower) to lifecycle manager.
[lifecycle_manager-9] [INFO] [1756910983.321585614] [lifecycle_manager_navigation]: Server waypoint_follower connected with bond.
[lifecycle_manager-9] [INFO] [1756910983.321694246] [lifecycle_manager_navigation]: [34m[1mActivating velocity_smoother[0m[0m
[velocity_smoother-8] [INFO] [1756910983.322423048] [velocity_smoother]: Activating
[velocity_smoother-8] [INFO] [1756910983.322592162] [velocity_smoother]: Creating bond (velocity_smoother) to lifecycle manager.
[lifecycle_manager-9] [INFO] [1756910983.431279195] [lifecycle_manager_navigation]: Server velocity_smoother connected with bond.
[lifecycle_manager-9] [INFO] [1756910983.431323347] [lifecycle_manager_navigation]: [34m[1mManaged nodes are active[0m[0m
[lifecycle_manager-9] [INFO] [1756910983.431329828] [lifecycle_manager_navigation]: [34m[1mCreating bond timer...[0m[0m
[explore-10] [INFO] [1756910984.779340670] [explore_node]: Waiting to connect to move_base nav2 server
[explore-10] [INFO] [1756910984.779717590] [explore_node]: Connected to move_base nav2 server
[explore-10] [INFO] [1756910984.779732664] [explore_node]: Getting initial pose of the robot
[bt_navigator-6] [INFO] [1756910984.870097123] [bt_navigator]: Begin navigating from current location (0.00, 0.00) to (-0.17, 1.28)
[controller_server-2] [INFO] [1756910984.891111149] [controller_server]: Received a goal, begin computing control effort.
[controller_server-2] [WARN] [1756910984.891204302] [controller_server]: No goal checker was specified in parameter 'current_goal_checker'. Server will use only plugin loaded goal_checker . This warning will appear once.
[controller_server-2] [INFO] [1756910985.991331204] [controller_server]: Passing new path to controller.
[controller_server-2] [INFO] [1756910986.991328052] [controller_server]: Passing new path to controller.
[controller_server-2] [INFO] [1756910987.991334027] [controller_server]: Passing new path to controller.
[controller_server-2] [INFO] [1756910989.091327858] [controller_server]: Passing new path to controller.
[controller_server-2] [INFO] [1756910990.091326473] [controller_server]: Passing new path to controller.
[rviz2-11] [INFO] [1756910990.781923228] [rviz2]: Trying to create a map of size 91 x 105 using 1 swatches
[planner_server-4] [INFO] [1756910990.800681962] [global_costmap.global_costmap]: StaticLayer: Resizing costmap to 91 X 105 at 0.040000 m/pix
[rviz2-11] [INFO] [1756910990.814105398] [rviz2]: Trying to create a map of size 91 x 105 using 1 swatches
[controller_server-2] [INFO] [1756910990.932694261] [local_costmap.local_costmap]: StaticLayer: Resizing static layer to 91 X 105 at 0.040000 m/pix
[controller_server-2] [INFO] [1756910991.091330729] [controller_server]: Passing new path to controller.
[bt_navigator-6] [INFO] [1756910991.500370038] [bt_navigator]: Received goal preemption request
[bt_navigator-6] [INFO] [1756910991.500827479] [bt_navigator]: Begin navigating from current location (-0.42, 0.44) to (1.00, 0.81)
[controller_server-2] [INFO] [1756910992.191397936] [controller_server]: Passing new path to controller.
[controller_server-2] [INFO] [1756910993.191331815] [controller_server]: Passing new path to controller.
[controller_server-2] [INFO] [1756910994.191396668] [controller_server]: Passing new path to controller.
[planner_server-4] [INFO] [1756910994.800660542] [global_costmap.global_costmap]: StaticLayer: Resizing costmap to 96 X 105 at 0.040000 m/pix
[rviz2-11] [INFO] [1756910994.813919076] [rviz2]: Trying to create a map of size 96 x 105 using 1 swatches
[rviz2-11] [INFO] [1756910994.814311454] [rviz2]: Trying to create a map of size 96 x 105 using 1 swatches
[controller_server-2] [INFO] [1756910994.932697103] [local_costmap.local_costmap]: StaticLayer: Resizing static layer to 96 X 105 at 0.040000 m/pix
[controller_server-2] [INFO] [1756910995.191340416] [controller_server]: Passing new path to controller.
[controller_server-2] [INFO] [1756910996.291407121] [controller_server]: Passing new path to controller.
[controller_server-2] [INFO] [1756910997.291333972] [controller_server]: Passing new path to controller.
[bt_navigator-6] [INFO] [1756910998.170316759] [bt_navigator]: Received goal preemption request
[bt_navigator-6] [INFO] [1756910998.170417956] [bt_navigator]: Begin navigating from current location (0.90, 0.91) to (1.57, -1.03)
[controller_server-2] [INFO] [1756910998.291408640] [controller_server]: Passing new path to controller.
[controller_server-2] [INFO] [1756910999.391326443] [controller_server]: Passing new path to controller.
[controller_server-2] [INFO] [1756911000.391328351] [controller_server]: Passing new path to controller.
[rviz2-11] [INFO] [1756911000.798662112] [rviz2]: Trying to create a map of size 96 x 107 using 1 swatches
[planner_server-4] [INFO] [1756911000.800635913] [global_costmap.global_costmap]: StaticLayer: Resizing costmap to 96 X 107 at 0.040000 m/pix
[controller_server-2] [INFO] [1756911000.932659529] [local_costmap.local_costmap]: StaticLayer: Resizing static layer to 96 X 107 at 0.040000 m/pix
[controller_server-2] [INFO] [1756911001.391409746] [controller_server]: Passing new path to controller.
[rviz2-11] [INFO] [1756911001.823501910] [rviz2]: Trying to create a map of size 96 x 107 using 1 swatches
[controller_server-2] [INFO] [1756911002.491334757] [controller_server]: Passing new path to controller.
[planner_server-4] [INFO] [1756911002.800666319] [global_costmap.global_costmap]: StaticLayer: Resizing costmap to 96 X 109 at 0.040000 m/pix
[rviz2-11] [INFO] [1756911002.813383785] [rviz2]: Trying to create a map of size 96 x 109 using 1 swatches
[rviz2-11] [INFO] [1756911002.813920292] [rviz2]: Trying to create a map of size 96 x 109 using 1 swatches
[controller_server-2] [INFO] [1756911002.932778012] [local_costmap.local_costmap]: StaticLayer: Resizing static layer to 96 X 109 at 0.040000 m/pix
[controller_server-2] [INFO] [1756911003.491388610] [controller_server]: Passing new path to controller.
[controller_server-2] [INFO] [1756911004.491320487] [controller_server]: Passing new path to controller.
[bt_navigator-6] [INFO] [1756911004.880322249] [bt_navigator]: Received goal preemption request
[bt_navigator-6] [INFO] [1756911004.880415758] [bt_navigator]: Begin navigating from current location (1.49, -0.57) to (1.17, -1.01)
[controller_server-2] [INFO] [1756911005.491333514] [controller_server]: Passing new path to controller.
[controller_server-2] [INFO] [1756911006.591402590] [controller_server]: Passing new path to controller.
[controller_server-2] [INFO] [1756911007.591333451] [controller_server]: Passing new path to controller.
[controller_server-2] [INFO] [1756911008.591334889] [controller_server]: Passing new path to controller.
[controller_server-2] [INFO] [1756911009.691340876] [controller_server]: Passing new path to controller.
[controller_server-2] [INFO] [1756911010.691398395] [controller_server]: Passing new path to controller.
[bt_navigator-6] [INFO] [1756911011.500333389] [bt_navigator]: Received goal preemption request
[bt_navigator-6] [INFO] [1756911011.500592857] [bt_navigator]: Begin navigating from current location (1.23, -0.97) to (2.24, 1.70)
[controller_server-2] [INFO] [1756911011.691316569] [controller_server]: Passing new path to controller.
[controller_server-2] [INFO] [1756911012.691338653] [controller_server]: Passing new path to controller.
[controller_server-2] [INFO] [1756911013.791393600] [controller_server]: Passing new path to controller.
[controller_server-2] [INFO] [1756911014.791334672] [controller_server]: Passing new path to controller.
[controller_server-2] [INFO] [1756911015.791331619] [controller_server]: Passing new path to controller.
[controller_server-2] [INFO] [1756911016.891398726] [controller_server]: Passing new path to controller.
[controller_server-2] [INFO] [1756911017.891313574] [controller_server]: Passing new path to controller.
[controller_server-2] [ERROR] [1756911018.191466129] [controller_server]: Failed to make progress
[controller_server-2] [WARN] [1756911018.191615576] [controller_server]: [follow_path] [ActionServer] Aborting handle.
[controller_server-2] [INFO] [1756911018.210596393] [local_costmap.local_costmap]: Received request to clear entirely the local_costmap
[controller_server-2] [INFO] [1756911018.212362087] [controller_server]: Received a goal, begin computing control effort.
[controller_server-2] [WARN] [1756911018.344547962] [controller_server]: Control loop missed its desired rate of 10.0000Hz
[controller_server-2] [INFO] [1756911018.912491993] [controller_server]: Passing new path to controller.
[controller_server-2] [WARN] [1756911019.614088894] [controller_server]: Control loop missed its desired rate of 10.0000Hz
[controller_server-2] [INFO] [1756911019.912529166] [controller_server]: Passing new path to controller.
[controller_server-2] [INFO] [1756911021.012594966] [controller_server]: Passing new path to controller.
[controller_server-2] [INFO] [1756911022.012508085] [controller_server]: Passing new path to controller.
[planner_server-4] [INFO] [1756911022.800663810] [global_costmap.global_costmap]: StaticLayer: Resizing costmap to 96 X 110 at 0.040000 m/pix
[rviz2-11] [INFO] [1756911022.815379791] [rviz2]: Trying to create a map of size 96 x 110 using 1 swatches
[rviz2-11] [INFO] [1756911022.815752549] [rviz2]: Trying to create a map of size 96 x 110 using 1 swatches
[controller_server-2] [INFO] [1756911022.932759649] [local_costmap.local_costmap]: StaticLayer: Resizing static layer to 96 X 110 at 0.040000 m/pix
[controller_server-2] [INFO] [1756911023.012549033] [controller_server]: Passing new path to controller.
[controller_server-2] [INFO] [1756911024.112547789] [controller_server]: Passing new path to controller.
[bt_navigator-6] [INFO] [1756911024.870350973] [bt_navigator]: Received goal preemption request
[bt_navigator-6] [INFO] [1756911024.870627273] [bt_navigator]: Begin navigating from current location (0.84, 1.11) to (2.20, 1.65)
[controller_server-2] [INFO] [1756911025.112520549] [controller_server]: Passing new path to controller.
[controller_server-2] [INFO] [1756911026.112614842] [controller_server]: Passing new path to controller.
[controller_server-2] [INFO] [1756911027.112504059] [controller_server]: Passing new path to controller.
[controller_server-2] [INFO] [1756911028.212591385] [controller_server]: Passing new path to controller.
[controller_server-2] [INFO] [1756911029.212508571] [controller_server]: Passing new path to controller.
[controller_server-2] [INFO] [1756911030.212627876] [controller_server]: Passing new path to controller.
[controller_server-2] [WARN] [1756911031.313749682] [controller_server]: Control loop missed its desired rate of 10.0000Hz
[controller_server-2] [INFO] [1756911031.313818603] [controller_server]: Passing new path to controller.
[bt_navigator-6] [INFO] [1756911031.500467235] [bt_navigator]: Received goal preemption request
[bt_navigator-6] [INFO] [1756911031.500796477] [bt_navigator]: Begin navigating from current location (2.14, 1.71) to (0.29, -1.02)
[controller_server-2] [WARN] [1756911032.113911738] [controller_server]: Control loop missed its desired rate of 10.0000Hz
[controller_server-2] [INFO] [1756911032.312516517] [controller_server]: Passing new path to controller.
[controller_server-2] [INFO] [1756911033.312514507] [controller_server]: Passing new path to controller.
[controller_server-2] [INFO] [1756911034.312515973] [controller_server]: Passing new path to controller.
[controller_server-2] [ERROR] [1756911034.913667689] [controller_server]: Exception in transformPose: Lookup would require extrapolation into the future.  Requested time 1756911034.716249 but the latest data is at time 1756911034.565047, when looking up transform from frame [odom] to frame [map]
[controller_server-2] [WARN] [1756911034.913783669] [controller_server]: Unable to transform robot pose into global plan's frame
[controller_server-2] [WARN] [1756911034.913954971] [controller_server]: Control loop missed its desired rate of 10.0000Hz
[controller_server-2] [ERROR] [1756911035.015087267] [controller_server]: Exception in transformPose: Lookup would require extrapolation into the future.  Requested time 1756911034.716249 but the latest data is at time 1756911034.565047, when looking up transform from frame [odom] to frame [map]
[controller_server-2] [WARN] [1756911035.015210443] [controller_server]: Unable to transform robot pose into global plan's frame
[controller_server-2] [WARN] [1756911035.015407830] [controller_server]: Control loop missed its desired rate of 10.0000Hz
[controller_server-2] [ERROR] [1756911035.119322010] [controller_server]: Exception in transformPose: Lookup would require extrapolation into the future.  Requested time 1756911034.716249 but the latest data is at time 1756911034.565047, when looking up transform from frame [odom] to frame [map]
[controller_server-2] [WARN] [1756911035.119507382] [controller_server]: Unable to transform robot pose into global plan's frame
[controller_server-2] [WARN] [1756911035.119700414] [controller_server]: Control loop missed its desired rate of 10.0000Hz
[controller_server-2] [ERROR] [1756911035.221736445] [controller_server]: Exception in transformPose: Lookup would require extrapolation into the future.  Requested time 1756911034.716249 but the latest data is at time 1756911034.565047, when looking up transform from frame [odom] to frame [map]
[controller_server-2] [WARN] [1756911035.221863508] [controller_server]: Unable to transform robot pose into global plan's frame
[controller_server-2] [WARN] [1756911035.222070402] [controller_server]: Control loop missed its desired rate of 10.0000Hz
[controller_server-2] [INFO] [1756911035.412521355] [controller_server]: Passing new path to controller.
[controller_server-2] [INFO] [1756911036.412518659] [controller_server]: Passing new path to controller.
[controller_server-2] [INFO] [1756911037.412494210] [controller_server]: Passing new path to controller.
[rviz2-11] [ERROR] [1756911038.240583400] [rviz2]: Lookup would require extrapolation into the future.  Requested time 1756911038.213581 but the latest data is at time 1756911038.166289, when looking up transform from frame [laser] to frame [map]
[controller_server-2] [INFO] [1756911038.512523407] [controller_server]: Passing new path to controller.
[controller_server-2] [INFO] [1756911039.512508324] [controller_server]: Passing new path to controller.
[controller_server-2] [ERROR] [1756911040.012603263] [controller_server]: Failed to make progress
[controller_server-2] [WARN] [1756911040.012743739] [controller_server]: [follow_path] [ActionServer] Aborting handle.
[controller_server-2] [INFO] [1756911040.030840523] [local_costmap.local_costmap]: Received request to clear entirely the local_costmap
[planner_server-4] [INFO] [1756911040.032851928] [global_costmap.global_costmap]: Received request to clear entirely the global_costmap
[rviz2-11] [INFO] [1756911040.799850503] [rviz2]: Trying to create a map of size 97 x 111 using 1 swatches
[planner_server-4] [INFO] [1756911040.800628095] [global_costmap.global_costmap]: StaticLayer: Resizing costmap to 97 X 111 at 0.040000 m/pix
[controller_server-2] [INFO] [1756911040.821123692] [controller_server]: Received a goal, begin computing control effort.
[controller_server-2] [INFO] [1756911040.932678852] [local_costmap.local_costmap]: StaticLayer: Resizing static layer to 97 X 111 at 0.040000 m/pix
[rviz2-11] [INFO] [1756911041.826570710] [rviz2]: Trying to create a map of size 97 x 111 using 1 swatches
[controller_server-2] [INFO] [1756911041.921334603] [controller_server]: Passing new path to controller.
[controller_server-2] [INFO] [1756911042.921334841] [controller_server]: Passing new path to controller.
[controller_server-2] [INFO] [1756911043.921336794] [controller_server]: Passing new path to controller.
[rviz2-11] [INFO] [1756911044.798419633] [rviz2]: Trying to create a map of size 98 x 111 using 1 swatches
[planner_server-4] [INFO] [1756911044.800614369] [global_costmap.global_costmap]: StaticLayer: Resizing costmap to 98 X 111 at 0.040000 m/pix
[controller_server-2] [INFO] [1756911044.932629667] [local_costmap.local_costmap]: StaticLayer: Resizing static layer to 98 X 111 at 0.040000 m/pix
[controller_server-2] [INFO] [1756911045.021353139] [controller_server]: Passing new path to controller.
[rviz2-11] [INFO] [1756911045.823768085] [rviz2]: Trying to create a map of size 98 x 111 using 1 swatches
[controller_server-2] [INFO] [1756911046.021332194] [controller_server]: Passing new path to controller.
[controller_server-2] [INFO] [1756911047.021337938] [controller_server]: Passing new path to controller.
[controller_server-2] [WARN] [1756911047.923591039] [controller_server]: Control loop missed its desired rate of 10.0000Hz
[controller_server-2] [INFO] [1756911048.121349465] [controller_server]: Passing new path to controller.
[controller_server-2] [INFO] [1756911049.121359471] [controller_server]: Passing new path to controller.
[controller_server-2] [INFO] [1756911050.121333250] [controller_server]: Passing new path to controller.
[controller_server-2] [INFO] [1756911051.121342675] [controller_server]: Passing new path to controller.
[controller_server-2] [INFO] [1756911052.221344258] [controller_server]: Passing new path to controller.
[controller_server-2] [INFO] [1756911053.221348871] [controller_server]: Passing new path to controller.
[controller_server-2] [INFO] [1756911054.221348044] [controller_server]: Passing new path to controller.
[controller_server-2] [INFO] [1756911055.321350507] [controller_server]: Passing new path to controller