[INFO] [launch]: All log files can be found below /home/robot/.ros/log/2025-09-03-19-08-56-158332-robot-pc04-70701
[INFO] [launch]: Default logging verbosity is set to INFO
[INFO] [async_slam_toolbox_node-1]: process started with pid [70714]
[INFO] [controller_server-2]: process started with pid [70716]
[INFO] [smoother_server-3]: process started with pid [70718]
[INFO] [planner_server-4]: process started with pid [70720]
[INFO] [behavior_server-5]: process started with pid [70722]
[INFO] [bt_navigator-6]: process started with pid [70724]
[INFO] [waypoint_follower-7]: process started with pid [70726]
[INFO] [velocity_smoother-8]: process started with pid [70728]
[INFO] [lifecycle_manager-9]: process started with pid [70730]
[INFO] [explore-10]: process started with pid [70732]
[INFO] [rviz2-11]: process started with pid [70734]
[planner_server-4] [INFO] [1756919336.268897090] [planner_server]: 
[planner_server-4] 	planner_server lifecycle node launched. 
[planner_server-4] 	Waiting on external lifecycle transitions to activate
[planner_server-4] 	See https://design.ros2.org/articles/node_lifecycle.html for more information.
[async_slam_toolbox_node-1] [INFO] [1756919336.269059582] [slam]: Node using stack size 40000000
[planner_server-4] [INFO] [1756919336.269765113] [planner_server]: Creating
[bt_navigator-6] [INFO] [1756919336.271156749] [bt_navigator]: 
[bt_navigator-6] 	bt_navigator lifecycle node launched. 
[bt_navigator-6] 	Waiting on external lifecycle transitions to activate
[bt_navigator-6] 	See https://design.ros2.org/articles/node_lifecycle.html for more information.
[bt_navigator-6] [INFO] [1756919336.271546138] [bt_navigator]: Creating
[controller_server-2] [INFO] [1756919336.271759866] [controller_server]: 
[controller_server-2] 	controller_server lifecycle node launched. 
[controller_server-2] 	Waiting on external lifecycle transitions to activate
[controller_server-2] 	See https://design.ros2.org/articles/node_lifecycle.html for more information.
[waypoint_follower-7] [INFO] [1756919336.271945800] [waypoint_follower]: 
[waypoint_follower-7] 	waypoint_follower lifecycle node launched. 
[waypoint_follower-7] 	Waiting on external lifecycle transitions to activate
[waypoint_follower-7] 	See https://design.ros2.org/articles/node_lifecycle.html for more information.
[waypoint_follower-7] [INFO] [1756919336.272201071] [waypoint_follower]: Creating
[velocity_smoother-8] [INFO] [1756919336.272287835] [velocity_smoother]: 
[velocity_smoother-8] 	velocity_smoother lifecycle node launched. 
[velocity_smoother-8] 	Waiting on external lifecycle transitions to activate
[velocity_smoother-8] 	See https://design.ros2.org/articles/node_lifecycle.html for more information.
[lifecycle_manager-9] [INFO] [1756919336.272573138] [lifecycle_manager_navigation]: Creating
[smoother_server-3] [INFO] [1756919336.272757385] [smoother_server]: 
[smoother_server-3] 	smoother_server lifecycle node launched. 
[smoother_server-3] 	Waiting on external lifecycle transitions to activate
[smoother_server-3] 	See https://design.ros2.org/articles/node_lifecycle.html for more information.
[smoother_server-3] [INFO] [1756919336.273387256] [smoother_server]: Creating smoother server
[lifecycle_manager-9] [INFO] [1756919336.273607000] [lifecycle_manager_navigation]: [34m[1mCreating and initializing lifecycle service clients[0m[0m
[controller_server-2] [INFO] [1756919336.273671867] [controller_server]: Creating controller server
[explore-10] [INFO] [1756919336.273831881] [explore_node]: Waiting for costmap to become available, topic: map
[behavior_server-5] [INFO] [1756919336.275531707] [behavior_server]: 
[behavior_server-5] 	behavior_server lifecycle node launched. 
[behavior_server-5] 	Waiting on external lifecycle transitions to activate
[behavior_server-5] 	See https://design.ros2.org/articles/node_lifecycle.html for more information.
[planner_server-4] [INFO] [1756919336.275804851] [global_costmap.global_costmap]: 
[planner_server-4] 	global_costmap lifecycle node launched. 
[planner_server-4] 	Waiting on external lifecycle transitions to activate
[planner_server-4] 	See https://design.ros2.org/articles/node_lifecycle.html for more information.
[planner_server-4] [INFO] [1756919336.276170337] [global_costmap.global_costmap]: Creating Costmap
[lifecycle_manager-9] [INFO] [1756919336.278740976] [lifecycle_manager_navigation]: [34m[1mStarting managed nodes bringup...[0m[0m
[lifecycle_manager-9] [INFO] [1756919336.278771476] [lifecycle_manager_navigation]: [34m[1mConfiguring controller_server[0m[0m
[controller_server-2] [INFO] [1756919336.279514188] [local_costmap.local_costmap]: 
[controller_server-2] 	local_costmap lifecycle node launched. 
[controller_server-2] 	Waiting on external lifecycle transitions to activate
[controller_server-2] 	See https://design.ros2.org/articles/node_lifecycle.html for more information.
[controller_server-2] [INFO] [1756919336.279759183] [local_costmap.local_costmap]: Creating Costmap
[controller_server-2] [INFO] [1756919336.280803247] [controller_server]: Configuring controller interface
[controller_server-2] [INFO] [1756919336.280851474] [controller_server]: getting goal checker plugins..
[controller_server-2] [INFO] [1756919336.280892914] [controller_server]: Controller frequency set to 10.0000Hz
[controller_server-2] [INFO] [1756919336.280907811] [local_costmap.local_costmap]: Configuring
[controller_server-2] [INFO] [1756919336.283546456] [local_costmap.local_costmap]: Using plugin "static_layer"
[controller_server-2] [INFO] [1756919336.286268454] [local_costmap.local_costmap]: Subscribing to the map topic (/map) with transient local durability
[controller_server-2] [INFO] [1756919336.287374649] [local_costmap.local_costmap]: Initialized plugin "static_layer"
[controller_server-2] [INFO] [1756919336.287396781] [local_costmap.local_costmap]: Using plugin "obstacle_layer"
[controller_server-2] [INFO] [1756919336.288050777] [local_costmap.local_costmap]: Subscribed to Topics: scan
[controller_server-2] [INFO] [1756919336.289868431] [local_costmap.local_costmap]: Initialized plugin "obstacle_layer"
[controller_server-2] [INFO] [1756919336.289888004] [local_costmap.local_costmap]: Using plugin "inflation_layer"
[controller_server-2] [INFO] [1756919336.290490603] [local_costmap.local_costmap]: Initialized plugin "inflation_layer"
[async_slam_toolbox_node-1] [INFO] [1756919336.291149000] [slam]: Using solver plugin solver_plugins::CeresSolver
[async_slam_toolbox_node-1] [INFO] [1756919336.291283249] [slam]: CeresSolver: Using SCHUR_JACOBI preconditioner.
[controller_server-2] [INFO] [1756919336.295654537] [controller_server]: Created progress_checker : progress_checker of type nav2_controller::SimpleProgressChecker
[controller_server-2] [INFO] [1756919336.296039978] [controller_server]: Created goal checker : goal_checker of type nav2_controller::SimpleGoalChecker
[controller_server-2] [INFO] [1756919336.296215443] [controller_server]: Controller Server has goal_checker  goal checkers available.
[controller_server-2] [INFO] [1756919336.296615693] [controller_server]: Created controller : FollowPath of type nav2_regulated_pure_pursuit_controller::RegulatedPurePursuitController
[controller_server-2] [INFO] [1756919336.298370234] [controller_server]: Controller Server has FollowPath  controllers available.
[lifecycle_manager-9] [INFO] [1756919336.301664779] [lifecycle_manager_navigation]: [34m[1mConfiguring smoother_server[0m[0m
[smoother_server-3] [INFO] [1756919336.301753245] [smoother_server]: Configuring smoother server
[smoother_server-3] [INFO] [1756919336.304740023] [smoother_server]: Created smoother : simple_smoother of type nav2_smoother::SimpleSmoother
[smoother_server-3] [INFO] [1756919336.304874858] [smoother_server]: Smoother Server has simple_smoother  smoothers available.
[lifecycle_manager-9] [INFO] [1756919336.306461999] [lifecycle_manager_navigation]: [34m[1mConfiguring planner_server[0m[0m
[planner_server-4] [INFO] [1756919336.306574416] [planner_server]: Configuring
[planner_server-4] [INFO] [1756919336.306598033] [global_costmap.global_costmap]: Configuring
[planner_server-4] [INFO] [1756919336.308754643] [global_costmap.global_costmap]: Using plugin "static_layer"
[planner_server-4] [INFO] [1756919336.310168106] [global_costmap.global_costmap]: Subscribing to the map topic (/map) with transient local durability
[planner_server-4] [INFO] [1756919336.310620075] [global_costmap.global_costmap]: Initialized plugin "static_layer"
[planner_server-4] [INFO] [1756919336.310631053] [global_costmap.global_costmap]: Using plugin "obstacle_layer"
[planner_server-4] [INFO] [1756919336.310741139] [global_costmap.global_costmap]: Subscribed to Topics: scan
[planner_server-4] [INFO] [1756919336.311623968] [global_costmap.global_costmap]: Initialized plugin "obstacle_layer"
[planner_server-4] [INFO] [1756919336.311633916] [global_costmap.global_costmap]: Using plugin "inflation_layer"
[planner_server-4] [INFO] [1756919336.311891768] [global_costmap.global_costmap]: Initialized plugin "inflation_layer"
[planner_server-4] [INFO] [1756919336.314746418] [planner_server]: Created global planner plugin GridBased of type nav2_navfn_planner/NavfnPlanner
[planner_server-4] [INFO] [1756919336.314766388] [planner_server]: Configuring plugin GridBased of type NavfnPlanner
[planner_server-4] [INFO] [1756919336.314925723] [planner_server]: Planner Server has GridBased  planners available.
[lifecycle_manager-9] [INFO] [1756919336.323843272] [lifecycle_manager_navigation]: [34m[1mConfiguring behavior_server[0m[0m
[behavior_server-5] [INFO] [1756919336.324039052] [behavior_server]: Configuring
[behavior_server-5] [INFO] [1756919336.327601140] [behavior_server]: Creating behavior plugin spin of type nav2_behaviors/Spin
[behavior_server-5] [INFO] [1756919336.328015054] [behavior_server]: Configuring spin
[behavior_server-5] [INFO] [1756919336.329573241] [behavior_server]: Creating behavior plugin backup of type nav2_behaviors/BackUp
[behavior_server-5] [INFO] [1756919336.329951837] [behavior_server]: Configuring backup
[behavior_server-5] [INFO] [1756919336.331017345] [behavior_server]: Creating behavior plugin drive_on_heading of type nav2_behaviors/DriveOnHeading
[behavior_server-5] [INFO] [1756919336.331337643] [behavior_server]: Configuring drive_on_heading
[behavior_server-5] [INFO] [1756919336.332539169] [behavior_server]: Creating behavior plugin wait of type nav2_behaviors/Wait
[behavior_server-5] [INFO] [1756919336.332866171] [behavior_server]: Configuring wait
[behavior_server-5] [INFO] [1756919336.335220179] [behavior_server]: Creating behavior plugin assisted_teleop of type nav2_behaviors/AssistedTeleop
[behavior_server-5] [INFO] [1756919336.337088533] [behavior_server]: Configuring assisted_teleop
[lifecycle_manager-9] [INFO] [1756919336.340353337] [lifecycle_manager_navigation]: [34m[1mConfiguring bt_navigator[0m[0m
[bt_navigator-6] [INFO] [1756919336.340527615] [bt_navigator]: Configuring
[lifecycle_manager-9] [INFO] [1756919336.356391799] [lifecycle_manager_navigation]: [34m[1mConfiguring waypoint_follower[0m[0m
[waypoint_follower-7] [INFO] [1756919336.356542297] [waypoint_follower]: Configuring
[waypoint_follower-7] [INFO] [1756919336.359910096] [waypoint_follower]: Created waypoint_task_executor : wait_at_waypoint of type nav2_waypoint_follower::WaitAtWaypoint
[lifecycle_manager-9] [INFO] [1756919336.360344332] [lifecycle_manager_navigation]: [34m[1mConfiguring velocity_smoother[0m[0m
[velocity_smoother-8] [INFO] [1756919336.360569232] [velocity_smoother]: Configuring velocity smoother
[lifecycle_manager-9] [INFO] [1756919336.362726786] [lifecycle_manager_navigation]: [34m[1mActivating controller_server[0m[0m
[controller_server-2] [INFO] [1756919336.362848042] [controller_server]: Activating
[controller_server-2] [INFO] [1756919336.362882971] [local_costmap.local_costmap]: Activating
[controller_server-2] [INFO] [1756919336.362895856] [local_costmap.local_costmap]: Checking transform
[controller_server-2] [INFO] [1756919336.362916954] [local_costmap.local_costmap]: Timed out waiting for transform from base_link to odom to become available, tf error: Invalid frame ID "odom" passed to canTransform argument target_frame - frame does not exist
[rviz2-11] [INFO] [1756919336.657076576] [rviz2]: Stereo is NOT SUPPORTED
[rviz2-11] [INFO] [1756919336.657135922] [rviz2]: OpenGl version: 4.6 (GLSL 4.6)
[rviz2-11] [INFO] [1756919336.685093371] [rviz2]: Stereo is NOT SUPPORTED
[controller_server-2] [INFO] [1756919336.863047690] [local_costmap.local_costmap]: Timed out waiting for transform from base_link to odom to become available, tf error: Invalid frame ID "odom" passed to canTransform argument target_frame - frame does not exist
[controller_server-2] [INFO] [1756919337.363050165] [local_costmap.local_costmap]: Timed out waiting for transform from base_link to odom to become available, tf error: Invalid frame ID "odom" passed to canTransform argument target_frame - frame does not exist
[controller_server-2] [INFO] [1756919337.863104034] [local_costmap.local_costmap]: Timed out waiting for transform from base_link to odom to become available, tf error: Invalid frame ID "odom" passed to canTransform argument target_frame - frame does not exist
[controller_server-2] [INFO] [1756919338.363006293] [local_costmap.local_costmap]: Timed out waiting for transform from base_link to odom to become available, tf error: Invalid frame ID "odom" passed to canTransform argument target_frame - frame does not exist
[controller_server-2] [INFO] [1756919338.863054024] [local_costmap.local_costmap]: Timed out waiting for transform from base_link to odom to become available, tf error: Invalid frame ID "odom" passed to canTransform argument target_frame - frame does not exist
[controller_server-2] [INFO] [1756919339.363000333] [local_costmap.local_costmap]: Timed out waiting for transform from base_link to odom to become available, tf error: Invalid frame ID "odom" passed to canTransform argument target_frame - frame does not exist
[controller_server-2] [INFO] [1756919339.863100264] [local_costmap.local_costmap]: Timed out waiting for transform from base_link to odom to become available, tf error: Invalid frame ID "odom" passed to canTransform argument target_frame - frame does not exist
[controller_server-2] [INFO] [1756919340.363061055] [local_costmap.local_costmap]: Timed out waiting for transform from base_link to odom to become available, tf error: Invalid frame ID "odom" passed to canTransform argument target_frame - frame does not exist
[controller_server-2] [INFO] [1756919340.862993667] [local_costmap.local_costmap]: Timed out waiting for transform from base_link to odom to become available, tf error: Invalid frame ID "odom" passed to canTransform argument target_frame - frame does not exist
[controller_server-2] [INFO] [1756919341.363066869] [local_costmap.local_costmap]: Timed out waiting for transform from base_link to odom to become available, tf error: Invalid frame ID "odom" passed to canTransform argument target_frame - frame does not exist
[controller_server-2] [INFO] [1756919341.863073683] [local_costmap.local_costmap]: Timed out waiting for transform from base_link to odom to become available, tf error: Invalid frame ID "odom" passed to canTransform argument target_frame - frame does not exist
[controller_server-2] [INFO] [1756919342.363063242] [local_costmap.local_costmap]: Timed out waiting for transform from base_link to odom to become available, tf error: Invalid frame ID "odom" passed to canTransform argument target_frame - frame does not exist
[controller_server-2] [INFO] [1756919342.863059702] [local_costmap.local_costmap]: Timed out waiting for transform from base_link to odom to become available, tf error: Invalid frame ID "odom" passed to canTransform argument target_frame - frame does not exist
[controller_server-2] [INFO] [1756919343.363065163] [local_costmap.local_costmap]: Timed out waiting for transform from base_link to odom to become available, tf error: Invalid frame ID "odom" passed to canTransform argument target_frame - frame does not exist
[controller_server-2] [INFO] [1756919343.862987131] [local_costmap.local_costmap]: Timed out waiting for transform from base_link to odom to become available, tf error: Invalid frame ID "odom" passed to canTransform argument target_frame - frame does not exist
[controller_server-2] [INFO] [1756919344.363062948] [local_costmap.local_costmap]: Timed out waiting for transform from base_link to odom to become available, tf error: Invalid frame ID "odom" passed to canTransform argument target_frame - frame does not exist
[controller_server-2] [INFO] [1756919344.863065579] [local_costmap.local_costmap]: Timed out waiting for transform from base_link to odom to become available, tf error: Invalid frame ID "odom" passed to canTransform argument target_frame - frame does not exist
[controller_server-2] [INFO] [1756919345.362995378] [local_costmap.local_costmap]: Timed out waiting for transform from base_link to odom to become available, tf error: Invalid frame ID "odom" passed to canTransform argument target_frame - frame does not exist
[controller_server-2] [INFO] [1756919345.863067928] [local_costmap.local_costmap]: Timed out waiting for transform from base_link to odom to become available, tf error: Invalid frame ID "odom" passed to canTransform argument target_frame - frame does not exist
[controller_server-2] [INFO] [1756919346.363119118] [local_costmap.local_costmap]: start
[controller_server-2] [INFO] [1756919346.564737932] [controller_server]: Activating controller: FollowPath of type regulated_pure_pursuit_controller::RegulatedPurePursuitController
[controller_server-2] [INFO] [1756919346.564841902] [controller_server]: Creating bond (controller_server) to lifecycle manager.
[lifecycle_manager-9] [INFO] [1756919346.673772880] [lifecycle_manager_navigation]: Server controller_server connected with bond.
[lifecycle_manager-9] [INFO] [1756919346.673880304] [lifecycle_manager_navigation]: [34m[1mActivating smoother_server[0m[0m
[smoother_server-3] [INFO] [1756919346.674512369] [smoother_server]: Activating
[smoother_server-3] [INFO] [1756919346.674620383] [smoother_server]: Creating bond (smoother_server) to lifecycle manager.
[lifecycle_manager-9] [INFO] [1756919346.781989887] [lifecycle_manager_navigation]: Server smoother_server connected with bond.
[lifecycle_manager-9] [INFO] [1756919346.782086254] [lifecycle_manager_navigation]: [34m[1mActivating planner_server[0m[0m
[planner_server-4] [INFO] [1756919346.782526810] [planner_server]: Activating
[planner_server-4] [INFO] [1756919346.782624055] [global_costmap.global_costmap]: Activating
[planner_server-4] [INFO] [1756919346.782648831] [global_costmap.global_costmap]: Checking transform
[planner_server-4] [INFO] [1756919346.782694985] [global_costmap.global_costmap]: Timed out waiting for transform from base_link to map to become available, tf error: Invalid frame ID "map" passed to canTransform argument target_frame - frame does not exist
[planner_server-4] [INFO] [1756919347.282758687] [global_costmap.global_costmap]: Timed out waiting for transform from base_link to map to become available, tf error: Invalid frame ID "map" passed to canTransform argument target_frame - frame does not exist
[planner_server-4] [INFO] [1756919347.782828763] [global_costmap.global_costmap]: Timed out waiting for transform from base_link to map to become available, tf error: Invalid frame ID "map" passed to canTransform argument target_frame - frame does not exist
[planner_server-4] [INFO] [1756919348.282748419] [global_costmap.global_costmap]: Timed out waiting for transform from base_link to map to become available, tf error: Invalid frame ID "map" passed to canTransform argument target_frame - frame does not exist
[controller_server-2] [WARN] [1756919348.363393545] [local_costmap.local_costmap]: Can't update static costmap layer, no map received
[planner_server-4] [INFO] [1756919348.782745588] [global_costmap.global_costmap]: Timed out waiting for transform from base_link to map to become available, tf error: Invalid frame ID "map" passed to canTransform argument target_frame - frame does not exist
[planner_server-4] [INFO] [1756919349.282759862] [global_costmap.global_costmap]: Timed out waiting for transform from base_link to map to become available, tf error: Invalid frame ID "map" passed to canTransform argument target_frame - frame does not exist
[planner_server-4] [INFO] [1756919349.782754586] [global_costmap.global_costmap]: Timed out waiting for transform from base_link to map to become available, tf error: Invalid frame ID "map" passed to canTransform argument target_frame - frame does not exist
[planner_server-4] [INFO] [1756919350.282748597] [global_costmap.global_costmap]: Timed out waiting for transform from base_link to map to become available, tf error: Invalid frame ID "map" passed to canTransform argument target_frame - frame does not exist
[controller_server-2] [WARN] [1756919350.363980004] [local_costmap.local_costmap]: Can't update static costmap layer, no map received
[planner_server-4] [INFO] [1756919350.782765372] [global_costmap.global_costmap]: Timed out waiting for transform from base_link to map to become available, tf error: Invalid frame ID "map" passed to canTransform argument target_frame - frame does not exist
[planner_server-4] [INFO] [1756919351.282822306] [global_costmap.global_costmap]: Timed out waiting for transform from base_link to map to become available, tf error: Invalid frame ID "map" passed to canTransform argument target_frame - frame does not exist
[planner_server-4] [INFO] [1756919351.782828836] [global_costmap.global_costmap]: Timed out waiting for transform from base_link to map to become available, tf error: Invalid frame ID "map" passed to canTransform argument target_frame - frame does not exist
[planner_server-4] [INFO] [1756919352.282762650] [global_costmap.global_costmap]: Timed out waiting for transform from base_link to map to become available, tf error: Invalid frame ID "map" passed to canTransform argument target_frame - frame does not exist
[controller_server-2] [WARN] [1756919352.364025960] [local_costmap.local_costmap]: Can't update static costmap layer, no map received
[planner_server-4] [INFO] [1756919352.782759519] [global_costmap.global_costmap]: Timed out waiting for transform from base_link to map to become available, tf error: Invalid frame ID "map" passed to canTransform argument target_frame - frame does not exist
[async_slam_toolbox_node-1] [WARN] [1756919353.040816379] [slam]: minimum laser range setting (0.0 m) exceeds the capabilities of the used Lidar (0.1 m)
[rviz2-11] [INFO] [1756919353.199193715] [rviz2]: Trying to create a map of size 100 x 100 using 1 swatches
[planner_server-4] [INFO] [1756919353.282971351] [global_costmap.global_costmap]: start
[planner_server-4] [INFO] [1756919354.284506789] [planner_server]: Activating plugin GridBased of type NavfnPlanner
[planner_server-4] [INFO] [1756919354.286369436] [planner_server]: Creating bond (planner_server) to lifecycle manager.
[planner_server-4] [INFO] [1756919354.296550027] [global_costmap.global_costmap]: StaticLayer: Resizing costmap to 38 X 104 at 0.040000 m/pix
[controller_server-2] [INFO] [1756919354.296593214] [local_costmap.local_costmap]: StaticLayer: Resizing static layer to 38 X 104 at 0.040000 m/pix
[rviz2-11] [INFO] [1756919354.315453774] [rviz2]: Trying to create a map of size 38 x 104 using 1 swatches
[rviz2-11] [INFO] [1756919354.315992993] [rviz2]: Trying to create a map of size 100 x 100 using 1 swatches
[lifecycle_manager-9] [INFO] [1756919354.394070916] [lifecycle_manager_navigation]: Server planner_server connected with bond.
[lifecycle_manager-9] [INFO] [1756919354.394189377] [lifecycle_manager_navigation]: [34m[1mActivating behavior_server[0m[0m
[behavior_server-5] [INFO] [1756919354.395022801] [behavior_server]: Activating
[behavior_server-5] [INFO] [1756919354.395109726] [behavior_server]: Activating spin
[behavior_server-5] [INFO] [1756919354.395153611] [behavior_server]: Activating backup
[behavior_server-5] [INFO] [1756919354.395187613] [behavior_server]: Activating drive_on_heading
[behavior_server-5] [INFO] [1756919354.395220801] [behavior_server]: Activating wait
[behavior_server-5] [INFO] [1756919354.395253265] [behavior_server]: Activating assisted_teleop
[behavior_server-5] [INFO] [1756919354.395295097] [behavior_server]: Creating bond (behavior_server) to lifecycle manager.
[lifecycle_manager-9] [INFO] [1756919354.505080965] [lifecycle_manager_navigation]: Server behavior_server connected with bond.
[lifecycle_manager-9] [INFO] [1756919354.505200583] [lifecycle_manager_navigation]: [34m[1mActivating bt_navigator[0m[0m
[bt_navigator-6] [INFO] [1756919354.505894670] [bt_navigator]: Activating
[bt_navigator-6] [INFO] [1756919354.541370753] [bt_navigator]: Creating bond (bt_navigator) to lifecycle manager.
[lifecycle_manager-9] [INFO] [1756919354.643555200] [lifecycle_manager_navigation]: Server bt_navigator connected with bond.
[lifecycle_manager-9] [INFO] [1756919354.643673193] [lifecycle_manager_navigation]: [34m[1mActivating waypoint_follower[0m[0m
[waypoint_follower-7] [INFO] [1756919354.644400587] [waypoint_follower]: Activating
[waypoint_follower-7] [INFO] [1756919354.644511478] [waypoint_follower]: Creating bond (waypoint_follower) to lifecycle manager.
[lifecycle_manager-9] [INFO] [1756919354.753828373] [lifecycle_manager_navigation]: Server waypoint_follower connected with bond.
[lifecycle_manager-9] [INFO] [1756919354.753932508] [lifecycle_manager_navigation]: [34m[1mActivating velocity_smoother[0m[0m
[velocity_smoother-8] [INFO] [1756919354.754513033] [velocity_smoother]: Activating
[velocity_smoother-8] [INFO] [1756919354.754640163] [velocity_smoother]: Creating bond (velocity_smoother) to lifecycle manager.
[lifecycle_manager-9] [INFO] [1756919354.863300260] [lifecycle_manager_navigation]: Server velocity_smoother connected with bond.
[lifecycle_manager-9] [INFO] [1756919354.863422501] [lifecycle_manager_navigation]: [34m[1mManaged nodes are active[0m[0m
[lifecycle_manager-9] [INFO] [1756919354.863467461] [lifecycle_manager_navigation]: [34m[1mCreating bond timer...[0m[0m
[rviz2-11] [INFO] [1756919355.307654847] [rviz2]: Trying to create a map of size 38 x 104 using 1 swatches
[explore-10] [INFO] [1756919356.301407692] [explore_node]: Waiting to connect to move_base nav2 server
[explore-10] [INFO] [1756919356.301899260] [explore_node]: Connected to move_base nav2 server
[explore-10] [INFO] [1756919356.301926311] [explore_node]: Getting initial pose of the robot
[explore-10] [ERROR] [1756919356.606711535] [explore_node]: Extrapolation Error looking up robot pose: Lookup would require extrapolation into the future.  Requested time 1756919356.302048 but the latest data is at time 1756919355.107250, when looking up transform from frame [base_link] to frame [map]
[explore-10] 
[explore-10] [ERROR] [1756919356.606815875] [explore_node]: [FrontierSearch] Robot out of costmap bounds, cannot search for frontiers
[explore-10] [WARN] [1756919356.606835440] [explore_node]: No frontiers found, stopping.
[explore-10] [INFO] [1756919356.725544833] [map_saver]: 
[explore-10] 	map_saver lifecycle node launched. 
[explore-10] 	Waiting on external lifecycle transitions to activate
[explore-10] 	See https://design.ros2.org/articles/node_lifecycle.html for more information.
[explore-10] [INFO] [1756919356.725622491] [map_saver]: Creating
[explore-10] [INFO] [1756919356.725671845] [map_saver]: Configuring
[explore-10] [INFO] [1756919356.726347206] [map_saver]: Saving map from 'map' topic to '/home/robot/Documents/map' file
[explore-10] [WARN] [1756919356.726361174] [map_saver]: Free threshold unspecified. Setting it to default value: 0.250000
[explore-10] [WARN] [1756919356.726368624] [map_saver]: Occupied threshold unspecified. Setting it to default value: 0.650000
[explore-10] [WARN] [1756919357.343046543] [map_io]: Image format unspecified. Setting it to: pgm
[explore-10] [INFO] [1756919357.343180121] [map_io]: Received a 38 X 104 map @ 0.04 m/pix
[explore-10] [INFO] [1756919357.411147925] [map_io]: Writing map occupancy data to /home/robot/Documents/map.pgm
[explore-10] [INFO] [1756919357.411817518] [map_io]: Writing map metadata to /home/robot/Documents/map.yaml
[explore-10] [INFO] [1756919357.411925448] [map_io]: Map saved
[explore-10] [INFO] [1756919357.411937599] [map_saver]: Map saved successfully
[explore-10] [INFO] [1756919357.430409486] [map_saver]: Destroying
[explore-10] [INFO] [1756919357.571794344] [explore_node]: Map saved successfully.
[explore-10] [INFO] [1756919357.571828812] [explore_node]: Exploration stopped.
[explore-10] [INFO] [1756919357.571894331] [explore_node]: Returning to initial pose.
[bt_navigator-6] [INFO] [1756919357.572325873] [bt_navigator]: Begin navigating from current location (2.16, 3.27) to (2.16, 3.27)
[controller_server-2] [INFO] [1756919357.593208293] [controller_server]: Received a goal, begin computing control effort.
[controller_server-2] [WARN] [1756919357.593345517] [controller_server]: No goal checker was specified in parameter 'current_goal_checker'. Server will use only plugin loaded goal_checker . This warning will appear once.
[controller_server-2] [ERROR] [1756919357.694772850] [controller_server]: Exception in transformPose: Lookup would require extrapolation into the future.  Requested time 1756919357.507285 but the latest data is at time 1756919353.435993, when looking up transform from frame [odom] to frame [map]
[controller_server-2] [WARN] [1756919357.694938482] [controller_server]: Unable to transform robot pose into global plan's frame
[controller_server-2] [ERROR] [1756919357.695257037] [tf_help]: Transform data too old when converting from map to odom
[controller_server-2] [ERROR] [1756919357.695272995] [tf_help]: Data time: 1756919357s 572651935ns, Transform time: 1756919353s 435992718ns
[controller_server-2] [WARN] [1756919357.695290871] [controller_server]: Control loop missed its desired rate of 10.0000Hz
[controller_server-2] [ERROR] [1756919357.796638935] [controller_server]: Exception in transformPose: Lookup would require extrapolation into the future.  Requested time 1756919357.557261 but the latest data is at time 1756919353.435993, when looking up transform from frame [odom] to frame [map]
[controller_server-2] [WARN] [1756919357.796764936] [controller_server]: Unable to transform robot pose into global plan's frame
[controller_server-2] [ERROR] [1756919357.796985036] [tf_help]: Transform data too old when converting from map to odom
[controller_server-2] [ERROR] [1756919357.796998684] [tf_help]: Data time: 1756919357s 572651935ns, Transform time: 1756919353s 435992718ns
[controller_server-2] [WARN] [1756919357.797014467] [controller_server]: Control loop missed its desired rate of 10.0000Hz
[controller_server-2] [ERROR] [1756919357.899929013] [controller_server]: Exception in transformPose: Lookup would require extrapolation into the future.  Requested time 1756919357.557261 but the latest data is at time 1756919353.435993, when looking up transform from frame [odom] to frame [map]
[controller_server-2] [WARN] [1756919357.900054620] [controller_server]: Unable to transform robot pose into global plan's frame
[controller_server-2] [ERROR] [1756919357.900289370] [tf_help]: Transform data too old when converting from map to odom
[controller_server-2] [ERROR] [1756919357.900303898] [tf_help]: Data time: 1756919357s 572651935ns, Transform time: 1756919353s 435992718ns
[controller_server-2] [WARN] [1756919357.900320752] [controller_server]: Control loop missed its desired rate of 10.0000Hz
[controller_server-2] [ERROR] [1756919358.002332176] [controller_server]: Exception in transformPose: Lookup would require extrapolation into the future.  Requested time 1756919357.557261 but the latest data is at time 1756919353.435993, when looking up transform from frame [odom] to frame [map]
[controller_server-2] [WARN] [1756919358.002486635] [controller_server]: Unable to transform robot pose into global plan's frame
[controller_server-2] [ERROR] [1756919358.002814849] [tf_help]: Transform data too old when converting from map to odom
[controller_server-2] [ERROR] [1756919358.002844156] [tf_help]: Data time: 1756919357s 572651935ns, Transform time: 1756919353s 435992718ns
[controller_server-2] [WARN] [1756919358.002868321] [controller_server]: Control loop missed its desired rate of 10.0000Hz
[controller_server-2] [ERROR] [1756919358.106755816] [controller_server]: Exception in transformPose: Lookup would require extrapolation into the future.  Requested time 1756919357.557261 but the latest data is at time 1756919353.435993, when looking up transform from frame [odom] to frame [map]
[controller_server-2] [WARN] [1756919358.106887721] [controller_server]: Unable to transform robot pose into global plan's frame
[controller_server-2] [ERROR] [1756919358.107120651] [tf_help]: Transform data too old when converting from map to odom
[controller_server-2] [ERROR] [1756919358.107135302] [tf_help]: Data time: 1756919357s 572651935ns, Transform time: 1756919353s 435992718ns
[controller_server-2] [WARN] [1756919358.107152034] [controller_server]: Control loop missed its desired rate of 10.0000Hz
[controller_server-2] [ERROR] [1756919358.208722369] [controller_server]: Exception in transformPose: Lookup would require extrapolation into the future.  Requested time 1756919357.557261 but the latest data is at time 1756919353.435993, when looking up transform from frame [odom] to frame [map]
[controller_server-2] [WARN] [1756919358.208791914] [controller_server]: Unable to transform robot pose into global plan's frame
[controller_server-2] [ERROR] [1756919358.208927648] [tf_help]: Transform data too old when converting from map to odom
[controller_server-2] [ERROR] [1756919358.208934628] [tf_help]: Data time: 1756919357s 572651935ns, Transform time: 1756919353s 435992718ns
[controller_server-2] [WARN] [1756919358.208942593] [controller_server]: Control loop missed its desired rate of 10.0000Hz
[controller_server-2] [ERROR] [1756919358.310553207] [controller_server]: Exception in transformPose: Lookup would require extrapolation into the future.  Requested time 1756919357.557261 but the latest data is at time 1756919353.435993, when looking up transform from frame [odom] to frame [map]
[controller_server-2] [WARN] [1756919358.310675187] [controller_server]: Unable to transform robot pose into global plan's frame
[controller_server-2] [ERROR] [1756919358.310894911] [tf_help]: Transform data too old when converting from map to odom
[controller_server-2] [ERROR] [1756919358.310909690] [tf_help]: Data time: 1756919357s 572651935ns, Transform time: 1756919353s 435992718ns
[controller_server-2] [WARN] [1756919358.310925231] [controller_server]: Control loop missed its desired rate of 10.0000Hz
[controller_server-2] [ERROR] [1756919358.411896997] [controller_server]: Exception in transformPose: Lookup would require extrapolation into the future.  Requested time 1756919357.557261 but the latest data is at time 1756919353.435993, when looking up transform from frame [odom] to frame [map]
[controller_server-2] [WARN] [1756919358.411997832] [controller_server]: Unable to transform robot pose into global plan's frame
[controller_server-2] [ERROR] [1756919358.412187684] [tf_help]: Transform data too old when converting from map to odom
[controller_server-2] [ERROR] [1756919358.412200158] [tf_help]: Data time: 1756919357s 572651935ns, Transform time: 1756919353s 435992718ns
[controller_server-2] [WARN] [1756919358.412215305] [controller_server]: Control loop missed its desired rate of 10.0000Hz
[controller_server-2] [ERROR] [1756919358.515352250] [controller_server]: Exception in transformPose: Lookup would require extrapolation into the future.  Requested time 1756919357.557261 but the latest data is at time 1756919353.435993, when looking up transform from frame [odom] to frame [map]
[controller_server-2] [WARN] [1756919358.515483138] [controller_server]: Unable to transform robot pose into global plan's frame
[controller_server-2] [ERROR] [1756919358.515706527] [tf_help]: Transform data too old when converting from map to odom
[controller_server-2] [ERROR] [1756919358.515721308] [tf_help]: Data time: 1756919357s 572651935ns, Transform time: 1756919353s 435992718ns
[controller_server-2] [WARN] [1756919358.515737908] [controller_server]: Control loop missed its desired rate of 10.0000Hz
[controller_server-2] [INFO] [1756919358.536329978] [controller_server]: Reached the goal!
[bt_navigator-6] [INFO] [175691935