[INFO] [launch]: All log files can be found below /home/robot/.ros/log/2025-09-05-20-49-12-952421-robot-pc04-50724
[INFO] [launch]: Default logging verbosity is set to INFO
[INFO] [async_slam_toolbox_node-1]: process started with pid [50738]
[INFO] [controller_server-2]: process started with pid [50740]
[INFO] [smoother_server-3]: process started with pid [50742]
[INFO] [planner_server-4]: process started with pid [50744]
[INFO] [behavior_server-5]: process started with pid [50746]
[INFO] [bt_navigator-6]: process started with pid [50748]
[INFO] [waypoint_follower-7]: process started with pid [50750]
[INFO] [velocity_smoother-8]: process started with pid [50752]
[INFO] [lifecycle_manager-9]: process started with pid [50754]
[INFO] [explore-10]: process started with pid [50756]
[INFO] [rviz2-11]: process started with pid [50758]
[async_slam_toolbox_node-1] [INFO] [1757098153.057234298] [slam]: Node using stack size 40000000
[lifecycle_manager-9] [INFO] [1757098153.060462781] [lifecycle_manager_navigation]: Creating
[lifecycle_manager-9] [INFO] [1757098153.061576454] [lifecycle_manager_navigation]: [34m[1mCreating and initializing lifecycle service clients[0m[0m
[waypoint_follower-7] [INFO] [1757098153.063600782] [waypoint_follower]: 
[waypoint_follower-7] 	waypoint_follower lifecycle node launched. 
[waypoint_follower-7] 	Waiting on external lifecycle transitions to activate
[waypoint_follower-7] 	See https://design.ros2.org/articles/node_lifecycle.html for more information.
[velocity_smoother-8] [INFO] [1757098153.063932744] [velocity_smoother]: 
[velocity_smoother-8] 	velocity_smoother lifecycle node launched. 
[velocity_smoother-8] 	Waiting on external lifecycle transitions to activate
[velocity_smoother-8] 	See https://design.ros2.org/articles/node_lifecycle.html for more information.
[waypoint_follower-7] [INFO] [1757098153.064079141] [waypoint_follower]: Creating
[behavior_server-5] [INFO] [1757098153.064352200] [behavior_server]: 
[behavior_server-5] 	behavior_server lifecycle node launched. 
[behavior_server-5] 	Waiting on external lifecycle transitions to activate
[behavior_server-5] 	See https://design.ros2.org/articles/node_lifecycle.html for more information.
[smoother_server-3] [INFO] [1757098153.064832829] [smoother_server]: 
[smoother_server-3] 	smoother_server lifecycle node launched. 
[smoother_server-3] 	Waiting on external lifecycle transitions to activate
[smoother_server-3] 	See https://design.ros2.org/articles/node_lifecycle.html for more information.
[controller_server-2] [INFO] [1757098153.065348244] [controller_server]: 
[controller_server-2] 	controller_server lifecycle node launched. 
[controller_server-2] 	Waiting on external lifecycle transitions to activate
[controller_server-2] 	See https://design.ros2.org/articles/node_lifecycle.html for more information.
[bt_navigator-6] [INFO] [1757098153.065436958] [bt_navigator]: 
[bt_navigator-6] 	bt_navigator lifecycle node launched. 
[bt_navigator-6] 	Waiting on external lifecycle transitions to activate
[bt_navigator-6] 	See https://design.ros2.org/articles/node_lifecycle.html for more information.
[bt_navigator-6] [INFO] [1757098153.065501417] [bt_navigator]: Creating
[smoother_server-3] [INFO] [1757098153.065618885] [smoother_server]: Creating smoother server
[planner_server-4] [INFO] [1757098153.065896087] [planner_server]: 
[planner_server-4] 	planner_server lifecycle node launched. 
[planner_server-4] 	Waiting on external lifecycle transitions to activate
[planner_server-4] 	See https://design.ros2.org/articles/node_lifecycle.html for more information.
[planner_server-4] [INFO] [1757098153.066574592] [planner_server]: Creating
[explore-10] [INFO] [1757098153.066653786] [explore_node]: Waiting for costmap to become available, topic: map
[controller_server-2] [INFO] [1757098153.067119497] [controller_server]: Creating controller server
[lifecycle_manager-9] [INFO] [1757098153.068780377] [lifecycle_manager_navigation]: [34m[1mStarting managed nodes bringup...[0m[0m
[lifecycle_manager-9] [INFO] [1757098153.068816183] [lifecycle_manager_navigation]: [34m[1mConfiguring controller_server[0m[0m
[planner_server-4] [INFO] [1757098153.070323270] [global_costmap.global_costmap]: 
[planner_server-4] 	global_costmap lifecycle node launched. 
[planner_server-4] 	Waiting on external lifecycle transitions to activate
[planner_server-4] 	See https://design.ros2.org/articles/node_lifecycle.html for more information.
[planner_server-4] [INFO] [1757098153.070553425] [global_costmap.global_costmap]: Creating Costmap
[controller_server-2] [INFO] [1757098153.070616472] [local_costmap.local_costmap]: 
[controller_server-2] 	local_costmap lifecycle node launched. 
[controller_server-2] 	Waiting on external lifecycle transitions to activate
[controller_server-2] 	See https://design.ros2.org/articles/node_lifecycle.html for more information.
[controller_server-2] [INFO] [1757098153.070829356] [local_costmap.local_costmap]: Creating Costmap
[controller_server-2] [INFO] [1757098153.071234256] [controller_server]: Configuring controller interface
[controller_server-2] [INFO] [1757098153.071284615] [controller_server]: getting goal checker plugins..
[controller_server-2] [INFO] [1757098153.071327196] [controller_server]: Controller frequency set to 10.0000Hz
[controller_server-2] [INFO] [1757098153.071339097] [local_costmap.local_costmap]: Configuring
[controller_server-2] [INFO] [1757098153.072952804] [local_costmap.local_costmap]: Using plugin "static_layer"
[async_slam_toolbox_node-1] [INFO] [1757098153.073606920] [slam]: Using solver plugin solver_plugins::CeresSolver
[async_slam_toolbox_node-1] [INFO] [1757098153.073704484] [slam]: CeresSolver: Using SCHUR_JACOBI preconditioner.
[controller_server-2] [INFO] [1757098153.074403629] [local_costmap.local_costmap]: Subscribing to the map topic (/map) with transient local durability
[controller_server-2] [INFO] [1757098153.074868244] [local_costmap.local_costmap]: Initialized plugin "static_layer"
[controller_server-2] [INFO] [1757098153.074878472] [local_costmap.local_costmap]: Using plugin "obstacle_layer"
[controller_server-2] [INFO] [1757098153.075009810] [local_costmap.local_costmap]: Subscribed to Topics: scan
[controller_server-2] [INFO] [1757098153.075954909] [local_costmap.local_costmap]: Initialized plugin "obstacle_layer"
[controller_server-2] [INFO] [1757098153.075967994] [local_costmap.local_costmap]: Using plugin "inflation_layer"
[controller_server-2] [INFO] [1757098153.076424122] [local_costmap.local_costmap]: Initialized plugin "inflation_layer"
[controller_server-2] [INFO] [1757098153.079018027] [controller_server]: Created progress_checker : progress_checker of type nav2_controller::SimpleProgressChecker
[controller_server-2] [INFO] [1757098153.079224208] [controller_server]: Created goal checker : goal_checker of type nav2_controller::SimpleGoalChecker
[controller_server-2] [INFO] [1757098153.079303739] [controller_server]: Controller Server has goal_checker  goal checkers available.
[controller_server-2] [INFO] [1757098153.079516590] [controller_server]: Created controller : FollowPath of type nav2_regulated_pure_pursuit_controller::RegulatedPurePursuitController
[controller_server-2] [INFO] [1757098153.080551997] [controller_server]: Controller Server has FollowPath  controllers available.
[lifecycle_manager-9] [INFO] [1757098153.082595410] [lifecycle_manager_navigation]: [34m[1mConfiguring smoother_server[0m[0m
[smoother_server-3] [INFO] [1757098153.082739482] [smoother_server]: Configuring smoother server
[smoother_server-3] [INFO] [1757098153.087471947] [smoother_server]: Created smoother : simple_smoother of type nav2_smoother::SimpleSmoother
[smoother_server-3] [INFO] [1757098153.087714059] [smoother_server]: Smoother Server has simple_smoother  smoothers available.
[lifecycle_manager-9] [INFO] [1757098153.090362242] [lifecycle_manager_navigation]: [34m[1mConfiguring planner_server[0m[0m
[planner_server-4] [INFO] [1757098153.090467147] [planner_server]: Configuring
[planner_server-4] [INFO] [1757098153.090489313] [global_costmap.global_costmap]: Configuring
[planner_server-4] [INFO] [1757098153.092119077] [global_costmap.global_costmap]: Using plugin "static_layer"
[planner_server-4] [INFO] [1757098153.093519455] [global_costmap.global_costmap]: Subscribing to the map topic (/map) with transient local durability
[planner_server-4] [INFO] [1757098153.093923062] [global_costmap.global_costmap]: Initialized plugin "static_layer"
[planner_server-4] [INFO] [1757098153.093933033] [global_costmap.global_costmap]: Using plugin "obstacle_layer"
[planner_server-4] [INFO] [1757098153.094069828] [global_costmap.global_costmap]: Subscribed to Topics: scan
[planner_server-4] [INFO] [1757098153.094958381] [global_costmap.global_costmap]: Initialized plugin "obstacle_layer"
[planner_server-4] [INFO] [1757098153.094968228] [global_costmap.global_costmap]: Using plugin "inflation_layer"
[planner_server-4] [INFO] [1757098153.095243580] [global_costmap.global_costmap]: Initialized plugin "inflation_layer"
[planner_server-4] [INFO] [1757098153.098258587] [planner_server]: Created global planner plugin GridBased of type nav2_navfn_planner/NavfnPlanner
[planner_server-4] [INFO] [1757098153.098280415] [planner_server]: Configuring plugin GridBased of type NavfnPlanner
[planner_server-4] [INFO] [1757098153.098461389] [planner_server]: Planner Server has GridBased  planners available.
[lifecycle_manager-9] [INFO] [1757098153.100739635] [lifecycle_manager_navigation]: [34m[1mConfiguring behavior_server[0m[0m
[behavior_server-5] [INFO] [1757098153.100861514] [behavior_server]: Configuring
[behavior_server-5] [INFO] [1757098153.103807093] [behavior_server]: Creating behavior plugin spin of type nav2_behaviors/Spin
[behavior_server-5] [INFO] [1757098153.104195768] [behavior_server]: Configuring spin
[behavior_server-5] [INFO] [1757098153.105472167] [behavior_server]: Creating behavior plugin backup of type nav2_behaviors/BackUp
[behavior_server-5] [INFO] [1757098153.105810574] [behavior_server]: Configuring backup
[behavior_server-5] [INFO] [1757098153.106969475] [behavior_server]: Creating behavior plugin drive_on_heading of type nav2_behaviors/DriveOnHeading
[behavior_server-5] [INFO] [1757098153.107317131] [behavior_server]: Configuring drive_on_heading
[behavior_server-5] [INFO] [1757098153.108307469] [behavior_server]: Creating behavior plugin wait of type nav2_behaviors/Wait
[behavior_server-5] [INFO] [1757098153.108610245] [behavior_server]: Configuring wait
[behavior_server-5] [INFO] [1757098153.109570745] [behavior_server]: Creating behavior plugin assisted_teleop of type nav2_behaviors/AssistedTeleop
[behavior_server-5] [INFO] [1757098153.110305170] [behavior_server]: Configuring assisted_teleop
[lifecycle_manager-9] [INFO] [1757098153.111786692] [lifecycle_manager_navigation]: [34m[1mConfiguring bt_navigator[0m[0m
[bt_navigator-6] [INFO] [1757098153.111929271] [bt_navigator]: Configuring
[lifecycle_manager-9] [INFO] [1757098153.134138800] [lifecycle_manager_navigation]: [34m[1mConfiguring waypoint_follower[0m[0m
[waypoint_follower-7] [INFO] [1757098153.134346639] [waypoint_follower]: Configuring
[waypoint_follower-7] [INFO] [1757098153.139800135] [waypoint_follower]: Created waypoint_task_executor : wait_at_waypoint of type nav2_waypoint_follower::WaitAtWaypoint
[lifecycle_manager-9] [INFO] [1757098153.140130740] [lifecycle_manager_navigation]: [34m[1mConfiguring velocity_smoother[0m[0m
[velocity_smoother-8] [INFO] [1757098153.140241946] [velocity_smoother]: Configuring velocity smoother
[lifecycle_manager-9] [INFO] [1757098153.142341536] [lifecycle_manager_navigation]: [34m[1mActivating controller_server[0m[0m
[controller_server-2] [INFO] [1757098153.142446350] [controller_server]: Activating
[controller_server-2] [INFO] [1757098153.142470373] [local_costmap.local_costmap]: Activating
[controller_server-2] [INFO] [1757098153.142478610] [local_costmap.local_costmap]: Checking transform
[controller_server-2] [INFO] [1757098153.142495960] [local_costmap.local_costmap]: Timed out waiting for transform from base_link to odom to become available, tf error: Invalid frame ID "odom" passed to canTransform argument target_frame - frame does not exist
[rviz2-11] [INFO] [1757098153.364243686] [rviz2]: Stereo is NOT SUPPORTED
[rviz2-11] [INFO] [1757098153.364293047] [rviz2]: OpenGl version: 4.6 (GLSL 4.6)
[rviz2-11] [INFO] [1757098153.458813016] [rviz2]: Stereo is NOT SUPPORTED
[controller_server-2] [INFO] [1757098153.642549285] [local_costmap.local_costmap]: Timed out waiting for transform from base_link to odom to become available, tf error: Invalid frame ID "odom" passed to canTransform argument target_frame - frame does not exist
[controller_server-2] [INFO] [1757098154.142568214] [local_costmap.local_costmap]: Timed out waiting for transform from base_link to odom to become available, tf error: Invalid frame ID "odom" passed to canTransform argument target_frame - frame does not exist
[controller_server-2] [INFO] [1757098154.642576417] [local_costmap.local_costmap]: Timed out waiting for transform from base_link to odom to become available, tf error: Invalid frame ID "odom" passed to canTransform argument target_frame - frame does not exist
[controller_server-2] [INFO] [1757098155.142546087] [local_costmap.local_costmap]: Timed out waiting for transform from base_link to odom to become available, tf error: Invalid frame ID "odom" passed to canTransform argument target_frame - frame does not exist
[controller_server-2] [INFO] [1757098155.642572211] [local_costmap.local_costmap]: Timed out waiting for transform from base_link to odom to become available, tf error: Invalid frame ID "odom" passed to canTransform argument target_frame - frame does not exist
[controller_server-2] [INFO] [1757098156.142574669] [local_costmap.local_costmap]: Timed out waiting for transform from base_link to odom to become available, tf error: Invalid frame ID "odom" passed to canTransform argument target_frame - frame does not exist
[controller_server-2] [INFO] [1757098156.642583559] [local_costmap.local_costmap]: Timed out waiting for transform from base_link to odom to become available, tf error: Invalid frame ID "odom" passed to canTransform argument target_frame - frame does not exist
[controller_server-2] [INFO] [1757098157.142569987] [local_costmap.local_costmap]: Timed out waiting for transform from base_link to odom to become available, tf error: Invalid frame ID "odom" passed to canTransform argument target_frame - frame does not exist
[controller_server-2] [INFO] [1757098157.642648786] [local_costmap.local_costmap]: Timed out waiting for transform from base_link to odom to become available, tf error: Invalid frame ID "odom" passed to canTransform argument target_frame - frame does not exist
[controller_server-2] [INFO] [1757098158.142646092] [local_costmap.local_costmap]: Timed out waiting for transform from base_link to odom to become available, tf error: Invalid frame ID "odom" passed to canTransform argument target_frame - frame does not exist
[controller_server-2] [INFO] [1757098158.642643096] [local_costmap.local_costmap]: Timed out waiting for transform from base_link to odom to become available, tf error: Invalid frame ID "odom" passed to canTransform argument target_frame - frame does not exist
[controller_server-2] [INFO] [1757098159.142567508] [local_costmap.local_costmap]: Timed out waiting for transform from base_link to odom to become available, tf error: Invalid frame ID "odom" passed to canTransform argument target_frame - frame does not exist
[controller_server-2] [INFO] [1757098159.642638964] [local_costmap.local_costmap]: Timed out waiting for transform from base_link to odom to become available, tf error: Invalid frame ID "odom" passed to canTransform argument target_frame - frame does not exist
[controller_server-2] [INFO] [1757098160.142639500] [local_costmap.local_costmap]: Timed out waiting for transform from base_link to odom to become available, tf error: Invalid frame ID "odom" passed to canTransform argument target_frame - frame does not exist
[controller_server-2] [INFO] [1757098160.642647342] [local_costmap.local_costmap]: Timed out waiting for transform from base_link to odom to become available, tf error: Invalid frame ID "odom" passed to canTransform argument target_frame - frame does not exist
[controller_server-2] [INFO] [1757098161.142641673] [local_costmap.local_costmap]: Timed out waiting for transform from base_link to odom to become available, tf error: Invalid frame ID "odom" passed to canTransform argument target_frame - frame does not exist
[controller_server-2] [INFO] [1757098161.642641484] [local_costmap.local_costmap]: Timed out waiting for transform from base_link to odom to become available, tf error: Invalid frame ID "odom" passed to canTransform argument target_frame - frame does not exist
[controller_server-2] [INFO] [1757098162.142609202] [local_costmap.local_costmap]: Timed out waiting for transform from base_link to odom to become available, tf error: Invalid frame ID "odom" passed to canTransform argument target_frame - frame does not exist
[controller_server-2] [INFO] [1757098162.642576967] [local_costmap.local_costmap]: Timed out waiting for transform from base_link to odom to become available, tf error: Invalid frame ID "odom" passed to canTransform argument target_frame - frame does not exist
[controller_server-2] [INFO] [1757098163.142578165] [local_costmap.local_costmap]: Timed out waiting for transform from base_link to odom to become available, tf error: Invalid frame ID "odom" passed to canTransform argument target_frame - frame does not exist
[controller_server-2] [INFO] [1757098163.642647777] [local_costmap.local_costmap]: Timed out waiting for transform from base_link to odom to become available, tf error: Invalid frame ID "odom" passed to canTransform argument target_frame - frame does not exist
[async_slam_toolbox_node-1] [WARN] [1757098164.108950836] [slam]: minimum laser range setting (0.0 m) exceeds the capabilities of the used Lidar (0.1 m)
[controller_server-2] [INFO] [1757098164.142788350] [local_costmap.local_costmap]: start
[rviz2-11] [ERROR] [1757098164.352773815] [rviz2]: Lookup would require extrapolation into the future.  Requested time 1757098164.323639 but the latest data is at time 1757098164.283869, when looking up transform from frame [laser] to frame [map]
[rviz2-11] [INFO] [1757098164.353034080] [rviz2]: Trying to create a map of size 100 x 100 using 1 swatches
[controller_server-2] [INFO] [1757098164.394395119] [controller_server]: Activating controller: FollowPath of type regulated_pure_pursuit_controller::RegulatedPurePursuitController
[controller_server-2] [INFO] [1757098164.394496517] [controller_server]: Creating bond (controller_server) to lifecycle manager.
[lifecycle_manager-9] [INFO] [1757098164.502807391] [lifecycle_manager_navigation]: Server controller_server connected with bond.
[lifecycle_manager-9] [INFO] [1757098164.502916344] [lifecycle_manager_navigation]: [34m[1mActivating smoother_server[0m[0m
[smoother_server-3] [INFO] [1757098164.503552513] [smoother_server]: Activating
[smoother_server-3] [INFO] [1757098164.503660273] [smoother_server]: Creating bond (smoother_server) to lifecycle manager.
[lifecycle_manager-9] [INFO] [1757098164.612023011] [lifecycle_manager_navigation]: Server smoother_server connected with bond.
[lifecycle_manager-9] [INFO] [1757098164.612121763] [lifecycle_manager_navigation]: [34m[1mActivating planner_server[0m[0m
[planner_server-4] [INFO] [1757098164.612774289] [planner_server]: Activating
[planner_server-4] [INFO] [1757098164.612905061] [global_costmap.global_costmap]: Activating
[planner_server-4] [INFO] [1757098164.612956244] [global_costmap.global_costmap]: Checking transform
[planner_server-4] [INFO] [1757098164.613201764] [global_costmap.global_costmap]: start
[planner_server-4] [INFO] [1757098165.077854311] [global_costmap.global_costmap]: StaticLayer: Resizing costmap to 59 X 105 at 0.040000 m/pix
[controller_server-2] [INFO] [1757098165.077883903] [local_costmap.local_costmap]: StaticLayer: Resizing static layer to 59 X 105 at 0.040000 m/pix
[rviz2-11] [INFO] [1757098165.089873064] [rviz2]: Trying to create a map of size 59 x 105 using 1 swatches
[rviz2-11] [INFO] [1757098165.632204396] [rviz2]: Trying to create a map of size 59 x 105 using 1 swatches
[planner_server-4] [INFO] [1757098165.665017100] [planner_server]: Activating plugin GridBased of type NavfnPlanner
[planner_server-4] [INFO] [1757098165.665923551] [planner_server]: Creating bond (planner_server) to lifecycle manager.
[lifecycle_manager-9] [INFO] [1757098165.767720977] [lifecycle_manager_navigation]: Server planner_server connected with bond.
[lifecycle_manager-9] [INFO] [1757098165.767765553] [lifecycle_manager_navigation]: [34m[1mActivating behavior_server[0m[0m
[behavior_server-5] [INFO] [1757098165.768079961] [behavior_server]: Activating
[behavior_server-5] [INFO] [1757098165.768108475] [behavior_server]: Activating spin
[behavior_server-5] [INFO] [1757098165.768119043] [behavior_server]: Activating backup
[behavior_server-5] [INFO] [1757098165.768125822] [behavior_server]: Activating drive_on_heading
[behavior_server-5] [INFO] [1757098165.768132462] [behavior_server]: Activating wait
[behavior_server-5] [INFO] [1757098165.768138889] [behavior_server]: Activating assisted_teleop
[behavior_server-5] [INFO] [1757098165.768147798] [behavior_server]: Creating bond (behavior_server) to lifecycle manager.
[lifecycle_manager-9] [INFO] [1757098165.870977651] [lifecycle_manager_navigation]: Server behavior_server connected with bond.
[lifecycle_manager-9] [INFO] [1757098165.871080962] [lifecycle_manager_navigation]: [34m[1mActivating bt_navigator[0m[0m
[bt_navigator-6] [INFO] [1757098165.871799478] [bt_navigator]: Activating
[bt_navigator-6] [INFO] [1757098165.912569006] [bt_navigator]: Creating bond (bt_navigator) to lifecycle manager.
[lifecycle_manager-9] [INFO] [1757098166.014208778] [lifecycle_manager_navigation]: Server bt_navigator connected with bond.
[lifecycle_manager-9] [INFO] [1757098166.014307605] [lifecycle_manager_navigation]: [34m[1mActivating waypoint_follower[0m[0m
[waypoint_follower-7] [INFO] [1757098166.014975791] [waypoint_follower]: Activating
[waypoint_follower-7] [INFO] [1757098166.015073158] [waypoint_follower]: Creating bond (waypoint_follower) to lifecycle manager.
[lifecycle_manager-9] [INFO] [1757098166.123298651] [lifecycle_manager_navigation]: Server waypoint_follower connected with bond.
[lifecycle_manager-9] [INFO] [1757098166.123424609] [lifecycle_manager_navigation]: [34m[1mActivating velocity_smoother[0m[0m
[velocity_smoother-8] [INFO] [1757098166.124191582] [velocity_smoother]: Activating
[velocity_smoother-8] [INFO] [1757098166.124326211] [velocity_smoother]: Creating bond (velocity_smoother) to lifecycle manager.
[lifecycle_manager-9] [INFO] [1757098166.232388155] [lifecycle_manager_navigation]: Server velocity_smoother connected with bond.
[lifecycle_manager-9] [INFO] [1757098166.232483459] [lifecycle_manager_navigation]: [34m[1mManaged nodes are active[0m[0m
[lifecycle_manager-9] [INFO] [1757098166.232508027] [lifecycle_manager_navigation]: [34m[1mCreating bond timer...[0m[0m
[explore-10] [INFO] [1757098167.092448250] [explore_node]: Waiting to connect to move_base nav2 server
[explore-10] [INFO] [1757098167.092874134] [explore_node]: Connected to move_base nav2 server
[explore-10] [INFO] [1757098167.092889989] [explore_node]: Getting initial pose of the robot
[bt_navigator-6] [INFO] [1757098167.310392536] [bt_navigator]: Begin navigating from current location (0.00, 0.00) to (-0.20, -1.85)
[controller_server-2] [INFO] [1757098167.330967311] [controller_server]: Received a goal, begin computing control effort.
[controller_server-2] [WARN] [1757098167.331009495] [controller_server]: No goal checker was specified in parameter 'current_goal_checker'. Server will use only plugin loaded goal_checker . This warning will appear once.
[controller_server-2] [INFO] [1757098168.431113876] [controller_server]: Passing new path to controller.
[controller_server-2] [INFO] [1757098169.431177460] [controller_server]: Passing new path to controller.
[controller_server-2] [INFO] [1757098170.431111065] [controller_server]: Passing new path to controller.
[controller_server-2] [INFO] [1757098171.531123117] [controller_server]: Passing new path to controller.
[controller_server-2] [INFO] [1757098172.531125438] [controller_server]: Passing new path to controller.
[controller_server-2] [INFO] [1757098173.531185819] [controller_server]: Passing new path to controller.
[controller_server-2] [INFO] [1757098174.631141532] [controller_server]: Passing new path to controller.
[rviz2-11] [INFO] [1757098175.106845522] [rviz2]: Trying to create a map of size 88 x 121 using 1 swatches
[controller_server-2] [INFO] [1757098175.143050405] [local_costmap.local_costmap]: StaticLayer: Resizing static layer to 88 X 121 at 0.040000 m/pix
[planner_server-4] [INFO] [1757098175.613517915] [global_costmap.global_costmap]: StaticLayer: Resizing costmap to 88 X 121 at 0.040000 m/pix
[controller_server-2] [INFO] [1757098175.631120860] [controller_server]: Passing new path to controller.
[rviz2-11] [INFO] [1757098175.651052633] [rviz2]: Trying to create a map of size 88 x 121 using 1 swatches
[controller_server-2] [INFO] [1757098176.631219018] [controller_server]: Passing new path to controller.
[rviz2-11] [INFO] [1757098177.090435279] [rviz2]: Trying to create a map of size 89 x 121 using 1 swatches
[controller_server-2] [INFO] [1757098177.143109722] [local_costmap.local_costmap]: StaticLayer: Resizing static layer to 89 X 121 at 0.040000 m/pix
[planner_server-4] [INFO] [1757098177.613441053] [global_costmap.global_costmap]: StaticLayer: Resizing costmap to 89 X 121 at 0.040000 m/pix
[controller_server-2] [INFO] [1757098177.631111996] [controller_server]: Passing new path to controller.
[rviz2-11] [INFO] [1757098177.633615345] [rviz2]: Trying to create a map of size 89 x 121 using 1 swatches
[controller_server-2] [INFO] [1757098178.731201312] [controller_server]: Passing new path to controller.
[rviz2-11] [INFO] [1757098179.105757671] [rviz2]: Trying to create a map of size 89 x 124 using 1 swatches
[controller_server-2] [INFO] [1757098179.143009680] [local_costmap.local_costmap]: StaticLayer: Resizing static layer to 89 X 124 at 0.040000 m/pix
[planner_server-4] [INFO] [1757098179.613508395] [global_costmap.global_costmap]: StaticLayer: Resizing costmap to 89 X 124 at 0.040000 m/pix
[rviz2-11] [INFO] [1757098179.649604682] [rviz2]: Trying to create a map of size 89 x 124 using 1 swatches
[controller_server-2] [INFO] [1757098179.731113905] [controller_server]: Passing new path to controller.
[bt_navigator-6] [INFO] [1757098180.480738622] [bt_navigator]: Received goal preemption request
[bt_navigator-6] [INFO] [1757098180.481055500] [bt_navigator]: Begin navigating from current location (-0.07, -1.63) to (1.24, -3.02)
[controller_server-2] [INFO] [1757098180.731189513] [controller_server]: Passing new path to controller.
[controller_server-2] [INFO] [1757098181.831118962] [controller_server]: Passing new path to controller.
[controller_server-2] [INFO] [1757098182.831106641] [controller_server]: Passing new path to controller.
[controller_server-2] [INFO] [1757098183.831114156] [controller_server]: Passing new path to controller.
[controller_server-2] [INFO] [1757098184.831159881] [controller_server]: Passing new path to controller.
[controller_server-2] [WARN] [1757098184.831920499] [controller_server]: RegulatedPurePursuitController detected collision ahead!
[controller_server-2] [INFO] [1757098185.931102287] [controller_server]: Passing new path to controller.
[controller_server-2] [INFO] [1757098186.931112274] [controller_server]: Passing new path to controller.
[rviz2-11] [INFO] [1757098187.106635659] [rviz2]: Trying to create a map of size 89 x 126 using 1 swatches
[controller_server-2] [INFO] [1757098187.143010621] [local_costmap.local_costmap]: StaticLayer: Resizing static layer to 89 X 126 at 0.040000 m/pix
[bt_navigator-6] [INFO] [1757098187.410766819] [bt_navigator]: Received goal preemption request
[bt_navigator-6] [INFO] [1757098187.411074226] [bt_navigator]: Begin navigating from current location (0.71, -1.81) to (0.80, -2.74)
[planner_server-4] [INFO] [1757098187.613441878] [global_costmap.global_costmap]: StaticLayer: Resizing costmap to 89 X 126 at 0.040000 m/pix
[rviz2-11] [INFO] [1757098187.667021833] [rviz2]: Trying to create a map of size 89 x 126 using 1 swatches
[controller_server-2] [INFO] [1757098187.931111836] [controller_server]: Passing new path to controller.
[controller_server-2] [INFO] [1757098189.031183979] [controller_server]: Passing new path to controller.
[controller_server-2] [INFO] [1757098190.031115370] [controller_server]: Passing new path to controller.
[controller_server-2] [INFO] [1757098191.031181372] [controller_server]: Passing new path to controller.
[rviz2-11] [INFO] [1757098191.105187152] [rviz2]: Trying to create a map of size 96 x 126 using 1 swatches
[controller_server-2] [INFO] [1757098191.143113781] [local_costmap.local_costmap]: StaticLayer: Resizing static layer to 96 X 126 at 0.040000 m/pix
[planner_server-4] [INFO] [1757098191.613448237] [global_costmap.global_costmap]: StaticLayer: Resizing costmap to 96 X 126 at 0.040000 m/pix
[rviz2-11] [INFO] [1757098191.648408136] [rviz2]: Trying to create a map of size 96 x 126 using 1 swatches
[controller_server-2] [INFO] [1757098192.031111077] [controller_server]: Passing new path to controller.
[rviz2-11] [ERROR] [1757098193.024274755] [rviz2]: Lookup would require extrapolation into the future.  Requested time 1757098192.990241 but the latest data is at time 1757098192.983991, when looking up transform from frame [laser] to frame [map]
[controller_server-2] [INFO] [1757098193.131113386] [controller_server]: Passing new path to controller.
[bt_navigator-6] [INFO] [1757098193.810682343] [bt_navigator]: Received goal preemption request
[bt_navigator-6] [INFO] [1757098193.811035491] [bt_navigator]: Begin navigating from current location (0.83, -2.69) to (0.92, -0.48)
[controller_server-2] [INFO] [1757098194.131113786] [controller_server]: Passing new path to controller.
[controller_server-2] [INFO] [1757098195.131112420] [controller_server]: Passing new path to controller.
[controller_server-2] [INFO] [1757098196.231120533] [controller_server]: Passing new path to controller.
[controller_server-2] [INFO] [1757098197.231188508] [controller_server]: Passing new path to controller.
[controller_server-2] [INFO] [1757098198.231106836] [controller_server]: Passing new path to controller.
[controller_server-2] [INFO] [1757098199.231114440] [controller_server]: Passing new path to controller.
[controller_server-2] [INFO] [1757098200.331102286] [controller_server]: Passing new path to controller.
[bt_navigator-6] [INFO] [1757098200.480766546] [bt_navigator]: Received goal preemption request
[bt_navigator-6] [INFO] [1757098200.481117434] [bt_navigator]: Begin navigating from current location (1.22, -1.60) to (0.79, -0.63)
[rviz2-11] [INFO] [1757098201.122612497] [rviz2]: Trying to create a map of size 98 x 126 using 1 swatches
[controller_server-2] [INFO] [1757098201.143034298] [local_costmap.local_costmap]: StaticLayer: Resizing static layer to 98 X 126 at 0.040000 m/pix
[controller_server-2] [INFO] [1757098201.331113236] [controller_server]: Passing new path to controller.
[planner_server-4] [INFO] [1757098201.613434252] [global_costmap.global_costmap]: StaticLayer: Resizing costmap to 98 X 126 at 0.040000 m/pix
[rviz2-11] [INFO] [1757098201.633882907] [rviz2]: Trying to create a map of size 98 x 126 using 1 swatches
[controller_server-2] [INFO] [1757098202.331112190] [controller_server]: Passing new path to controller.
[controller_server-2] [INFO] [1757098203.431112666] [controller_server]: Passing new path to controller.
[controller_server-2] [INFO] [1757098204.431115392] [controller_server]: Passing new path to controller.
[controller_server-2] [INFO] [1757098205.431106608] [controller_server]: Passing new path to controller.
[controller_server-2] [INFO] [1757098206.531135206] [controller_server]: Passing new path to controller.
[bt_navigator-6] [INFO] [1757098207.180761511] [bt_navigator]: Received goal preemption request
[bt_navigator-6] [INFO] [1757098207.181099329] [bt_navigator]: Begin navigating from current location (0.84, -0.67) to (-0.89, -1.56)
[controller_server-2] [INFO] [1757098207.