[INFO] [launch]: All log files can be found below /home/robot/.ros/log/2025-09-05-21-58-44-397540-robot-pc04-93744
[INFO] [launch]: Default logging verbosity is set to INFO
[INFO] [async_slam_toolbox_node-1]: process started with pid [93757]
[INFO] [controller_server-2]: process started with pid [93759]
[INFO] [smoother_server-3]: process started with pid [93761]
[INFO] [planner_server-4]: process started with pid [93763]
[INFO] [behavior_server-5]: process started with pid [93765]
[INFO] [bt_navigator-6]: process started with pid [93767]
[INFO] [waypoint_follower-7]: process started with pid [93769]
[INFO] [velocity_smoother-8]: process started with pid [93771]
[INFO] [lifecycle_manager-9]: process started with pid [93773]
[INFO] [explore-10]: process started with pid [93775]
[INFO] [rviz2-11]: process started with pid [93777]
[async_slam_toolbox_node-1] [INFO] [1757102324.513253349] [slam]: Node using stack size 40000000
[velocity_smoother-8] [INFO] [1757102324.515547482] [velocity_smoother]: 
[velocity_smoother-8] 	velocity_smoother lifecycle node launched. 
[velocity_smoother-8] 	Waiting on external lifecycle transitions to activate
[velocity_smoother-8] 	See https://design.ros2.org/articles/node_lifecycle.html for more information.
[behavior_server-5] [INFO] [1757102324.516021838] [behavior_server]: 
[behavior_server-5] 	behavior_server lifecycle node launched. 
[behavior_server-5] 	Waiting on external lifecycle transitions to activate
[behavior_server-5] 	See https://design.ros2.org/articles/node_lifecycle.html for more information.
[controller_server-2] [INFO] [1757102324.516126376] [controller_server]: 
[controller_server-2] 	controller_server lifecycle node launched. 
[controller_server-2] 	Waiting on external lifecycle transitions to activate
[controller_server-2] 	See https://design.ros2.org/articles/node_lifecycle.html for more information.
[lifecycle_manager-9] [INFO] [1757102324.516186734] [lifecycle_manager_navigation]: Creating
[smoother_server-3] [INFO] [1757102324.516316689] [smoother_server]: 
[smoother_server-3] 	smoother_server lifecycle node launched. 
[smoother_server-3] 	Waiting on external lifecycle transitions to activate
[smoother_server-3] 	See https://design.ros2.org/articles/node_lifecycle.html for more information.
[smoother_server-3] [INFO] [1757102324.517154174] [smoother_server]: Creating smoother server
[lifecycle_manager-9] [INFO] [1757102324.517763607] [lifecycle_manager_navigation]: [34m[1mCreating and initializing lifecycle service clients[0m[0m
[controller_server-2] [INFO] [1757102324.519012305] [controller_server]: Creating controller server
[planner_server-4] [INFO] [1757102324.519550640] [planner_server]: 
[planner_server-4] 	planner_server lifecycle node launched. 
[planner_server-4] 	Waiting on external lifecycle transitions to activate
[planner_server-4] 	See https://design.ros2.org/articles/node_lifecycle.html for more information.
[bt_navigator-6] [INFO] [1757102324.519807658] [bt_navigator]: 
[bt_navigator-6] 	bt_navigator lifecycle node launched. 
[bt_navigator-6] 	Waiting on external lifecycle transitions to activate
[bt_navigator-6] 	See https://design.ros2.org/articles/node_lifecycle.html for more information.
[bt_navigator-6] [INFO] [1757102324.519931564] [bt_navigator]: Creating
[waypoint_follower-7] [INFO] [1757102324.520112712] [waypoint_follower]: 
[waypoint_follower-7] 	waypoint_follower lifecycle node launched. 
[waypoint_follower-7] 	Waiting on external lifecycle transitions to activate
[waypoint_follower-7] 	See https://design.ros2.org/articles/node_lifecycle.html for more information.
[waypoint_follower-7] [INFO] [1757102324.520613757] [waypoint_follower]: Creating
[planner_server-4] [INFO] [1757102324.520801899] [planner_server]: Creating
[explore-10] [INFO] [1757102324.525033412] [explore_node]: Waiting for costmap to become available, topic: map
[async_slam_toolbox_node-1] [INFO] [1757102324.525936203] [slam]: Using solver plugin solver_plugins::CeresSolver
[async_slam_toolbox_node-1] [INFO] [1757102324.526040639] [slam]: CeresSolver: Using SCHUR_JACOBI preconditioner.
[planner_server-4] [INFO] [1757102324.527637706] [global_costmap.global_costmap]: 
[planner_server-4] 	global_costmap lifecycle node launched. 
[planner_server-4] 	Waiting on external lifecycle transitions to activate
[planner_server-4] 	See https://design.ros2.org/articles/node_lifecycle.html for more information.
[planner_server-4] [INFO] [1757102324.527852644] [global_costmap.global_costmap]: Creating Costmap
[controller_server-2] [INFO] [1757102324.528993465] [local_costmap.local_costmap]: 
[controller_server-2] 	local_costmap lifecycle node launched. 
[controller_server-2] 	Waiting on external lifecycle transitions to activate
[controller_server-2] 	See https://design.ros2.org/articles/node_lifecycle.html for more information.
[controller_server-2] [INFO] [1757102324.529332914] [local_costmap.local_costmap]: Creating Costmap
[lifecycle_manager-9] [INFO] [1757102324.574391966] [lifecycle_manager_navigation]: [34m[1mStarting managed nodes bringup...[0m[0m
[lifecycle_manager-9] [INFO] [1757102324.574421191] [lifecycle_manager_navigation]: [34m[1mConfiguring controller_server[0m[0m
[controller_server-2] [INFO] [1757102324.574600690] [controller_server]: Configuring controller interface
[controller_server-2] [INFO] [1757102324.574758675] [controller_server]: getting goal checker plugins..
[controller_server-2] [INFO] [1757102324.574918046] [controller_server]: Controller frequency set to 10.0000Hz
[controller_server-2] [INFO] [1757102324.574958840] [local_costmap.local_costmap]: Configuring
[controller_server-2] [INFO] [1757102324.577833734] [local_costmap.local_costmap]: Using plugin "static_layer"
[controller_server-2] [INFO] [1757102324.579545869] [local_costmap.local_costmap]: Subscribing to the map topic (/map) with transient local durability
[controller_server-2] [INFO] [1757102324.580045736] [local_costmap.local_costmap]: Initialized plugin "static_layer"
[controller_server-2] [INFO] [1757102324.580056850] [local_costmap.local_costmap]: Using plugin "obstacle_layer"
[controller_server-2] [INFO] [1757102324.580193035] [local_costmap.local_costmap]: Subscribed to Topics: scan
[controller_server-2] [INFO] [1757102324.581283185] [local_costmap.local_costmap]: Initialized plugin "obstacle_layer"
[controller_server-2] [INFO] [1757102324.581296101] [local_costmap.local_costmap]: Using plugin "inflation_layer"
[controller_server-2] [INFO] [1757102324.581883544] [local_costmap.local_costmap]: Initialized plugin "inflation_layer"
[controller_server-2] [INFO] [1757102324.585285423] [controller_server]: Created progress_checker : progress_checker of type nav2_controller::SimpleProgressChecker
[controller_server-2] [INFO] [1757102324.585489439] [controller_server]: Created goal checker : goal_checker of type nav2_controller::SimpleGoalChecker
[controller_server-2] [INFO] [1757102324.585565320] [controller_server]: Controller Server has goal_checker  goal checkers available.
[controller_server-2] [INFO] [1757102324.585771908] [controller_server]: Created controller : FollowPath of type nav2_regulated_pure_pursuit_controller::RegulatedPurePursuitController
[controller_server-2] [INFO] [1757102324.586796366] [controller_server]: Controller Server has FollowPath  controllers available.
[lifecycle_manager-9] [INFO] [1757102324.588896527] [lifecycle_manager_navigation]: [34m[1mConfiguring smoother_server[0m[0m
[smoother_server-3] [INFO] [1757102324.589009486] [smoother_server]: Configuring smoother server
[smoother_server-3] [INFO] [1757102324.591971979] [smoother_server]: Created smoother : simple_smoother of type nav2_smoother::SimpleSmoother
[smoother_server-3] [INFO] [1757102324.592083049] [smoother_server]: Smoother Server has simple_smoother  smoothers available.
[lifecycle_manager-9] [INFO] [1757102324.593593462] [lifecycle_manager_navigation]: [34m[1mConfiguring planner_server[0m[0m
[planner_server-4] [INFO] [1757102324.593689470] [planner_server]: Configuring
[planner_server-4] [INFO] [1757102324.593709179] [global_costmap.global_costmap]: Configuring
[planner_server-4] [INFO] [1757102324.595525118] [global_costmap.global_costmap]: Using plugin "static_layer"
[planner_server-4] [INFO] [1757102324.596977515] [global_costmap.global_costmap]: Subscribing to the map topic (/map) with transient local durability
[planner_server-4] [INFO] [1757102324.597432003] [global_costmap.global_costmap]: Initialized plugin "static_layer"
[planner_server-4] [INFO] [1757102324.597443309] [global_costmap.global_costmap]: Using plugin "obstacle_layer"
[planner_server-4] [INFO] [1757102324.597595649] [global_costmap.global_costmap]: Subscribed to Topics: scan
[planner_server-4] [INFO] [1757102324.598502531] [global_costmap.global_costmap]: Initialized plugin "obstacle_layer"
[planner_server-4] [INFO] [1757102324.598513509] [global_costmap.global_costmap]: Using plugin "inflation_layer"
[planner_server-4] [INFO] [1757102324.598828944] [global_costmap.global_costmap]: Initialized plugin "inflation_layer"
[planner_server-4] [INFO] [1757102324.601647873] [planner_server]: Created global planner plugin GridBased of type nav2_navfn_planner/NavfnPlanner
[planner_server-4] [INFO] [1757102324.601664481] [planner_server]: Configuring plugin GridBased of type NavfnPlanner
[planner_server-4] [INFO] [1757102324.601801320] [planner_server]: Planner Server has GridBased  planners available.
[lifecycle_manager-9] [INFO] [1757102324.604407387] [lifecycle_manager_navigation]: [34m[1mConfiguring behavior_server[0m[0m
[behavior_server-5] [INFO] [1757102324.604525710] [behavior_server]: Configuring
[behavior_server-5] [INFO] [1757102324.607659701] [behavior_server]: Creating behavior plugin spin of type nav2_behaviors/Spin
[behavior_server-5] [INFO] [1757102324.608055886] [behavior_server]: Configuring spin
[behavior_server-5] [INFO] [1757102324.611082385] [behavior_server]: Creating behavior plugin backup of type nav2_behaviors/BackUp
[behavior_server-5] [INFO] [1757102324.611571814] [behavior_server]: Configuring backup
[behavior_server-5] [INFO] [1757102324.613351676] [behavior_server]: Creating behavior plugin drive_on_heading of type nav2_behaviors/DriveOnHeading
[behavior_server-5] [INFO] [1757102324.613766730] [behavior_server]: Configuring drive_on_heading
[behavior_server-5] [INFO] [1757102324.615373204] [behavior_server]: Creating behavior plugin wait of type nav2_behaviors/Wait
[behavior_server-5] [INFO] [1757102324.615760046] [behavior_server]: Configuring wait
[behavior_server-5] [INFO] [1757102324.617446032] [behavior_server]: Creating behavior plugin assisted_teleop of type nav2_behaviors/AssistedTeleop
[behavior_server-5] [INFO] [1757102324.618350838] [behavior_server]: Configuring assisted_teleop
[lifecycle_manager-9] [INFO] [1757102324.621037044] [lifecycle_manager_navigation]: [34m[1mConfiguring bt_navigator[0m[0m
[bt_navigator-6] [INFO] [1757102324.621241045] [bt_navigator]: Configuring
[lifecycle_manager-9] [INFO] [1757102324.643673307] [lifecycle_manager_navigation]: [34m[1mConfiguring waypoint_follower[0m[0m
[waypoint_follower-7] [INFO] [1757102324.643824121] [waypoint_follower]: Configuring
[waypoint_follower-7] [INFO] [1757102324.655420318] [waypoint_follower]: Created waypoint_task_executor : wait_at_waypoint of type nav2_waypoint_follower::WaitAtWaypoint
[lifecycle_manager-9] [INFO] [1757102324.655824679] [lifecycle_manager_navigation]: [34m[1mConfiguring velocity_smoother[0m[0m
[velocity_smoother-8] [INFO] [1757102324.655922479] [velocity_smoother]: Configuring velocity smoother
[lifecycle_manager-9] [INFO] [1757102324.657120900] [lifecycle_manager_navigation]: [34m[1mActivating controller_server[0m[0m
[controller_server-2] [INFO] [1757102324.657241106] [controller_server]: Activating
[controller_server-2] [INFO] [1757102324.657263971] [local_costmap.local_costmap]: Activating
[controller_server-2] [INFO] [1757102324.657271259] [local_costmap.local_costmap]: Checking transform
[controller_server-2] [INFO] [1757102324.657287064] [local_costmap.local_costmap]: Timed out waiting for transform from base_link to odom to become available, tf error: Invalid frame ID "odom" passed to canTransform argument target_frame - frame does not exist
[rviz2-11] [INFO] [1757102325.136673390] [rviz2]: Stereo is NOT SUPPORTED
[rviz2-11] [INFO] [1757102325.136735928] [rviz2]: OpenGl version: 4.6 (GLSL 4.6)
[controller_server-2] [INFO] [1757102325.157344174] [local_costmap.local_costmap]: Timed out waiting for transform from base_link to odom to become available, tf error: Invalid frame ID "odom" passed to canTransform argument target_frame - frame does not exist
[rviz2-11] [INFO] [1757102325.303598853] [rviz2]: Stereo is NOT SUPPORTED
[controller_server-2] [INFO] [1757102325.657344216] [local_costmap.local_costmap]: Timed out waiting for transform from base_link to odom to become available, tf error: Invalid frame ID "odom" passed to canTransform argument target_frame - frame does not exist
[controller_server-2] [INFO] [1757102326.157437261] [local_costmap.local_costmap]: Timed out waiting for transform from base_link to odom to become available, tf error: Invalid frame ID "odom" passed to canTransform argument target_frame - frame does not exist
[controller_server-2] [INFO] [1757102326.657339556] [local_costmap.local_costmap]: Timed out waiting for transform from base_link to odom to become available, tf error: Invalid frame ID "odom" passed to canTransform argument target_frame - frame does not exist
[controller_server-2] [INFO] [1757102327.157370154] [local_costmap.local_costmap]: Timed out waiting for transform from base_link to odom to become available, tf error: Invalid frame ID "odom" passed to canTransform argument target_frame - frame does not exist
[controller_server-2] [INFO] [1757102327.657370876] [local_costmap.local_costmap]: Timed out waiting for transform from base_link to odom to become available, tf error: Invalid frame ID "odom" passed to canTransform argument target_frame - frame does not exist
[controller_server-2] [INFO] [1757102328.157520054] [local_costmap.local_costmap]: start
[controller_server-2] [INFO] [1757102328.359262355] [controller_server]: Activating controller: FollowPath of type regulated_pure_pursuit_controller::RegulatedPurePursuitController
[controller_server-2] [INFO] [1757102328.359361424] [controller_server]: Creating bond (controller_server) to lifecycle manager.
[lifecycle_manager-9] [INFO] [1757102328.469589837] [lifecycle_manager_navigation]: Server controller_server connected with bond.
[lifecycle_manager-9] [INFO] [1757102328.469707921] [lifecycle_manager_navigation]: [34m[1mActivating smoother_server[0m[0m
[smoother_server-3] [INFO] [1757102328.470548007] [smoother_server]: Activating
[smoother_server-3] [INFO] [1757102328.470632297] [smoother_server]: Creating bond (smoother_server) to lifecycle manager.
[lifecycle_manager-9] [INFO] [1757102328.578769202] [lifecycle_manager_navigation]: Server smoother_server connected with bond.
[lifecycle_manager-9] [INFO] [1757102328.578878751] [lifecycle_manager_navigation]: [34m[1mActivating planner_server[0m[0m
[planner_server-4] [INFO] [1757102328.579470916] [planner_server]: Activating
[planner_server-4] [INFO] [1757102328.579602170] [global_costmap.global_costmap]: Activating
[planner_server-4] [INFO] [1757102328.579655696] [global_costmap.global_costmap]: Checking transform
[planner_server-4] [INFO] [1757102328.579729911] [global_costmap.global_costmap]: Timed out waiting for transform from base_link to map to become available, tf error: Invalid frame ID "map" passed to canTransform argument target_frame - frame does not exist
[planner_server-4] [INFO] [1757102329.079893105] [global_costmap.global_costmap]: Timed out waiting for transform from base_link to map to become available, tf error: Invalid frame ID "map" passed to canTransform argument target_frame - frame does not exist
[planner_server-4] [INFO] [1757102329.579886648] [global_costmap.global_costmap]: Timed out waiting for transform from base_link to map to become available, tf error: Invalid frame ID "map" passed to canTransform argument target_frame - frame does not exist
[planner_server-4] [INFO] [1757102330.079844714] [global_costmap.global_costmap]: Timed out waiting for transform from base_link to map to become available, tf error: Invalid frame ID "map" passed to canTransform argument target_frame - frame does not exist
[async_slam_toolbox_node-1] [WARN] [1757102330.146287106] [slam]: minimum laser range setting (0.0 m) exceeds the capabilities of the used Lidar (0.1 m)
[controller_server-2] [WARN] [1757102330.158572499] [local_costmap.local_costmap]: Can't update static costmap layer, no map received
[rviz2-11] [INFO] [1757102330.209541505] [rviz2]: Trying to create a map of size 100 x 100 using 1 swatches
[controller_server-2] [INFO] [1757102330.530556019] [local_costmap.local_costmap]: StaticLayer: Resizing static layer to 87 X 81 at 0.040000 m/pix
[planner_server-4] [INFO] [1757102330.530625854] [global_costmap.global_costmap]: StaticLayer: Resizing costmap to 87 X 81 at 0.040000 m/pix
[rviz2-11] [INFO] [1757102330.558715170] [rviz2]: Trying to create a map of size 87 x 81 using 1 swatches
[planner_server-4] [INFO] [1757102330.580008554] [global_costmap.global_costmap]: start
[rviz2-11] [INFO] [1757102331.613871812] [rviz2]: Trying to create a map of size 87 x 81 using 1 swatches
[planner_server-4] [INFO] [1757102331.632063757] [planner_server]: Activating plugin GridBased of type NavfnPlanner
[planner_server-4] [INFO] [1757102331.634352172] [planner_server]: Creating bond (planner_server) to lifecycle manager.
[lifecycle_manager-9] [INFO] [1757102331.741823756] [lifecycle_manager_navigation]: Server planner_server connected with bond.
[lifecycle_manager-9] [INFO] [1757102331.741970370] [lifecycle_manager_navigation]: [34m[1mActivating behavior_server[0m[0m
[behavior_server-5] [INFO] [1757102331.742643792] [behavior_server]: Activating
[behavior_server-5] [INFO] [1757102331.742717924] [behavior_server]: Activating spin
[behavior_server-5] [INFO] [1757102331.742745493] [behavior_server]: Activating backup
[behavior_server-5] [INFO] [1757102331.742765321] [behavior_server]: Activating drive_on_heading
[behavior_server-5] [INFO] [1757102331.742782751] [behavior_server]: Activating wait
[behavior_server-5] [INFO] [1757102331.742799687] [behavior_server]: Activating assisted_teleop
[behavior_server-5] [INFO] [1757102331.742824220] [behavior_server]: Creating bond (behavior_server) to lifecycle manager.
[lifecycle_manager-9] [INFO] [1757102331.851391649] [lifecycle_manager_navigation]: Server behavior_server connected with bond.
[lifecycle_manager-9] [INFO] [1757102331.851491359] [lifecycle_manager_navigation]: [34m[1mActivating bt_navigator[0m[0m
[bt_navigator-6] [INFO] [1757102331.852064898] [bt_navigator]: Activating
[bt_navigator-6] [INFO] [1757102331.888332644] [bt_navigator]: Creating bond (bt_navigator) to lifecycle manager.
[lifecycle_manager-9] [INFO] [1757102331.989932210] [lifecycle_manager_navigation]: Server bt_navigator connected with bond.
[lifecycle_manager-9] [INFO] [1757102331.990026489] [lifecycle_manager_navigation]: [34m[1mActivating waypoint_follower[0m[0m
[waypoint_follower-7] [INFO] [1757102331.990610141] [waypoint_follower]: Activating
[waypoint_follower-7] [INFO] [1757102331.990700828] [waypoint_follower]: Creating bond (waypoint_follower) to lifecycle manager.
[lifecycle_manager-9] [INFO] [1757102332.098372377] [lifecycle_manager_navigation]: Server waypoint_follower connected with bond.
[lifecycle_manager-9] [INFO] [1757102332.098468915] [lifecycle_manager_navigation]: [34m[1mActivating velocity_smoother[0m[0m
[velocity_smoother-8] [INFO] [1757102332.099070627] [velocity_smoother]: Activating
[velocity_smoother-8] [INFO] [1757102332.099201607] [velocity_smoother]: Creating bond (velocity_smoother) to lifecycle manager.
[lifecycle_manager-9] [INFO] [1757102332.207432202] [lifecycle_manager_navigation]: Server velocity_smoother connected with bond.
[lifecycle_manager-9] [INFO] [1757102332.207529628] [lifecycle_manager_navigation]: [34m[1mManaged nodes are active[0m[0m
[lifecycle_manager-9] [INFO] [1757102332.207554818] [lifecycle_manager_navigation]: [34m[1mCreating bond timer...[0m[0m
[explore-10] [INFO] [1757102332.553691430] [explore_node]: Waiting to connect to move_base nav2 server
[explore-10] [INFO] [1757102332.553965691] [explore_node]: Connected to move_base nav2 server
[explore-10] [INFO] [1757102332.553980185] [explore_node]: Getting initial pose of the robot
[explore-10] [INFO] [1757102332.603428829] [explore_node]: [NAV] Remembered last goal (2.39, 2.04, yaw from quat).
[bt_navigator-6] [INFO] [1757102332.604653790] [bt_navigator]: Begin navigating from current location (1.07, -0.05) to (2.39, 2.04)
[controller_server-2] [INFO] [1757102332.625169174] [controller_server]: Received a goal, begin computing control effort.
[controller_server-2] [WARN] [1757102332.625198905] [controller_server]: No goal checker was specified in parameter 'current_goal_checker'. Server will use only plugin loaded goal_checker . This warning will appear once.
[controller_server-2] [INFO] [1757102333.725357390] [controller_server]: Passing new path to controller.
[controller_server-2] [INFO] [1757102334.725362585] [controller_server]: Passing new path to controller.
[controller_server-2] [INFO] [1757102335.725290467] [controller_server]: Passing new path to controller.
[rviz2-11] [INFO] [1757102336.542711257] [rviz2]: Trying to create a map of size 89 x 104 using 1 swatches
[controller_server-2] [INFO] [1757102336.557736078] [local_costmap.local_costmap]: StaticLayer: Resizing static layer to 89 X 104 at 0.040000 m/pix
[planner_server-4] [INFO] [1757102336.580140324] [global_costmap.global_costmap]: StaticLayer: Resizing costmap to 89 X 104 at 0.040000 m/pix
[controller_server-2] [INFO] [1757102336.825298052] [controller_server]: Passing new path to controller.
[rviz2-11] [INFO] [1757102337.598784178] [rviz2]: Trying to create a map of size 89 x 104 using 1 swatches
[controller_server-2] [INFO] [1757102337.825282863] [controller_server]: Passing new path to controller.
[controller_server-2] [INFO] [1757102338.557713729] [local_costmap.local_costmap]: StaticLayer: Resizing static layer to 89 X 112 at 0.040000 m/pix
[rviz2-11] [INFO] [1757102338.559059187] [rviz2]: Trying to create a map of size 89 x 112 using 1 swatches
[planner_server-4] [INFO] [1757102338.580258288] [global_costmap.global_costmap]: StaticLayer: Resizing costmap to 89 X 112 at 0.040000 m/pix
[rviz2-11] [INFO] [1757102338.590206245] [rviz2]: Trying to create a map of size 89 x 112 using 1 swatches
[controller_server-2] [INFO] [1757102338.825285780] [controller_server]: Passing new path to controller.
[explore-10] [INFO] [1757102339.313672228] [explore_node]: [NAV] Remembered last goal (2.20, 2.64, yaw from quat).
[bt_navigator-6] [INFO] [1757102339.314929777] [bt_navigator]: Received goal preemption request
[bt_navigator-6] [INFO] [1757102339.315201728] [bt_navigator]: Begin navigating from current location (2.19, 1.19) to (2.20, 2.64)
[controller_server-2] [INFO] [1757102339.925298373] [controller_server]: Passing new path to controller.
[rviz2-11] [INFO] [1757102340.543054291] [rviz2]: Trying to create a map of size 90 x 112 using 1 swatches
[controller_server-2] [INFO] [1757102340.557701718] [local_costmap.local_costmap]: StaticLayer: Resizing static layer to 90 X 112 at 0.040000 m/pix
[planner_server-4] [INFO] [1757102340.580181306] [global_costmap.global_costmap]: StaticLayer: Resizing costmap to 90 X 112 at 0.040000 m/pix
[rviz2-11] [INFO] [1757102340.608474128] [rviz2]: Trying to create a map of size 90 x 112 using 1 swatches
[controller_server-2] [INFO] [1757102340.925300277] [controller_server]: Passing new path to controller.
[controller_server-2] [INFO] [1757102341.925285507] [controller_server]: Passing new path to controller.
[controller_server-2] [INFO] [1757102342.557679219] [local_costmap.local_costmap]: StaticLayer: Resizing static layer to 90 X 113 at 0.040000 m/pix
[rviz2-11] [INFO] [1757102342.558526301] [rviz2]: Trying to create a map of size 90 x 113 using 1 swatches
[planner_server-4] [INFO] [1757102342.580185597] [global_costmap.global_costmap]: StaticLayer: Resizing costmap to 90 X 113 at 0.040000 m/pix
[rviz2-11] [INFO] [1757102342.590828727] [rviz2]: Trying to create a map of size 90 x 113 using 1 swatches
[controller_server-2] [INFO] [1757102342.925289242] [controller_server]: Passing new path to controller.
[controller_server-2] [INFO] [1757102344.025295467] [controller_server]: Passing new path to controller.
[rviz2-11] [INFO] [1757102344.545174306] [rviz2]: Trying to create a map of size 91 x 113 using 1 swatches
[controller_server-2] [INFO] [1757102344.557659293] [local_costmap.local_costmap]: StaticLayer: Resizing static layer to 91 X 113 at 0.040000 m/pix
[planner_server-4] [INFO] [1757102344.580162099] [global_costmap.global_costmap]: StaticLayer: Resizing costmap to 91 X 113 at 0.040000 m/pix
[rviz2-11] [INFO] [1757102344.607077167] [rviz2]: Trying to create a map of size 91 x 113 using 1 swatches
[controller_server-2] [INFO] [1757102345.025297042] [controller_server]: Passing new path to controller.
[explore-10] [INFO] [1757102345.942357881] [explore_node]: [NAV] Remembered last goal (0.05, 1.06, yaw from quat).
[bt_navigator-6] [INFO] [1757102345.944868214] [bt_navigator]: Received goal preemption request
[bt_navigator-6] [INFO] [1757102345.945086369] [bt_navigator]: Begin navigating from current location (2.21, 2.56) to (0.05, 1.06)
[controller_server-2] [INFO] [1757102346.025286306] [controller_server]: Passing new path to controller.
[controller_server-2] [INFO] [1757102347.125296126] [controller_server]: Passing new path to controller.
[controller_server-2] [INFO] [1757102348.125304221] [controller_server]: Passing new path to controller.
[controller_server-2] [INFO] [1757102349.125291080] [controller_server]: Passing new path to controller.
[controller_server-2] [INFO] [1757102350.125298612] [controller_server]: Passing new path to controller.
[controller_server-2] [INFO] [1757102351.225306712] [controller_server]: Passing new path to controller.
[controller_server-2] [INFO] [1757102352.225299205] [controller_server]: Passing new path to controller.
[explore-10] [INFO] [1757102352.604236624] [explore_node]: [NAV] Remembered last goal (0.03, 0.98, yaw from quat).
[bt_navigator-6] [INFO] [1757102352.604902137] [bt_navigator]: Received goal preemption request
[bt_navigator-6] [INFO] [1757102352.605034389] [bt_navigator]: Begin navigating from current location (1.86, 2.17) to (0.03, 0.98)
[controller_server-2] [INFO] [1757102353.225366296] [controller_server]: Passing new path to controller.
[controller_server-2] [INFO] [1757102354.325290038] [controller_server]: Passing new path to controller.
[controller_server-2] [INFO] [1757102354.557681864] [local_costmap.local_costmap]: StaticLayer: Resizing static layer to 92 X 113 at 0.040000 m/pix
[rviz2-11] [INFO] [1757102354.560401252] [rviz2]: Trying to create a map of size 92 x 113 using 1 swatches
[planner_server-4] [INFO] [1757102354.580178511] [global_costmap.global_costmap]: StaticLayer: Resizing costmap to 92 X 113 at 0.040000 m/pix
[rviz2-11] [INFO] [1757102354.591343617] [rviz2]: Trying to create a map of size 92 x 113 using 1 swatches
[controller_server-2] [INFO] [1757102355.325341461] [controller_server]: Passing new path to controller.
[controller_server-2] [INFO] [1757102356.325304358] [controller_server]: Passing new path to controller.
[controller_server-2] [INFO] [1757102357.325321933] [controller_server]: Passing new path to controller.
[controller_server-2] [INFO] [1757102358.425371478] [controller_server]: Passing new path to controller.
[explore-10] [WARN] [1757102359.306851003] [explore_node]: No frontiers found, stopping.
[explore-10] [INFO] [1757102359.421183988] [map_saver]: 
[explore-10] 	map_saver lifecycle node launched. 
[explore-10] 	Waiting on external lifecycle transitions to activate
[explore-10] 	See https://design.ros2.org/articles/node_lifecycle.html for more information.
[explore-10] [INFO] [1757102359.421248104] [map_saver]: Creating
[explore-10] [INFO] [1757102359.421289435] [map_saver]: Configuring
[explore-10] [INFO] [1757102359.422095530] [map_saver]: Saving map from 'map' topic to '/home/robot/Documents/map' file
[explore-10] [WARN] [1757102359.422112885] [map_saver]: Free threshold unspecified. Setting it to default value: 0.250000
[explore-10] [WARN] [1757102359.422118179] [map_saver]: Occupied threshold unspecified. Setting it to default value: 0.650000
[controller_server-2] [INFO] [1757102359.425238313] [controller_server]: Passing new path to controller.
[explore-10] [WARN] [1757102359.634517754] [map_io]: Image format unspecified. Setting it to: pgm
[explore-10] [INFO] [1757102359.634571211] [map_io]: Received a 92 X 113 map @ 0.04 m/pix
[explore-10] [INFO] [1757102359.659399574] [map_io]: Writing map occupancy data to /home/robot/Documents/map.pgm
[explore-10] [INFO] [1757102359.662577674] [map_io]: Writing map metadata to /home/robot/Documents/map.yaml
[explore-10] [INFO] [1757102359.663813258] [map_io]: Map saved
[explore-10] [INFO] [1757102359.664614585] [map_saver]: Map saved successfully
[explore-10] [INFO] [1757102359.681021378] [map_saver]: Destroying
[explore-10] [INFO] [1757102359.811630850] [explore_node]: Map saved successfully.
[explore-10] [INFO] [1757102359.811666314] [explore_node]: Exploration stopped.
[explore-10] [INFO] [1757102359.811715054] [explore_node]: Returning to initial pose.
[controller_server-2] [INFO] [1757102359.825282341] [controller_server]: Goal was canceled. Stopping the robot.
[controller_server-2] [INFO] [1757102359.825322629] [controller_server]: [follow_path] [ActionServer] Client requested to cancel the goal. Cancelling.
[bt_navigator-6] [INFO] [1757102359.825487832] [bt_navigator]: [navigate_to_pose] [ActionServer] Client requested to cancel the goal. Cancelling.
[bt_navigator-6] [INFO] [1757102359.825620828] [bt_navigator]: [navigate_to_pose] [ActionServer] Client requested to cancel the goal. Cancelling.
[bt_navigator-6] [INFO] [1757102359.825659760] [bt_navigator]: Goal canceled
[explore-10] [WARN] [1757102359.912991409] [explore_node]: No frontiers found, stopping.
[explore-10] [INFO] [1757102360.030911076] [map_saver]: 
[explore-10] 	map_saver lifecycle node launched. 
[explore-10] 	Waiting on external lifecycle transitions to activate
[explore-10] 	See https://design.ros2.org/articles/node_lifecycle.html for more information.
[explore-10] [INFO] [1757102360.031027674] [map_saver]: Creating
[explore-10] [INFO] [1757102360.031145607] [map_saver]: Configuring
[explore-10] [INFO] [1757102360.032756106] [map_saver]: Saving map from 'map' topic to '/home/robot/Documents/map' file
[explore-10] [WARN] [1757102360.032777569] [map_saver]: Free threshold unspecified. Setting it to default value: 0.250000
[explore-10] [WARN] [1757102360.032788278] [map_saver]: Occupied threshold unspecified. Setting it to default value: 0.650000
[explore-10] [WARN] [1757102360.044615925] [map_io]: Image format unspecified. Setting it to: pgm
[explore-10] [INFO] [1757102360.044661191] [map_io]: Received a 92 X 113 map @ 0.04 m/pix
[explore-10] [INFO] [1757102360.092123239] [map_io]: Writing map occupancy data to /home/robot/Documents/map.pgm
[explore-10] [INFO] [1757102360.092502598] [map_io]: Writing map metadata to /home/robot/Documents/map.yaml
[explore-10] [INFO] [1757102360.092574677] [map_io]: Map saved
[explore-10] [INFO] [1757102360.092583729] [map_saver]: Map saved successfully
[explore-10] [INFO] [1757102360.093595048] [map_saver]: Destroying
[explore-10] [INFO] [1757102360.233738505] [explore_node]: Map saved successfully.
[explore-10] [INFO] [1757102360.233774914] [explore_node]: Exploration stopped.
[explore-10] [INFO] [1757102360.233812824] [explore_node]: Returning to initial pose.
[bt_navigator-6] [INFO] [1757102360.234038274] [bt_navigator]: Begin navigating from current location (0.18, 1.16) to (1.07, -0.05)
[bt_navigator-6] [INFO] [1757102360.234081180] [bt_navigator]: [navigate_to_pose] [ActionServer] Client requested to cancel the goal. Cancelling.
[bt_navigator-6] [INFO] [1757102360.234113029] [bt_navigator]: Goal canceled
[controller_server-2] [INFO] [1757102360.557712589] [local_costmap.local_costmap]: StaticLayer: Resizing static layer to 93 X 113 at 0.040000 m/pix
[rviz2-11] [INFO] [1757102360.574861267] [rviz2]: Trying to create a map of size 93 x 113 using 1 sw