[INFO] [launch]: All log files can be found below /home/robot/.ros/log/2025-09-02-17-59-03-252374-robot-pc04-48672
[INFO] [launch]: Default logging verbosity is set to INFO
[INFO] [async_slam_toolbox_node-1]: process started with pid [48683]
[INFO] [controller_server-2]: process started with pid [48685]
[INFO] [smoother_server-3]: process started with pid [48687]
[INFO] [planner_server-4]: process started with pid [48689]
[INFO] [behavior_server-5]: process started with pid [48691]
[INFO] [bt_navigator-6]: process started with pid [48693]
[INFO] [waypoint_follower-7]: process started with pid [48695]
[INFO] [velocity_smoother-8]: process started with pid [48697]
[INFO] [lifecycle_manager-9]: process started with pid [48699]
[INFO] [explore-10]: process started with pid [48701]
[INFO] [rviz2-11]: process started with pid [48703]
[async_slam_toolbox_node-1] [INFO] [1756828743.357151025] [slam]: Node using stack size 40000000
[controller_server-2] [INFO] [1756828743.362095967] [controller_server]: 
[controller_server-2] 	controller_server lifecycle node launched. 
[controller_server-2] 	Waiting on external lifecycle transitions to activate
[controller_server-2] 	See https://design.ros2.org/articles/node_lifecycle.html for more information.
[smoother_server-3] [INFO] [1756828743.362712419] [smoother_server]: 
[smoother_server-3] 	smoother_server lifecycle node launched. 
[smoother_server-3] 	Waiting on external lifecycle transitions to activate
[smoother_server-3] 	See https://design.ros2.org/articles/node_lifecycle.html for more information.
[waypoint_follower-7] [INFO] [1756828743.363129862] [waypoint_follower]: 
[waypoint_follower-7] 	waypoint_follower lifecycle node launched. 
[waypoint_follower-7] 	Waiting on external lifecycle transitions to activate
[waypoint_follower-7] 	See https://design.ros2.org/articles/node_lifecycle.html for more information.
[lifecycle_manager-9] [INFO] [1756828743.363262418] [lifecycle_manager_navigation]: Creating
[smoother_server-3] [INFO] [1756828743.363525851] [smoother_server]: Creating smoother server
[waypoint_follower-7] [INFO] [1756828743.363536301] [waypoint_follower]: Creating
[velocity_smoother-8] [INFO] [1756828743.363776236] [velocity_smoother]: 
[velocity_smoother-8] 	velocity_smoother lifecycle node launched. 
[velocity_smoother-8] 	Waiting on external lifecycle transitions to activate
[velocity_smoother-8] 	See https://design.ros2.org/articles/node_lifecycle.html for more information.
[controller_server-2] [INFO] [1756828743.363887938] [controller_server]: Creating controller server
[lifecycle_manager-9] [INFO] [1756828743.364850244] [lifecycle_manager_navigation]: [34m[1mCreating and initializing lifecycle service clients[0m[0m
[planner_server-4] [INFO] [1756828743.365469294] [planner_server]: 
[planner_server-4] 	planner_server lifecycle node launched. 
[planner_server-4] 	Waiting on external lifecycle transitions to activate
[planner_server-4] 	See https://design.ros2.org/articles/node_lifecycle.html for more information.
[planner_server-4] [INFO] [1756828743.366232681] [planner_server]: Creating
[bt_navigator-6] [INFO] [1756828743.370101475] [bt_navigator]: 
[bt_navigator-6] 	bt_navigator lifecycle node launched. 
[bt_navigator-6] 	Waiting on external lifecycle transitions to activate
[bt_navigator-6] 	See https://design.ros2.org/articles/node_lifecycle.html for more information.
[behavior_server-5] [INFO] [1756828743.370220666] [behavior_server]: 
[behavior_server-5] 	behavior_server lifecycle node launched. 
[behavior_server-5] 	Waiting on external lifecycle transitions to activate
[behavior_server-5] 	See https://design.ros2.org/articles/node_lifecycle.html for more information.
[bt_navigator-6] [INFO] [1756828743.370248543] [bt_navigator]: Creating
[controller_server-2] [INFO] [1756828743.371483887] [local_costmap.local_costmap]: 
[controller_server-2] 	local_costmap lifecycle node launched. 
[controller_server-2] 	Waiting on external lifecycle transitions to activate
[controller_server-2] 	See https://design.ros2.org/articles/node_lifecycle.html for more information.
[lifecycle_manager-9] [INFO] [1756828743.372046359] [lifecycle_manager_navigation]: [34m[1mStarting managed nodes bringup...[0m[0m
[lifecycle_manager-9] [INFO] [1756828743.372067300] [lifecycle_manager_navigation]: [34m[1mConfiguring controller_server[0m[0m
[controller_server-2] [INFO] [1756828743.372078714] [local_costmap.local_costmap]: Creating Costmap
[controller_server-2] [INFO] [1756828743.372761044] [controller_server]: Configuring controller interface
[controller_server-2] [INFO] [1756828743.372803794] [controller_server]: getting goal checker plugins..
[controller_server-2] [INFO] [1756828743.372834644] [controller_server]: Controller frequency set to 10.0000Hz
[controller_server-2] [INFO] [1756828743.372851389] [local_costmap.local_costmap]: Configuring
[planner_server-4] [INFO] [1756828743.374432518] [global_costmap.global_costmap]: 
[planner_server-4] 	global_costmap lifecycle node launched. 
[planner_server-4] 	Waiting on external lifecycle transitions to activate
[planner_server-4] 	See https://design.ros2.org/articles/node_lifecycle.html for more information.
[planner_server-4] [INFO] [1756828743.374669530] [global_costmap.global_costmap]: Creating Costmap
[controller_server-2] [INFO] [1756828743.375421848] [local_costmap.local_costmap]: Using plugin "static_layer"
[explore-10] [INFO] [1756828743.376532281] [explore_node]: Waiting for costmap to become available, topic: map
[controller_server-2] [INFO] [1756828743.377107394] [local_costmap.local_costmap]: Subscribing to the map topic (/map) with transient local durability
[controller_server-2] [INFO] [1756828743.377571872] [local_costmap.local_costmap]: Initialized plugin "static_layer"
[controller_server-2] [INFO] [1756828743.377587750] [local_costmap.local_costmap]: Using plugin "obstacle_layer"
[controller_server-2] [INFO] [1756828743.377778397] [local_costmap.local_costmap]: Subscribed to Topics: scan
[controller_server-2] [INFO] [1756828743.379012009] [local_costmap.local_costmap]: Initialized plugin "obstacle_layer"
[controller_server-2] [INFO] [1756828743.379028641] [local_costmap.local_costmap]: Using plugin "inflation_layer"
[controller_server-2] [INFO] [1756828743.379301876] [local_costmap.local_costmap]: Initialized plugin "inflation_layer"
[async_slam_toolbox_node-1] [INFO] [1756828743.379769777] [slam]: Using solver plugin solver_plugins::CeresSolver
[async_slam_toolbox_node-1] [INFO] [1756828743.379916683] [slam]: CeresSolver: Using SCHUR_JACOBI preconditioner.
[controller_server-2] [INFO] [1756828743.383993844] [controller_server]: Created progress_checker : progress_checker of type nav2_controller::SimpleProgressChecker
[controller_server-2] [INFO] [1756828743.384426043] [controller_server]: Created goal checker : goal_checker of type nav2_controller::SimpleGoalChecker
[controller_server-2] [INFO] [1756828743.384592265] [controller_server]: Controller Server has goal_checker  goal checkers available.
[controller_server-2] [INFO] [1756828743.384974174] [controller_server]: Created controller : FollowPath of type nav2_regulated_pure_pursuit_controller::RegulatedPurePursuitController
[controller_server-2] [INFO] [1756828743.386788283] [controller_server]: Controller Server has FollowPath  controllers available.
[lifecycle_manager-9] [INFO] [1756828743.390228597] [lifecycle_manager_navigation]: [34m[1mConfiguring smoother_server[0m[0m
[smoother_server-3] [INFO] [1756828743.390331202] [smoother_server]: Configuring smoother server
[smoother_server-3] [INFO] [1756828743.393254044] [smoother_server]: Created smoother : simple_smoother of type nav2_smoother::SimpleSmoother
[smoother_server-3] [INFO] [1756828743.393355854] [smoother_server]: Smoother Server has simple_smoother  smoothers available.
[lifecycle_manager-9] [INFO] [1756828743.394862772] [lifecycle_manager_navigation]: [34m[1mConfiguring planner_server[0m[0m
[planner_server-4] [INFO] [1756828743.394943244] [planner_server]: Configuring
[planner_server-4] [INFO] [1756828743.394961514] [global_costmap.global_costmap]: Configuring
[planner_server-4] [INFO] [1756828743.396802378] [global_costmap.global_costmap]: Using plugin "static_layer"
[planner_server-4] [INFO] [1756828743.398189986] [global_costmap.global_costmap]: Subscribing to the map topic (/map) with transient local durability
[planner_server-4] [INFO] [1756828743.398622102] [global_costmap.global_costmap]: Initialized plugin "static_layer"
[planner_server-4] [INFO] [1756828743.398631101] [global_costmap.global_costmap]: Using plugin "obstacle_layer"
[planner_server-4] [INFO] [1756828743.398744828] [global_costmap.global_costmap]: Subscribed to Topics: scan
[planner_server-4] [INFO] [1756828743.399653449] [global_costmap.global_costmap]: Initialized plugin "obstacle_layer"
[planner_server-4] [INFO] [1756828743.399663495] [global_costmap.global_costmap]: Using plugin "inflation_layer"
[planner_server-4] [ERROR] [1756828743.399760446] [global_costmap.global_costmap]: Caught exception in callback for transition 10
[planner_server-4] [ERROR] [1756828743.399765355] [global_costmap.global_costmap]: Original error: parameter 'inflation_layer.cost_scaling_factor' has invalid type: Wrong parameter type, parameter {inflation_layer.cost_scaling_factor} is of type {double}, setting it to {integer} is not allowed.
[planner_server-4] [WARN] [1756828743.399776407] [global_costmap.global_costmap]: Error occurred while doing error handling.
[planner_server-4] [FATAL] [1756828743.399781562] [global_costmap.global_costmap]: Lifecycle node global_costmap does not have error state implemented
[planner_server-4] [INFO] [1756828743.400015866] [planner_server]: Created global planner plugin GridBased of type nav2_navfn_planner/NavfnPlanner
[planner_server-4] [INFO] [1756828743.400025514] [planner_server]: Configuring plugin GridBased of type NavfnPlanner
[planner_server-4] [INFO] [1756828743.400134962] [planner_server]: Planner Server has GridBased  planners available.
[lifecycle_manager-9] [INFO] [1756828743.403201279] [lifecycle_manager_navigation]: [34m[1mConfiguring behavior_server[0m[0m
[behavior_server-5] [INFO] [1756828743.403319188] [behavior_server]: Configuring
[behavior_server-5] [INFO] [1756828743.406296642] [behavior_server]: Creating behavior plugin spin of type nav2_behaviors/Spin
[behavior_server-5] [INFO] [1756828743.406640536] [behavior_server]: Configuring spin
[behavior_server-5] [INFO] [1756828743.408066927] [behavior_server]: Creating behavior plugin backup of type nav2_behaviors/BackUp
[behavior_server-5] [INFO] [1756828743.408412646] [behavior_server]: Configuring backup
[behavior_server-5] [INFO] [1756828743.409536220] [behavior_server]: Creating behavior plugin drive_on_heading of type nav2_behaviors/DriveOnHeading
[behavior_server-5] [INFO] [1756828743.409866578] [behavior_server]: Configuring drive_on_heading
[behavior_server-5] [INFO] [1756828743.410907064] [behavior_server]: Creating behavior plugin wait of type nav2_behaviors/Wait
[behavior_server-5] [INFO] [1756828743.411252746] [behavior_server]: Configuring wait
[behavior_server-5] [INFO] [1756828743.413210134] [behavior_server]: Creating behavior plugin assisted_teleop of type nav2_behaviors/AssistedTeleop
[behavior_server-5] [INFO] [1756828743.414236553] [behavior_server]: Configuring assisted_teleop
[lifecycle_manager-9] [INFO] [1756828743.419005525] [lifecycle_manager_navigation]: [34m[1mConfiguring bt_navigator[0m[0m
[bt_navigator-6] [INFO] [1756828743.419211799] [bt_navigator]: Configuring
[lifecycle_manager-9] [INFO] [1756828743.435400556] [lifecycle_manager_navigation]: [34m[1mConfiguring waypoint_follower[0m[0m
[waypoint_follower-7] [INFO] [1756828743.435545398] [waypoint_follower]: Configuring
[waypoint_follower-7] [INFO] [1756828743.441579549] [waypoint_follower]: Created waypoint_task_executor : wait_at_waypoint of type nav2_waypoint_follower::WaitAtWaypoint
[lifecycle_manager-9] [INFO] [1756828743.441974572] [lifecycle_manager_navigation]: [34m[1mConfiguring velocity_smoother[0m[0m
[velocity_smoother-8] [INFO] [1756828743.442097322] [velocity_smoother]: Configuring velocity smoother
[lifecycle_manager-9] [INFO] [1756828743.443252280] [lifecycle_manager_navigation]: [34m[1mActivating controller_server[0m[0m
[controller_server-2] [INFO] [1756828743.443328060] [controller_server]: Activating
[controller_server-2] [INFO] [1756828743.443348993] [local_costmap.local_costmap]: Activating
[controller_server-2] [INFO] [1756828743.443354489] [local_costmap.local_costmap]: Checking transform
[controller_server-2] [INFO] [1756828743.443366507] [local_costmap.local_costmap]: Timed out waiting for transform from base_link to odom to become available, tf error: Invalid frame ID "odom" passed to canTransform argument target_frame - frame does not exist
[rviz2-11] [INFO] [1756828743.648493510] [rviz2]: Stereo is NOT SUPPORTED
[rviz2-11] [INFO] [1756828743.648549527] [rviz2]: OpenGl version: 4.6 (GLSL 4.6)
[rviz2-11] [INFO] [1756828743.756048238] [rviz2]: Stereo is NOT SUPPORTED
[controller_server-2] [INFO] [1756828743.943421373] [local_costmap.local_costmap]: Timed out waiting for transform from base_link to odom to become available, tf error: Invalid frame ID "odom" passed to canTransform argument target_frame - frame does not exist
[controller_server-2] [INFO] [1756828744.443427948] [local_costmap.local_costmap]: Timed out waiting for transform from base_link to odom to become available, tf error: Invalid frame ID "odom" passed to canTransform argument target_frame - frame does not exist
[controller_server-2] [INFO] [1756828744.943447812] [local_costmap.local_costmap]: Timed out waiting for transform from base_link to odom to become available, tf error: Invalid frame ID "odom" passed to canTransform argument target_frame - frame does not exist
[controller_server-2] [INFO] [1756828745.443459246] [local_costmap.local_costmap]: Timed out waiting for transform from base_link to odom to become available, tf error: Invalid frame ID "odom" passed to canTransform argument target_frame - frame does not exist
[controller_server-2] [INFO] [1756828745.943436700] [local_costmap.local_costmap]: Timed out waiting for transform from base_link to odom to become available, tf error: Invalid frame ID "odom" passed to canTransform argument target_frame - frame does not exist
[controller_server-2] [INFO] [1756828746.443448888] [local_costmap.local_costmap]: Timed out waiting for transform from base_link to odom to become available, tf error: Invalid frame ID "odom" passed to canTransform argument target_frame - frame does not exist
[controller_server-2] [INFO] [1756828746.943443472] [local_costmap.local_costmap]: Timed out waiting for transform from base_link to odom to become available, tf error: Invalid frame ID "odom" passed to canTransform argument target_frame - frame does not exist
[controller_server-2] [INFO] [1756828747.443442047] [local_costmap.local_costmap]: Timed out waiting for transform from base_link to odom to become available, tf error: Invalid frame ID "odom" passed to canTransform argument target_frame - frame does not exist
[controller_server-2] [INFO] [1756828747.943505030] [local_costmap.local_costmap]: Timed out waiting for transform from base_link to odom to become available, tf error: Invalid frame ID "odom" passed to canTransform argument target_frame - frame does not exist
[controller_server-2] [INFO] [1756828748.443583788] [local_costmap.local_costmap]: start
[controller_server-2] [INFO] [1756828748.645156592] [controller_server]: Activating controller: FollowPath of type regulated_pure_pursuit_controller::RegulatedPurePursuitController
[controller_server-2] [INFO] [1756828748.645191005] [controller_server]: Creating bond (controller_server) to lifecycle manager.
[lifecycle_manager-9] [INFO] [1756828748.751501089] [lifecycle_manager_navigation]: Server controller_server connected with bond.
[lifecycle_manager-9] [INFO] [1756828748.751595532] [lifecycle_manager_navigation]: [34m[1mActivating smoother_server[0m[0m
[smoother_server-3] [INFO] [1756828748.752147788] [smoother_server]: Activating
[smoother_server-3] [INFO] [1756828748.752234092] [smoother_server]: Creating bond (smoother_server) to lifecycle manager.
[lifecycle_manager-9] [INFO] [1756828748.857994668] [lifecycle_manager_navigation]: Server smoother_server connected with bond.
[lifecycle_manager-9] [INFO] [1756828748.858095593] [lifecycle_manager_navigation]: [34m[1mActivating planner_server[0m[0m
[planner_server-4] [INFO] [1756828748.858629835] [planner_server]: Activating
[planner_server-4] [WARN] [1756828748.858710572] [rcl_lifecycle]: No transition matching 3 found for current state unconfigured
[planner_server-4] [INFO] [1756828748.858729489] [planner_server]: Activating plugin GridBased of type NavfnPlanner
[planner_server-4] [INFO] [1756828748.860797377] [planner_server]: Creating bond (planner_server) to lifecycle manager.
[lifecycle_manager-9] [INFO] [1756828748.967752568] [lifecycle_manager_navigation]: Server planner_server connected with bond.
[lifecycle_manager-9] [INFO] [1756828748.967811472] [lifecycle_manager_navigation]: [34m[1mActivating behavior_server[0m[0m
[behavior_server-5] [INFO] [1756828748.968233517] [behavior_server]: Activating
[behavior_server-5] [INFO] [1756828748.968269412] [behavior_server]: Activating spin
[behavior_server-5] [INFO] [1756828748.968283111] [behavior_server]: Activating backup
[behavior_server-5] [INFO] [1756828748.968293407] [behavior_server]: Activating drive_on_heading
[behavior_server-5] [INFO] [1756828748.968301861] [behavior_server]: Activating wait
[behavior_server-5] [INFO] [1756828748.968310243] [behavior_server]: Activating assisted_teleop
[behavior_server-5] [INFO] [1756828748.968333222] [behavior_server]: Creating bond (behavior_server) to lifecycle manager.
[lifecycle_manager-9] [INFO] [1756828749.071565356] [lifecycle_manager_navigation]: Server behavior_server connected with bond.
[lifecycle_manager-9] [INFO] [1756828749.071664518] [lifecycle_manager_navigation]: [34m[1mActivating bt_navigator[0m[0m
[bt_navigator-6] [INFO] [1756828749.072257644] [bt_navigator]: Activating
[bt_navigator-6] [ERROR] [1756828750.083113028] [bt_navigator_navigate_through_poses_rclcpp_node]: "global_costmap/clear_entirely_global_costmap" service server not available after waiting for 1.00s
[bt_navigator-6] [ERROR] [1756828750.093309101] [bt_navigator]: Exception when loading BT: basic_string::_M_create
[bt_navigator-6] [ERROR] [1756828750.093420973] [bt_navigator]: Error loading XML file: /opt/ros/humble/share/nav2_bt_navigator/behavior_trees/navigate_through_poses_w_replanning_and_recovery.xml
[lifecycle_manager-9] [ERROR] [1756828750.094095074] [lifecycle_manager_navigation]: Failed to change state for node: bt_navigator
[lifecycle_manager-9] [ERROR] [1756828750.094170861] [lifecycle_manager_navigation]: Failed to bring up all requested nodes. Aborting bringup.
[controller_server-2] [WARN] [1756828750.443795764] [local_costmap.local_costmap]: Can't update static costmap layer, no map received
[controller_server-2] [WARN] [1756828752.443867274] [local_costmap.local_costmap]: Can't update static costmap layer, no map received
[controller_server-2] [WARN] [1756828754.443811401] [local_costmap.local_costmap]: Can't update static costmap layer, no map received
[controller_server-2] [WARN] [1756828756.443876849] [local_costmap.local_costmap]: Can't update static costmap layer, no map received
[controller_server-2] [WARN] [1756828758.443797841] [local_costmap.local_costmap]: Can't update static costmap layer, no map received
[controller_server-2] [WARN] [1756828760.443880994] [local_costmap.local_costmap]: Can't update static costmap layer, no map received
[controller_server-2] [WARN] [1756828762.443825326] [local_costmap.local_costmap]: Can't update static costmap layer, no map received
[controller_server-2] [WARN] [1756828764.443833380] [local_costmap.local_costmap]: Can't update static costmap layer, no map received
[controller_server-2] [WARN] [1756828766.443789720] [local_costmap.local_costmap]: Can't update static costmap layer, no map received
[controller_server-2] [WARN] [1756828768.443865317] [local_costmap.local_costmap]: Can't update static costmap layer, no map received
[controller_server-2] [WARN] [1756828770.443815125] [local_costmap.local_costmap]: 